[16:08:17.846] [INFO] log file: E:\Renesas\RA6M5-Robot\Robot_FreeRTOS - Arm\DEBUG\shooting_robot_demo_20260630_160817.log
[16:08:17.846] [INFO] ARM=COM7 baud=115200 mode=motion
[16:08:18.350] [ARM-TX] target_disable
[16:08:18.396] [ARM] Found handler for 'target_disable', executing...
[16:08:18.397] [ARM] target_disable
[16:08:18.550] [ARM-TX] laser_off
[16:08:18.585] [ARM] Found handler for 'laser_off', executing...
[16:08:18.585] [ARM] laser_off
[16:08:18.751] [STEP] initial soft_reset to HOME...
[16:08:18.751] [ARM-TX] soft_reset
[16:08:18.775] [ARM] Found handler for 'soft_reset', executing...
[16:08:18.775] [ARM] ROBOT_SOFT_RESET_EVENT
[16:08:18.775] [ARM] --- Starting soft reset ---
[16:08:19.025] [ARM] Soft reset motors enabled (J1~J5, J6 skipped).
[16:08:19.025] [ARM] Soft resetting joint 4...
[16:08:19.025] [ARM] robot_update_current_angle 4...
[16:08:19.025] [ARM] [4] current:90.00, target:90.00, dir:-1
[16:08:19.148] [ARM] Soft resetting joint 3...
[16:08:19.210] [ARM] robot_update_current_angle 3...
[16:08:19.210] [ARM] [3] current:0.00, target:0.00, dir:-1
[16:08:19.272] [ARM] Soft resetting joint 1...
[16:08:19.333] [ARM] robot_update_current_angle 1...
[16:08:19.333] [ARM] [1] current:90.00, target:90.00, dir:1
[16:08:19.457] [ARM] Soft resetting joint 2...
[16:08:19.457] [ARM] robot_update_current_angle 2...
[16:08:19.458] [ARM] [2] current:-90.00, target:-90.00, dir:-1
[16:08:19.581] [ARM] Soft resetting joint 0...
[16:08:19.642] [ARM] robot_update_current_angle 0...
[16:08:19.642] [ARM] [0] current:90.16, target:90.00, dir:-1
[16:08:19.827] [ARM] soft reset final verify PASS (issues:0), pose set HOME.
[16:08:19.827] [DONE] initial soft_reset PASS; pose valid.
[16:08:19.827] [PROMPT] 准备拍摄：前伸到预定位，展示平滑起步和末端稳定
即将执行：
  auto 0 -50 0
[16:08:22.689] [ARM-TX] auto 0 -50 0
[16:08:22.753] [ARM] Found handler for 'auto', executing...
[16:08:22.753] [ARM] ROBOT_AUTO_EVENT
[16:08:25.536] [ARM] [jpint 1] ave_error:0.00
[16:08:25.536] [ARM] [jpint 2] ave_error:3.27
[16:08:25.536] [ARM] [jpint 3] ave_error:4.79
[16:08:25.536] [ARM] [jpint 4] ave_error:0.00
[16:08:25.537] [ARM] [jpint 5] ave_error:7.72
[16:08:25.537] [ARM] 
[16:08:25.537] [ARM] robot pid run finished!!
[16:08:25.537] [DONE] command group finished: 前伸到预定位，展示平滑起步和末端稳定
[16:08:26.037] [PROMPT] 准备拍摄：回 HOME，作为下一组动作的干净起点
即将执行：
  soft_reset
[16:08:26.892] [ARM-TX] soft_reset
[16:08:26.972] [ARM] Found handler for 'soft_reset', executing...
[16:08:26.972] [ARM] ROBOT_SOFT_RESET_EVENT
[16:08:26.972] [ARM] --- Starting soft reset ---
[16:08:27.222] [ARM] Soft reset motors enabled (J1~J5, J6 skipped).
[16:08:27.222] [ARM] Soft resetting joint 4...
[16:08:27.222] [ARM] robot_update_current_angle 4...
[16:08:27.222] [ARM] [4] current:77.74, target:90.00, dir:1
[16:08:28.464] [ARM] Soft resetting joint 3...
[16:08:28.464] [ARM] robot_update_current_angle 3...
[16:08:28.464] [ARM] [3] current:0.00, target:0.00, dir:-1
[16:08:28.526] [ARM] Soft resetting joint 1...
[16:08:28.528] [ARM] robot_update_current_angle 1...
[16:08:28.530] [ARM] [1] current:109.11, target:90.00, dir:-1
[16:08:30.147] [ARM] soft reset joint 1 settle timeout, keep going
[16:08:30.147] [ARM] Soft resetting joint 2...
[16:08:30.208] [ARM] robot_update_current_angle 2...
[16:08:30.208] [ARM] [2] current:-62.22, target:-90.00, dir:-1
[16:08:32.129] [ARM] soft reset joint 2 settle timeout, keep going
[16:08:32.130] [ARM] Soft resetting joint 0...
[16:08:32.130] [ARM] robot_update_current_angle 0...
[16:08:32.130] [ARM] [0] current:90.00, target:90.00, dir:1
[16:08:32.254] [ARM] soft reset verify not pass, start refine loop...
[16:08:32.378] [ARM] soft reset refine joint 2 round 1: cur=-87.66 target=-90.00 err=2.34 dir=-1
[16:08:33.000] [ARM] soft reset refine pass 1 success.
[16:08:33.000] [ARM] soft reset final verify PASS (issues:2), pose set HOME.
[16:08:33.000] [DONE] command group finished: 回 HOME，作为下一组动作的干净起点
[16:08:33.501] [PROMPT] 准备拍摄：右前方斜向运动，展示 X/Y 联动
即将执行：
  auto 45 -70 0
[16:08:34.353] [ARM-TX] auto 45 -70 0
[16:08:34.427] [ARM] Found handler for 'auto', executing...
[16:08:34.429] [ARM] ROBOT_AUTO_EVENT
[16:08:38.070] [ARM] [jpint 1] ave_error:5.79
[16:08:38.070] [ARM] [jpint 2] ave_error:4.84
[16:08:38.070] [ARM] [jpint 3] ave_error:7.50
[16:08:38.070] [ARM] [jpint 4] ave_error:7.01
[16:08:38.070] [ARM] [jpint 5] ave_error:12.93
[16:08:38.070] [ARM] 
[16:08:38.070] [ARM] robot pid run finished!!
[16:08:38.070] [DONE] command group finished: 右前方斜向运动，展示 X/Y 联动
[16:08:38.571] [PROMPT] 准备拍摄：左前方斜向运动，展示跨中线平滑移动
即将执行：
  auto -45 -100 0
[16:08:39.476] [ARM-TX] auto -45 -100 0
[16:08:39.503] [ARM] Found handler for 'auto', executing...
[16:08:39.503] [ARM] ROBOT_AUTO_EVENT
[16:08:43.417] [ARM] [jpint 1] ave_error:15.28
[16:08:43.417] [ARM] [jpint 2] ave_error:6.28
[16:08:43.417] [ARM] [jpint 3] ave_error:9.56
[16:08:43.417] [ARM] [jpint 4] ave_error:18.72
[16:08:43.417] [ARM] [jpint 5] ave_error:5.30
[16:08:43.417] [ARM] 
[16:08:43.418] [ARM] robot pid run finished!!
[16:08:43.418] [DONE] command group finished: 左前方斜向运动，展示跨中线平滑移动
[16:08:43.918] [PROMPT] 准备拍摄：回 HOME，切换到 Z 方向展示
即将执行：
  soft_reset
[16:08:44.875] [ARM-TX] soft_reset
[16:08:44.971] [ARM] Found handler for 'soft_reset', executing...
[16:08:44.971] [ARM] ROBOT_SOFT_RESET_EVENT
[16:08:44.971] [ARM] --- Starting soft reset ---
[16:08:45.159] [ARM] Soft reset motors enabled (J1~J5, J6 skipped).
[16:08:45.159] [ARM] Soft resetting joint 4...
[16:08:45.159] [ARM] robot_update_current_angle 4...
[16:08:45.159] [ARM] [4] current:79.34, target:90.00, dir:1
[16:08:46.210] [ARM] Soft resetting joint 3...
[16:08:46.210] [ARM] robot_update_current_angle 3...
[16:08:46.210] [ARM] [3] current:42.03, target:0.00, dir:-1
[16:08:48.518] [ARM] soft reset joint 3 settle timeout, keep going
[16:08:48.518] [ARM] Soft resetting joint 1...
[16:08:48.518] [ARM] robot_update_current_angle 1...
[16:08:48.518] [ARM] [1] current:108.52, target:90.00, dir:-1
[16:08:50.138] [ARM] soft reset joint 1 settle timeout, keep going
[16:08:50.138] [ARM] Soft resetting joint 2...
[16:08:50.138] [ARM] robot_update_current_angle 2...
[16:08:50.138] [ARM] [2] current:-56.49, target:-90.00, dir:-1
[16:08:52.192] [ARM] soft reset joint 2 settle timeout, keep going
[16:08:52.192] [ARM] Soft resetting joint 0...
[16:08:52.192] [ARM] robot_update_current_angle 0...
[16:08:52.192] [ARM] [0] current:49.18, target:90.00, dir:1
[16:08:54.433] [ARM] soft reset joint 0 settle timeout, keep going
[16:08:54.433] [ARM] soft reset verify not pass, start refine loop...
[16:08:54.496] [ARM] soft reset refine joint 0 round 1: cur=83.54 target=90.00 err=6.46 dir=1
[16:08:55.797] [ARM] soft reset refine pass 1 success.
[16:08:55.797] [ARM] soft reset final verify PASS (issues:4), pose set HOME.
[16:08:55.797] [DONE] command group finished: 回 HOME，切换到 Z 方向展示
[16:08:56.297] [PROMPT] 准备拍摄：前伸并上抬，展示 X/Y/Z 协调
即将执行：
  auto 0 -100 44
[16:08:57.109] [ARM-TX] auto 0 -100 44
[16:08:57.165] [ARM] Found handler for 'auto', executing...
[16:08:57.165] [ARM] ROBOT_AUTO_EVENT
[16:09:01.272] [ARM] [jpint 1] ave_error:0.03
[16:09:01.272] [ARM] [jpint 2] ave_error:4.11
[16:09:01.272] [ARM] [jpint 3] ave_error:10.34
[16:09:01.272] [ARM] [jpint 4] ave_error:0.00
[16:09:01.272] [ARM] [jpint 5] ave_error:21.39
[16:09:01.272] [ARM] 
[16:09:01.272] [ARM] robot pid run finished!!
[16:09:01.272] [DONE] command group finished: 前伸并上抬，展示 X/Y/Z 协调
[16:09:01.773] [PROMPT] 准备拍摄：前伸并下压，展示 Z 方向反向切换
即将执行：
  auto 0 -90 7
  soft_reset
[16:09:02.492] [ARM-TX] auto 0 -90 7
[16:09:02.583] [ARM] Found handler for 'auto', executing...
[16:09:02.583] [ARM] ROBOT_AUTO_EVENT
[16:09:05.202] [ARM] [jpint 1] ave_error:0.02
[16:09:05.202] [ARM] [jpint 2] ave_error:3.93
[16:09:05.202] [ARM] [jpint 3] ave_error:21.11
[16:09:05.202] [ARM] [jpint 4] ave_error:0.00
[16:09:05.202] [ARM] [jpint 5] ave_error:30.58
[16:09:05.202] [ARM] 
[16:09:05.202] [ARM] robot pid run finished!!
[16:09:05.202] [ARM-TX] soft_reset
[16:09:05.265] [ARM] Found handler for 'soft_reset', executing...
[16:09:05.265] [ARM] ROBOT_SOFT_RESET_EVENT
[16:09:05.265] [ARM] --- Starting soft reset ---
[16:09:05.451] [ARM] Soft reset motors enabled (J1~J5, J6 skipped).
[16:09:05.451] [ARM] Soft resetting joint 4...
[16:09:05.513] [ARM] robot_update_current_angle 4...
[16:09:05.513] [ARM] [4] current:89.65, target:90.00, dir:1
[16:09:05.577] [ARM] Soft resetting joint 3...
[16:09:05.639] [ARM] robot_update_current_angle 3...
[16:09:05.639] [ARM] [3] current:-0.00, target:0.00, dir:1
[16:09:05.763] [ARM] Soft resetting joint 1...
[16:09:05.763] [ARM] robot_update_current_angle 1...
[16:09:05.763] [ARM] [1] current:105.69, target:90.00, dir:-1
[16:09:07.382] [ARM] soft reset joint 1 settle timeout, keep going
[16:09:07.382] [ARM] Soft resetting joint 2...
[16:09:07.382] [ARM] robot_update_current_angle 2...
[16:09:07.382] [ARM] [2] current:-66.15, target:-90.00, dir:-1
[16:09:09.126] [ARM] soft reset joint 2 settle timeout, keep going
[16:09:09.126] [ARM] Soft resetting joint 0...
[16:09:09.126] [ARM] robot_update_current_angle 0...
[16:09:09.126] [ARM] [0] current:90.02, target:90.00, dir:-1
[16:09:09.314] [ARM] soft reset verify not pass, start refine loop...
[16:09:09.437] [ARM] soft reset refine joint 2 round 1: cur=-88.27 target=-90.00 err=1.73 dir=-1
[16:09:10.000] [ARM] soft reset refine pass 1 success.
[16:09:10.000] [ARM] soft reset final verify PASS (issues:2), pose set HOME.
[16:09:10.000] [DONE] command group finished: 前伸并下压，展示 Z 方向反向切换
[16:09:10.501] [PROMPT] 准备拍摄：连续末端画圆，1秒进场 + 5秒一圈，5mm 半径用于避开自身结构
即将执行：
  circle 8000 5
  soft_reset
[16:09:11.775] [ARM-TX] circle 8000 5
[16:09:11.871] [ARM] Found handler for 'circle', executing...
[16:09:11.871] [ARM] time_func 8000 ms radius 5.0 mm
[16:09:11.871] [ARM] ROBOT_TIME_FUNC_EVENT
[16:09:25.463] [ARM] [jpint 1] ave_error:2.15
[16:09:25.463] [ARM] [jpint 2] ave_error:11.10
[16:09:25.463] [ARM] [jpint 3] ave_error:9.79
[16:09:25.463] [ARM] [jpint 4] ave_error:1.46
[16:09:25.463] [ARM] [jpint 5] ave_error:2.58
[16:09:25.463] [ARM] 
[16:09:25.463] [ARM] robot pid run finished!!
[16:09:25.463] [ARM-TX] soft_reset
[16:09:25.525] [ARM] Found handler for 'soft_reset', executing...
[16:09:25.525] [ARM] ROBOT_SOFT_RESET_EVENT
[16:09:25.525] [ARM] --- Starting soft reset ---
[16:09:25.773] [ARM] Soft reset motors enabled (J1~J5, J6 skipped).
[16:09:25.773] [ARM] Soft resetting joint 4...
[16:09:25.773] [ARM] robot_update_current_angle 4...
[16:09:25.773] [ARM] [4] current:77.47, target:90.00, dir:1
[16:09:27.018] [ARM] Soft resetting joint 3...
[16:09:27.018] [ARM] robot_update_current_angle 3...
[16:09:27.018] [ARM] [3] current:0.89, target:0.00, dir:-1
[16:09:27.079] [ARM] Soft resetting joint 1...
[16:09:27.079] [ARM] robot_update_current_angle 1...
[16:09:27.079] [ARM] [1] current:121.32, target:90.00, dir:-1
[16:09:29.139] [ARM] soft reset joint 1 settle timeout, keep going
[16:09:29.139] [ARM] Soft resetting joint 2...
[16:09:29.139] [ARM] robot_update_current_angle 2...
[16:09:29.139] [ARM] [2] current:-78.48, target:-90.00, dir:-1
[16:09:30.629] [ARM] soft reset joint 2 settle timeout, keep going
[16:09:30.629] [ARM] Soft resetting joint 0...
[16:09:30.629] [ARM] robot_update_current_angle 0...
[16:09:30.629] [ARM] [0] current:88.15, target:90.00, dir:1
[16:09:31.123] [ARM] soft reset final verify PASS (issues:2), pose set HOME.
[16:09:31.123] [DONE] command group finished: 连续末端画圆，1秒进场 + 5秒一圈，5mm 半径用于避开自身结构
[16:09:31.624] [PROMPT] 准备拍摄：回 HOME，结束运动展示
即将执行：
  soft_reset
[16:09:32.693] [ARM-TX] soft_reset
[16:09:32.742] [ARM] Found handler for 'soft_reset', executing...
[16:09:32.742] [ARM] ROBOT_SOFT_RESET_EVENT
[16:09:32.742] [ARM] --- Starting soft reset ---
[16:09:32.928] [ARM] Soft reset motors enabled (J1~J5, J6 skipped).
[16:09:32.928] [ARM] Soft resetting joint 4...
[16:09:32.990] [ARM] robot_update_current_angle 4...
[16:09:32.990] [ARM] [4] current:90.02, target:90.00, dir:-1
[16:09:33.115] [ARM] Soft resetting joint 3...
[16:09:33.115] [ARM] robot_update_current_angle 3...
[16:09:33.115] [ARM] [3] current:-0.00, target:0.00, dir:1
[16:09:33.239] [ARM] Soft resetting joint 1...
[16:09:33.239] [ARM] robot_update_current_angle 1...
[16:09:33.239] [ARM] [1] current:90.00, target:90.00, dir:1
[16:09:33.363] [ARM] Soft resetting joint 2...
[16:09:33.424] [ARM] robot_update_current_angle 2...
[16:09:33.424] [ARM] [2] current:-90.00, target:-90.00, dir:1
[16:09:33.548] [ARM] Soft resetting joint 0...
[16:09:33.548] [ARM] robot_update_current_angle 0...
[16:09:33.548] [ARM] [0] current:90.00, target:90.00, dir:-1
[16:09:33.797] [ARM] soft reset final verify PASS (issues:0), pose set HOME.
[16:09:33.797] [DONE] command group finished: 回 HOME，结束运动展示
[16:09:34.298] [DONE] shooting demo complete: mode=motion.
[16:09:34.498] [ARM-TX] target_disable
[16:09:34.699] [ARM-TX] laser_off
[16:09:34.703] [INFO] ports closed.
