[17:15:22.594] [INFO] log file: E:\Renesas\RA6M5-Robot\Robot_FreeRTOS - Arm\DEBUG\shooting_robot_demo_20260703_171522.log
[17:15:22.594] [INFO] ARM=COM7 baud=115200 mode=motion
[17:15:23.097] [ARM-TX] target_disable
[17:15:23.151] [ARM] Found handler for 'target_disable', executing...
[17:15:23.151] [ARM] target_disable
[17:15:23.298] [ARM-TX] laser_off
[17:15:23.336] [ARM] Found handler for 'laser_off', executing...
[17:15:23.336] [ARM] laser_off
[17:15:23.498] [STEP] initial soft_reset to HOME...
[17:15:23.498] [ARM-TX] soft_reset
[17:15:23.524] [ARM] Found handler for 'soft_reset', executing...
[17:15:23.524] [ARM] ROBOT_SOFT_RESET_EVENT
[17:15:23.524] [ARM] --- Starting soft reset ---
[17:15:23.774] [ARM] Soft reset motors enabled (J1~J5, J6 skipped).
[17:15:23.774] [ARM] Soft resetting joint 4...
[17:15:23.774] [ARM] robot_update_current_angle 4...
[17:15:23.774] [ARM] [4] current:90.00, target:90.00, dir:-1
[17:15:23.900] [ARM] Soft resetting joint 3...
[17:15:23.900] [ARM] robot_update_current_angle 3...
[17:15:23.900] [ARM] [3] current:-0.00, target:0.00, dir:1
[17:15:24.025] [ARM] Soft resetting joint 1...
[17:15:24.087] [ARM] robot_update_current_angle 1...
[17:15:24.087] [ARM] [1] current:90.00, target:90.00, dir:1
[17:15:24.210] [ARM] Soft resetting joint 2...
[17:15:24.210] [ARM] robot_update_current_angle 2...
[17:15:24.210] [ARM] [2] current:-90.17, target:-90.00, dir:1
[17:15:24.335] [ARM] Soft resetting joint 0...
[17:15:24.396] [ARM] robot_update_current_angle 0...
[17:15:24.396] [ARM] [0] current:90.00, target:90.00, dir:1
[17:15:24.582] [ARM] soft reset final verify PASS (issues:0), pose set HOME.
[17:15:24.582] [DONE] initial soft_reset PASS; pose valid.
[17:15:24.584] [PROMPT] 准备拍摄：前伸到预定位，展示平滑起步和末端稳定
即将执行：
  auto 0 -50 0
[17:15:25.812] [ARM-TX] auto 0 -50 0
[17:15:25.916] [ARM] Found handler for 'auto', executing...
[17:15:25.916] [ARM] ROBOT_AUTO_EVENT
[17:15:28.672] [ARM] [jpint 1] ave_error:0.00
[17:15:28.672] [ARM] [jpint 2] ave_error:3.29
[17:15:28.672] [ARM] [jpint 3] ave_error:4.78
[17:15:28.672] [ARM] [jpint 4] ave_error:0.00
[17:15:28.672] [ARM] [jpint 5] ave_error:7.85
[17:15:28.672] [ARM] 
[17:15:28.672] [ARM] robot pid run finished!!
[17:15:28.672] [DONE] command group finished: 前伸到预定位，展示平滑起步和末端稳定
[17:15:29.174] [PROMPT] 准备拍摄：回 HOME，作为下一组动作的干净起点
即将执行：
  soft_reset
[17:15:29.707] [ARM-TX] soft_reset
[17:15:29.852] [ARM] Found handler for 'soft_reset', executing...
[17:15:29.852] [ARM] ROBOT_SOFT_RESET_EVENT
[17:15:29.852] [ARM] --- Starting soft reset ---
[17:15:30.038] [ARM] Soft reset motors enabled (J1~J5, J6 skipped).
[17:15:30.038] [ARM] Soft resetting joint 4...
[17:15:30.038] [ARM] robot_update_current_angle 4...
[17:15:30.038] [ARM] [4] current:77.36, target:90.00, dir:1
[17:15:31.292] [ARM] Soft resetting joint 3...
[17:15:31.293] [ARM] robot_update_current_angle 3...
[17:15:31.293] [ARM] [3] current:-0.00, target:0.00, dir:1
[17:15:31.355] [ARM] Soft resetting joint 1...
[17:15:31.355] [ARM] robot_update_current_angle 1...
[17:15:31.355] [ARM] [1] current:109.25, target:90.00, dir:-1
[17:15:33.100] [ARM] soft reset joint 1 settle timeout, keep going
[17:15:33.102] [ARM] Soft resetting joint 2...
[17:15:33.102] [ARM] robot_update_current_angle 2...
[17:15:33.102] [ARM] [2] current:-62.26, target:-90.00, dir:-1
[17:15:35.026] [ARM] soft reset joint 2 settle timeout, keep going
[17:15:35.026] [ARM] Soft resetting joint 0...
[17:15:35.026] [ARM] robot_update_current_angle 0...
[17:15:35.026] [ARM] [0] current:90.00, target:90.00, dir:1
[17:15:35.151] [ARM] soft reset verify not pass, start refine loop...
[17:15:35.274] [ARM] soft reset refine joint 2 round 1: cur=-87.66 target=-90.00 err=2.34 dir=-1
[17:15:35.957] [ARM] soft reset refine pass 1 success.
[17:15:35.957] [ARM] soft reset final verify PASS (issues:2), pose set HOME.
[17:15:35.957] [DONE] command group finished: 回 HOME，作为下一组动作的干净起点
[17:15:36.458] [PROMPT] 准备拍摄：右前方斜向运动，展示 X/Y 联动
即将执行：
  auto 45 -70 0
[17:15:37.585] [ARM-TX] auto 45 -70 0
[17:15:37.636] [ARM] Found handler for 'auto', executing...
[17:15:37.636] [ARM] ROBOT_AUTO_EVENT
[17:15:41.292] [ARM] [jpint 1] ave_error:5.79
[17:15:41.292] [ARM] [jpint 2] ave_error:4.84
[17:15:41.292] [ARM] [jpint 3] ave_error:7.52
[17:15:41.292] [ARM] [jpint 4] ave_error:7.03
[17:15:41.293] [ARM] [jpint 5] ave_error:12.93
[17:15:41.293] [ARM] 
[17:15:41.293] [ARM] robot pid run finished!!
[17:15:41.293] [DONE] command group finished: 右前方斜向运动，展示 X/Y 联动
[17:15:41.794] [PROMPT] 准备拍摄：左前方斜向运动，展示跨中线平滑移动
即将执行：
  auto -45 -100 0
[17:15:42.975] [ARM-TX] auto -45 -100 0
[17:15:43.027] [ARM] Found handler for 'auto', executing...
[17:15:43.027] [ARM] ROBOT_AUTO_EVENT
[17:15:46.913] [ARM] [jpint 1] ave_error:15.28
[17:15:46.913] [ARM] [jpint 2] ave_error:6.28
[17:15:46.913] [ARM] [jpint 3] ave_error:9.56
[17:15:46.913] [ARM] [jpint 4] ave_error:18.84
[17:15:46.913] [ARM] [jpint 5] ave_error:5.49
[17:15:46.913] [ARM] 
[17:15:46.913] [ARM] robot pid run finished!!
[17:15:46.913] [DONE] command group finished: 左前方斜向运动，展示跨中线平滑移动
[17:15:47.414] [PROMPT] 准备拍摄：回 HOME，切换到 Z 方向展示
即将执行：
  soft_reset
[17:15:48.277] [ARM-TX] soft_reset
[17:15:48.342] [ARM] Found handler for 'soft_reset', executing...
[17:15:48.342] [ARM] ROBOT_SOFT_RESET_EVENT
[17:15:48.342] [ARM] --- Starting soft reset ---
[17:15:48.529] [ARM] Soft reset motors enabled (J1~J5, J6 skipped).
[17:15:48.529] [ARM] Soft resetting joint 4...
[17:15:48.591] [ARM] robot_update_current_angle 4...
[17:15:48.591] [ARM] [4] current:79.45, target:90.00, dir:1
[17:15:49.587] [ARM] Soft resetting joint 3...
[17:15:49.650] [ARM] robot_update_current_angle 3...
[17:15:49.650] [ARM] [3] current:42.36, target:0.00, dir:-1
[17:15:51.877] [ARM] soft reset joint 3 settle timeout, keep going
[17:15:51.877] [ARM] Soft resetting joint 1...
[17:15:51.877] [ARM] robot_update_current_angle 1...
[17:15:51.877] [ARM] [1] current:108.54, target:90.00, dir:-1
[17:15:53.613] [ARM] soft reset joint 1 settle timeout, keep going
[17:15:53.613] [ARM] Soft resetting joint 2...
[17:15:53.613] [ARM] robot_update_current_angle 2...
[17:15:53.613] [ARM] [2] current:-56.44, target:-90.00, dir:-1
[17:15:55.547] [ARM] soft reset joint 2 settle timeout, keep going
[17:15:55.547] [ARM] Soft resetting joint 0...
[17:15:55.547] [ARM] robot_update_current_angle 0...
[17:15:55.547] [ARM] [0] current:49.21, target:90.00, dir:1
[17:15:57.772] [ARM] soft reset joint 0 settle timeout, keep going
[17:15:57.772] [ARM] soft reset verify not pass, start refine loop...
[17:15:57.835] [ARM] soft reset refine joint 0 round 1: cur=82.67 target=90.00 err=7.33 dir=1
[17:15:59.141] [ARM] soft reset refine pass 1 success.
[17:15:59.141] [ARM] soft reset final verify PASS (issues:4), pose set HOME.
[17:15:59.141] [DONE] command group finished: 回 HOME，切换到 Z 方向展示
[17:15:59.642] [PROMPT] 准备拍摄：前伸并上抬，展示 X/Y/Z 协调
即将执行：
  auto 0 -100 44
[17:16:00.606] [ARM-TX] auto 0 -100 44
[17:16:00.670] [ARM] Found handler for 'auto', executing...
[17:16:00.670] [ARM] ROBOT_AUTO_EVENT
[17:16:04.787] [ARM] [jpint 1] ave_error:0.03
[17:16:04.787] [ARM] [jpint 2] ave_error:4.19
[17:16:04.787] [ARM] [jpint 3] ave_error:10.45
[17:16:04.787] [ARM] [jpint 4] ave_error:0.00
[17:16:04.787] [ARM] [jpint 5] ave_error:21.39
[17:16:04.787] [ARM] 
[17:16:04.787] [ARM] robot pid run finished!!
[17:16:04.787] [DONE] command group finished: 前伸并上抬，展示 X/Y/Z 协调
[17:16:05.288] [PROMPT] 准备拍摄：前伸并下压，展示 Z 方向反向切换
即将执行：
  auto 0 -90 7
  soft_reset
[17:16:06.356] [ARM-TX] auto 0 -90 7
[17:16:06.401] [ARM] Found handler for 'auto', executing...
[17:16:06.401] [ARM] ROBOT_AUTO_EVENT
[17:16:08.980] [ARM] [jpint 1] ave_error:0.02
[17:16:08.980] [ARM] [jpint 2] ave_error:3.88
[17:16:08.980] [ARM] [jpint 3] ave_error:21.54
[17:16:08.980] [ARM] [jpint 4] ave_error:0.00
[17:16:08.980] [ARM] [jpint 5] ave_error:30.62
[17:16:08.980] [ARM] 
[17:16:08.980] [ARM] robot pid run finished!!
[17:16:08.980] [ARM-TX] soft_reset
[17:16:09.044] [ARM] Found handler for 'soft_reset', executing...
[17:16:09.044] [ARM] ROBOT_SOFT_RESET_EVENT
[17:16:09.044] [ARM] --- Starting soft reset ---
[17:16:09.230] [ARM] Soft reset motors enabled (J1~J5, J6 skipped).
[17:16:09.230] [ARM] Soft resetting joint 4...
[17:16:09.230] [ARM] robot_update_current_angle 4...
[17:16:09.230] [ARM] [4] current:89.63, target:90.00, dir:1
[17:16:09.355] [ARM] Soft resetting joint 3...
[17:16:09.417] [ARM] robot_update_current_angle 3...
[17:16:09.417] [ARM] [3] current:0.00, target:0.00, dir:-1
[17:16:09.540] [ARM] Soft resetting joint 1...
[17:16:09.540] [ARM] robot_update_current_angle 1...
[17:16:09.540] [ARM] [1] current:105.84, target:90.00, dir:-1
[17:16:11.161] [ARM] soft reset joint 1 settle timeout, keep going
[17:16:11.161] [ARM] Soft resetting joint 2...
[17:16:11.161] [ARM] robot_update_current_angle 2...
[17:16:11.161] [ARM] [2] current:-65.73, target:-90.00, dir:-1
[17:16:12.969] [ARM] soft reset joint 2 settle timeout, keep going
[17:16:12.969] [ARM] Soft resetting joint 0...
[17:16:12.969] [ARM] robot_update_current_angle 0...
[17:16:12.969] [ARM] [0] current:90.02, target:90.00, dir:-1
[17:16:13.155] [ARM] soft reset verify not pass, start refine loop...
[17:16:13.279] [ARM] soft reset refine joint 2 round 1: cur=-88.56 target=-90.00 err=1.44 dir=-1
[17:16:13.714] [ARM] soft reset refine pass 1 success.
[17:16:13.714] [ARM] soft reset final verify PASS (issues:2), pose set HOME.
[17:16:13.714] [DONE] command group finished: 前伸并下压，展示 Z 方向反向切换
[17:16:14.215] [PROMPT] 准备拍摄：连续末端画圆，1秒进场 + 5秒一圈，5mm 半径用于避开自身结构
即将执行：
  circle 8000 5
  soft_reset
[17:16:15.185] [ARM-TX] circle 8000 5
[17:16:15.262] [ARM] Found handler for 'circle', executing...
[17:16:15.262] [ARM] time_func 8000 ms radius 5.0 mm
[17:16:15.262] [ARM] ROBOT_TIME_FUNC_EVENT
[17:16:28.817] [ARM] [jpint 1] ave_error:2.15
[17:16:28.817] [ARM] [jpint 2] ave_error:11.10
[17:16:28.817] [ARM] [jpint 3] ave_error:9.42
[17:16:28.817] [ARM] [jpint 4] ave_error:1.46
[17:16:28.817] [ARM] [jpint 5] ave_error:2.59
[17:16:28.817] [ARM] 
[17:16:28.817] [ARM] robot pid run finished!!
[17:16:28.817] [ARM-TX] soft_reset
[17:16:28.879] [ARM] Found handler for 'soft_reset', executing...
[17:16:28.941] [ARM] ROBOT_SOFT_RESET_EVENT
[17:16:28.941] [ARM] --- Starting soft reset ---
[17:16:29.128] [ARM] Soft reset motors enabled (J1~J5, J6 skipped).
[17:16:29.128] [ARM] Soft resetting joint 4...
[17:16:29.128] [ARM] robot_update_current_angle 4...
[17:16:29.128] [ARM] [4] current:77.47, target:90.00, dir:1
[17:16:30.376] [ARM] Soft resetting joint 3...
[17:16:30.376] [ARM] robot_update_current_angle 3...
[17:16:30.376] [ARM] [3] current:0.88, target:0.00, dir:-1
[17:16:30.440] [ARM] Soft resetting joint 1...
[17:16:30.500] [ARM] robot_update_current_angle 1...
[17:16:30.500] [ARM] [1] current:121.30, target:90.00, dir:-1
[17:16:32.500] [ARM] soft reset joint 1 settle timeout, keep going
[17:16:32.500] [ARM] Soft resetting joint 2...
[17:16:32.500] [ARM] robot_update_current_angle 2...
[17:16:32.500] [ARM] [2] current:-75.53, target:-90.00, dir:-1
[17:16:34.115] [ARM] soft reset joint 2 settle timeout, keep going
[17:16:34.115] [ARM] Soft resetting joint 0...
[17:16:34.115] [ARM] robot_update_current_angle 0...
[17:16:34.115] [ARM] [0] current:88.14, target:90.00, dir:1
[17:16:34.610] [ARM] soft reset final verify PASS (issues:2), pose set HOME.
[17:16:34.610] [DONE] command group finished: 连续末端画圆，1秒进场 + 5秒一圈，5mm 半径用于避开自身结构
[17:16:35.111] [PROMPT] 准备拍摄：回 HOME，结束运动展示
即将执行：
  soft_reset
[17:16:38.389] [ARM-TX] soft_reset
[17:16:38.455] [ARM] Found handler for 'soft_reset', executing...
[17:16:38.455] [ARM] ROBOT_SOFT_RESET_EVENT
[17:16:38.455] [ARM] --- Starting soft reset ---
[17:16:38.644] [ARM] Soft reset motors enabled (J1~J5, J6 skipped).
[17:16:38.644] [ARM] Soft resetting joint 4...
[17:16:38.644] [ARM] robot_update_current_angle 4...
[17:16:38.644] [ARM] [4] current:90.02, target:90.00, dir:-1
[17:16:38.768] [ARM] Soft resetting joint 3...
[17:16:38.830] [ARM] robot_update_current_angle 3...
[17:16:38.830] [ARM] [3] current:-0.00, target:0.00, dir:1
[17:16:38.955] [ARM] Soft resetting joint 1...
[17:16:38.955] [ARM] robot_update_current_angle 1...
[17:16:38.955] [ARM] [1] current:90.00, target:90.00, dir:1
[17:16:39.079] [ARM] Soft resetting joint 2...
[17:16:39.140] [ARM] robot_update_current_angle 2...
[17:16:39.140] [ARM] [2] current:-90.00, target:-90.00, dir:-1
[17:16:39.266] [ARM] Soft resetting joint 0...
[17:16:39.266] [ARM] robot_update_current_angle 0...
[17:16:39.266] [ARM] [0] current:90.00, target:90.00, dir:1
[17:16:39.513] [ARM] soft reset final verify PASS (issues:0), pose set HOME.
[17:16:39.513] [DONE] command group finished: 回 HOME，结束运动展示
[17:16:40.013] [DONE] shooting demo complete: mode=motion.
[17:16:40.214] [ARM-TX] target_disable
[17:16:40.414] [ARM-TX] laser_off
[17:16:40.421] [INFO] ports closed.
