[14:05:15.333] [INFO] log file: E:\Renesas\RA6M5-Robot\Robot_FreeRTOS - Arm\DEBUG\shooting_robot_demo_20260630_140515.log
[14:05:15.335] [INFO] ARM=COM7 baud=115200 mode=motion
[14:05:15.838] [ARM-TX] target_disable
[14:05:16.039] [ARM-TX] laser_off
[14:05:16.080] [ARM] Found handler for 'target_disable', executing...
[14:05:16.080] [ARM] target_disableFound handler for 'laser_off', executing...
[14:05:16.080] [ARM] laser_off
[14:05:16.239] [STEP] initial soft_reset to HOME...
[14:05:16.239] [ARM-TX] soft_reset
[14:05:16.264] [ARM] Found handler for 'soft_reset', executing...
[14:05:16.264] [ARM] ROBOT_SOFT_RESET_EVENT
[14:05:16.264] [ARM] --- Starting soft reset ---
[14:05:16.512] [ARM] Soft reset motors enabled (J1~J5, J6 skipped).
[14:05:16.512] [ARM] Soft resetting joint 4...
[14:05:16.512] [ARM] robot_update_current_angle 4...
[14:05:16.512] [ARM] [4] current:90.00, target:90.00, dir:-1
[14:05:16.636] [ARM] Soft resetting joint 3...
[14:05:16.636] [ARM] robot_update_current_angle 3...
[14:05:16.636] [ARM] [3] current:-0.00, target:0.00, dir:1
[14:05:16.759] [ARM] Soft resetting joint 1...
[14:05:16.822] [ARM] robot_update_current_angle 1...
[14:05:16.822] [ARM] [1] current:90.00, target:90.00, dir:1
[14:05:16.947] [ARM] Soft resetting joint 2...
[14:05:16.947] [ARM] robot_update_current_angle 2...
[14:05:16.947] [ARM] [2] current:-90.00, target:-90.00, dir:1
[14:05:17.072] [ARM] Soft resetting joint 0...
[14:05:17.135] [ARM] robot_update_current_angle 0...
[14:05:17.135] [ARM] [0] current:90.00, target:90.00, dir:-1
[14:05:17.324] [ARM] soft reset final verify PASS (issues:0), pose set HOME.
[14:05:17.324] [DONE] initial soft_reset PASS; pose valid.
[14:05:17.324] [PROMPT] 准备拍摄：前伸到预定位，展示平滑起步和末端稳定
即将执行：
  auto 0 -130 0
[14:05:18.155] [ARM-TX] auto 0 -130 0
[14:05:18.195] [ARM] Found handler for 'auto', executing...
[14:05:18.195] [ARM] ROBOT_AUTO_EVENT
[14:05:22.622] [ARM] [jpint 1] ave_error:0.00
[14:05:22.622] [ARM] [jpint 2] ave_error:7.46
[14:05:22.622] [ARM] [jpint 3] ave_error:12.19
[14:05:22.622] [ARM] [jpint 4] ave_error:0.00
[14:05:22.622] [ARM] [jpint 5] ave_error:21.50
[14:05:22.622] [ARM] 
[14:05:22.622] [ARM] robot pid run finished!!
[14:05:22.622] [DONE] command group finished: 前伸到预定位，展示平滑起步和末端稳定
[14:05:23.124] [PROMPT] 准备拍摄：回 HOME，作为下一组动作的干净起点
即将执行：
  soft_reset
[14:05:23.124] [ARM-TX] soft_reset
[14:05:23.186] [ARM] Found handler for 'soft_reset', executing...
[14:05:23.186] [ARM] ROBOT_SOFT_RESET_EVENT
[14:05:23.186] [ARM] --- Starting soft reset ---
[14:05:23.371] [ARM] Soft reset motors enabled (J1~J5, J6 skipped).
[14:05:23.371] [ARM] Soft resetting joint 4...
[14:05:23.371] [ARM] robot_update_current_angle 4...
[14:05:23.371] [ARM] [4] current:43.94, target:90.00, dir:1
[14:05:25.052] [ARM] soft reset joint 4 settle timeout, keep going
[14:05:25.052] [ARM] Soft resetting joint 3...
[14:05:25.052] [ARM] robot_update_current_angle 3...
[14:05:25.052] [ARM] [3] current:-0.00, target:0.00, dir:1
[14:05:25.114] [ARM] Soft resetting joint 1...
[14:05:25.114] [ARM] robot_update_current_angle 1...
[14:05:25.114] [ARM] [1] current:135.18, target:90.00, dir:-1
[14:05:29.041] [ARM] soft reset joint 2 settle timeout, keep going
[14:05:29.041] [ARM] Soft resetting joint 0...
[14:05:29.041] [ARM] robot_update_current_angle 0...
[14:05:29.041] [ARM] [0] current:90.00, target:90.00, dir:-1
[14:05:29.228] [ARM] soft reset verify not pass, start refine loop...
[14:05:29.290] [ARM] soft reset refine joint 1 round 1: cur=91.98 target=90.00 err=1.98 dir=-1
[14:05:29.912] [ARM] soft reset refine joint 2 round 1: cur=-77.56 target=-90.00 err=12.44 dir=-1
[14:05:30.534] [ARM] soft reset refine joint 2 round 2: cur=-80.00 target=-90.00 err=10.00 dir=-1
[14:05:31.157] [ARM] soft reset refine joint 2 round 3: cur=-82.26 target=-90.00 err=7.74 dir=-1
[14:05:31.844] [ARM] soft reset refine pass 1 not enough, continue...
[14:05:31.969] [ARM] soft reset refine joint 2 round 1: cur=-85.67 target=-90.00 err=4.33 dir=-1
[14:05:32.592] [ARM] soft reset refine joint 2 round 2: cur=-87.97 target=-90.00 err=2.03 dir=-1
[14:05:33.220] [ARM] soft reset refine pass 2 success.
[14:05:33.220] [ARM] soft reset final verify PASS (issues:3), pose set HOME.
[14:05:33.220] [DONE] command group finished: 回 HOME，作为下一组动作的干净起点
[14:05:33.721] [PROMPT] 准备拍摄：右前方斜向运动，展示 X/Y 联动
即将执行：
  auto 45 -70 0
[14:05:36.302] [ARM-TX] auto 45 -70 0
[14:05:36.391] [ARM] Found handler for 'auto', executing...
[14:05:36.391] [ARM] ROBOT_AUTO_EVENT
[14:05:40.051] [ARM] [jpint 1] ave_error:5.78
[14:05:40.051] [ARM] [jpint 2] ave_error:4.86
[14:05:40.051] [ARM] [jpint 3] ave_error:7.51
[14:05:40.051] [ARM] [jpint 4] ave_error:7.01
[14:05:40.051] [ARM] [jpint 5] ave_error:13.12
[14:05:40.052] [ARM] 
[14:05:40.052] [ARM] robot pid run finished!!
[14:05:40.052] [DONE] command group finished: 右前方斜向运动，展示 X/Y 联动
[14:05:40.554] [PROMPT] 准备拍摄：左前方斜向运动，展示跨中线平滑移动
即将执行：
  auto -45 -90 0
[14:05:40.636] [ARM-TX] auto -45 -90 0
[14:05:40.675] [ARM] Found handler for 'auto', executing...
[14:05:40.675] [ARM] ROBOT_AUTO_EVENT
[14:05:44.543] [ARM] [jpint 1] ave_error:15.57
[14:05:44.543] [ARM] [jpint 2] ave_error:7.34
[14:05:44.543] [ARM] [jpint 3] ave_error:9.52
[14:05:44.543] [ARM] [jpint 4] ave_error:19.08
[14:05:44.543] [ARM] [jpint 5] ave_error:6.14
[14:05:44.543] [ARM] 
[14:05:44.543] [ARM] robot pid run finished!!
[14:05:44.543] [DONE] command group finished: 左前方斜向运动，展示跨中线平滑移动
[14:05:45.044] [PROMPT] 准备拍摄：回 HOME，切换到 Z 方向展示
即将执行：
  soft_reset
[14:05:45.755] [ARM-TX] soft_reset
[14:05:45.855] [ARM] Found handler for 'soft_reset', executing...
[14:05:45.855] [ARM] ROBOT_SOFT_RESET_EVENT
[14:05:45.855] [ARM] --- Starting soft reset ---
[14:05:46.043] [ARM] Soft reset motors enabled (J1~J5, J6 skipped).
[14:05:46.043] [ARM] Soft resetting joint 4...
[14:05:46.105] [ARM] robot_update_current_angle 4...
[14:05:46.105] [ARM] [4] current:80.08, target:90.00, dir:1
[14:05:46.733] [ARM] soft reset joint 4 settle timeout, keep going
[14:05:46.733] [ARM] Soft resetting joint 3...
[14:05:46.795] [ARM] robot_update_current_angle 3...
[14:05:46.795] [ARM] [3] current:41.85, target:0.00, dir:-1
[14:05:48.292] [ARM] soft reset joint 3 settle timeout, keep going
[14:05:48.292] [ARM] Soft resetting joint 1...
[14:05:48.292] [ARM] robot_update_current_angle 1...
[14:05:48.292] [ARM] [1] current:102.31, target:90.00, dir:-1
[14:05:48.980] [ARM] soft reset joint 1 settle timeout, keep going
[14:05:48.980] [ARM] Soft resetting joint 2...
[14:05:48.980] [ARM] robot_update_current_angle 2...
[14:05:48.980] [ARM] [2] current:-61.08, target:-90.00, dir:-1
[14:05:50.219] [ARM] soft reset joint 2 settle timeout, keep going
[14:05:50.219] [ARM] Soft resetting joint 0...
[14:05:50.219] [ARM] robot_update_current_angle 0...
[14:05:50.219] [ARM] [0] current:48.84, target:90.00, dir:1
[14:05:51.653] [ARM] soft reset joint 0 settle timeout, keep going
[14:05:51.653] [ARM] soft reset verify not pass, start refine loop...
[14:05:51.776] [ARM] soft reset refine joint 0 round 1: cur=67.59 target=90.00 err=22.41 dir=1
[14:05:52.402] [ARM] soft reset refine joint 0 round 2: cur=70.09 target=90.00 err=19.91 dir=1
[14:05:53.024] [ARM] soft reset refine joint 0 round 3: cur=72.41 target=90.00 err=17.59 dir=1
[14:05:53.648] [ARM] soft reset refine pass 1 not enough, continue...
[14:05:53.710] [ARM] soft reset refine joint 0 round 1: cur=75.52 target=90.00 err=14.48 dir=1
[14:05:54.335] [ARM] soft reset refine joint 0 round 2: cur=77.85 target=90.00 err=12.15 dir=1
[14:05:54.959] [ARM] soft reset refine joint 0 round 3: cur=80.16 target=90.00 err=9.84 dir=1
[14:05:55.579] [ARM] soft reset refine pass 2 not enough, continue...
[14:05:55.702] [ARM] soft reset refine joint 0 round 1: cur=83.28 target=90.00 err=6.72 dir=1
[14:05:56.322] [ARM] soft reset refine joint 0 round 2: cur=85.61 target=90.00 err=4.39 dir=1
[14:05:56.947] [ARM] soft reset refine joint 0 round 3: cur=87.92 target=90.00 err=2.08 dir=1
[14:05:57.570] [ARM] soft reset refine pass 3 success.
[14:05:57.570] [ARM] soft reset final verify PASS (issues:5), pose set HOME.
[14:05:57.570] [DONE] command group finished: 回 HOME，切换到 Z 方向展示
[14:05:58.071] [PROMPT] 准备拍摄：前伸并上抬，展示 X/Y/Z 协调
即将执行：
  auto 0 -90 20
[14:05:58.881] [ARM-TX] auto 0 -90 20
[14:05:58.977] [ARM] Found handler for 'auto', executing...
[14:05:58.977] [ARM] ROBOT_AUTO_EVENT
[14:06:02.739] [ARM] [jpint 1] ave_error:0.02
[14:06:02.739] [ARM] [jpint 2] ave_error:3.73
[14:06:02.739] [ARM] [jpint 3] ave_error:8.77
[14:06:02.739] [ARM] [jpint 4] ave_error:0.00
[14:06:02.739] [ARM] [jpint 5] ave_error:22.02
[14:06:02.739] [ARM] 
[14:06:02.739] [ARM] robot pid run finished!!
[14:06:02.739] [DONE] command group finished: 前伸并上抬，展示 X/Y/Z 协调
[14:06:03.241] [PROMPT] 准备拍摄：前伸并下压，展示 Z 方向反向切换
即将执行：
  auto 0 -100 0
[14:06:12.458] [ARM-TX] auto 0 -100 0
[14:06:12.548] [ARM] Found handler for 'auto', executing...
[14:06:12.548] [ARM] ROBOT_AUTO_EVENT
[14:06:14.491] [ARM] [jpint 1] ave_error:0.02
[14:06:14.491] [ARM] [jpint 2] ave_error:3.05
[14:06:14.491] [ARM] [jpint 3] ave_error:15.86
[14:06:14.491] [ARM] [jpint 4] ave_error:0.00
[14:06:14.491] [ARM] [jpint 5] ave_error:30.70
[14:06:14.491] [ARM] 
[14:06:14.492] [ARM] robot pid run finished!!
[14:06:14.492] [DONE] command group finished: 前伸并下压，展示 Z 方向反向切换
[14:06:14.993] [PROMPT] 准备拍摄：连续末端画圆，1秒进场 + 5秒一圈，5mm 半径用于避开自身结构
即将执行：
  soft_reset
  circle 8000 5
  soft_reset
[14:06:17.766] [ARM-TX] soft_reset
[14:06:17.851] [ARM] Found handler for 'soft_reset', executing...
[14:06:17.851] [ARM] ROBOT_SOFT_RESET_EVENT
[14:06:17.851] [ARM] --- Starting soft reset ---
[14:06:18.038] [ARM] Soft reset motors enabled (J1~J5, J6 skipped).
[14:06:18.038] [ARM] Soft resetting joint 4...
[14:06:18.038] [ARM] robot_update_current_angle 4...
[14:06:18.038] [ARM] [4] current:76.69, target:90.00, dir:1
[14:06:18.846] [ARM] soft reset joint 4 settle timeout, keep going
[14:06:18.846] [ARM] Soft resetting joint 3...
[14:06:18.908] [ARM] robot_update_current_angle 3...
[14:06:18.908] [ARM] [3] current:-0.00, target:0.00, dir:1
[14:06:18.971] [ARM] Soft resetting joint 1...
[14:06:19.034] [ARM] robot_update_current_angle 1...
[14:06:19.034] [ARM] [1] current:110.52, target:90.00, dir:-1
[14:06:20.024] [ARM] soft reset joint 1 settle timeout, keep going
[14:06:20.024] [ARM] Soft resetting joint 2...
[14:06:20.024] [ARM] robot_update_current_angle 2...
[14:06:20.024] [ARM] [2] current:-60.51, target:-90.00, dir:-1
[14:06:21.264] [ARM] soft reset joint 2 settle timeout, keep going
[14:06:21.264] [ARM] Soft resetting joint 0...
[14:06:21.264] [ARM] robot_update_current_angle 0...
[14:06:21.264] [ARM] [0] current:90.02, target:90.00, dir:-1
[14:06:21.388] [ARM] soft reset verify not pass, start refine loop...
[14:06:21.452] [ARM] soft reset refine joint 1 round 1: cur=92.99 target=90.00 err=2.99 dir=-1
[14:06:22.074] [ARM] soft reset refine joint 1 round 2: cur=91.79 target=90.00 err=1.79 dir=-1
[14:06:22.827] [ARM] soft reset refine pass 1 success.
[14:06:22.827] [ARM] soft reset final verify PASS (issues:3), pose set HOME.
[14:06:22.827] [ARM-TX] circle 8000 5
[14:06:22.865] [ARM] Found handler for 'circle', executing...
[14:06:22.866] [ARM] time_func 8000 ms radius 5.0 mm
[14:06:22.866] [ARM] ROBOT_TIME_FUNC_EVENT
[14:06:36.429] [ARM] [jpint 1] ave_error:2.15
[14:06:36.429] [ARM] [jpint 2] ave_error:11.10
[14:06:36.429] [ARM] [jpint 3] ave_error:9.65
[14:06:36.429] [ARM] [jpint 4] ave_error:1.46
[14:06:36.429] [ARM] [jpint 5] ave_error:2.58
[14:06:36.429] [ARM] 
[14:06:36.429] [ARM] robot pid run finished!!
[14:06:36.429] [ARM-TX] soft_reset
[14:06:36.490] [ARM] Found handler for 'soft_reset', executing...
[14:06:36.553] [ARM] ROBOT_SOFT_RESET_EVENT
[14:06:36.553] [ARM] --- Starting soft reset ---
[14:06:36.739] [ARM] Soft reset motors enabled (J1~J5, J6 skipped).
[14:06:36.739] [ARM] Soft resetting joint 4...
[14:06:36.740] [ARM] robot_update_current_angle 4...
[14:06:36.740] [ARM] [4] current:77.47, target:90.00, dir:1
[14:06:37.486] [ARM] soft reset joint 4 settle timeout, keep going
[14:06:37.486] [ARM] Soft resetting joint 3...
[14:06:37.486] [ARM] robot_update_current_angle 3...
[14:06:37.486] [ARM] [3] current:0.88, target:0.00, dir:-1
[14:06:37.608] [ARM] Soft resetting joint 1...
[14:06:37.671] [ARM] robot_update_current_angle 1...
[14:06:37.671] [ARM] [1] current:121.30, target:90.00, dir:-1
[14:06:38.852] [ARM] soft reset joint 1 settle timeout, keep going
[14:06:38.852] [ARM] Soft resetting joint 2...
[14:06:38.913] [ARM] robot_update_current_angle 2...
[14:06:38.913] [ARM] [2] current:-77.24, target:-90.00, dir:-1
[14:06:39.599] [ARM] soft reset joint 2 settle timeout, keep going
[14:06:39.599] [ARM] Soft resetting joint 0...
[14:06:39.661] [ARM] robot_update_current_angle 0...
[14:06:39.661] [ARM] [0] current:88.15, target:90.00, dir:1
[14:06:40.098] [ARM] soft reset verify not pass, start refine loop...
[14:06:40.160] [ARM] soft reset refine joint 1 round 1: cur=99.03 target=90.00 err=9.03 dir=-1
[14:06:40.785] [ARM] soft reset refine joint 1 round 2: cur=97.78 target=90.00 err=7.78 dir=-1
[14:06:41.406] [ARM] soft reset refine joint 1 round 3: cur=96.62 target=90.00 err=6.62 dir=-1
[14:06:42.087] [ARM] soft reset refine pass 1 not enough, continue...
[14:06:42.150] [ARM] soft reset refine joint 1 round 1: cur=94.97 target=90.00 err=4.97 dir=-1
[14:06:42.836] [ARM] soft reset refine joint 1 round 2: cur=93.81 target=90.00 err=3.81 dir=-1
[14:06:43.457] [ARM] soft reset refine joint 1 round 3: cur=92.66 target=90.00 err=2.66 dir=-1
[14:06:44.141] [ARM] soft reset refine pass 2 not enough, continue...
[14:06:44.204] [ARM] soft reset refine joint 1 round 1: cur=91.03 target=90.00 err=1.03 dir=-1
[14:06:44.452] [ARM] soft reset refine pass 3 success.
[14:06:44.452] [ARM] soft reset final verify PASS (issues:3), pose set HOME.
[14:06:44.452] [DONE] command group finished: 连续末端画圆，1秒进场 + 5秒一圈，5mm 半径用于避开自身结构
[14:06:44.953] [PROMPT] 准备拍摄：回 HOME，结束运动展示
即将执行：
  soft_reset
[14:07:10.689] [ARM-TX] soft_reset
[14:07:10.810] [ARM] Found handler for 'soft_reset', executing...
[14:07:10.810] [ARM] ROBOT_SOFT_RESET_EVENT
[14:07:10.810] [ARM] --- Starting soft reset ---
[14:07:10.996] [ARM] Soft reset motors enabled (J1~J5, J6 skipped).
[14:07:10.996] [ARM] Soft resetting joint 4...
[14:07:10.996] [ARM] robot_update_current_angle 4...
[14:07:10.996] [ARM] [4] current:90.02, target:90.00, dir:-1
[14:07:11.120] [ARM] Soft resetting joint 3...
[14:07:11.181] [ARM] robot_update_current_angle 3...
[14:07:11.181] [ARM] [3] current:-0.01, target:0.00, dir:1
[14:07:11.306] [ARM] Soft resetting joint 1...
[14:07:11.306] [ARM] robot_update_current_angle 1...
[14:07:11.306] [ARM] [1] current:89.96, target:90.00, dir:1
[14:07:11.429] [ARM] Soft resetting joint 2...
[14:07:11.491] [ARM] robot_update_current_angle 2...
[14:07:11.491] [ARM] [2] current:-90.00, target:-90.00, dir:1
[14:07:11.616] [ARM] Soft resetting joint 0...
[14:07:11.616] [ARM] robot_update_current_angle 0...
[14:07:11.616] [ARM] [0] current:90.00, target:90.00, dir:-1
[14:07:11.865] [ARM] soft reset final verify PASS (issues:0), pose set HOME.
[14:07:11.865] [DONE] command group finished: 回 HOME，结束运动展示
[14:07:12.365] [DONE] shooting demo complete: mode=motion.
[14:07:12.566] [ARM-TX] target_disable
[14:07:12.767] [ARM-TX] laser_off
[14:07:12.772] [INFO] ports closed.
