[16:16:14.536] [INFO] log file: E:\Renesas\RA6M5-Robot\Robot_FreeRTOS - Arm\DEBUG\shooting_robot_demo_20260630_161614.log
[16:16:14.536] [INFO] ARM=COM7 baud=115200 mode=motion
[16:16:15.039] [ARM-TX] target_disable
[16:16:15.240] [ARM-TX] laser_off
[16:16:15.280] [ARM] Found handler for 'target_disable', executing...
[16:16:15.280] [ARM] target_disableFound handler for 'laser_off', executing...
[16:16:15.280] [ARM] laser_off
[16:16:15.441] [STEP] initial soft_reset to HOME...
[16:16:15.441] [ARM-TX] soft_reset
[16:16:15.467] [ARM] Found handler for 'soft_reset', executing...
[16:16:15.467] [ARM] ROBOT_SOFT_RESET_EVENT
[16:16:15.467] [ARM] --- Starting soft reset ---
[16:16:15.714] [ARM] Soft reset motors enabled (J1~J5, J6 skipped).
[16:16:15.714] [ARM] Soft resetting joint 4...
[16:16:15.714] [ARM] robot_update_current_angle 4...
[16:16:15.714] [ARM] [4] current:90.02, target:90.00, dir:-1
[16:16:15.837] [ARM] Soft resetting joint 3...
[16:16:15.900] [ARM] robot_update_current_angle 3...
[16:16:15.900] [ARM] [3] current:-0.00, target:0.00, dir:1
[16:16:15.962] [ARM] Soft resetting joint 1...
[16:16:16.024] [ARM] robot_update_current_angle 1...
[16:16:16.024] [ARM] [1] current:90.00, target:90.00, dir:1
[16:16:16.150] [ARM] Soft resetting joint 2...
[16:16:16.150] [ARM] robot_update_current_angle 2...
[16:16:16.150] [ARM] [2] current:-90.00, target:-90.00, dir:1
[16:16:16.276] [ARM] Soft resetting joint 0...
[16:16:16.339] [ARM] robot_update_current_angle 0...
[16:16:16.339] [ARM] [0] current:90.00, target:90.00, dir:1
[16:16:16.523] [ARM] soft reset final verify PASS (issues:0), pose set HOME.
[16:16:16.523] [DONE] initial soft_reset PASS; pose valid.
[16:16:16.523] [PROMPT] 准备拍摄：前伸到预定位，展示平滑起步和末端稳定
即将执行：
  auto 0 -50 0
[16:16:17.179] [ARM-TX] auto 0 -50 0
[16:16:17.205] [ARM] Found handler for 'auto', executing...
[16:16:17.205] [ARM] ROBOT_AUTO_EVENT
[16:16:19.974] [ARM] [jpint 1] ave_error:0.00
[16:16:19.974] [ARM] [jpint 2] ave_error:3.26
[16:16:19.974] [ARM] [jpint 3] ave_error:4.76
[16:16:19.974] [ARM] [jpint 4] ave_error:0.00
[16:16:20.036] [ARM] [jpint 5] ave_error:7.85
[16:16:20.036] [ARM] 
[16:16:20.036] [ARM] robot pid run finished!!
[16:16:20.036] [DONE] command group finished: 前伸到预定位，展示平滑起步和末端稳定
[16:16:20.537] [PROMPT] 准备拍摄：回 HOME，作为下一组动作的干净起点
即将执行：
  soft_reset
[16:16:21.148] [ARM-TX] soft_reset
[16:16:21.217] [ARM] Found handler for 'soft_reset', executing...
[16:16:21.217] [ARM] ROBOT_SOFT_RESET_EVENT
[16:16:21.217] [ARM] --- Starting soft reset ---
[16:16:21.464] [ARM] Soft reset motors enabled (J1~J5, J6 skipped).
[16:16:21.464] [ARM] Soft resetting joint 4...
[16:16:21.464] [ARM] robot_update_current_angle 4...
[16:16:21.464] [ARM] [4] current:77.42, target:90.00, dir:1
[16:16:22.713] [ARM] Soft resetting joint 3...
[16:16:22.713] [ARM] robot_update_current_angle 3...
[16:16:22.713] [ARM] [3] current:-0.00, target:0.00, dir:1
[16:16:22.776] [ARM] Soft resetting joint 1...
[16:16:22.776] [ARM] robot_update_current_angle 1...
[16:16:22.776] [ARM] [1] current:109.13, target:90.00, dir:-1
[16:16:24.520] [ARM] soft reset joint 1 settle timeout, keep going
[16:16:24.520] [ARM] Soft resetting joint 2...
[16:16:24.520] [ARM] robot_update_current_angle 2...
[16:16:24.520] [ARM] [2] current:-62.32, target:-90.00, dir:-1
[16:16:26.326] [ARM] soft reset joint 2 settle timeout, keep going
[16:16:26.326] [ARM] Soft resetting joint 0...
[16:16:26.326] [ARM] robot_update_current_angle 0...
[16:16:26.326] [ARM] [0] current:90.00, target:90.00, dir:1
[16:16:26.514] [ARM] soft reset verify not pass, start refine loop...
[16:16:26.576] [ARM] soft reset refine joint 2 round 1: cur=-87.66 target=-90.00 err=2.34 dir=-1
[16:16:27.264] [ARM] soft reset refine pass 1 success.
[16:16:27.264] [ARM] soft reset final verify PASS (issues:2), pose set HOME.
[16:16:27.264] [DONE] command group finished: 回 HOME，作为下一组动作的干净起点
[16:16:27.764] [PROMPT] 准备拍摄：右前方斜向运动，展示 X/Y 联动
即将执行：
  auto 45 -70 0
[16:16:28.586] [ARM-TX] auto 45 -70 0
[16:16:28.691] [ARM] Found handler for 'auto', executing...
[16:16:28.692] [ARM] ROBOT_AUTO_EVENT
[16:16:32.333] [ARM] [jpint 1] ave_error:5.78
[16:16:32.333] [ARM] [jpint 2] ave_error:4.79
[16:16:32.333] [ARM] [jpint 3] ave_error:7.50
[16:16:32.333] [ARM] [jpint 4] ave_error:6.98
[16:16:32.333] [ARM] [jpint 5] ave_error:12.93
[16:16:32.333] [ARM] 
[16:16:32.333] [ARM] robot pid run finished!!
[16:16:32.333] [DONE] command group finished: 右前方斜向运动，展示 X/Y 联动
[16:16:32.834] [PROMPT] 准备拍摄：左前方斜向运动，展示跨中线平滑移动
即将执行：
  auto -45 -100 0
[16:16:33.530] [ARM-TX] auto -45 -100 0
[16:16:33.579] [ARM] Found handler for 'auto', executing...
[16:16:33.579] [ARM] ROBOT_AUTO_EVENT
[16:16:37.459] [ARM] [jpint 1] ave_error:15.28
[16:16:37.459] [ARM] [jpint 2] ave_error:6.15
[16:16:37.459] [ARM] [jpint 3] ave_error:9.56
[16:16:37.459] [ARM] [jpint 4] ave_error:18.66
[16:16:37.459] [ARM] [jpint 5] ave_error:5.20
[16:16:37.459] [ARM] 
[16:16:37.459] [ARM] robot pid run finished!!
[16:16:37.459] [DONE] command group finished: 左前方斜向运动，展示跨中线平滑移动
[16:16:37.960] [PROMPT] 准备拍摄：回 HOME，切换到 Z 方向展示
即将执行：
  soft_reset
[16:16:40.065] [ARM-TX] soft_reset
[16:16:40.204] [ARM] Found handler for 'soft_reset', executing...
[16:16:40.204] [ARM] ROBOT_SOFT_RESET_EVENT
[16:16:40.204] [ARM] --- Starting soft reset ---
[16:16:40.388] [ARM] Soft reset motors enabled (J1~J5, J6 skipped).
[16:16:40.388] [ARM] Soft resetting joint 4...
[16:16:40.450] [ARM] robot_update_current_angle 4...
[16:16:40.450] [ARM] [4] current:79.19, target:90.00, dir:1
[16:16:41.571] [ARM] Soft resetting joint 3...
[16:16:41.571] [ARM] robot_update_current_angle 3...
[16:16:41.571] [ARM] [3] current:42.19, target:0.00, dir:-1
[16:16:43.758] [ARM] soft reset joint 3 settle timeout, keep going
[16:16:43.758] [ARM] Soft resetting joint 1...
[16:16:43.821] [ARM] robot_update_current_angle 1...
[16:16:43.821] [ARM] [1] current:108.86, target:90.00, dir:-1
[16:16:45.443] [ARM] soft reset joint 1 settle timeout, keep going
[16:16:45.443] [ARM] Soft resetting joint 2...
[16:16:45.443] [ARM] robot_update_current_angle 2...
[16:16:45.443] [ARM] [2] current:-56.49, target:-90.00, dir:-1
[16:16:47.490] [ARM] soft reset joint 2 settle timeout, keep going
[16:16:47.490] [ARM] Soft resetting joint 0...
[16:16:47.490] [ARM] robot_update_current_angle 0...
[16:16:47.490] [ARM] [0] current:49.18, target:90.00, dir:1
[16:16:49.671] [ARM] soft reset joint 0 settle timeout, keep going
[16:16:49.732] [ARM] soft reset verify not pass, start refine loop...
[16:16:49.794] [ARM] soft reset refine joint 0 round 1: cur=83.54 target=90.00 err=6.46 dir=1
[16:16:51.107] [ARM] soft reset refine pass 1 success.
[16:16:51.107] [ARM] soft reset final verify PASS (issues:4), pose set HOME.
[16:16:51.107] [DONE] command group finished: 回 HOME，切换到 Z 方向展示
[16:16:51.608] [PROMPT] 准备拍摄：前伸并上抬，展示 X/Y/Z 协调
即将执行：
  auto 0 -100 44
[16:16:53.756] [ARM-TX] auto 0 -100 44
[16:16:53.885] [ARM] Found handler for 'auto', executing...
[16:16:53.885] [ARM] ROBOT_AUTO_EVENT
[16:16:58.007] [ARM] [jpint 1] ave_error:0.02
[16:16:58.007] [ARM] [jpint 2] ave_error:4.20
[16:16:58.007] [ARM] [jpint 3] ave_error:10.44
[16:16:58.007] [ARM] [jpint 4] ave_error:0.00
[16:16:58.007] [ARM] [jpint 5] ave_error:21.38
[16:16:58.007] [ARM] 
[16:16:58.007] [ARM] robot pid run finished!!
[16:16:58.007] [DONE] command group finished: 前伸并上抬，展示 X/Y/Z 协调
[16:16:58.508] [PROMPT] 准备拍摄：前伸并下压，展示 Z 方向反向切换
即将执行：
  auto 0 -90 7
  soft_reset
[16:16:59.278] [ARM-TX] auto 0 -90 7
[16:16:59.306] [ARM] Found handler for 'auto', executing...
[16:16:59.306] [ARM] ROBOT_AUTO_EVENT
[16:17:01.799] [ARM] [jpint 1] ave_error:0.02
[16:17:01.799] [ARM] [jpint 2] ave_error:3.83
[16:17:01.799] [ARM] [jpint 3] ave_error:21.52
[16:17:01.799] [ARM] [jpint 4] ave_error:0.00
[16:17:01.799] [ARM] [jpint 5] ave_error:30.55
[16:17:01.799] [ARM] 
[16:17:01.799] [ARM] robot pid run finished!!
[16:17:01.799] [ARM-TX] soft_reset
[16:17:01.862] [ARM] Found handler for 'soft_reset', executing...
[16:17:01.924] [ARM] ROBOT_SOFT_RESET_EVENT
[16:17:01.924] [ARM] --- Starting soft reset ---
[16:17:02.112] [ARM] Soft reset motors enabled (J1~J5, J6 skipped).
[16:17:02.112] [ARM] Soft resetting joint 4...
[16:17:02.112] [ARM] robot_update_current_angle 4...
[16:17:02.112] [ARM] [4] current:89.74, target:90.00, dir:1
[16:17:02.237] [ARM] Soft resetting joint 3...
[16:17:02.298] [ARM] robot_update_current_angle 3...
[16:17:02.298] [ARM] [3] current:0.00, target:0.00, dir:-1
[16:17:02.422] [ARM] Soft resetting joint 1...
[16:17:02.422] [ARM] robot_update_current_angle 1...
[16:17:02.422] [ARM] [1] current:105.93, target:90.00, dir:-1
[16:17:04.042] [ARM] soft reset joint 1 settle timeout, keep going
[16:17:04.042] [ARM] Soft resetting joint 2...
[16:17:04.042] [ARM] robot_update_current_angle 2...
[16:17:04.042] [ARM] [2] current:-65.71, target:-90.00, dir:-1
[16:17:05.850] [ARM] soft reset joint 2 settle timeout, keep going
[16:17:05.850] [ARM] Soft resetting joint 0...
[16:17:05.850] [ARM] robot_update_current_angle 0...
[16:17:05.850] [ARM] [0] current:90.02, target:90.00, dir:-1
[16:17:06.038] [ARM] soft reset verify not pass, start refine loop...
[16:17:06.101] [ARM] soft reset refine joint 2 round 1: cur=-88.53 target=-90.00 err=1.47 dir=-1
[16:17:06.602] [ARM] soft reset refine pass 1 success.
[16:17:06.602] [ARM] soft reset final verify PASS (issues:2), pose set HOME.
[16:17:06.602] [DONE] command group finished: 前伸并下压，展示 Z 方向反向切换
[16:17:07.103] [PROMPT] 准备拍摄：连续末端画圆，1秒进场 + 5秒一圈，5mm 半径用于避开自身结构
即将执行：
  circle 8000 5
  soft_reset
[16:17:07.103] [ARM-TX] circle 8000 5
[16:17:07.140] [ARM] Found handler for 'circle', executing...
[16:17:07.140] [ARM] time_func 8000 ms radius 5.0 mm
[16:17:07.140] [ARM] ROBOT_TIME_FUNC_EVENT
[16:17:20.728] [ARM] [jpint 1] ave_error:2.15
[16:17:20.728] [ARM] [jpint 2] ave_error:11.10
[16:17:20.728] [ARM] [jpint 3] ave_error:9.44
[16:17:20.728] [ARM] [jpint 4] ave_error:1.46
[16:17:20.728] [ARM] [jpint 5] ave_error:2.58
[16:17:20.728] [ARM] 
[16:17:20.728] [ARM] robot pid run finished!!
[16:17:20.728] [ARM-TX] soft_reset
[16:17:20.791] [ARM] Found handler for 'soft_reset', executing...
[16:17:20.791] [ARM] ROBOT_SOFT_RESET_EVENT
[16:17:20.791] [ARM] --- Starting soft reset ---
[16:17:21.039] [ARM] Soft reset motors enabled (J1~J5, J6 skipped).
[16:17:21.039] [ARM] Soft resetting joint 4...
[16:17:21.039] [ARM] robot_update_current_angle 4...
[16:17:21.039] [ARM] [4] current:77.47, target:90.00, dir:1
[16:17:22.224] [ARM] Soft resetting joint 3...
[16:17:22.224] [ARM] robot_update_current_angle 3...
[16:17:22.224] [ARM] [3] current:0.88, target:0.00, dir:-1
[16:17:22.349] [ARM] Soft resetting joint 1...
[16:17:22.349] [ARM] robot_update_current_angle 1...
[16:17:22.349] [ARM] [1] current:121.34, target:90.00, dir:-1
[16:17:24.345] [ARM] soft reset joint 1 settle timeout, keep going
[16:17:24.345] [ARM] Soft resetting joint 2...
[16:17:24.345] [ARM] robot_update_current_angle 2...
[16:17:24.345] [ARM] [2] current:-75.81, target:-90.00, dir:-1
[16:17:25.903] [ARM] soft reset joint 2 settle timeout, keep going
[16:17:25.903] [ARM] Soft resetting joint 0...
[16:17:25.903] [ARM] robot_update_current_angle 0...
[16:17:25.903] [ARM] [0] current:88.15, target:90.00, dir:1
[16:17:26.403] [ARM] soft reset final verify PASS (issues:2), pose set HOME.
[16:17:26.403] [DONE] command group finished: 连续末端画圆，1秒进场 + 5秒一圈，5mm 半径用于避开自身结构
[16:17:26.904] [PROMPT] 准备拍摄：回 HOME，结束运动展示
即将执行：
  soft_reset
[16:17:28.282] [ARM-TX] soft_reset
[16:17:28.336] [ARM] Found handler for 'soft_reset', executing...
[16:17:28.336] [ARM] ROBOT_SOFT_RESET_EVENT
[16:17:28.336] [ARM] --- Starting soft reset ---
[16:17:28.585] [ARM] Soft reset motors enabled (J1~J5, J6 skipped).
[16:17:28.585] [ARM] Soft resetting joint 4...
[16:17:28.585] [ARM] robot_update_current_angle 4...
[16:17:28.585] [ARM] [4] current:90.02, target:90.00, dir:-1
[16:17:28.710] [ARM] Soft resetting joint 3...
[16:17:28.710] [ARM] robot_update_current_angle 3...
[16:17:28.710] [ARM] [3] current:-0.00, target:0.00, dir:1
[16:17:28.835] [ARM] Soft resetting joint 1...
[16:17:28.897] [ARM] robot_update_current_angle 1...
[16:17:28.897] [ARM] [1] current:90.00, target:90.00, dir:1
[16:17:29.024] [ARM] Soft resetting joint 2...
[16:17:29.024] [ARM] robot_update_current_angle 2...
[16:17:29.024] [ARM] [2] current:-90.00, target:-90.00, dir:-1
[16:17:29.149] [ARM] Soft resetting joint 0...
[16:17:29.213] [ARM] robot_update_current_angle 0...
[16:17:29.213] [ARM] [0] current:90.00, target:90.00, dir:-1
[16:17:29.401] [ARM] soft reset final verify PASS (issues:0), pose set HOME.
[16:17:29.401] [DONE] command group finished: 回 HOME，结束运动展示
[16:17:29.901] [DONE] shooting demo complete: mode=motion.
[16:17:30.102] [ARM-TX] target_disable
[16:17:30.303] [ARM-TX] laser_off
[16:17:30.307] [INFO] ports closed.
