[21:27:23.843] [INFO] log file: E:\Renesas\RA6M5-Robot\Robot_FreeRTOS - Arm\DEBUG\target_state_demo_20260630_212723.log
[21:27:23.843] [INFO] ARM=COM7 JETSON=COM14 baud=115200
[21:27:23.843] [INFO] start frame: AA 01 01 BB
[21:27:23.843] [INFO] stop frame: AA 01 00 BB
[21:27:23.843] [INFO] vision sequence: (9,-10)/2.0s -> (4,-6)/1.0s -> (0,0)/0.0s
[21:27:24.348] [JETSON-TX] TARGET_CTRL STOP: AA 01 00 BB
[21:27:24.395] [ARM] [JETSON_RX] target_ctrl=0
[21:27:24.410] [JETSON-RX] CC 04 00 DD
[21:27:24.410] [JETSON-STATUS] TARGET_CTRL_OFF func=0x04 value=0x00
[21:27:24.611] [ARM-TX] laser_off
[21:27:24.644] [ARM] Found handler for 'laser_off', executing...
[21:27:24.644] [ARM] laser_off
[21:27:24.812] [ARM-TX] soft_reset
[21:27:24.829] [ARM] Found handler for 'soft_reset', executing...
[21:27:24.829] [ARM] ROBOT_SOFT_RESET_EVENT
[21:27:24.829] [ARM] --- Starting soft reset ---
[21:27:25.077] [ARM] Soft reset motors enabled (J1~J5, J6 skipped).
[21:27:25.077] [ARM] Soft resetting joint 4...
[21:27:25.077] [ARM] robot_update_current_angle 4...
[21:27:25.077] [ARM] [4] current:90.00, target:90.00, dir:1
[21:27:25.201] [ARM] Soft resetting joint 3...
[21:27:25.264] [ARM] robot_update_current_angle 3...
[21:27:25.264] [ARM] [3] current:-0.00, target:0.00, dir:1
[21:27:25.387] [ARM] Soft resetting joint 1...
[21:27:25.387] [ARM] robot_update_current_angle 1...
[21:27:25.387] [ARM] [1] current:90.00, target:90.00, dir:-1
[21:27:25.511] [ARM] Soft resetting joint 2...
[21:27:25.511] [ARM] robot_update_current_angle 2...
[21:27:25.511] [ARM] [2] current:-90.00, target:-90.00, dir:-1
[21:27:25.636] [ARM] Soft resetting joint 0...
[21:27:25.697] [ARM] robot_update_current_angle 0...
[21:27:25.697] [ARM] [0] current:90.00, target:90.00, dir:-1
[21:27:25.885] [ARM] soft reset final verify PASS (issues:0), pose set HOME.
[21:27:25.885] [JETSON-TX] TARGET_CTRL START: AA 01 01 BB
[21:27:25.928] [ARM] [JETSON_RX] target_ctrl=1
[21:27:25.928] [ARM] ROBOT_AUTO_EVENT
[21:27:25.928] [ARM] [0] <0.00 0.00 0.00> result: 90.00 90.00 -90.00 0.00 90.00 0.00 
[21:27:25.928] [ARM] [1] <0.00 -0.00 -0.00> result: 90.00 90.00 -90.00 0.00 90.00 0.00 
[21:27:25.928] [ARM] [2] <0.00 -0.00 -0.00> result: 90.00 90.00 -90.00 0.00 90.00 0.00 
[21:27:25.946] [ARM] [3] <0.00 -0.01 -0.00> result: 90.00 90.00 -90.00 0.00 90.00 0.00 
[21:27:25.946] [ARM] [4] <0.00 -0.02 -0.00> result: 90.00 90.01 -90.00 0.00 90.00 0.00 
[21:27:25.946] [ARM] [5] <0.00 -0.03 -0.00> result: 90.00 90.01 -89.99 0.00 90.00 0.00 
[21:27:25.947] [ARM] [6] <0.00 -0.05 -0.00> result: 90.00 90.02 -89.99 0.00 90.00 0.00 
[21:27:25.947] [JETSON-RX] CC 04 01 DD
[21:27:25.947] [JETSON-STATUS] TARGET_CTRL_ON func=0x04 value=0x01
[21:27:25.947] [STEP] waiting READY from RA6...
[21:27:25.968] [ARM] [7] <0.00 -0.07 -0.00> result: 90.00 90.02 -89.98 0.00 90.00 0.00 
[21:27:25.968] [ARM] [8] <0.00 -0.11 -0.00> result: 90.00 90.03 -89.97 0.00 90.00 0.00 
[21:27:25.968] [ARM] [9] <0.00 -0.15 -0.00> result: 90.00 90.05 -89.96 0.00 90.00 0.00 
[21:27:25.992] [ARM] [10] <0.00 -0.20 -0.01> result: 90.00 90.06 -89.94 0.00 90.01 0.00 
[21:27:25.992] [ARM] [11] <0.00 -0.27 -0.01> result: 90.00 90.08 -89.92 0.00 90.01 0.00 
[21:27:25.992] [ARM] [12] <0.00 -0.34 -0.01> result: 90.00 90.11 -89.90 0.00 90.01 0.00 
[21:27:25.993] [ARM] [13] <0.00 -0.43 -0.01> result: 90.00 90.14 -89.88 0.00 90.01 0.00 
[21:27:26.015] [ARM] [14] <0.00 -0.54 -0.01> result: 90.00 90.17 -89.85 0.00 90.02 0.00 
[21:27:26.015] [ARM] [15] <0.00 -0.65 -0.02> result: 90.00 90.20 -89.81 0.00 90.02 0.00 
[21:27:26.015] [ARM] [16] <0.00 -0.79 -0.02> result: 90.00 90.25 -89.78 0.00 90.02 0.00 
[21:27:26.015] [ARM] [17] <0.00 -0.94 -0.02> result: 90.00 90.29 -89.73 0.00 90.03 0.00 
[21:27:26.037] [ARM] [18] <0.00 -1.10 -0.03> result: 90.00 90.34 -89.69 0.00 90.03 0.00 
[21:27:26.037] [ARM] [19] <0.00 -1.29 -0.03> result: 90.00 90.40 -89.63 0.00 90.03 0.00 
[21:27:26.037] [ARM] [20] <0.00 -1.49 -0.04> result: 90.00 90.46 -89.57 0.00 90.04 0.00 
[21:27:26.037] [ARM] [21] <0.00 -1.72 -0.04> result: 90.00 90.53 -89.51 0.00 90.04 0.00 
[21:27:26.060] [ARM] [22] <0.00 -1.97 -0.05> result: 90.00 90.61 -89.44 0.00 90.05 0.00 
[21:27:26.060] [ARM] [23] <0.00 -2.23 -0.06> result: 90.00 90.69 -89.36 0.00 90.05 0.00 
[21:27:26.060] [ARM] [24] <0.00 -2.52 -0.06> result: 90.00 90.77 -89.28 0.00 90.05 0.00 
[21:27:26.095] [ARM] [25] <0.00 -2.84 -0.07> result: 90.00 90.87 -89.19 0.00 90.06 0.00 
[21:27:26.095] [ARM] [26] <0.00 -3.17 -0.08> result: 90.00 90.97 -89.10 0.00 90.06 0.00 
[21:27:26.095] [ARM] [27] <0.00 -3.53 -0.09> result: 90.00 91.07 -88.99 0.00 90.06 0.00 
[21:27:26.095] [ARM] [28] <0.00 -3.92 -0.10> result: 90.00 91.18 -88.88 0.00 90.07 0.00 
[21:27:26.117] [ARM] [29] <0.00 -4.33 -0.11> result: 90.00 91.30 -88.76 0.00 90.07 0.00 
[21:27:26.117] [ARM] [30] <0.00 -4.77 -0.12> result: 90.00 91.43 -88.64 0.00 90.07 0.00 
[21:27:26.118] [ARM] [31] <0.00 -5.23 -0.13> result: 90.00 91.56 -88.51 0.00 90.07 0.00 
[21:27:26.118] [ARM] [32] <0.00 -5.72 -0.14> result: 90.00 91.70 -88.37 0.00 90.07 0.00 
[21:27:26.140] [ARM] [33] <0.00 -6.24 -0.16> result: 90.00 91.85 -88.22 0.00 90.06 0.00 
[21:27:26.140] [ARM] [34] <0.00 -6.79 -0.17> result: 90.00 92.00 -88.06 0.00 90.06 0.00 
[21:27:26.140] [ARM] [35] <0.00 -7.36 -0.18> result: 90.00 92.16 -87.89 0.00 90.05 0.00 
[21:27:26.141] [ARM] [36] <0.00 -7.96 -0.20> result: 90.00 92.32 -87.72 0.00 90.04 0.00 
[21:27:26.163] [ARM] [37] <0.00 -8.60 -0.21> result: 90.00 92.49 -87.54 0.00 90.03 0.00 
[21:27:26.163] [ARM] [38] <0.00 -9.26 -0.23> result: 90.00 92.67 -87.35 0.00 90.02 0.00 
[21:27:26.163] [ARM] [39] <0.00 -9.95 -0.25> result: 90.00 92.85 -87.15 0.00 90.00 0.00 
[21:27:26.186] [ARM] [40] <0.00 -10.67 -0.27> result: 90.00 93.04 -86.94 0.00 89.98 0.00 
[21:27:26.186] [ARM] [41] <0.00 -11.42 -0.29> result: 90.00 93.24 -86.72 0.00 89.96 0.00 
[21:27:26.186] [ARM] [42] <0.00 -12.20 -0.30> result: 90.00 93.44 -86.50 0.00 89.93 0.00 
[21:27:26.187] [ARM] [43] <0.00 -13.01 -0.33> result: 90.00 93.64 -86.26 0.00 89.91 0.00 
[21:27:26.210] [ARM] [44] <0.00 -13.85 -0.35> result: 90.00 93.85 -86.02 0.00 89.87 0.00 
[21:27:26.210] [ARM] [45] <0.00 -14.72 -0.37> result: 90.00 94.07 -85.77 0.00 89.84 0.00 
[21:27:26.210] [ARM] [46] <0.00 -15.62 -0.39> result: 90.00 94.29 -85.51 0.00 89.80 0.00 
[21:27:26.210] [ARM] [47] <0.00 -16.55 -0.41> result: 90.00 94.52 -85.24 0.00 89.75 0.00 
[21:27:26.232] [ARM] [48] <0.00 -17.51 -0.44> result: 90.00 94.75 -84.96 0.00 89.70 0.00 
[21:27:26.233] [ARM] [49] <0.00 -18.49 -0.46> result: 90.00 94.98 -84.67 0.00 89.65 0.00 
[21:27:26.233] [ARM] [50] <0.00 -19.51 -0.49> result: 90.00 95.22 -84.37 0.00 89.59 0.00 
[21:27:26.233] [ARM] [51] <0.00 -20.56 -0.51> result: 90.00 95.47 -84.06 0.00 89.53 0.00 
[21:27:26.256] [ARM] [52] <0.00 -21.64 -0.54> result: 90.00 95.71 -83.75 0.00 89.46 0.00 
[21:27:26.256] [ARM] [53] <0.00 -22.74 -0.57> result: 90.00 95.97 -83.43 0.00 89.39 0.00 
[21:27:26.256] [ARM] [54] <0.00 -23.88 -0.60> result: 90.00 96.22 -83.09 0.00 89.32 0.00 
[21:27:26.289] [ARM] [55] <0.00 -25.04 -0.63> result: 90.00 96.48 -82.75 0.00 89.23 0.00 
[21:27:26.289] [ARM] [56] <0.00 -26.23 -0.66> result: 90.00 96.74 -82.40 0.00 89.15 0.00 
[21:27:26.289] [ARM] [57] <0.00 -27.44 -0.69> result: 90.00 97.01 -82.05 0.00 89.06 0.00 
[21:27:26.289] [ARM] [58] <0.00 -28.68 -0.72> result: 90.00 97.28 -81.68 0.00 88.96 0.00 
[21:27:26.312] [ARM] [59] <0.00 -29.95 -0.75> result: 90.00 97.55 -81.31 0.00 88.86 0.00 
[21:27:26.312] [ARM] [60] <0.00 -31.25 -0.78> result: 90.00 97.83 -80.92 0.00 88.75 0.00 
[21:27:26.312] [ARM] [61] <0.00 -32.57 -0.81> result: 90.00 98.10 -80.53 0.00 88.64 0.00 
[21:27:26.312] [ARM] [62] <0.00 -33.91 -0.85> result: 90.00 98.39 -80.14 0.00 88.52 0.00 
[21:27:26.334] [ARM] [63] <0.00 -35.28 -0.88> result: 90.00 98.67 -79.73 0.00 88.40 0.00 
[21:27:26.336] [ARM] [64] <0.00 -36.67 -0.92> result: 90.00 98.95 -79.32 0.00 88.27 0.00 
[21:27:26.336] [ARM] [65] <0.00 -38.08 -0.95> result: 90.00 99.24 -78.90 0.00 88.14 0.00 
[21:27:26.358] [ARM] [66] <0.00 -39.51 -0.99> result: 90.00 99.53 -78.47 0.00 88.00 0.00 
[21:27:26.358] [ARM] [67] <0.00 -40.97 -1.02> result: 90.00 99.82 -78.04 0.00 87.86 0.00 
[21:27:26.359] [ARM] [68] <0.00 -42.44 -1.06> result: 90.00 100.11 -77.60 0.00 87.71 0.00 
[21:27:26.359] [ARM] [69] <0.00 -43.94 -1.10> result: 90.00 100.41 -77.15 0.00 87.56 0.00 
[21:27:26.382] [ARM] [70] <0.00 -45.45 -1.14> result: 90.00 100.70 -76.70 0.00 87.41 0.00 
[21:27:26.382] [ARM] [71] <0.00 -46.98 -1.17> result: 90.00 101.00 -76.24 0.00 87.25 0.00 
[21:27:26.382] [ARM] [72] <0.00 -48.53 -1.21> result: 90.00 101.30 -75.78 0.00 87.08 0.00 
[21:27:26.382] [ARM] [73] <0.00 -50.09 -1.25> result: 90.00 101.60 -75.31 0.00 86.91 0.00 
[21:27:26.405] [ARM] [74] <0.00 -51.67 -1.29> result: 90.00 101.90 -74.84 0.00 86.74 0.00 
[21:27:26.405] [ARM] [75] <0.00 -53.26 -1.33> result: 90.00 102.20 -74.36 0.00 86.56 0.00 
[21:27:26.405] [ARM] [76] <0.00 -54.86 -1.37> result: 90.00 102.51 -73.87 0.00 86.38 0.00 
[21:27:26.428] [ARM] [77] <0.00 -56.48 -1.41> result: 90.00 102.81 -73.39 0.00 86.20 0.00 
[21:27:26.428] [ARM] [78] <0.00 -58.11 -1.45> result: 90.00 103.11 -72.89 0.00 86.01 0.00 
[21:27:26.428] [ARM] [79] <0.00 -59.75 -1.49> result: 90.00 103.42 -72.40 0.00 85.82 0.00 
[21:27:26.428] [ARM] [80] <0.00 -60.00 -1.50> result: 90.00 103.47 -72.32 0.00 85.79 0.00 
[21:27:26.462] [ARM] [81] <0.00 -60.00 -1.50> result: 90.00 103.47 -72.32 0.00 85.79 0.00 
[21:27:26.462] [ARM] [82] <0.00 -60.00 -1.50> result: 90.00 103.47 -72.32 0.00 85.79 0.00 
[21:27:26.462] [ARM] [83] <0.00 -60.00 -1.50> result: 90.00 103.47 -72.32 0.00 85.79 0.00 
[21:27:26.462] [ARM] [84] <0.00 -60.00 -1.50> result: 90.00 103.47 -72.32 0.00 85.79 0.00 
[21:27:26.485] [ARM] [85] <0.00 -60.00 -1.50> result: 90.00 103.47 -72.32 0.00 85.79 0.00 
[21:27:26.485] [ARM] [86] <0.00 -60.00 -1.50> result: 90.00 103.47 -72.32 0.00 85.79 0.00 
[21:27:26.485] [ARM] [87] <0.00 -60.00 -1.50> result: 90.00 103.47 -72.32 0.00 85.79 0.00 
[21:27:26.507] [ARM] [88] <0.00 -60.00 -1.50> result: 90.00 103.47 -72.32 0.00 85.79 0.00 
[21:27:26.507] [ARM] [89] <0.00 -60.00 -1.50> result: 90.00 103.47 -72.32 0.00 85.79 0.00 
[21:27:26.507] [ARM] [90] <0.00 -60.00 -1.50> result: 90.00 103.47 -72.32 0.00 85.79 0.00 
[21:27:26.507] [ARM] [91] <0.00 -60.00 -1.50> result: 90.00 103.47 -72.32 0.00 85.79 0.00 
[21:27:26.531] [ARM] [92] <0.00 -60.00 -1.50> result: 90.00 103.47 -72.32 0.00 85.79 0.00 
[21:27:26.531] [ARM] [93] <0.00 -60.00 -1.50> result: 90.00 103.47 -72.32 0.00 85.79 0.00 
[21:27:26.531] [ARM] [94] <0.00 -60.00 -1.50> result: 90.00 103.47 -72.32 0.00 85.79 0.00 
[21:27:26.531] [ARM] [95] <0.00 -60.00 -1.50> result: 90.00 103.47 -72.32 0.00 85.79 0.00 
[21:27:26.554] [ARM] [96] <0.00 -60.00 -1.50> result: 90.00 103.47 -72.32 0.00 85.79 0.00 
[21:27:26.554] [ARM] [97] <0.00 -60.00 -1.50> result: 90.00 103.47 -72.32 0.00 85.79 0.00 
[21:27:26.554] [ARM] [98] <0.00 -60.00 -1.50> result: 90.00 103.47 -72.32 0.00 85.79 0.00 
[21:27:26.576] [ARM] [99] <0.00 -60.00 -1.50> result: 90.00 103.47 -72.32 0.00 85.79 0.00 
[21:27:26.576] [ARM] [100] <0.00 -60.00 -1.50> result: 90.00 103.47 -72.32 0.00 85.79 0.00 
[21:27:26.576] [ARM] [101] <0.00 -60.00 -1.50> result: 90.00 103.47 -72.32 0.00 85.79 0.00 
[21:27:26.576] [ARM] [102] <0.00 -60.00 -1.50> result: 90.00 103.47 -72.32 0.00 85.79 0.00 
[21:27:26.600] [ARM] [103] <0.00 -60.00 -1.50> result: 90.00 103.47 -72.32 0.00 85.79 0.00 
[21:27:26.600] [ARM] [104] <0.00 -60.00 -1.50> result: 90.00 103.47 -72.32 0.00 85.79 0.00 
[21:27:26.600] [ARM] [105] <0.00 -60.00 -1.50> result: 90.00 103.47 -72.32 0.00 85.79 0.00 
[21:27:26.600] [ARM] [106] <0.00 -60.00 -1.50> result: 90.00 103.47 -72.32 0.00 85.79 0.00 
[21:27:26.621] [ARM] [107] <0.00 -60.00 -1.50> result: 90.00 103.47 -72.32 0.00 85.79 0.00 
[21:27:26.621] [ARM] [108] <0.00 -60.00 -1.50> result: 90.00 103.47 -72.32 0.00 85.79 0.00 
[21:27:26.621] [ARM] [109] <0.00 -60.00 -1.50> result: 90.00 103.47 -72.32 0.00 85.79 0.00 
[21:27:26.657] [ARM] [110] <0.00 -60.00 -1.50> result: 90.00 103.47 -72.32 0.00 85.79 0.00 
[21:27:26.657] [ARM] [111] <0.00 -60.00 -1.50> result: 90.00 103.47 -72.32 0.00 85.79 0.00 
[21:27:26.657] [ARM] [112] <0.00 -60.00 -1.50> result: 90.00 103.47 -72.32 0.00 85.79 0.00 
[21:27:26.657] [ARM] [113] <0.00 -60.00 -1.50> result: 90.00 103.47 -72.32 0.00 85.79 0.00 
[21:27:26.679] [ARM] [114] <0.00 -60.00 -1.50> result: 90.00 103.47 -72.32 0.00 85.79 0.00 
[21:27:26.679] [ARM] [115] <0.00 -60.00 -1.50> result: 90.00 103.47 -72.32 0.00 85.79 0.00 
[21:27:26.679] [ARM] [116] <0.00 -60.00 -1.50> result: 90.00 103.47 -72.32 0.00 85.79 0.00 
[21:27:26.702] [ARM] [117] <0.00 -60.00 -1.50> result: 90.00 103.47 -72.32 0.00 85.79 0.00 
[21:27:26.702] [ARM] [118] <0.00 -60.00 -1.50> result: 90.00 103.47 -72.32 0.00 85.79 0.00 
[21:27:26.703] [ARM] [119] <0.00 -60.00 -1.50> result: 90.00 103.47 -72.32 0.00 85.79 0.00 
[21:27:26.703] [ARM] [120] <0.00 -60.00 -1.50> result: 90.00 103.47 -72.32 0.00 85.79 0.00 
[21:27:26.726] [ARM] [121] <0.00 -60.00 -1.50> result: 90.00 103.47 -72.32 0.00 85.79 0.00 
[21:27:26.726] [ARM] [122] <0.00 -60.00 -1.50> result: 90.00 103.47 -72.32 0.00 85.79 0.00 
[21:27:26.726] [ARM] [123] <0.00 -60.00 -1.50> result: 90.00 103.47 -72.32 0.00 85.79 0.00 
[21:27:26.726] [ARM] [124] <0.00 -60.00 -1.50> result: 90.00 103.47 -72.32 0.00 85.79 0.00 
[21:27:26.749] [ARM] [125] <0.00 -60.00 -1.50> result: 90.00 103.47 -72.32 0.00 85.79 0.00 
[21:27:26.749] [ARM] [126] <0.00 -60.00 -1.50> result: 90.00 103.47 -72.32 0.00 85.79 0.00 
[21:27:26.749] [ARM] [127] <0.00 -60.00 -1.50> result: 90.00 103.47 -72.32 0.00 85.79 0.00 
[21:27:26.771] [ARM] [128] <0.00 -60.00 -1.50> result: 90.00 103.47 -72.32 0.00 85.79 0.00 
[21:27:26.771] [ARM] [129] <0.00 -60.00 -1.50> result: 90.00 103.47 -72.32 0.00 85.79 0.00 
[21:27:26.771] [ARM] [130] <0.00 -60.00 -1.50> result: 90.00 103.47 -72.32 0.00 85.79 0.00 
[21:27:26.771] [ARM] [131] <0.00 -60.00 -1.50> result: 90.00 103.47 -72.32 0.00 85.79 0.00 
[21:27:26.794] [ARM] [132] <0.00 -60.00 -1.50> result: 90.00 103.47 -72.32 0.00 85.79 0.00 
[21:27:26.794] [ARM] [133] <0.00 -60.00 -1.50> result: 90.00 103.47 -72.32 0.00 85.79 0.00 
[21:27:26.794] [ARM] [134] <0.00 -60.00 -1.50> result: 90.00 103.47 -72.32 0.00 85.79 0.00 
[21:27:26.828] [ARM] [135] <0.00 -60.00 -1.50> result: 90.00 103.47 -72.32 0.00 85.79 0.00 
[21:27:26.829] [ARM] [136] <0.00 -60.00 -1.50> result: 90.00 103.47 -72.32 0.00 85.79 0.00 
[21:27:26.829] [ARM] [137] <0.00 -60.00 -1.50> result: 90.00 103.47 -72.32 0.00 85.79 0.00 
[21:27:26.829] [ARM] [138] <0.00 -60.00 -1.50> result: 90.00 103.47 -72.32 0.00 85.79 0.00 
[21:27:26.852] [ARM] [139] <0.00 -60.00 -1.50> result: 90.00 103.47 -72.32 0.00 85.79 0.00 
[21:27:26.852] [ARM] [140] <0.00 -60.00 -1.50> result: 90.00 103.47 -72.32 0.00 85.79 0.00 
[21:27:26.852] [ARM] [141] <0.00 -60.00 -1.50> result: 90.00 103.47 -72.32 0.00 85.79 0.00 
[21:27:26.852] [ARM] [142] <0.00 -60.00 -1.50> result: 90.00 103.47 -72.32 0.00 85.79 0.00 
[21:27:26.874] [ARM] [143] <0.00 -60.00 -1.50> result: 90.00 103.47 -72.32 0.00 85.79 0.00 
[21:27:26.874] [ARM] [144] <0.00 -60.00 -1.50> result: 90.00 103.47 -72.32 0.00 85.79 0.00 
[21:27:26.874] [ARM] [145] <0.00 -60.00 -1.50> result: 90.00 103.47 -72.32 0.00 85.79 0.00 
[21:27:26.898] [ARM] [146] <0.00 -60.00 -1.50> result: 90.00 103.47 -72.32 0.00 85.79 0.00 
[21:27:26.898] [ARM] [147] <0.00 -60.00 -1.50> result: 90.00 103.47 -72.32 0.00 85.79 0.00 
[21:27:26.898] [ARM] [148] <0.00 -60.00 -1.50> result: 90.00 103.47 -72.32 0.00 85.79 0.00 
[21:27:26.898] [ARM] [149] <0.00 -60.00 -1.50> result: 90.00 103.47 -72.32 0.00 85.79 0.00 
[21:27:26.921] [ARM] [150] <0.00 -60.00 -1.50> result: 90.00 103.47 -72.32 0.00 85.79 0.00 
[21:27:26.921] [ARM] [151] <0.00 -60.00 -1.50> result: 90.00 103.47 -72.32 0.00 85.79 0.00 
[21:27:26.921] [ARM] [152] <0.00 -60.00 -1.50> result: 90.00 103.47 -72.32 0.00 85.79 0.00 
[21:27:26.944] [ARM] [153] <0.00 -60.00 -1.50> result: 90.00 103.47 -72.32 0.00 85.79 0.00 
[21:27:26.944] [ARM] [154] <0.00 -60.00 -1.50> result: 90.00 103.47 -72.32 0.00 85.79 0.00 
[21:27:26.944] [ARM] [155] <0.00 -60.00 -1.50> result: 90.00 103.47 -72.32 0.00 85.79 0.00 
[21:27:26.944] [ARM] [156] <0.00 -60.00 -1.50> result: 90.00 103.47 -72.32 0.00 85.79 0.00 
[21:27:26.966] [ARM] [157] <0.00 -60.00 -1.50> result: 90.00 103.47 -72.32 0.00 85.79 0.00 
[21:27:26.966] [ARM] [158] <0.00 -60.00 -1.50> result: 90.00 103.47 -72.32 0.00 85.79 0.00 
[21:27:26.966] [ARM] [159] <0.00 -60.00 -1.50> result: 90.00 103.47 -72.32 0.00 85.79 0.00 
[21:27:26.966] [ARM] [160] <0.00 -60.00 -1.50> result: 90.00 103.47 -72.32 0.00 85.79 0.00 
[21:27:26.988] [ARM] [161] <0.00 -60.00 -1.50> result: 90.00 103.47 -72.32 0.00 85.79 0.00 
[21:27:26.988] [ARM] [162] <0.00 -60.00 -1.50> result: 90.00 103.47 -72.32 0.00 85.79 0.00 
[21:27:26.988] [ARM] [163] <0.00 -60.00 -1.50> result: 90.00 103.47 -72.32 0.00 85.79 0.00 
[21:27:27.024] [ARM] [164] <0.00 -60.00 -1.50> result: 90.00 103.47 -72.32 0.00 85.79 0.00 
[21:27:27.024] [ARM] [165] <0.00 -60.00 -1.50> result: 90.00 103.47 -72.32 0.00 85.79 0.00 
[21:27:27.024] [ARM] [166] <0.00 -60.00 -1.50> result: 90.00 103.47 -72.32 0.00 85.79 0.00 
[21:27:27.024] [ARM] [167] <0.00 -60.00 -1.50> result: 90.00 103.47 -72.32 0.00 85.79 0.00 
[21:27:27.046] [ARM] [168] <0.00 -60.00 -1.50> result: 90.00 103.47 -72.32 0.00 85.79 0.00 
[21:27:27.046] [ARM] [169] <0.00 -60.00 -1.50> result: 90.00 103.47 -72.32 0.00 85.79 0.00 
[21:27:27.046] [ARM] [170] <0.00 -60.00 -1.50> result: 90.00 103.47 -72.32 0.00 85.79 0.00 
[21:27:27.069] [ARM] [171] <0.00 -60.00 -1.50> result: 90.00 103.47 -72.32 0.00 85.79 0.00 
[21:27:27.069] [ARM] [172] <0.00 -60.00 -1.50> result: 90.00 103.47 -72.32 0.00 85.79 0.00 
[21:27:27.069] [ARM] [173] <0.00 -60.00 -1.50> result: 90.00 103.47 -72.32 0.00 85.79 0.00 
[21:27:27.069] [ARM] [174] <0.00 -60.00 -1.50> result: 90.00 103.47 -72.32 0.00 85.79 0.00 
[21:27:27.124] [ARM] [175] <0.00 -60.00 -1.50> result: 90.00 103.47 -72.32 0.00 85.79 0.00 
[21:27:27.124] [ARM] [176] <0.00 -60.00 -1.50> result: 90.00 103.47 -72.32 0.00 85.79 0.00 
[21:27:29.017] [JETSON-RX] CC 01 01 DD
[21:27:29.017] [JETSON-STATUS] READY func=0x01 value=0x01
[21:27:29.017] [PROMPT] target_enable 已完成，RA6M5 已到预定位 READY。确认后按 Enter 开始发送视觉误差校准。
[21:27:29.048] [ARM] [jpint 1] ave_error:0.00
[21:27:29.048] [ARM] [jpint 2] ave_error:4.00
[21:27:29.048] [ARM] [jpint 3] ave_error:5.56
[21:27:29.048] [ARM] [jpint 4] ave_error:0.00
[21:27:29.048] [ARM] [jpint 5] ave_error:6.12
[21:27:29.048] [ARM] 
[21:27:29.048] [ARM] robot pid run finished!!
[21:27:36.721] [PROMPT] Enter received; console logging resumed.
[21:27:36.721] [JETSON-TX] vision sender enabled: period=0.200s.
[21:27:36.721] [STEP] sending vision sequence (9,-10)/2.0s -> (4,-6)/1.0s -> (0,0)/0.0s, waiting ALIGN_DONE...
[21:27:36.868] [JETSON-TX] vision step 1/3: dcx=9 dcy=-10 hold=2.0s frame=FF 05 03 09 00 F6 FF 06 FE
[21:27:36.919] [ARM] [JETSON_RX] vision dcx=9 dcy=-10
[21:27:36.920] [ARM] [TARGET] vision state=WAIT_DETECT enabled=1 dcx=9 dcy=-10 stable=0
[21:27:36.921] [ARM] ROBOT_AUTO_EVENT
[21:27:36.921] [ARM] [0] <0.00 -60.00 -1.50> result: 90.00 103.47 -72.32 0.00 85.79 0.00 
[21:27:36.939] [ARM] [1] <0.00 -60.00 -1.50> result: 90.00 103.47 -72.32 -0.00 85.79 0.00 
[21:27:36.939] [ARM] [2] <0.01 -60.00 -1.51> result: 90.00 103.47 -72.32 -0.00 85.79 0.00 
[21:27:36.939] [ARM] [3] <0.02 -60.00 -1.52> result: 90.01 103.48 -72.32 -0.01 85.80 0.00 
[21:27:36.943] [ARM] [4] <0.05 -60.00 -1.55> result: 90.02 103.49 -72.32 -0.02 85.81 0.00 
[21:27:36.959] [ARM] [5] <0.08 -60.00 -1.58> result: 90.04 103.51 -72.32 -0.04 85.83 0.00 
[21:27:36.960] [ARM] [6] <0.14 -60.00 -1.64> result: 90.07 103.54 -72.33 -0.07 85.86 0.00 
[21:27:36.960] [ARM] [7] <0.21 -60.00 -1.71> result: 90.11 103.57 -72.33 -0.11 85.90 0.00 
[21:27:36.960] [ARM] [8] <0.29 -60.00 -1.79> result: 90.16 103.62 -72.33 -0.16 85.95 0.00 
[21:27:36.985] [ARM] [9] <0.40 -60.00 -1.90> result: 90.21 103.67 -72.34 -0.22 86.01 0.00 
[21:27:36.985] [ARM] [10] <0.53 -60.00 -2.03> result: 90.28 103.74 -72.34 -0.28 86.08 0.00 
[21:27:36.985] [ARM] [11] <0.68 -60.00 -2.18> result: 90.36 103.82 -72.35 -0.36 86.16 0.00 
[21:27:37.004] [ARM] [12] <0.86 -60.00 -2.36> result: 90.46 103.90 -72.35 -0.46 86.26 0.00 
[21:27:37.004] [ARM] [13] <1.05 -60.00 -2.55> result: 90.56 104.00 -72.36 -0.56 86.36 0.00 
[21:27:37.004] [ARM] [14] <1.26 -60.00 -2.76> result: 90.67 104.11 -72.37 -0.67 86.48 0.00 
[21:27:37.004] [ARM] [15] <1.49 -60.00 -2.99> result: 90.79 104.23 -72.37 -0.79 86.60 0.00 
[21:27:37.027] [ARM] [16] <1.74 -60.00 -3.24> result: 90.92 104.36 -72.38 -0.93 86.74 0.00 
[21:27:37.027] [ARM] [17] <2.00 -60.00 -3.50> result: 91.06 104.49 -72.39 -1.06 86.88 0.00 
[21:27:37.027] [ARM] [18] <2.27 -60.00 -3.77> result: 91.21 104.63 -72.40 -1.21 87.03 0.00 
[21:27:37.027] [ARM] [19] <2.50 -60.00 -4.00> result: 91.33 104.75 -72.40 -1.33 87.15 0.00 
[21:27:37.061] [ARM] [20] <2.50 -60.00 -4.00> result: 91.33 104.75 -72.40 -1.33 87.15 0.00 
[21:27:37.062] [ARM] [21] <2.50 -60.00 -4.00> result: 91.33 104.75 -72.40 -1.33 87.15 0.00 
[21:27:37.062] [ARM] [22] <2.50 -60.00 -4.00> result: 91.33 104.75 -72.40 -1.33 87.15 0.00 
[21:27:37.087] [ARM] [23] <2.50 -60.00 -4.00> result: 91.33 104.75 -72.40 -1.33 87.15 0.00 
[21:27:37.087] [ARM] [24] <2.50 -60.00 -4.00> result: 91.33 104.75 -72.40 -1.33 87.15 0.00 
[21:27:37.087] [ARM] [25] <2.50 -60.00 -4.00> result: 91.33 104.75 -72.40 -1.33 87.15 0.00 
[21:27:37.087] [ARM] [26] <2.50 -60.00 -4.00> result: 91.33 104.75 -72.40 -1.33 87.15 0.00 
[21:27:37.108] [ARM] [27] <2.50 -60.00 -4.00> result: 91.33 104.75 -72.40 -1.33 87.15 0.00 
[21:27:37.108] [ARM] [28] <2.50 -60.00 -4.00> result: 91.33 104.75 -72.40 -1.33 87.15 0.00 
[21:27:37.108] [ARM] [29] <2.50 -60.00 -4.00> result: 91.33 104.75 -72.40 -1.33 87.15 0.00 
[21:27:37.131] [ARM] [30] <2.50 -60.00 -4.00> result: 91.33 104.75 -72.40 -1.33 87.15 0.00 
[21:27:37.132] [ARM] [31] <2.50 -60.00 -4.00> result: 91.33 104.75 -72.40 -1.33 87.15 0.00 
[21:27:37.132] [ARM] [32] <2.50 -60.00 -4.00> result: 91.33 104.75 -72.40 -1.33 87.15 0.00 
[21:27:37.132] [ARM] [33] <2.50 -60.00 -4.00> result: 91.33 104.75 -72.40 -1.33 87.15 0.00 
[21:27:37.155] [ARM] [34] <2.50 -60.00 -4.00> result: 91.33 104.75 -72.40 -1.33 87.15 0.00 
[21:27:37.155] [ARM] [35] <2.50 -60.00 -4.00> result: 91.33 104.75 -72.40 -1.33 87.15 0.00 
[21:27:37.155] [ARM] [36] <2.50 -60.00 -4.00> result: 91.33 104.75 -72.40 -1.33 87.15 0.00 
[21:27:37.155] [ARM] [37] <2.50 -60.00 -4.00> result: 91.33 104.75 -72.40 -1.33 87.15 0.00 
[21:27:37.177] [ARM] [38] <2.50 -60.00 -4.00> result: 91.33 104.75 -72.40 -1.33 87.15 0.00 
[21:27:37.177] [ARM] [39] <2.50 -60.00 -4.00> result: 91.33 104.75 -72.40 -1.33 87.15 0.00 
[21:27:37.177] [ARM] [40] <2.50 -60.00 -4.00> result: 91.33 104.75 -72.40 -1.33 87.15 0.00 
[21:27:37.221] [ARM] [41] <2.50 -60.00 -4.00> result: 91.33 104.75 -72.40 -1.33 87.15 0.00 
[21:27:37.221] [ARM] [42] <2.50 -60.00 -4.00> result: 91.33 104.75 -72.40 -1.33 87.15 0.00 
[21:27:37.221] [ARM] [43] <2.50 -60.00 -4.00> result: 91.33 104.75 -72.40 -1.33 87.15 0.00 
[21:27:37.221] [ARM] [TARGET] vision state=ALIGN enabled=1 dcx=9 dcy=-10 stable=0
[21:27:37.275] [ARM] [TARGET] align step dx=2.50 dz=-2.50 target=<2.50 -60.00 -4.00>
[21:27:37.338] [ARM] [JETSON_RX] vision dcx=9 dcy=-10
[21:27:37.338] [ARM] [TARGET] vision state=ALIGN enabled=1 dcx=9 dcy=-10 stable=0
[21:27:37.528] [ARM] [TARGET] align step dx=2.50 dz=-2.50 target=<2.50 -60.00 -4.00>
[21:27:37.528] [ARM] [JETSON_RX] vision dcx=9 dcy=-10
[21:27:37.528] [ARM] [TARGET] vision state=ALIGN enabled=1 dcx=9 dcy=-10 stable=0
[21:27:37.715] [ARM] [JETSON_RX] vision dcx=9 dcy=-10
[21:27:37.715] [ARM] [TARGET] vision state=ALIGN enabled=1 dcx=9 dcy=-10 stable=0
[21:27:37.776] [ARM] [TARGET] align step dx=2.50 dz=-2.50 target=<2.50 -60.00 -4.00>
[21:27:37.776] [ARM] [jpint 1] ave_error:0.22
[21:27:37.776] [ARM] [jpint 2] ave_error:8.01
[21:27:37.776] [ARM] [jpint 3] ave_error:13.78
[21:27:37.776] [ARM] [jpint 4] ave_error:0.22
[21:27:37.778] [ARM] [jpint 5] ave_error:2.09
[21:27:37.778] [ARM] 
[21:27:37.778] [ARM] robot pid run finished!!
[21:27:37.899] [ARM] ROBOT_AUTO_EVENT
[21:27:37.899] [ARM] [0] <2.50 -60.00 -4.00> result: 91.33 104.75 -72.40 -1.33 87.15 0.00 
[21:27:37.899] [ARM] [JETSON_RX] vision dcx=9 dcy=-10
[21:27:37.899] [ARM] [TARGET] vision state=ALIGN enabled=1 dcx=9 dcy=-10 stable=0
[21:27:37.960] [ARM] [jpint 1] ave_error:91.29
[21:27:37.960] [ARM] [jpint 2] ave_error:110.78
[21:27:37.960] [ARM] [jpint 3] ave_error:61.85
[21:27:37.960] [ARM] [jpint 4] ave_error:1.34
[21:27:37.960] [ARM] [jpint 5] ave_error:88.15
[21:27:37.960] [ARM] 
[21:27:37.960] [ARM] robot pid run finished!!
[21:27:38.022] [ARM] [TARGET] align step dx=2.50 dz=-2.50 target=<5.00 -60.00 -6.50>
[21:27:38.084] [ARM] ROBOT_AUTO_EVENT
[21:27:38.084] [ARM] [0] <2.50 -60.00 -4.00> result: 91.33 104.75 -72.40 -1.33 87.15 0.00 
[21:27:38.145] [ARM] [JETSON_RX] vision dcx=9 dcy=-10
[21:27:38.145] [ARM] [TARGET] vision state=ALIGN enabled=1 dcx=9 dcy=-10 stable=0
[21:27:38.208] [ARM] [jpint 1] ave_error:91.16
[21:27:38.208] [ARM] [jpint 2] ave_error:110.71
[21:27:38.208] [ARM] [jpint 3] ave_error:61.73
[21:27:38.208] [ARM] [jpint 4] ave_error:1.21
[21:27:38.208] [ARM] [jpint 5] ave_error:87.90
[21:27:38.208] [ARM] 
[21:27:38.208] [ARM] robot pid run finished!!
[21:27:38.269] [ARM] [TARGET] align step dx=2.50 dz=-2.50 target=<5.00 -60.00 -6.50>
[21:27:38.330] [ARM] [JETSON_RX] vision dcx=9 dcy=-10
[21:27:38.330] [ARM] [TARGET] vision state=ALIGN enabled=1 dcx=9 dcy=-10 stable=0
[21:27:38.330] [ARM] ROBOT_AUTO_EVENT
[21:27:38.330] [ARM] [0] <2.50 -60.00 -4.00> result: 91.33 104.75 -72.40 -1.33 87.15 0.00 
[21:27:38.454] [ARM] [jpint 1] ave_error:91.03
[21:27:38.454] [ARM] [jpint 2] ave_error:110.63
[21:27:38.454] [ARM] [jpint 3] ave_error:61.60
[21:27:38.454] [ARM] [jpint 4] ave_error:1.07
[21:27:38.454] [ARM] [jpint 5] ave_error:87.64
[21:27:38.454] [ARM] 
[21:27:38.454] [ARM] robot pid run finished!!
[21:27:38.518] [ARM] [JETSON_RX] vision dcx=9 dcy=-10
[21:27:38.518] [ARM] [TARGET] vision state=ALIGN enabled=1 dcx=9 dcy=-10 stable=0
[21:27:38.518] [ARM] [TARGET] align step dx=2.50 dz=-2.50 target=<5.00 -60.00 -6.50>
[21:27:38.542] [ARM] ROBOT_AUTO_EVENT
[21:27:38.542] [ARM] [0] <2.50 -60.00 -4.00> result: 91.33 104.75 -72.40 -1.33 87.15 0.00 
[21:27:38.542] [ARM] [1] <2.50 -60.00 -4.00> result: 91.33 104.75 -72.40 -1.33 87.16 0.00 
[21:27:38.543] [ARM] [2] <2.51 -60.00 -4.01> result: 91.33 104.76 -72.40 -1.34 87.16 0.00 
[21:27:38.565] [ARM] [3] <2.52 -60.00 -4.02> result: 91.34 104.76 -72.40 -1.34 87.17 0.00 
[21:27:38.565] [ARM] [4] <2.55 -60.00 -4.05> result: 91.35 104.78 -72.40 -1.36 87.18 0.00 
[21:27:38.565] [ARM] [5] <2.58 -60.00 -4.08> result: 91.37 104.79 -72.40 -1.38 87.20 0.00 
[21:27:38.565] [ARM] [6] <2.64 -60.00 -4.14> result: 91.40 104.82 -72.41 -1.40 87.23 0.00 
[21:27:38.588] [ARM] [7] <2.71 -60.00 -4.21> result: 91.44 104.86 -72.41 -1.44 87.27 0.00 
[21:27:38.588] [ARM] [8] <2.79 -60.00 -4.29> result: 91.49 104.90 -72.41 -1.49 87.31 0.00 
[21:27:38.588] [ARM] [9] <2.90 -60.00 -4.40> result: 91.55 104.96 -72.41 -1.55 87.37 0.00 
[21:27:38.612] [ARM] [10] <3.03 -60.00 -4.53> result: 91.61 105.03 -72.41 -1.62 87.44 0.00 
[21:27:38.612] [ARM] [11] <3.18 -60.00 -4.68> result: 91.69 105.11 -72.42 -1.70 87.53 0.00 
[21:27:38.612] [ARM] [12] <3.36 -60.00 -4.86> result: 91.79 105.20 -72.42 -1.79 87.62 0.00 
[21:27:38.612] [ARM] [13] <3.55 -60.00 -5.05> result: 91.89 105.30 -72.43 -1.89 87.72 0.00 
[21:27:38.635] [ARM] [14] <3.76 -60.00 -5.26> result: 92.00 105.41 -72.43 -2.00 87.84 0.00 
[21:27:38.635] [ARM] [15] <3.99 -60.00 -5.49> result: 92.12 105.53 -72.43 -2.12 87.96 0.00 
[21:27:38.635] [ARM] [16] <4.24 -60.00 -5.74> result: 92.25 105.66 -72.44 -2.26 88.10 0.00 
[21:27:38.658] [ARM] [17] <4.50 -60.00 -6.00> result: 92.39 105.79 -72.44 -2.39 88.24 0.00 
[21:27:38.658] [ARM] [18] <4.77 -60.00 -6.27> result: 92.54 105.94 -72.45 -2.54 88.38 0.00 
[21:27:38.658] [ARM] [19] <5.00 -60.00 -6.50> result: 92.66 106.06 -72.45 -2.66 88.51 0.00 
[21:27:38.658] [ARM] [20] <5.00 -60.00 -6.50> result: 92.66 106.06 -72.45 -2.66 88.51 0.00 
[21:27:38.682] [ARM] [21] <5.00 -60.00 -6.50> result: 92.66 106.06 -72.45 -2.66 88.51 0.00 
[21:27:38.682] [ARM] [22] <5.00 -60.00 -6.50> result: 92.66 106.06 -72.45 -2.66 88.51 0.00 
[21:27:38.682] [ARM] [23] <5.00 -60.00 -6.50> result: 92.66 106.06 -72.45 -2.66 88.51 0.00 
[21:27:38.682] [ARM] [24] <5.00 -60.00 -6.50> result: 92.66 106.06 -72.45 -2.66 88.51 0.00 
[21:27:38.716] [ARM] [25] <5.00 -60.00 -6.50> result: 92.66 106.06 -72.45 -2.66 88.51 0.00 
[21:27:38.716] [ARM] [26] <5.00 -60.00 -6.50> result: 92.66 106.06 -72.45 -2.66 88.51 0.00 
[21:27:38.716] [ARM] [27] <5.00 -60.00 -6.50> result: 92.66 106.06 -72.45 -2.66 88.51 0.00 
[21:27:38.739] [ARM] [28] <5.00 -60.00 -6.50> result: 92.66 106.06 -72.45 -2.66 88.51 0.00 
[21:27:38.739] [ARM] [29] <5.00 -60.00 -6.50> result: 92.66 106.06 -72.45 -2.66 88.51 0.00 
[21:27:38.739] [ARM] [30] <5.00 -60.00 -6.50> result: 92.66 106.06 -72.45 -2.66 88.51 0.00 
[21:27:38.739] [ARM] [31] <5.00 -60.00 -6.50> result: 92.66 106.06 -72.45 -2.66 88.51 0.00 
[21:27:38.762] [ARM] [32] <5.00 -60.00 -6.50> result: 92.66 106.06 -72.45 -2.66 88.51 0.00 
[21:27:38.762] [ARM] [33] <5.00 -60.00 -6.50> result: 92.66 106.06 -72.45 -2.66 88.51 0.00 
[21:27:38.762] [ARM] [34] <5.00 -60.00 -6.50> result: 92.66 106.06 -72.45 -2.66 88.51 0.00 
[21:27:38.785] [ARM] [35] <5.00 -60.00 -6.50> result: 92.66 106.06 -72.45 -2.66 88.51 0.00 
[21:27:38.785] [ARM] [36] <5.00 -60.00 -6.50> result: 92.66 106.06 -72.45 -2.66 88.51 0.00 
[21:27:38.785] [ARM] [37] <5.00 -60.00 -6.50> result: 92.66 106.06 -72.45 -2.66 88.51 0.00 
[21:27:38.785] [ARM] [38] <5.00 -60.00 -6.50> result: 92.66 106.06 -72.45 -2.66 88.51 0.00 
[21:27:38.809] [ARM] [39] <5.00 -60.00 -6.50> result: 92.66 106.06 -72.45 -2.66 88.51 0.00 
[21:27:38.809] [ARM] [40] <5.00 -60.00 -6.50> result: 92.66 106.06 -72.45 -2.66 88.51 0.00 
[21:27:38.809] [ARM] [41] <5.00 -60.00 -6.50> result: 92.66 106.06 -72.45 -2.66 88.51 0.00 
[21:27:38.809] [ARM] [42] <5.00 -60.00 -6.50> result: 92.66 106.06 -72.45 -2.66 88.51 0.00 
[21:27:38.874] [JETSON-TX] vision step 2/3: dcx=4 dcy=-6 hold=1.0s frame=FF 05 03 04 00 FA FF 05 FE
[21:27:38.874] [ARM] [43] <5.00 -60.00 -6.50> result: 92.66 106.06 -72.45 -2.66 88.51 0.00 
[21:27:38.874] [ARM] [TARGET] vision state=ALIGN enabled=1 dcx=9 dcy=-10 stable=0
[21:27:38.874] [ARM] [TARGET] align step dx=2.50 dz=-2.50 target=<5.00 -60.00 -6.50>
[21:27:38.936] [ARM] [JETSON_RX] vision dcx=4 dcy=-6
[21:27:38.936] [ARM] [TARGET] vision state=ALIGN enabled=1 dcx=4 dcy=-6 stable=0
[21:27:39.125] [ARM] [JETSON_RX] vision dcx=4 dcy=-6
[21:27:39.125] [ARM] [TARGET] vision state=ALIGN enabled=1 dcx=4 dcy=-6 stable=0
[21:27:39.125] [ARM] [TARGET] align step dx=1.52 dz=-2.10 target=<4.02 -60.00 -6.10>
[21:27:39.312] [ARM] [JETSON_RX] vision dcx=4 dcy=-6
[21:27:39.312] [ARM] [TARGET] vision state=ALIGN enabled=1 dcx=4 dcy=-6 stable=0
[21:27:39.374] [ARM] [jpint 1] ave_error:0.53
[21:27:39.374] [ARM] [jpint 2] ave_error:4.06
[21:27:39.374] [ARM] [jpint 3] ave_error:9.44
[21:27:39.374] [ARM] [jpint 4] ave_error:0.47
[21:27:39.374] [ARM] [jpint 5] ave_error:0.41
[21:27:39.374] [ARM] 
[21:27:39.374] [ARM] robot pid run finished!!
[21:27:39.374] [ARM] [TARGET] align step dx=1.52 dz=-2.10 target=<4.02 -60.00 -6.10>
[21:27:39.497] [ARM] ROBOT_AUTO_EVENT
[21:27:39.497] [ARM] [0] <5.00 -60.00 -6.50> result: 92.66 106.06 -72.45 -2.66 88.51 0.00 
[21:27:39.497] [ARM] [JETSON_RX] vision dcx=4 dcy=-6
[21:27:39.497] [ARM] [TARGET] vision state=ALIGN enabled=1 dcx=4 dcy=-6 stable=0
[21:27:39.621] [ARM] [jpint 1] ave_error:92.54
[21:27:39.621] [ARM] [jpint 2] ave_error:108.13
[21:27:39.621] [ARM] [jpint 3] ave_error:66.23
[21:27:39.621] [ARM] [jpint 4] ave_error:2.90
[21:27:39.621] [ARM] [jpint 5] ave_error:88.70
[21:27:39.621] [ARM] 
[21:27:39.621] [ARM] robot pid run finished!!
[21:27:39.621] [ARM] [TARGET] align step dx=1.52 dz=-2.10 target=<6.52 -60.00 -8.60>
[21:27:39.745] [ARM] ROBOT_AUTO_EVENT
[21:27:39.745] [ARM] [0] <5.00 -60.00 -6.50> result: 92.66 106.06 -72.45 -2.66 88.51 0.00 
[21:27:39.745] [ARM] [JETSON_RX] vision dcx=4 dcy=-6
[21:27:39.745] [ARM] [TARGET] vision state=ALIGN enabled=1 dcx=4 dcy=-6 stable=0
[21:27:39.807] [ARM] [jpint 1] ave_error:92.41
[21:27:39.807] [ARM] [jpint 2] ave_error:108.05
[21:27:39.807] [ARM] [jpint 3] ave_error:66.12
[21:27:39.807] [ARM] [jpint 4] ave_error:2.77
[21:27:39.807] [ARM] [jpint 5] ave_error:88.43
[21:27:39.807] [ARM] 
[21:27:39.807] [ARM] robot pid run finished!!
[21:27:39.870] [ARM] [TARGET] align step dx=1.52 dz=-2.10 target=<6.52 -60.00 -8.60>
[21:27:39.876] [JETSON-TX] vision step 3/3: dcx=0 dcy=0 hold=0.0s frame=FF 05 03 00 00 00 00 08 FE
[21:27:39.932] [ARM] [JETSON_RX] vision dcx=0 dcy=0
[21:27:39.932] [ARM] [TARGET] vision state=ALIGN enabled=1 dcx=0 dcy=0 stable=0
[21:27:39.932] [ARM] ROBOT_AUTO_EVENT
[21:27:39.932] [ARM] [0] <5.00 -60.00 -6.50> result: 92.66 106.06 -72.45 -2.66 88.51 0.00 
[21:27:40.057] [ARM] [jpint 1] ave_error:92.28
[21:27:40.057] [ARM] [jpint 2] ave_error:107.97
[21:27:40.057] [ARM] [jpint 3] ave_error:65.98
[21:27:40.057] [ARM] [jpint 4] ave_error:2.63
[21:27:40.057] [ARM] [jpint 5] ave_error:88.15
[21:27:40.057] [ARM] 
[21:27:40.057] [ARM] robot pid run finished!!
[21:27:40.118] [ARM] [JETSON_RX] vision dcx=0 dcy=0
[21:27:40.118] [ARM] [TARGET] vision state=ALIGN enabled=1 dcx=0 dcy=0 stable=1
[21:27:40.162] [ARM] ROBOT_AUTO_EVENT
[21:27:40.162] [ARM] [0] <5.00 -60.00 -6.50> result: 92.66 106.06 -72.45 -2.66 88.51 0.00 
[21:27:40.162] [ARM] [1] <5.00 -60.00 -6.50> result: 92.66 106.06 -72.45 -2.66 88.51 0.00 
[21:27:40.162] [ARM] [2] <4.98 -60.00 -6.49> result: 92.65 106.05 -72.45 -2.65 88.50 0.00 
[21:27:40.185] [ARM] [3] <4.95 -60.00 -6.48> result: 92.63 106.05 -72.45 -2.63 88.50 0.00 
[21:27:40.185] [ARM] [4] <4.90 -60.00 -6.46> result: 92.60 106.04 -72.45 -2.61 88.49 0.00 
[21:27:40.185] [ARM] [5] <4.82 -60.00 -6.42> result: 92.56 106.02 -72.45 -2.56 88.47 0.00 
[21:27:40.185] [ARM] [6] <4.71 -60.00 -6.38> result: 92.50 105.99 -72.45 -2.51 88.45 0.00 
[21:27:40.207] [ARM] [7] <4.57 -60.00 -6.33> result: 92.43 105.97 -72.45 -2.43 88.42 0.00 
[21:27:40.207] [ARM] [8] <4.41 -60.00 -6.26> result: 92.35 105.93 -72.45 -2.35 88.38 0.00 
[21:27:40.207] [ARM] [9] <4.23 -60.00 -6.19> result: 92.25 105.89 -72.45 -2.25 88.34 0.00 
[21:27:40.231] [ARM] [10] <4.04 -60.00 -6.11> result: 92.15 105.85 -72.45 -2.15 88.30 0.00 
[21:27:40.231] [ARM] [11] <4.02 -60.00 -6.10> result: 92.14 105.84 -72.45 -2.14 88.30 0.00 
[21:27:40.231] [ARM] [12] <4.02 -60.00 -6.10> result: 92.14 105.84 -72.45 -2.14 88.30 0.00 
[21:27:40.231] [ARM] [13] <4.02 -60.00 -6.10> result: 92.14 105.84 -72.45 -2.14 88.30 0.00 
[21:27:40.255] [ARM] [14] <4.02 -60.00 -6.10> result: 92.14 105.84 -72.45 -2.14 88.30 0.00 
[21:27:40.255] [ARM] [15] <4.02 -60.00 -6.10> result: 92.14 105.84 -72.45 -2.14 88.30 0.00 
[21:27:40.255] [ARM] [16] <4.02 -60.00 -6.10> result: 92.14 105.84 -72.45 -2.14 88.30 0.00 
[21:27:40.277] [ARM] [17] <4.02 -60.00 -6.10> result: 92.14 105.84 -72.45 -2.14 88.30 0.00 
[21:27:40.277] [ARM] [18] <4.02 -60.00 -6.10> result: 92.14 105.84 -72.45 -2.14 88.30 0.00 
[21:27:40.277] [ARM] [19] <4.02 -60.00 -6.10> result: 92.14 105.84 -72.45 -2.14 88.30 0.00 
[21:27:40.277] [ARM] [20] <4.02 -60.00 -6.10> result: 92.14 105.84 -72.45 -2.14 88.30 0.00 
[21:27:40.305] [ARM] [21] <4.02 -60.00 -6.10> result: 92.14 105.84 -72.45 -2.14 88.30 0.00 
[21:27:40.305] [ARM] [22] <4.02 -60.00 -6.10> result: 92.14 105.84 -72.45 -2.14 88.30 0.00 
[21:27:40.305] [ARM] [23] <4.02 -60.00 -6.10> result: 92.14 105.84 -72.45 -2.14 88.30 0.00 
[21:27:40.305] [ARM] [JETSON_RX] vision dcx=0 dcy=0
[21:27:40.368] [JETSON-RX] CC 02 01 DD
[21:27:40.368] [ARM] [TARGET] vision state=ALIGN enabled=1 dcx=0 dcy=0 stable=2
[21:27:40.368] [JETSON-STATUS] ALIGN_DONE func=0x02 value=0x01
[21:27:40.368] [PROMPT] 已收到 ALIGN_DONE。确认画面和机械臂位置安全后，按 Enter 进入 P000 发射许可步骤。
[21:27:40.554] [ARM] [JETSON_RX] vision dcx=0 dcy=0
[21:27:40.554] [ARM] [TARGET] vision state=CONFIRM enabled=1 dcx=0 dcy=0 stable=3
[21:27:40.680] [ARM] [jpint 1] ave_error:0.22
[21:27:40.680] [ARM] [jpint 2] ave_error:1.75
[21:27:40.680] [ARM] [jpint 3] ave_error:6.02
[21:27:40.680] [ARM] [jpint 4] ave_error:0.08
[21:27:40.680] [ARM] [jpint 5] ave_error:0.44
[21:27:40.680] [ARM] 
[21:27:40.680] [ARM] robot pid run finished!!
[21:27:40.742] [ARM] [JETSON_RX] vision dcx=0 dcy=0
[21:27:40.742] [ARM] [TARGET] vision state=CONFIRM enabled=1 dcx=0 dcy=0 stable=3
[21:27:40.805] [ARM] ROBOT_AUTO_EVENT
[21:27:40.805] [ARM] [0] <4.02 -60.00 -6.10> result: 92.14 105.84 -72.45 -2.14 88.30 0.00 
[21:27:40.866] [ARM] [jpint 1] ave_error:91.97
[21:27:40.866] [ARM] [jpint 2] ave_error:106.98
[21:27:40.866] [ARM] [jpint 3] ave_error:67.65
[21:27:40.866] [ARM] [jpint 4] ave_error:2.08
[21:27:40.866] [ARM] [jpint 5] ave_error:88.08
[21:27:40.866] [ARM] 
[21:27:40.866] [ARM] robot pid run finished!!
[21:27:40.929] [ARM] [JETSON_RX] vision dcx=0 dcy=0
[21:27:40.929] [ARM] [TARGET] vision state=CONFIRM enabled=1 dcx=0 dcy=0 stable=3
[21:27:40.990] [ARM] ROBOT_AUTO_EVENT
[21:27:40.990] [ARM] [0] <4.02 -60.00 -6.10> result: 92.14 105.84 -72.45 -2.14 88.30 0.00 
[21:27:40.990] [ARM] [1] <4.02 -60.00 -6.10> result: 92.14 105.85 -72.45 -2.14 88.30 0.00 
[21:27:40.990] [ARM] [2] <4.03 -60.00 -6.11> result: 92.14 105.85 -72.45 -2.14 88.30 0.00 
[21:27:41.018] [ARM] [3] <4.04 -60.00 -6.12> result: 92.15 105.86 -72.45 -2.15 88.31 0.00 
[21:27:41.018] [ARM] [4] <4.07 -60.00 -6.15> result: 92.16 105.87 -72.45 -2.16 88.32 0.00 
[21:27:41.018] [ARM] [5] <4.10 -60.00 -6.18> result: 92.18 105.89 -72.45 -2.18 88.34 0.00 
[21:27:41.041] [ARM] [6] <4.16 -60.00 -6.24> result: 92.21 105.92 -72.45 -2.21 88.37 0.00 
[21:27:41.041] [ARM] [7] <4.23 -60.00 -6.31> result: 92.25 105.95 -72.45 -2.25 88.41 0.00 
[21:27:41.041] [ARM] [8] <4.31 -60.00 -6.39> result: 92.30 106.00 -72.45 -2.30 88.45 0.00 
[21:27:41.041] [ARM] [9] <4.42 -60.00 -6.50> result: 92.35 106.06 -72.46 -2.35 88.51 0.00 
[21:27:41.065] [ARM] [10] <4.55 -60.00 -6.63> result: 92.42 106.12 -72.46 -2.42 88.58 0.00 
[21:27:41.065] [ARM] [11] <4.70 -60.00 -6.78> result: 92.50 106.20 -72.46 -2.50 88.66 0.00 
[21:27:41.065] [ARM] [12] <4.88 -60.00 -6.96> result: 92.59 106.29 -72.46 -2.59 88.76 0.00 
[21:27:41.065] [ARM] [13] <5.07 -60.00 -7.15> result: 92.70 106.40 -72.46 -2.70 88.86 0.00 
[21:27:41.089] [ARM] [14] <5.28 -60.00 -7.36> result: 92.81 106.51 -72.46 -2.81 88.97 0.00 
[21:27:41.089] [ARM] [15] <5.51 -60.00 -7.59> result: 92.93 106.63 -72.47 -2.93 89.10 0.00 
[21:27:41.089] [ARM] [16] <5.76 -60.00 -7.84> result: 93.06 106.76 -72.47 -3.06 89.23 0.00 
[21:27:41.112] [ARM] [17] <6.02 -60.00 -8.10> result: 93.20 106.90 -72.47 -3.20 89.37 0.00 
[21:27:41.112] [ARM] [18] <6.29 -60.00 -8.37> result: 93.34 107.04 -72.47 -3.34 89.51 0.00 
[21:27:41.112] [ARM] [19] <6.52 -60.00 -8.60> result: 93.47 107.16 -72.47 -3.47 89.64 0.00 
[21:27:41.112] [ARM] [20] <6.52 -60.00 -8.60> result: 93.47 107.16 -72.47 -3.47 89.64 0.00 
[21:27:41.134] [ARM] [21] <6.52 -60.00 -8.60> result: 93.47 107.16 -72.47 -3.47 89.64 0.00 
[21:27:41.134] [ARM] [22] <6.52 -60.00 -8.60> result: 93.47 107.16 -72.47 -3.47 89.64 0.00 
[21:27:41.134] [ARM] [23] <6.52 -60.00 -8.60> result: 93.47 107.16 -72.47 -3.47 89.64 0.00 
[21:27:41.157] [ARM] [24] <6.52 -60.00 -8.60> result: 93.47 107.16 -72.47 -3.47 89.64 0.00 
[21:27:41.157] [ARM] [25] <6.52 -60.00 -8.60> result: 93.47 107.16 -72.47 -3.47 89.64 0.00 
[21:27:41.157] [ARM] [26] <6.52 -60.00 -8.60> result: 93.47 107.16 -72.47 -3.47 89.64 0.00 
[21:27:41.157] [ARM] [27] <6.52 -60.00 -8.60> result: 93.47 107.16 -72.47 -3.47 89.64 0.00 
[21:27:41.192] [ARM] [28] <6.52 -60.00 -8.60> result: 93.47 107.16 -72.47 -3.47 89.64 0.00 
[21:27:41.192] [ARM] [29] <6.52 -60.00 -8.60> result: 93.47 107.16 -72.47 -3.47 89.64 0.00 
[21:27:41.192] [ARM] [30] <6.52 -60.00 -8.60> result: 93.47 107.16 -72.47 -3.47 89.64 0.00 
[21:27:41.192] [ARM] [31] <6.52 -60.00 -8.60> result: 93.47 107.16 -72.47 -3.47 89.64 0.00 
[21:27:41.216] [ARM] [32] <6.52 -60.00 -8.60> result: 93.47 107.16 -72.47 -3.47 89.64 0.00 
[21:27:41.216] [ARM] [33] <6.52 -60.00 -8.60> result: 93.47 107.16 -72.47 -3.47 89.64 0.00 
[21:27:41.216] [ARM] [34] <6.52 -60.00 -8.60> result: 93.47 107.16 -72.47 -3.47 89.64 0.00 
[21:27:41.238] [ARM] [35] <6.52 -60.00 -8.60> result: 93.47 107.16 -72.47 -3.47 89.64 0.00 
[21:27:41.238] [ARM] [36] <6.52 -60.00 -8.60> result: 93.47 107.16 -72.47 -3.47 89.64 0.00 
[21:27:41.238] [ARM] [37] <6.52 -60.00 -8.60> result: 93.47 107.16 -72.47 -3.47 89.64 0.00 
[21:27:41.238] [ARM] [38] <6.52 -60.00 -8.60> result: 93.47 107.16 -72.47 -3.47 89.64 0.00 
[21:27:41.262] [ARM] [39] <6.52 -60.00 -8.60> result: 93.47 107.16 -72.47 -3.47 89.64 0.00 
[21:27:41.262] [ARM] [40] <6.52 -60.00 -8.60> result: 93.47 107.16 -72.47 -3.47 89.64 0.00 
[21:27:41.262] [ARM] [41] <6.52 -60.00 -8.60> result: 93.47 107.16 -72.47 -3.47 89.64 0.00 
[21:27:41.316] [ARM] [42] <6.52 -60.00 -8.60> result: 93.47 107.16 -72.47 -3.47 89.64 0.00 
[21:27:41.316] [ARM] [43] <6.52 -60.00 -8.60> result: 93.47 107.16 -72.47 -3.47 89.64 0.00 
[21:27:41.316] [ARM] [TARGET] vision state=CONFIRM enabled=1 dcx=0 dcy=0 stable=3
[21:27:41.316] [ARM] [JETSON_RX] vision dcx=0 dcy=0
[21:27:41.316] [ARM] [TARGET] vision state=CONFIRM enabled=1 dcx=0 dcy=0 stable=3
[21:27:41.502] [ARM] [JETSON_RX] vision dcx=0 dcy=0
[21:27:41.502] [ARM] [TARGET] vision state=CONFIRM enabled=1 dcx=0 dcy=0 stable=3
[21:27:41.750] [ARM] [JETSON_RX] vision dcx=0 dcy=0
[21:27:41.750] [ARM] [TARGET] vision state=CONFIRM enabled=1 dcx=0 dcy=0 stable=3
[21:27:41.811] [ARM] [jpint 1] ave_error:0.44
[21:27:41.811] [ARM] [jpint 2] ave_error:0.35
[21:27:41.811] [ARM] [jpint 3] ave_error:3.41
[21:27:41.811] [ARM] [jpint 4] ave_error:0.34
[21:27:41.811] [ARM] [jpint 5] ave_error:0.47
[21:27:41.811] [ARM] 
[21:27:41.811] [ARM] robot pid run finished!!
[21:27:41.936] [ARM] [JETSON_RX] vision dcx=0 dcy=0
[21:27:41.936] [ARM] [TARGET] vision state=CONFIRM enabled=1 dcx=0 dcy=0 stable=3
[21:27:41.936] [ARM] ROBOT_AUTO_EVENT
[21:27:41.936] [ARM] [0] <6.52 -60.00 -8.60> result: 93.47 107.16 -72.47 -3.47 89.64 0.00 
[21:27:42.060] [ARM] [jpint 1] ave_error:93.36
[21:27:42.060] [ARM] [jpint 2] ave_error:107.40
[21:27:42.060] [ARM] [jpint 3] ave_error:72.27
[21:27:42.060] [ARM] [jpint 4] ave_error:3.55
[21:27:42.060] [ARM] [jpint 5] ave_error:89.79
[21:27:42.060] [ARM] 
[21:27:42.060] [ARM] robot pid run finished!!
[21:27:42.124] [ARM] [JETSON_RX] vision dcx=0 dcy=0
[21:27:42.124] [ARM] [TARGET] vision state=CONFIRM enabled=1 dcx=0 dcy=0 stable=3
[21:27:42.309] [ARM] [JETSON_RX] vision dcx=0 dcy=0
[21:27:42.309] [ARM] [TARGET] vision state=CONFIRM enabled=1 dcx=0 dcy=0 stable=3
[21:27:42.555] [ARM] [JETSON_RX] vision dcx=0 dcy=0
[21:27:42.555] [ARM] [TARGET] vision state=CONFIRM enabled=1 dcx=0 dcy=0 stable=3
[21:27:42.741] [ARM] [JETSON_RX] vision dcx=0 dcy=0
[21:27:42.741] [ARM] [TARGET] vision state=CONFIRM enabled=1 dcx=0 dcy=0 stable=3
[21:27:42.927] [ARM] [JETSON_RX] vision dcx=0 dcy=0
[21:27:42.927] [ARM] [TARGET] vision state=CONFIRM enabled=1 dcx=0 dcy=0 stable=3
[21:27:43.111] [ARM] [JETSON_RX] vision dcx=0 dcy=0
[21:27:43.111] [ARM] [TARGET] vision state=CONFIRM enabled=1 dcx=0 dcy=0 stable=3
[21:27:43.361] [ARM] [JETSON_RX] vision dcx=0 dcy=0
[21:27:43.361] [ARM] [TARGET] vision state=CONFIRM enabled=1 dcx=0 dcy=0 stable=3
[21:27:43.547] [ARM] [JETSON_RX] vision dcx=0 dcy=0
[21:27:43.547] [ARM] [TARGET] vision state=CONFIRM enabled=1 dcx=0 dcy=0 stable=3
[21:27:43.732] [ARM] [JETSON_RX] vision dcx=0 dcy=0
[21:27:43.732] [ARM] [TARGET] vision state=CONFIRM enabled=1 dcx=0 dcy=0 stable=3
[21:27:43.919] [ARM] [JETSON_RX] vision dcx=0 dcy=0
[21:27:43.919] [ARM] [TARGET] vision state=CONFIRM enabled=1 dcx=0 dcy=0 stable=3
[21:27:44.106] [ARM] [JETSON_RX] vision dcx=0 dcy=0
[21:27:44.106] [ARM] [TARGET] vision state=CONFIRM enabled=1 dcx=0 dcy=0 stable=3
[21:27:44.353] [ARM] [JETSON_RX] vision dcx=0 dcy=0
[21:27:44.353] [ARM] [TARGET] vision state=CONFIRM enabled=1 dcx=0 dcy=0 stable=3
[21:27:44.536] [ARM] [JETSON_RX] vision dcx=0 dcy=0
[21:27:44.536] [ARM] [TARGET] vision state=CONFIRM enabled=1 dcx=0 dcy=0 stable=3
[21:27:44.724] [ARM] [JETSON_RX] vision dcx=0 dcy=0
[21:27:44.724] [ARM] [TARGET] vision state=CONFIRM enabled=1 dcx=0 dcy=0 stable=3
[21:27:44.912] [ARM] [JETSON_RX] vision dcx=0 dcy=0
[21:27:44.912] [ARM] [TARGET] vision state=CONFIRM enabled=1 dcx=0 dcy=0 stable=3
[21:27:45.160] [ARM] [JETSON_RX] vision dcx=0 dcy=0
[21:27:45.160] [ARM] [TARGET] vision state=CONFIRM enabled=1 dcx=0 dcy=0 stable=3
[21:27:45.346] [ARM] [JETSON_RX] vision dcx=0 dcy=0
[21:27:45.348] [ARM] [TARGET] vision state=CONFIRM enabled=1 dcx=0 dcy=0 stable=3
[21:27:45.371] [PROMPT] Enter received; console logging resumed.
[21:27:45.371] [PROMPT] 请按住 P000 KEY，脚本会自动等待 OUTPUT_ON，不需要再按 Enter。
[21:27:45.371] [STEP] waiting OUTPUT_ON from RA6...
[21:27:45.468] [JETSON-RX] CC 03 01 DD
[21:27:45.468] [JETSON-STATUS] OUTPUT_ON func=0x03 value=0x01
[21:27:45.468] [PROMPT] 已进入 OUTPUT。请松开 P000 KEY，脚本会自动等待 OUTPUT_OFF，不需要按 Enter。
[21:27:45.468] [STEP] waiting OUTPUT_OFF from RA6...
[21:27:45.530] [ARM] [JETSON_RX] vision dcx=0 dcy=0
[21:27:45.530] [ARM] [TARGET] vision state=OUTPUT enabled=1 dcx=0 dcy=0 stable=3
[21:27:45.717] [ARM] [JETSON_RX] vision dcx=0 dcy=0
[21:27:45.717] [ARM] [TARGET] vision state=OUTPUT enabled=1 dcx=0 dcy=0 stable=3
[21:27:45.966] [ARM] [JETSON_RX] vision dcx=0 dcy=0
[21:27:45.966] [ARM] [TARGET] vision state=OUTPUT enabled=1 dcx=0 dcy=0 stable=3
[21:27:46.152] [ARM] [JETSON_RX] vision dcx=0 dcy=0
[21:27:46.152] [ARM] [TARGET] vision state=OUTPUT enabled=1 dcx=0 dcy=0 stable=3
[21:27:46.337] [ARM] [JETSON_RX] vision dcx=0 dcy=0
[21:27:46.337] [ARM] [TARGET] vision state=OUTPUT enabled=1 dcx=0 dcy=0 stable=3
[21:27:46.524] [ARM] [JETSON_RX] vision dcx=0 dcy=0
[21:27:46.524] [ARM] [TARGET] vision state=OUTPUT enabled=1 dcx=0 dcy=0 stable=3
[21:27:46.774] [ARM] [JETSON_RX] vision dcx=0 dcy=0
[21:27:46.774] [ARM] [TARGET] vision state=OUTPUT enabled=1 dcx=0 dcy=0 stable=3
[21:27:46.961] [ARM] [JETSON_RX] vision dcx=0 dcy=0
[21:27:46.961] [ARM] [TARGET] vision state=OUTPUT enabled=1 dcx=0 dcy=0 stable=3
[21:27:47.146] [ARM] [JETSON_RX] vision dcx=0 dcy=0
[21:27:47.146] [ARM] [TARGET] vision state=OUTPUT enabled=1 dcx=0 dcy=0 stable=3
[21:27:47.330] [ARM] [JETSON_RX] vision dcx=0 dcy=0
[21:27:47.330] [ARM] [TARGET] vision state=OUTPUT enabled=1 dcx=0 dcy=0 stable=3
[21:27:47.577] [ARM] [JETSON_RX] vision dcx=0 dcy=0
[21:27:47.577] [ARM] [TARGET] vision state=OUTPUT enabled=1 dcx=0 dcy=0 stable=3
[21:27:47.763] [ARM] [JETSON_RX] vision dcx=0 dcy=0
[21:27:47.763] [ARM] [TARGET] vision state=OUTPUT enabled=1 dcx=0 dcy=0 stable=3
[21:27:47.951] [ARM] [JETSON_RX] vision dcx=0 dcy=0
[21:27:47.951] [ARM] [TARGET] vision state=OUTPUT enabled=1 dcx=0 dcy=0 stable=3
[21:27:48.139] [ARM] [JETSON_RX] vision dcx=0 dcy=0
[21:27:48.139] [ARM] [TARGET] vision state=OUTPUT enabled=1 dcx=0 dcy=0 stable=3
[21:27:48.327] [ARM] [JETSON_RX] vision dcx=0 dcy=0
[21:27:48.327] [ARM] [TARGET] vision state=OUTPUT enabled=1 dcx=0 dcy=0 stable=3
[21:27:48.578] [ARM] [JETSON_RX] vision dcx=0 dcy=0
[21:27:48.578] [ARM] [TARGET] vision state=OUTPUT enabled=1 dcx=0 dcy=0 stable=3
[21:27:48.763] [ARM] [JETSON_RX] vision dcx=0 dcy=0
[21:27:48.763] [ARM] [TARGET] vision state=OUTPUT enabled=1 dcx=0 dcy=0 stable=3
[21:27:48.949] [ARM] [JETSON_RX] vision dcx=0 dcy=0
[21:27:48.949] [ARM] [TARGET] vision state=OUTPUT enabled=1 dcx=0 dcy=0 stable=3
[21:27:49.136] [ARM] [JETSON_RX] vision dcx=0 dcy=0
[21:27:49.136] [ARM] [TARGET] vision state=OUTPUT enabled=1 dcx=0 dcy=0 stable=3
[21:27:49.320] [ARM] [JETSON_RX] vision dcx=0 dcy=0
[21:27:49.320] [ARM] [TARGET] vision state=OUTPUT enabled=1 dcx=0 dcy=0 stable=3
[21:27:49.570] [ARM] [JETSON_RX] vision dcx=0 dcy=0
[21:27:49.570] [ARM] [TARGET] vision state=OUTPUT enabled=1 dcx=0 dcy=0 stable=3
[21:27:49.759] [ARM] [JETSON_RX] vision dcx=0 dcy=0
[21:27:49.759] [ARM] [TARGET] vision state=OUTPUT enabled=1 dcx=0 dcy=0 stable=3
[21:27:49.947] [ARM] [JETSON_RX] vision dcx=0 dcy=0
[21:27:49.947] [ARM] [TARGET] vision state=OUTPUT enabled=1 dcx=0 dcy=0 stable=3
[21:27:50.134] [ARM] [JETSON_RX] vision dcx=0 dcy=0
[21:27:50.134] [ARM] [TARGET] vision state=OUTPUT enabled=1 dcx=0 dcy=0 stable=3
[21:27:50.318] [ARM] [JETSON_RX] vision dcx=0 dcy=0
[21:27:50.318] [ARM] [TARGET] vision state=OUTPUT enabled=1 dcx=0 dcy=0 stable=3
[21:27:50.565] [ARM] [JETSON_RX] vision dcx=0 dcy=0
[21:27:50.565] [ARM] [TARGET] vision state=OUTPUT enabled=1 dcx=0 dcy=0 stable=3
[21:27:50.751] [ARM] [JETSON_RX] vision dcx=0 dcy=0
[21:27:50.751] [ARM] [TARGET] vision state=OUTPUT enabled=1 dcx=0 dcy=0 stable=3
[21:27:50.936] [ARM] [JETSON_RX] vision dcx=0 dcy=0
[21:27:50.936] [ARM] [TARGET] vision state=OUTPUT enabled=1 dcx=0 dcy=0 stable=3
[21:27:51.182] [ARM] [JETSON_RX] vision dcx=0 dcy=0
[21:27:51.182] [ARM] [TARGET] vision state=OUTPUT enabled=1 dcx=0 dcy=0 stable=3
[21:27:51.368] [ARM] [JETSON_RX] vision dcx=0 dcy=0
[21:27:51.368] [ARM] [TARGET] vision state=OUTPUT enabled=1 dcx=0 dcy=0 stable=3
[21:27:51.553] [ARM] [JETSON_RX] vision dcx=0 dcy=0
[21:27:51.553] [ARM] [TARGET] vision state=OUTPUT enabled=1 dcx=0 dcy=0 stable=3
[21:27:51.740] [ARM] [JETSON_RX] vision dcx=0 dcy=0
[21:27:51.740] [ARM] [TARGET] vision state=OUTPUT enabled=1 dcx=0 dcy=0 stable=3
[21:27:51.988] [ARM] [JETSON_RX] vision dcx=0 dcy=0
[21:27:51.988] [ARM] [TARGET] vision state=OUTPUT enabled=1 dcx=0 dcy=0 stable=3
[21:27:52.081] [JETSON-RX] CC 03 00 DD
[21:27:52.081] [JETSON-STATUS] OUTPUT_OFF func=0x03 value=0x00
[21:27:52.081] [JETSON-TX] vision sender disabled after 76 frames.
[21:27:52.081] [JETSON-TX] TARGET_CTRL STOP: AA 01 00 BB
[21:27:52.112] [ARM] [JETSON_RX] target_ctrl=0
[21:27:52.158] [JETSON-RX] CC 04 00 DD
[21:27:52.158] [JETSON-STATUS] TARGET_CTRL_OFF func=0x04 value=0x00
[21:27:52.359] [ARM-TX] laser_off
[21:27:52.422] [ARM] Found handler for 'laser_off', executing...
[21:27:52.422] [ARM] laser_off
[21:27:52.560] [STEP] final soft_reset to HOME...
[21:27:52.560] [ARM-TX] soft_reset
[21:27:52.608] [ARM] Found handler for 'soft_reset', executing...
[21:27:52.608] [ARM] ROBOT_SOFT_RESET_EVENT
[21:27:52.608] [ARM] --- Starting soft reset ---
[21:27:52.795] [ARM] Soft reset motors enabled (J1~J5, J6 skipped).
[21:27:52.795] [ARM] Soft resetting joint 4...
[21:27:52.859] [ARM] robot_update_current_angle 4...
[21:27:52.862] [ARM] [4] current:89.58, target:90.00, dir:1
[21:27:52.981] [ARM] Soft resetting joint 3...
[21:27:52.981] [ARM] robot_update_current_angle 3...
[21:27:52.981] [ARM] [3] current:-3.44, target:0.00, dir:1
[21:27:53.664] [ARM] Soft resetting joint 1...
[21:27:53.664] [ARM] robot_update_current_angle 1...
[21:27:53.664] [ARM] [1] current:107.35, target:90.00, dir:-1
[21:27:55.403] [ARM] soft reset joint 1 settle timeout, keep going
[21:27:55.403] [ARM] Soft resetting joint 2...
[21:27:55.403] [ARM] robot_update_current_angle 2...
[21:27:55.403] [ARM] [2] current:-72.17, target:-90.00, dir:-1
[21:27:57.018] [ARM] soft reset joint 2 settle timeout, keep going
[21:27:57.018] [ARM] Soft resetting joint 0...
[21:27:57.018] [ARM] robot_update_current_angle 0...
[21:27:57.018] [ARM] [0] current:93.25, target:90.00, dir:-1
[21:27:57.762] [ARM] soft reset final verify PASS (issues:2), pose set HOME.
[21:27:57.762] [DONE] final soft_reset PASS; robot returned HOME.
[21:27:57.762] [DONE] OUTPUT_OFF received; target disabled; demo sequence complete.
[21:27:57.762] [JETSON-TX] TARGET_CTRL STOP: AA 01 00 BB
[21:27:57.762] [ARM-TX] laser_off
[21:27:57.823] [ARM] Found handler for 'laser_off', executing...
[21:27:57.823] [ARM] laser_off
[21:27:57.823] [ARM] [JETSON_RX] target_ctrl=0
[21:27:57.839] [JETSON-RX] CC 04 00 DD
[21:27:57.839] [JETSON-STATUS] TARGET_CTRL_OFF func=0x04 value=0x00
[21:27:57.969] [INFO] ports closed.
