[17:36:16.206] [INFO] log file: E:\Renesas\RA6M5-Robot\Robot_FreeRTOS - Arm\DEBUG\target_state_demo_20260703_173616.log
[17:36:16.206] [INFO] ARM=COM7 JETSON=COM14 baud=115200
[17:36:16.206] [INFO] start frame: AA 01 01 BB
[17:36:16.206] [INFO] stop frame: AA 01 00 BB
[17:36:16.206] [INFO] vision sequence: (9,-10)/2.0s -> (4,-6)/1.0s -> (0,0)/0.0s
[17:36:16.710] [JETSON-TX] TARGET_CTRL STOP: AA 01 00 BB
[17:36:16.767] [ARM] [JETSON_RX] target_ctrl=0
[17:36:16.783] [JETSON-RX] CC 04 00 DD
[17:36:16.783] [JETSON-STATUS] TARGET_CTRL_OFF func=0x04 value=0x00
[17:36:16.983] [ARM-TX] laser_off
[17:36:17.016] [ARM] Found handler for 'laser_off', executing...
[17:36:17.016] [ARM] laser_off
[17:36:17.184] [ARM-TX] soft_reset
[17:36:17.204] [ARM] Found handler for 'soft_reset', executing...
[17:36:17.204] [ARM] ROBOT_SOFT_RESET_EVENT
[17:36:17.204] [ARM] --- Starting soft reset ---
[17:36:17.455] [ARM] Soft reset motors enabled (J1~J5, J6 skipped).
[17:36:17.455] [ARM] Soft resetting joint 4...
[17:36:17.455] [ARM] robot_update_current_angle 4...
[17:36:17.455] [ARM] [4] current:90.02, target:90.00, dir:-1
[17:36:17.579] [ARM] Soft resetting joint 3...
[17:36:17.579] [ARM] robot_update_current_angle 3...
[17:36:17.579] [ARM] [3] current:-0.01, target:0.00, dir:1
[17:36:17.703] [ARM] Soft resetting joint 1...
[17:36:17.766] [ARM] robot_update_current_angle 1...
[17:36:17.766] [ARM] [1] current:90.00, target:90.00, dir:1
[17:36:17.890] [ARM] Soft resetting joint 2...
[17:36:17.890] [ARM] robot_update_current_angle 2...
[17:36:17.890] [ARM] [2] current:-90.00, target:-90.00, dir:-1
[17:36:18.016] [ARM] Soft resetting joint 0...
[17:36:18.079] [ARM] robot_update_current_angle 0...
[17:36:18.079] [ARM] [0] current:90.00, target:90.00, dir:1
[17:36:18.268] [ARM] soft reset final verify PASS (issues:0), pose set HOME.
[17:36:18.268] [JETSON-TX] TARGET_CTRL START: AA 01 01 BB
[17:36:18.308] [ARM] [JETSON_RX] target_ctrl=1
[17:36:18.308] [ARM] ROBOT_AUTO_EVENT
[17:36:18.308] [ARM] [0] <0.00 0.00 0.00> result: 90.00 90.00 -90.00 0.00 90.00 0.00 
[17:36:18.308] [ARM] [1] <0.00 -0.00 -0.00> result: 90.00 90.00 -90.00 0.00 90.00 0.00 
[17:36:18.308] [ARM] [2] <0.00 -0.00 -0.00> result: 90.00 90.00 -90.00 0.00 90.00 0.00 
[17:36:18.328] [ARM] [3] <0.00 -0.01 -0.00> result: 90.00 90.00 -90.00 0.00 90.00 0.00 
[17:36:18.328] [ARM] [4] <0.00 -0.02 -0.00> result: 90.00 90.01 -90.00 0.00 90.00 0.00 
[17:36:18.328] [ARM] [5] <0.00 -0.03 -0.00> result: 90.00 90.01 -89.99 0.00 90.00 0.00 
[17:36:18.328] [ARM] [6] <0.00 -0.05 -0.00> result: 90.00 90.02 -89.99 0.00 90.00 0.00 
[17:36:18.330] [JETSON-RX] CC 04 01 DD
[17:36:18.330] [JETSON-STATUS] TARGET_CTRL_ON func=0x04 value=0x01
[17:36:18.330] [STEP] waiting READY from RA6...
[17:36:18.349] [ARM] [7] <0.00 -0.07 -0.00> result: 90.00 90.02 -89.98 0.00 90.00 0.00 
[17:36:18.349] [ARM] [8] <0.00 -0.11 -0.00> result: 90.00 90.03 -89.97 0.00 90.00 0.00 
[17:36:18.349] [ARM] [9] <0.00 -0.15 -0.00> result: 90.00 90.05 -89.96 0.00 90.00 0.00 
[17:36:18.373] [ARM] [10] <0.00 -0.20 -0.01> result: 90.00 90.06 -89.94 0.00 90.01 0.00 
[17:36:18.373] [ARM] [11] <0.00 -0.27 -0.01> result: 90.00 90.08 -89.92 0.00 90.01 0.00 
[17:36:18.373] [ARM] [12] <0.00 -0.34 -0.01> result: 90.00 90.11 -89.90 0.00 90.01 0.00 
[17:36:18.373] [ARM] [13] <0.00 -0.43 -0.01> result: 90.00 90.14 -89.88 0.00 90.01 0.00 
[17:36:18.397] [ARM] [14] <0.00 -0.54 -0.01> result: 90.00 90.17 -89.85 0.00 90.02 0.00 
[17:36:18.397] [ARM] [15] <0.00 -0.65 -0.02> result: 90.00 90.20 -89.81 0.00 90.02 0.00 
[17:36:18.397] [ARM] [16] <0.00 -0.79 -0.02> result: 90.00 90.25 -89.78 0.00 90.02 0.00 
[17:36:18.397] [ARM] [17] <0.00 -0.94 -0.02> result: 90.00 90.29 -89.73 0.00 90.03 0.00 
[17:36:18.419] [ARM] [18] <0.00 -1.10 -0.03> result: 90.00 90.34 -89.69 0.00 90.03 0.00 
[17:36:18.419] [ARM] [19] <0.00 -1.29 -0.03> result: 90.00 90.40 -89.63 0.00 90.03 0.00 
[17:36:18.419] [ARM] [20] <0.00 -1.49 -0.04> result: 90.00 90.46 -89.57 0.00 90.04 0.00 
[17:36:18.419] [ARM] [21] <0.00 -1.72 -0.04> result: 90.00 90.53 -89.51 0.00 90.04 0.00 
[17:36:18.442] [ARM] [22] <0.00 -1.97 -0.05> result: 90.00 90.61 -89.44 0.00 90.05 0.00 
[17:36:18.442] [ARM] [23] <0.00 -2.23 -0.06> result: 90.00 90.69 -89.36 0.00 90.05 0.00 
[17:36:18.442] [ARM] [24] <0.00 -2.52 -0.06> result: 90.00 90.77 -89.28 0.00 90.05 0.00 
[17:36:18.478] [ARM] [25] <0.00 -2.84 -0.07> result: 90.00 90.87 -89.19 0.00 90.06 0.00 
[17:36:18.478] [ARM] [26] <0.00 -3.17 -0.08> result: 90.00 90.97 -89.10 0.00 90.06 0.00 
[17:36:18.478] [ARM] [27] <0.00 -3.53 -0.09> result: 90.00 91.07 -88.99 0.00 90.06 0.00 
[17:36:18.478] [ARM] [28] <0.00 -3.92 -0.10> result: 90.00 91.18 -88.88 0.00 90.07 0.00 
[17:36:18.499] [ARM] [29] <0.00 -4.33 -0.11> result: 90.00 91.30 -88.76 0.00 90.07 0.00 
[17:36:18.499] [ARM] [30] <0.00 -4.77 -0.12> result: 90.00 91.43 -88.64 0.00 90.07 0.00 
[17:36:18.499] [ARM] [31] <0.00 -5.23 -0.13> result: 90.00 91.56 -88.51 0.00 90.07 0.00 
[17:36:18.500] [ARM] [32] <0.00 -5.72 -0.14> result: 90.00 91.70 -88.37 0.00 90.07 0.00 
[17:36:18.522] [ARM] [33] <0.00 -6.24 -0.16> result: 90.00 91.85 -88.22 0.00 90.06 0.00 
[17:36:18.522] [ARM] [34] <0.00 -6.79 -0.17> result: 90.00 92.00 -88.06 0.00 90.06 0.00 
[17:36:18.522] [ARM] [35] <0.00 -7.36 -0.18> result: 90.00 92.16 -87.89 0.00 90.05 0.00 
[17:36:18.522] [ARM] [36] <0.00 -7.96 -0.20> result: 90.00 92.32 -87.72 0.00 90.04 0.00 
[17:36:18.545] [ARM] [37] <0.00 -8.60 -0.21> result: 90.00 92.49 -87.54 0.00 90.03 0.00 
[17:36:18.545] [ARM] [38] <0.00 -9.26 -0.23> result: 90.00 92.67 -87.35 0.00 90.02 0.00 
[17:36:18.545] [ARM] [39] <0.00 -9.95 -0.25> result: 90.00 92.85 -87.15 0.00 90.00 0.00 
[17:36:18.568] [ARM] [40] <0.00 -10.67 -0.27> result: 90.00 93.04 -86.94 0.00 89.98 0.00 
[17:36:18.568] [ARM] [41] <0.00 -11.42 -0.29> result: 90.00 93.24 -86.72 0.00 89.96 0.00 
[17:36:18.568] [ARM] [42] <0.00 -12.20 -0.30> result: 90.00 93.44 -86.50 0.00 89.93 0.00 
[17:36:18.568] [ARM] [43] <0.00 -13.01 -0.33> result: 90.00 93.64 -86.26 0.00 89.91 0.00 
[17:36:18.591] [ARM] [44] <0.00 -13.85 -0.35> result: 90.00 93.85 -86.02 0.00 89.87 0.00 
[17:36:18.591] [ARM] [45] <0.00 -14.72 -0.37> result: 90.00 94.07 -85.77 0.00 89.84 0.00 
[17:36:18.591] [ARM] [46] <0.00 -15.62 -0.39> result: 90.00 94.29 -85.51 0.00 89.80 0.00 
[17:36:18.591] [ARM] [47] <0.00 -16.55 -0.41> result: 90.00 94.52 -85.24 0.00 89.75 0.00 
[17:36:18.616] [ARM] [48] <0.00 -17.51 -0.44> result: 90.00 94.75 -84.96 0.00 89.70 0.00 
[17:36:18.616] [ARM] [49] <0.00 -18.49 -0.46> result: 90.00 94.98 -84.67 0.00 89.65 0.00 
[17:36:18.616] [ARM] [50] <0.00 -19.51 -0.49> result: 90.00 95.22 -84.37 0.00 89.59 0.00 
[17:36:18.616] [ARM] [51] <0.00 -20.56 -0.51> result: 90.00 95.47 -84.06 0.00 89.53 0.00 
[17:36:18.637] [ARM] [52] <0.00 -21.64 -0.54> result: 90.00 95.71 -83.75 0.00 89.46 0.00 
[17:36:18.637] [ARM] [53] <0.00 -22.74 -0.57> result: 90.00 95.97 -83.43 0.00 89.39 0.00 
[17:36:18.637] [ARM] [54] <0.00 -23.88 -0.60> result: 90.00 96.22 -83.09 0.00 89.32 0.00 
[17:36:18.670] [ARM] [55] <0.00 -25.04 -0.63> result: 90.00 96.48 -82.75 0.00 89.23 0.00 
[17:36:18.670] [ARM] [56] <0.00 -26.23 -0.66> result: 90.00 96.74 -82.40 0.00 89.15 0.00 
[17:36:18.670] [ARM] [57] <0.00 -27.44 -0.69> result: 90.00 97.01 -82.05 0.00 89.06 0.00 
[17:36:18.670] [ARM] [58] <0.00 -28.68 -0.72> result: 90.00 97.28 -81.68 0.00 88.96 0.00 
[17:36:18.694] [ARM] [59] <0.00 -29.95 -0.75> result: 90.00 97.55 -81.31 0.00 88.86 0.00 
[17:36:18.694] [ARM] [60] <0.00 -31.25 -0.78> result: 90.00 97.83 -80.92 0.00 88.75 0.00 
[17:36:18.694] [ARM] [61] <0.00 -32.57 -0.81> result: 90.00 98.10 -80.53 0.00 88.64 0.00 
[17:36:18.694] [ARM] [62] <0.00 -33.91 -0.85> result: 90.00 98.39 -80.14 0.00 88.52 0.00 
[17:36:18.721] [ARM] [63] <0.00 -35.28 -0.88> result: 90.00 98.67 -79.73 0.00 88.40 0.00 
[17:36:18.721] [ARM] [64] <0.00 -36.67 -0.92> result: 90.00 98.95 -79.32 0.00 88.27 0.00 
[17:36:18.721] [ARM] [65] <0.00 -38.08 -0.95> result: 90.00 99.24 -78.90 0.00 88.14 0.00 
[17:36:18.742] [ARM] [66] <0.00 -39.51 -0.99> result: 90.00 99.53 -78.47 0.00 88.00 0.00 
[17:36:18.742] [ARM] [67] <0.00 -40.97 -1.02> result: 90.00 99.82 -78.04 0.00 87.86 0.00 
[17:36:18.742] [ARM] [68] <0.00 -42.44 -1.06> result: 90.00 100.11 -77.60 0.00 87.71 0.00 
[17:36:18.743] [ARM] [69] <0.00 -43.94 -1.10> result: 90.00 100.41 -77.15 0.00 87.56 0.00 
[17:36:18.763] [ARM] [70] <0.00 -45.45 -1.14> result: 90.00 100.70 -76.70 0.00 87.41 0.00 
[17:36:18.763] [ARM] [71] <0.00 -46.98 -1.17> result: 90.00 101.00 -76.24 0.00 87.25 0.00 
[17:36:18.763] [ARM] [72] <0.00 -48.53 -1.21> result: 90.00 101.30 -75.78 0.00 87.08 0.00 
[17:36:18.763] [ARM] [73] <0.00 -50.09 -1.25> result: 90.00 101.60 -75.31 0.00 86.91 0.00 
[17:36:18.787] [ARM] [74] <0.00 -51.67 -1.29> result: 90.00 101.90 -74.84 0.00 86.74 0.00 
[17:36:18.787] [ARM] [75] <0.00 -53.26 -1.33> result: 90.00 102.20 -74.36 0.00 86.56 0.00 
[17:36:18.787] [ARM] [76] <0.00 -54.86 -1.37> result: 90.00 102.51 -73.87 0.00 86.38 0.00 
[17:36:18.807] [ARM] [77] <0.00 -56.48 -1.41> result: 90.00 102.81 -73.39 0.00 86.20 0.00 
[17:36:18.807] [ARM] [78] <0.00 -58.11 -1.45> result: 90.00 103.11 -72.89 0.00 86.01 0.00 
[17:36:18.807] [ARM] [79] <0.00 -59.75 -1.49> result: 90.00 103.42 -72.40 0.00 85.82 0.00 
[17:36:18.807] [ARM] [80] <0.00 -60.00 -1.50> result: 90.00 103.47 -72.32 0.00 85.79 0.00 
[17:36:18.842] [ARM] [81] <0.00 -60.00 -1.50> result: 90.00 103.47 -72.32 0.00 85.79 0.00 
[17:36:18.843] [ARM] [82] <0.00 -60.00 -1.50> result: 90.00 103.47 -72.32 0.00 85.79 0.00 
[17:36:18.843] [ARM] [83] <0.00 -60.00 -1.50> result: 90.00 103.47 -72.32 0.00 85.79 0.00 
[17:36:18.843] [ARM] [84] <0.00 -60.00 -1.50> result: 90.00 103.47 -72.32 0.00 85.79 0.00 
[17:36:18.866] [ARM] [85] <0.00 -60.00 -1.50> result: 90.00 103.47 -72.32 0.00 85.79 0.00 
[17:36:18.866] [ARM] [86] <0.00 -60.00 -1.50> result: 90.00 103.47 -72.32 0.00 85.79 0.00 
[17:36:18.866] [ARM] [87] <0.00 -60.00 -1.50> result: 90.00 103.47 -72.32 0.00 85.79 0.00 
[17:36:18.889] [ARM] [88] <0.00 -60.00 -1.50> result: 90.00 103.47 -72.32 0.00 85.79 0.00 
[17:36:18.889] [ARM] [89] <0.00 -60.00 -1.50> result: 90.00 103.47 -72.32 0.00 85.79 0.00 
[17:36:18.889] [ARM] [90] <0.00 -60.00 -1.50> result: 90.00 103.47 -72.32 0.00 85.79 0.00 
[17:36:18.889] [ARM] [91] <0.00 -60.00 -1.50> result: 90.00 103.47 -72.32 0.00 85.79 0.00 
[17:36:18.912] [ARM] [92] <0.00 -60.00 -1.50> result: 90.00 103.47 -72.32 0.00 85.79 0.00 
[17:36:18.912] [ARM] [93] <0.00 -60.00 -1.50> result: 90.00 103.47 -72.32 0.00 85.79 0.00 
[17:36:18.912] [ARM] [94] <0.00 -60.00 -1.50> result: 90.00 103.47 -72.32 0.00 85.79 0.00 
[17:36:18.912] [ARM] [95] <0.00 -60.00 -1.50> result: 90.00 103.47 -72.32 0.00 85.79 0.00 
[17:36:18.934] [ARM] [96] <0.00 -60.00 -1.50> result: 90.00 103.47 -72.32 0.00 85.79 0.00 
[17:36:18.935] [ARM] [97] <0.00 -60.00 -1.50> result: 90.00 103.47 -72.32 0.00 85.79 0.00 
[17:36:18.935] [ARM] [98] <0.00 -60.00 -1.50> result: 90.00 103.47 -72.32 0.00 85.79 0.00 
[17:36:18.958] [ARM] [99] <0.00 -60.00 -1.50> result: 90.00 103.47 -72.32 0.00 85.79 0.00 
[17:36:18.958] [ARM] [100] <0.00 -60.00 -1.50> result: 90.00 103.47 -72.32 0.00 85.79 0.00 
[17:36:18.958] [ARM] [101] <0.00 -60.00 -1.50> result: 90.00 103.47 -72.32 0.00 85.79 0.00 
[17:36:18.958] [ARM] [102] <0.00 -60.00 -1.50> result: 90.00 103.47 -72.32 0.00 85.79 0.00 
[17:36:18.982] [ARM] [103] <0.00 -60.00 -1.50> result: 90.00 103.47 -72.32 0.00 85.79 0.00 
[17:36:18.982] [ARM] [104] <0.00 -60.00 -1.50> result: 90.00 103.47 -72.32 0.00 85.79 0.00 
[17:36:18.982] [ARM] [105] <0.00 -60.00 -1.50> result: 90.00 103.47 -72.32 0.00 85.79 0.00 
[17:36:18.982] [ARM] [106] <0.00 -60.00 -1.50> result: 90.00 103.47 -72.32 0.00 85.79 0.00 
[17:36:19.003] [ARM] [107] <0.00 -60.00 -1.50> result: 90.00 103.47 -72.32 0.00 85.79 0.00 
[17:36:19.003] [ARM] [108] <0.00 -60.00 -1.50> result: 90.00 103.47 -72.32 0.00 85.79 0.00 
[17:36:19.003] [ARM] [109] <0.00 -60.00 -1.50> result: 90.00 103.47 -72.32 0.00 85.79 0.00 
[17:36:19.037] [ARM] [110] <0.00 -60.00 -1.50> result: 90.00 103.47 -72.32 0.00 85.79 0.00 
[17:36:19.037] [ARM] [111] <0.00 -60.00 -1.50> result: 90.00 103.47 -72.32 0.00 85.79 0.00 
[17:36:19.037] [ARM] [112] <0.00 -60.00 -1.50> result: 90.00 103.47 -72.32 0.00 85.79 0.00 
[17:36:19.037] [ARM] [113] <0.00 -60.00 -1.50> result: 90.00 103.47 -72.32 0.00 85.79 0.00 
[17:36:19.062] [ARM] [114] <0.00 -60.00 -1.50> result: 90.00 103.47 -72.32 0.00 85.79 0.00 
[17:36:19.062] [ARM] [115] <0.00 -60.00 -1.50> result: 90.00 103.47 -72.32 0.00 85.79 0.00 
[17:36:19.062] [ARM] [116] <0.00 -60.00 -1.50> result: 90.00 103.47 -72.32 0.00 85.79 0.00 
[17:36:19.083] [ARM] [117] <0.00 -60.00 -1.50> result: 90.00 103.47 -72.32 0.00 85.79 0.00 
[17:36:19.084] [ARM] [118] <0.00 -60.00 -1.50> result: 90.00 103.47 -72.32 0.00 85.79 0.00 
[17:36:19.084] [ARM] [119] <0.00 -60.00 -1.50> result: 90.00 103.47 -72.32 0.00 85.79 0.00 
[17:36:19.084] [ARM] [120] <0.00 -60.00 -1.50> result: 90.00 103.47 -72.32 0.00 85.79 0.00 
[17:36:19.107] [ARM] [121] <0.00 -60.00 -1.50> result: 90.00 103.47 -72.32 0.00 85.79 0.00 
[17:36:19.107] [ARM] [122] <0.00 -60.00 -1.50> result: 90.00 103.47 -72.32 0.00 85.79 0.00 
[17:36:19.107] [ARM] [123] <0.00 -60.00 -1.50> result: 90.00 103.47 -72.32 0.00 85.79 0.00 
[17:36:19.107] [ARM] [124] <0.00 -60.00 -1.50> result: 90.00 103.47 -72.32 0.00 85.79 0.00 
[17:36:19.132] [ARM] [125] <0.00 -60.00 -1.50> result: 90.00 103.47 -72.32 0.00 85.79 0.00 
[17:36:19.132] [ARM] [126] <0.00 -60.00 -1.50> result: 90.00 103.47 -72.32 0.00 85.79 0.00 
[17:36:19.132] [ARM] [127] <0.00 -60.00 -1.50> result: 90.00 103.47 -72.32 0.00 85.79 0.00 
[17:36:19.152] [ARM] [128] <0.00 -60.00 -1.50> result: 90.00 103.47 -72.32 0.00 85.79 0.00 
[17:36:19.152] [ARM] [129] <0.00 -60.00 -1.50> result: 90.00 103.47 -72.32 0.00 85.79 0.00 
[17:36:19.152] [ARM] [130] <0.00 -60.00 -1.50> result: 90.00 103.47 -72.32 0.00 85.79 0.00 
[17:36:19.152] [ARM] [131] <0.00 -60.00 -1.50> result: 90.00 103.47 -72.32 0.00 85.79 0.00 
[17:36:19.175] [ARM] [132] <0.00 -60.00 -1.50> result: 90.00 103.47 -72.32 0.00 85.79 0.00 
[17:36:19.175] [ARM] [133] <0.00 -60.00 -1.50> result: 90.00 103.47 -72.32 0.00 85.79 0.00 
[17:36:19.175] [ARM] [134] <0.00 -60.00 -1.50> result: 90.00 103.47 -72.32 0.00 85.79 0.00 
[17:36:19.209] [ARM] [135] <0.00 -60.00 -1.50> result: 90.00 103.47 -72.32 0.00 85.79 0.00 
[17:36:19.209] [ARM] [136] <0.00 -60.00 -1.50> result: 90.00 103.47 -72.32 0.00 85.79 0.00 
[17:36:19.209] [ARM] [137] <0.00 -60.00 -1.50> result: 90.00 103.47 -72.32 0.00 85.79 0.00 
[17:36:19.209] [ARM] [138] <0.00 -60.00 -1.50> result: 90.00 103.47 -72.32 0.00 85.79 0.00 
[17:36:19.233] [ARM] [139] <0.00 -60.00 -1.50> result: 90.00 103.47 -72.32 0.00 85.79 0.00 
[17:36:19.233] [ARM] [140] <0.00 -60.00 -1.50> result: 90.00 103.47 -72.32 0.00 85.79 0.00 
[17:36:19.233] [ARM] [141] <0.00 -60.00 -1.50> result: 90.00 103.47 -72.32 0.00 85.79 0.00 
[17:36:19.233] [ARM] [142] <0.00 -60.00 -1.50> result: 90.00 103.47 -72.32 0.00 85.79 0.00 
[17:36:19.255] [ARM] [143] <0.00 -60.00 -1.50> result: 90.00 103.47 -72.32 0.00 85.79 0.00 
[17:36:19.255] [ARM] [144] <0.00 -60.00 -1.50> result: 90.00 103.47 -72.32 0.00 85.79 0.00 
[17:36:19.255] [ARM] [145] <0.00 -60.00 -1.50> result: 90.00 103.47 -72.32 0.00 85.79 0.00 
[17:36:19.279] [ARM] [146] <0.00 -60.00 -1.50> result: 90.00 103.47 -72.32 0.00 85.79 0.00 
[17:36:19.279] [ARM] [147] <0.00 -60.00 -1.50> result: 90.00 103.47 -72.32 0.00 85.79 0.00 
[17:36:19.279] [ARM] [148] <0.00 -60.00 -1.50> result: 90.00 103.47 -72.32 0.00 85.79 0.00 
[17:36:19.279] [ARM] [149] <0.00 -60.00 -1.50> result: 90.00 103.47 -72.32 0.00 85.79 0.00 
[17:36:19.302] [ARM] [150] <0.00 -60.00 -1.50> result: 90.00 103.47 -72.32 0.00 85.79 0.00 
[17:36:19.302] [ARM] [151] <0.00 -60.00 -1.50> result: 90.00 103.47 -72.32 0.00 85.79 0.00 
[17:36:19.302] [ARM] [152] <0.00 -60.00 -1.50> result: 90.00 103.47 -72.32 0.00 85.79 0.00 
[17:36:19.324] [ARM] [153] <0.00 -60.00 -1.50> result: 90.00 103.47 -72.32 0.00 85.79 0.00 
[17:36:19.324] [ARM] [154] <0.00 -60.00 -1.50> result: 90.00 103.47 -72.32 0.00 85.79 0.00 
[17:36:19.324] [ARM] [155] <0.00 -60.00 -1.50> result: 90.00 103.47 -72.32 0.00 85.79 0.00 
[17:36:19.324] [ARM] [156] <0.00 -60.00 -1.50> result: 90.00 103.47 -72.32 0.00 85.79 0.00 
[17:36:19.351] [ARM] [157] <0.00 -60.00 -1.50> result: 90.00 103.47 -72.32 0.00 85.79 0.00 
[17:36:19.351] [ARM] [158] <0.00 -60.00 -1.50> result: 90.00 103.47 -72.32 0.00 85.79 0.00 
[17:36:19.352] [ARM] [159] <0.00 -60.00 -1.50> result: 90.00 103.47 -72.32 0.00 85.79 0.00 
[17:36:19.352] [ARM] [160] <0.00 -60.00 -1.50> result: 90.00 103.47 -72.32 0.00 85.79 0.00 
[17:36:19.369] [ARM] [161] <0.00 -60.00 -1.50> result: 90.00 103.47 -72.32 0.00 85.79 0.00 
[17:36:19.369] [ARM] [162] <0.00 -60.00 -1.50> result: 90.00 103.47 -72.32 0.00 85.79 0.00 
[17:36:19.369] [ARM] [163] <0.00 -60.00 -1.50> result: 90.00 103.47 -72.32 0.00 85.79 0.00 
[17:36:19.405] [ARM] [164] <0.00 -60.00 -1.50> result: 90.00 103.47 -72.32 0.00 85.79 0.00 
[17:36:19.405] [ARM] [165] <0.00 -60.00 -1.50> result: 90.00 103.47 -72.32 0.00 85.79 0.00 
[17:36:19.405] [ARM] [166] <0.00 -60.00 -1.50> result: 90.00 103.47 -72.32 0.00 85.79 0.00 
[17:36:19.405] [ARM] [167] <0.00 -60.00 -1.50> result: 90.00 103.47 -72.32 0.00 85.79 0.00 
[17:36:19.428] [ARM] [168] <0.00 -60.00 -1.50> result: 90.00 103.47 -72.32 0.00 85.79 0.00 
[17:36:19.428] [ARM] [169] <0.00 -60.00 -1.50> result: 90.00 103.47 -72.32 0.00 85.79 0.00 
[17:36:19.428] [ARM] [170] <0.00 -60.00 -1.50> result: 90.00 103.47 -72.32 0.00 85.79 0.00 
[17:36:19.450] [ARM] [171] <0.00 -60.00 -1.50> result: 90.00 103.47 -72.32 0.00 85.79 0.00 
[17:36:19.450] [ARM] [172] <0.00 -60.00 -1.50> result: 90.00 103.47 -72.32 0.00 85.79 0.00 
[17:36:19.450] [ARM] [173] <0.00 -60.00 -1.50> result: 90.00 103.47 -72.32 0.00 85.79 0.00 
[17:36:19.451] [ARM] [174] <0.00 -60.00 -1.50> result: 90.00 103.47 -72.32 0.00 85.79 0.00 
[17:36:19.514] [ARM] [175] <0.00 -60.00 -1.50> result: 90.00 103.47 -72.32 0.00 85.79 0.00 
[17:36:19.514] [ARM] [176] <0.00 -60.00 -1.50> result: 90.00 103.47 -72.32 0.00 85.79 0.00 
[17:36:21.383] [ARM] [jpint 1] ave_error:0.00
[17:36:21.383] [ARM] [jpint 2] ave_error:4.01
[17:36:21.383] [ARM] [jpint 3] ave_error:5.58
[17:36:21.383] [ARM] [jpint 4] ave_error:0.00
[17:36:21.383] [ARM] [jpint 5] ave_error:6.10
[17:36:21.383] [ARM] 
[17:36:21.383] [ARM] robot pid run finished!!
[17:36:21.398] [JETSON-RX] CC 01 01 DD
[17:36:21.398] [JETSON-STATUS] READY func=0x01 value=0x01
[17:36:21.398] [PROMPT] target_enable 已完成，RA6M5 已到预定位 READY。确认后按 Enter 开始发送视觉误差校准。
[17:36:25.305] [PROMPT] Enter received; console logging resumed.
[17:36:25.305] [JETSON-TX] vision sender enabled: period=0.200s.
[17:36:25.305] [STEP] sending vision sequence (9,-10)/2.0s -> (4,-6)/1.0s -> (0,0)/0.0s, waiting ALIGN_DONE...
[17:36:25.424] [JETSON-TX] vision step 1/3: dcx=9 dcy=-10 hold=2.0s frame=FF 05 03 09 00 F6 FF 06 FE
[17:36:25.488] [ARM] [JETSON_RX] vision dcx=9 dcy=-10
[17:36:25.489] [ARM] [TARGET] vision state=WAIT_DETECT enabled=1 dcx=9 dcy=-10 stable=0
[17:36:25.489] [ARM] ROBOT_AUTO_EVENT
[17:36:25.489] [ARM] [0] <0.00 -60.00 -1.50> result: 90.00 103.47 -72.32 0.00 85.79 0.00 
[17:36:25.496] [ARM] [1] <0.00 -60.00 -1.50> result: 90.00 103.47 -72.32 -0.00 85.79 0.00 
[17:36:25.496] [ARM] [2] <0.01 -60.00 -1.51> result: 90.01 103.47 -72.32 -0.01 85.79 0.00 
[17:36:25.496] [ARM] [3] <0.04 -60.00 -1.54> result: 90.02 103.48 -72.32 -0.02 85.81 0.00 
[17:36:25.496] [ARM] [4] <0.08 -60.00 -1.58> result: 90.04 103.51 -72.32 -0.04 85.83 0.00 
[17:36:25.519] [ARM] [5] <0.14 -60.00 -1.64> result: 90.07 103.54 -72.33 -0.07 85.86 0.00 
[17:36:25.520] [ARM] [6] <0.22 -60.00 -1.72> result: 90.12 103.58 -72.33 -0.12 85.91 0.00 
[17:36:25.520] [ARM] [7] <0.32 -60.00 -1.82> result: 90.17 103.63 -72.33 -0.17 85.96 0.00 
[17:36:25.520] [ARM] [8] <0.44 -60.00 -1.94> result: 90.23 103.69 -72.34 -0.24 86.03 0.00 
[17:36:25.542] [ARM] [9] <0.58 -60.00 -2.08> result: 90.31 103.76 -72.34 -0.31 86.10 0.00 
[17:36:25.542] [ARM] [10] <0.73 -60.00 -2.23> result: 90.39 103.84 -72.35 -0.39 86.19 0.00 
[17:36:25.542] [ARM] [11] <0.80 -60.00 -2.30> result: 90.43 103.87 -72.35 -0.43 86.23 0.00 
[17:36:25.565] [ARM] [12] <0.80 -60.00 -2.30> result: 90.43 103.87 -72.35 -0.43 86.23 0.00 
[17:36:25.565] [ARM] [13] <0.80 -60.00 -2.30> result: 90.43 103.87 -72.35 -0.43 86.23 0.00 
[17:36:25.565] [ARM] [14] <0.80 -60.00 -2.30> result: 90.43 103.87 -72.35 -0.43 86.23 0.00 
[17:36:25.565] [ARM] [15] <0.80 -60.00 -2.30> result: 90.43 103.87 -72.35 -0.43 86.23 0.00 
[17:36:25.588] [ARM] [16] <0.80 -60.00 -2.30> result: 90.43 103.87 -72.35 -0.43 86.23 0.00 
[17:36:25.588] [ARM] [17] <0.80 -60.00 -2.30> result: 90.43 103.87 -72.35 -0.43 86.23 0.00 
[17:36:25.588] [ARM] [18] <0.80 -60.00 -2.30> result: 90.43 103.87 -72.35 -0.43 86.23 0.00 
[17:36:25.589] [ARM] [19] <0.80 -60.00 -2.30> result: 90.43 103.87 -72.35 -0.43 86.23 0.00 
[17:36:25.622] [ARM] [20] <0.80 -60.00 -2.30> result: 90.43 103.87 -72.35 -0.43 86.23 0.00 
[17:36:25.622] [ARM] [21] <0.80 -60.00 -2.30> result: 90.43 103.87 -72.35 -0.43 86.23 0.00 
[17:36:25.622] [ARM] [22] <0.80 -60.00 -2.30> result: 90.43 103.87 -72.35 -0.43 86.23 0.00 
[17:36:25.683] [ARM] [23] <0.80 -60.00 -2.30> result: 90.43 103.87 -72.35 -0.43 86.23 0.00 
[17:36:25.683] [ARM] [24] <0.80 -60.00 -2.30> result: 90.43 103.87 -72.35 -0.43 86.23 0.00 
[17:36:25.683] [ARM] [JETSON_RX] vision dcx=9 dcy=-10
[17:36:25.683] [ARM] [TARGET] vision state=ALIGN enabled=1 dcx=9 dcy=-10 stable=0
[17:36:25.868] [ARM] [JETSON_RX] vision dcx=9 dcy=-10
[17:36:25.868] [ARM] [TARGET] vision state=ALIGN enabled=1 dcx=9 dcy=-10 stable=0
[17:36:25.993] [ARM] [jpint 1] ave_error:0.07
[17:36:25.993] [ARM] [jpint 2] ave_error:9.34
[17:36:25.993] [ARM] [jpint 3] ave_error:14.73
[17:36:25.993] [ARM] [jpint 4] ave_error:0.07
[17:36:25.993] [ARM] [jpint 5] ave_error:2.46
[17:36:25.993] [ARM] 
[17:36:25.993] [ARM] robot pid run finished!!
[17:36:26.055] [ARM] [JETSON_RX] vision dcx=9 dcy=-10
[17:36:26.055] [ARM] [TARGET] vision state=ALIGN enabled=1 dcx=9 dcy=-10 stable=0
[17:36:26.113] [ARM] ROBOT_AUTO_EVENT
[17:36:26.113] [ARM] [0] <0.80 -60.00 -2.30> result: 90.43 103.87 -72.35 -0.43 86.23 0.00 
[17:36:26.113] [ARM] [1] <0.80 -60.00 -2.30> result: 90.43 103.88 -72.35 -0.43 86.23 0.00 
[17:36:26.113] [ARM] [2] <0.81 -60.00 -2.31> result: 90.43 103.88 -72.35 -0.43 86.23 0.00 
[17:36:26.136] [ARM] [3] <0.84 -60.00 -2.34> result: 90.45 103.89 -72.35 -0.45 86.25 0.00 
[17:36:26.136] [ARM] [4] <0.88 -60.00 -2.38> result: 90.47 103.91 -72.35 -0.47 86.27 0.00 
[17:36:26.136] [ARM] [5] <0.94 -60.00 -2.44> result: 90.50 103.95 -72.36 -0.50 86.30 0.00 
[17:36:26.136] [ARM] [6] <1.02 -60.00 -2.52> result: 90.54 103.99 -72.36 -0.54 86.34 0.00 
[17:36:26.159] [ARM] [7] <1.12 -60.00 -2.62> result: 90.60 104.04 -72.36 -0.60 86.40 0.00 
[17:36:26.159] [ARM] [8] <1.24 -60.00 -2.74> result: 90.66 104.10 -72.37 -0.66 86.47 0.00 
[17:36:26.159] [ARM] [9] <1.38 -60.00 -2.88> result: 90.73 104.17 -72.37 -0.74 86.54 0.00 
[17:36:26.182] [ARM] [10] <1.53 -60.00 -3.03> result: 90.81 104.25 -72.37 -0.82 86.63 0.00 
[17:36:26.182] [ARM] [11] <1.60 -60.00 -3.10> result: 90.85 104.29 -72.38 -0.85 86.66 0.00 
[17:36:26.182] [ARM] [12] <1.60 -60.00 -3.10> result: 90.85 104.29 -72.38 -0.85 86.66 0.00 
[17:36:26.182] [ARM] [13] <1.60 -60.00 -3.10> result: 90.85 104.29 -72.38 -0.85 86.66 0.00 
[17:36:26.205] [ARM] [14] <1.60 -60.00 -3.10> result: 90.85 104.29 -72.38 -0.85 86.66 0.00 
[17:36:26.206] [ARM] [15] <1.60 -60.00 -3.10> result: 90.85 104.29 -72.38 -0.85 86.66 0.00 
[17:36:26.206] [ARM] [16] <1.60 -60.00 -3.10> result: 90.85 104.29 -72.38 -0.85 86.66 0.00 
[17:36:26.228] [ARM] [17] <1.60 -60.00 -3.10> result: 90.85 104.29 -72.38 -0.85 86.66 0.00 
[17:36:26.228] [ARM] [18] <1.60 -60.00 -3.10> result: 90.85 104.29 -72.38 -0.85 86.66 0.00 
[17:36:26.229] [ARM] [19] <1.60 -60.00 -3.10> result: 90.85 104.29 -72.38 -0.85 86.66 0.00 
[17:36:26.229] [ARM] [20] <1.60 -60.00 -3.10> result: 90.85 104.29 -72.38 -0.85 86.66 0.00 
[17:36:26.264] [ARM] [21] <1.60 -60.00 -3.10> result: 90.85 104.29 -72.38 -0.85 86.66 0.00 
[17:36:26.264] [ARM] [22] <1.60 -60.00 -3.10> result: 90.85 104.29 -72.38 -0.85 86.66 0.00 
[17:36:26.264] [ARM] [23] <1.60 -60.00 -3.10> result: 90.85 104.29 -72.38 -0.85 86.66 0.00 
[17:36:26.264] [ARM] [24] <1.60 -60.00 -3.10> result: 90.85 104.29 -72.38 -0.85 86.66 0.00 
[17:36:26.319] [ARM] [JETSON_RX] vision dcx=9 dcy=-10
[17:36:26.319] [ARM] [TARGET] vision state=ALIGN enabled=1 dcx=9 dcy=-10 stable=0
[17:36:26.505] [ARM] [JETSON_RX] vision dcx=9 dcy=-10
[17:36:26.505] [ARM] [TARGET] vision state=ALIGN enabled=1 dcx=9 dcy=-10 stable=0
[17:36:26.630] [ARM] [jpint 1] ave_error:0.07
[17:36:26.630] [ARM] [jpint 2] ave_error:7.95
[17:36:26.630] [ARM] [jpint 3] ave_error:12.85
[17:36:26.630] [ARM] [jpint 4] ave_error:0.07
[17:36:26.630] [ARM] [jpint 5] ave_error:0.20
[17:36:26.630] [ARM] 
[17:36:26.630] [ARM] robot pid run finished!!
[17:36:26.693] [ARM] [JETSON_RX] vision dcx=9 dcy=-10
[17:36:26.693] [ARM] [TARGET] vision state=ALIGN enabled=1 dcx=9 dcy=-10 stable=0
[17:36:26.745] [ARM] ROBOT_AUTO_EVENT
[17:36:26.745] [ARM] [0] <1.60 -60.00 -3.10> result: 90.85 104.29 -72.38 -0.85 86.66 0.00 
[17:36:26.745] [ARM] [1] <1.60 -60.00 -3.10> result: 90.85 104.29 -72.38 -0.85 86.67 0.00 
[17:36:26.745] [ARM] [2] <1.61 -60.00 -3.11> result: 90.86 104.29 -72.38 -0.86 86.67 0.00 
[17:36:26.769] [ARM] [3] <1.64 -60.00 -3.14> result: 90.87 104.31 -72.38 -0.87 86.68 0.00 
[17:36:26.769] [ARM] [4] <1.68 -60.00 -3.18> result: 90.89 104.33 -72.38 -0.89 86.71 0.00 
[17:36:26.769] [ARM] [5] <1.74 -60.00 -3.24> result: 90.92 104.36 -72.38 -0.93 86.74 0.00 
[17:36:26.769] [ARM] [6] <1.82 -60.00 -3.32> result: 90.97 104.40 -72.38 -0.97 86.78 0.00 
[17:36:26.792] [ARM] [7] <1.92 -60.00 -3.42> result: 91.02 104.45 -72.39 -1.02 86.84 0.00 
[17:36:26.792] [ARM] [8] <2.04 -60.00 -3.54> result: 91.09 104.51 -72.39 -1.09 86.90 0.00 
[17:36:26.792] [ARM] [9] <2.18 -60.00 -3.68> result: 91.16 104.59 -72.39 -1.16 86.98 0.00 
[17:36:26.814] [ARM] [10] <2.33 -60.00 -3.83> result: 91.24 104.66 -72.40 -1.24 87.06 0.00 
[17:36:26.815] [ARM] [11] <2.40 -60.00 -3.90> result: 91.28 104.70 -72.40 -1.28 87.10 0.00 
[17:36:26.815] [ARM] [12] <2.40 -60.00 -3.90> result: 91.28 104.70 -72.40 -1.28 87.10 0.00 
[17:36:26.815] [ARM] [13] <2.40 -60.00 -3.90> result: 91.28 104.70 -72.40 -1.28 87.10 0.00 
[17:36:26.837] [ARM] [14] <2.40 -60.00 -3.90> result: 91.28 104.70 -72.40 -1.28 87.10 0.00 
[17:36:26.837] [ARM] [15] <2.40 -60.00 -3.90> result: 91.28 104.70 -72.40 -1.28 87.10 0.00 
[17:36:26.837] [ARM] [16] <2.40 -60.00 -3.90> result: 91.28 104.70 -72.40 -1.28 87.10 0.00 
[17:36:26.862] [ARM] [17] <2.40 -60.00 -3.90> result: 91.28 104.70 -72.40 -1.28 87.10 0.00 
[17:36:26.862] [ARM] [18] <2.40 -60.00 -3.90> result: 91.28 104.70 -72.40 -1.28 87.10 0.00 
[17:36:26.862] [ARM] [19] <2.40 -60.00 -3.90> result: 91.28 104.70 -72.40 -1.28 87.10 0.00 
[17:36:26.862] [ARM] [20] <2.40 -60.00 -3.90> result: 91.28 104.70 -72.40 -1.28 87.10 0.00 
[17:36:26.897] [ARM] [21] <2.40 -60.00 -3.90> result: 91.28 104.70 -72.40 -1.28 87.10 0.00 
[17:36:26.897] [ARM] [22] <2.40 -60.00 -3.90> result: 91.28 104.70 -72.40 -1.28 87.10 0.00 
[17:36:26.897] [ARM] [23] <2.40 -60.00 -3.90> result: 91.28 104.70 -72.40 -1.28 87.10 0.00 
[17:36:26.897] [ARM] [24] <2.40 -60.00 -3.90> result: 91.28 104.70 -72.40 -1.28 87.10 0.00 
[17:36:26.959] [ARM] [JETSON_RX] vision dcx=9 dcy=-10
[17:36:26.959] [ARM] [TARGET] vision state=ALIGN enabled=1 dcx=9 dcy=-10 stable=0
[17:36:27.085] [ARM] [JETSON_RX] vision dcx=9 dcy=-10
[17:36:27.085] [ARM] [TARGET] vision state=ALIGN enabled=1 dcx=9 dcy=-10 stable=0
[17:36:27.270] [ARM] [jpint 1] ave_error:0.07
[17:36:27.270] [ARM] [jpint 2] ave_error:6.56
[17:36:27.270] [ARM] [jpint 3] ave_error:10.96
[17:36:27.270] [ARM] [jpint 4] ave_error:0.07
[17:36:27.270] [ARM] [jpint 5] ave_error:0.20
[17:36:27.270] [ARM] 
[17:36:27.270] [ARM] robot pid run finished!!
[17:36:27.270] [ARM] [JETSON_RX] vision dcx=9 dcy=-10
[17:36:27.270] [ARM] [TARGET] vision state=ALIGN enabled=1 dcx=9 dcy=-10 stable=0
[17:36:27.382] [ARM] ROBOT_AUTO_EVENT
[17:36:27.382] [ARM] [0] <2.40 -60.00 -3.90> result: 91.28 104.70 -72.40 -1.28 87.10 0.00 
[17:36:27.382] [ARM] [1] <2.40 -60.00 -3.90> result: 91.28 104.70 -72.40 -1.28 87.10 0.00 
[17:36:27.382] [ARM] [2] <2.41 -60.00 -3.91> result: 91.28 104.71 -72.40 -1.29 87.11 0.00 
[17:36:27.404] [ARM] [3] <2.44 -60.00 -3.94> result: 91.30 104.72 -72.40 -1.30 87.12 0.00 
[17:36:27.404] [ARM] [4] <2.48 -60.00 -3.98> result: 91.32 104.74 -72.40 -1.32 87.14 0.00 
[17:36:27.404] [ARM] [5] <2.54 -60.00 -4.04> result: 91.35 104.77 -72.40 -1.35 87.17 0.00 
[17:36:27.404] [ARM] [6] <2.62 -60.00 -4.12> result: 91.39 104.81 -72.40 -1.39 87.22 0.00 
[17:36:27.426] [ARM] [7] <2.72 -60.00 -4.22> result: 91.45 104.87 -72.41 -1.45 87.27 0.00 
[17:36:27.426] [ARM] [8] <2.84 -60.00 -4.34> result: 91.51 104.93 -72.41 -1.51 87.34 0.00 
[17:36:27.426] [ARM] [9] <2.98 -60.00 -4.48> result: 91.59 105.00 -72.41 -1.59 87.42 0.00 
[17:36:27.428] [JETSON-TX] vision step 2/3: dcx=4 dcy=-6 hold=1.0s frame=FF 05 03 04 00 FA FF 05 FE
[17:36:27.450] [ARM] [10] <3.13 -60.00 -4.63> result: 91.67 105.08 -72.42 -1.67 87.50 0.00 
[17:36:27.450] [ARM] [11] <3.20 -60.00 -4.70> result: 91.70 105.12 -72.42 -1.70 87.54 0.00 
[17:36:27.450] [ARM] [12] <3.20 -60.00 -4.70> result: 91.70 105.12 -72.42 -1.70 87.54 0.00 
[17:36:27.450] [ARM] [13] <3.20 -60.00 -4.70> result: 91.70 105.12 -72.42 -1.70 87.54 0.00 
[17:36:27.473] [ARM] [14] <3.20 -60.00 -4.70> result: 91.70 105.12 -72.42 -1.70 87.54 0.00 
[17:36:27.473] [ARM] [15] <3.20 -60.00 -4.70> result: 91.70 105.12 -72.42 -1.70 87.54 0.00 
[17:36:27.473] [ARM] [16] <3.20 -60.00 -4.70> result: 91.70 105.12 -72.42 -1.70 87.54 0.00 
[17:36:27.497] [ARM] [17] <3.20 -60.00 -4.70> result: 91.70 105.12 -72.42 -1.70 87.54 0.00 
[17:36:27.497] [ARM] [18] <3.20 -60.00 -4.70> result: 91.70 105.12 -72.42 -1.70 87.54 0.00 
[17:36:27.497] [ARM] [19] <3.20 -60.00 -4.70> result: 91.70 105.12 -72.42 -1.70 87.54 0.00 
[17:36:27.497] [ARM] [20] <3.20 -60.00 -4.70> result: 91.70 105.12 -72.42 -1.70 87.54 0.00 
[17:36:27.531] [ARM] [21] <3.20 -60.00 -4.70> result: 91.70 105.12 -72.42 -1.70 87.54 0.00 
[17:36:27.532] [ARM] [22] <3.20 -60.00 -4.70> result: 91.70 105.12 -72.42 -1.70 87.54 0.00 
[17:36:27.532] [ARM] [23] <3.20 -60.00 -4.70> result: 91.70 105.12 -72.42 -1.70 87.54 0.00 
[17:36:27.532] [ARM] [24] <3.20 -60.00 -4.70> result: 91.70 105.12 -72.42 -1.70 87.54 0.00 
[17:36:27.595] [ARM] [JETSON_RX] vision dcx=4 dcy=-6
[17:36:27.595] [ARM] [TARGET] vision state=ALIGN enabled=1 dcx=4 dcy=-6 stable=0
[17:36:27.656] [ARM] [JETSON_RX] vision dcx=4 dcy=-6
[17:36:27.656] [ARM] [TARGET] vision state=ALIGN enabled=1 dcx=4 dcy=-6 stable=0
[17:36:27.844] [ARM] [JETSON_RX] vision dcx=4 dcy=-6
[17:36:27.844] [ARM] [TARGET] vision state=ALIGN enabled=1 dcx=4 dcy=-6 stable=0
[17:36:27.908] [ARM] [jpint 1] ave_error:0.07
[17:36:27.908] [ARM] [jpint 2] ave_error:5.17
[17:36:27.908] [ARM] [jpint 3] ave_error:9.06
[17:36:27.908] [ARM] [jpint 4] ave_error:0.07
[17:36:27.908] [ARM] [jpint 5] ave_error:0.19
[17:36:27.908] [ARM] 
[17:36:27.908] [ARM] robot pid run finished!!
[17:36:28.016] [ARM] ROBOT_AUTO_EVENT
[17:36:28.016] [ARM] [0] <3.20 -60.00 -4.70> result: 91.70 105.12 -72.42 -1.70 87.54 0.00 
[17:36:28.017] [ARM] [1] <3.20 -60.00 -4.70> result: 91.70 105.12 -72.42 -1.71 87.54 0.00 
[17:36:28.017] [ARM] [2] <3.21 -60.00 -4.71> result: 91.71 105.12 -72.42 -1.71 87.54 0.00 
[17:36:28.039] [ARM] [3] <3.24 -60.00 -4.74> result: 91.72 105.14 -72.42 -1.72 87.56 0.00 
[17:36:28.039] [ARM] [4] <3.28 -60.00 -4.78> result: 91.74 105.16 -72.42 -1.75 87.58 0.00 
[17:36:28.039] [ARM] [5] <3.34 -60.00 -4.84> result: 91.78 105.19 -72.42 -1.78 87.61 0.00 
[17:36:28.039] [ARM] [6] <3.42 -60.00 -4.92> result: 91.82 105.23 -72.42 -1.82 87.65 0.00 
[17:36:28.062] [ARM] [7] <3.52 -60.00 -5.02> result: 91.87 105.28 -72.43 -1.87 87.71 0.00 
[17:36:28.062] [ARM] [8] <3.64 -60.00 -5.14> result: 91.94 105.35 -72.43 -1.94 87.77 0.00 
[17:36:28.062] [ARM] [9] <3.78 -60.00 -5.28> result: 92.01 105.42 -72.43 -2.01 87.85 0.00 
[17:36:28.085] [ARM] [10] <3.93 -60.00 -5.43> result: 92.09 105.50 -72.43 -2.09 87.93 0.00 
[17:36:28.085] [ARM] [11] <4.00 -60.00 -5.50> result: 92.13 105.53 -72.43 -2.13 87.97 0.00 
[17:36:28.085] [ARM] [12] <4.00 -60.00 -5.50> result: 92.13 105.53 -72.43 -2.13 87.97 0.00 
[17:36:28.085] [ARM] [13] <4.00 -60.00 -5.50> result: 92.13 105.53 -72.43 -2.13 87.97 0.00 
[17:36:28.107] [ARM] [14] <4.00 -60.00 -5.50> result: 92.13 105.53 -72.43 -2.13 87.97 0.00 
[17:36:28.108] [ARM] [15] <4.00 -60.00 -5.50> result: 92.13 105.53 -72.43 -2.13 87.97 0.00 
[17:36:28.108] [ARM] [16] <4.00 -60.00 -5.50> result: 92.13 105.53 -72.43 -2.13 87.97 0.00 
[17:36:28.131] [ARM] [17] <4.00 -60.00 -5.50> result: 92.13 105.53 -72.43 -2.13 87.97 0.00 
[17:36:28.131] [ARM] [18] <4.00 -60.00 -5.50> result: 92.13 105.53 -72.43 -2.13 87.97 0.00 
[17:36:28.131] [ARM] [19] <4.00 -60.00 -5.50> result: 92.13 105.53 -72.43 -2.13 87.97 0.00 
[17:36:28.131] [ARM] [20] <4.00 -60.00 -5.50> result: 92.13 105.53 -72.43 -2.13 87.97 0.00 
[17:36:28.166] [ARM] [21] <4.00 -60.00 -5.50> result: 92.13 105.53 -72.43 -2.13 87.97 0.00 
[17:36:28.166] [ARM] [22] <4.00 -60.00 -5.50> result: 92.13 105.53 -72.43 -2.13 87.97 0.00 
[17:36:28.166] [ARM] [23] <4.00 -60.00 -5.50> result: 92.13 105.53 -72.43 -2.13 87.97 0.00 
[17:36:28.166] [ARM] [24] <4.00 -60.00 -5.50> result: 92.13 105.53 -72.43 -2.13 87.97 0.00 
[17:36:28.219] [ARM] [JETSON_RX] vision dcx=4 dcy=-6
[17:36:28.219] [ARM] [TARGET] vision state=ALIGN enabled=1 dcx=4 dcy=-6 stable=0
[17:36:28.281] [ARM] [JETSON_RX] vision dcx=4 dcy=-6
[17:36:28.281] [ARM] [TARGET] vision state=ALIGN enabled=1 dcx=4 dcy=-6 stable=0
[17:36:28.431] [JETSON-TX] vision step 3/3: dcx=0 dcy=0 hold=0.0s frame=FF 05 03 00 00 00 00 08 FE
[17:36:28.469] [ARM] [JETSON_RX] vision dcx=0 dcy=0
[17:36:28.469] [ARM] [TARGET] vision state=ALIGN enabled=1 dcx=0 dcy=0 stable=0
[17:36:28.531] [ARM] [jpint 1] ave_error:0.07
[17:36:28.531] [ARM] [jpint 2] ave_error:3.78
[17:36:28.531] [ARM] [jpint 3] ave_error:7.18
[17:36:28.531] [ARM] [jpint 4] ave_error:0.07
[17:36:28.531] [ARM] [jpint 5] ave_error:0.19
[17:36:28.531] [ARM] 
[17:36:28.531] [ARM] robot pid run finished!!
[17:36:28.655] [ARM] [JETSON_RX] vision dcx=0 dcy=0
[17:36:28.655] [ARM] [TARGET] vision state=ALIGN enabled=1 dcx=0 dcy=0 stable=1
[17:36:28.905] [JETSON-RX] CC 02 01 DD
[17:36:28.905] [ARM] [JETSON_RX] vision dcx=0 dcy=0
[17:36:28.905] [JETSON-STATUS] ALIGN_DONE func=0x02 value=0x01
[17:36:28.905] [ARM] [TARGET] vision state=ALIGN enabled=1 dcx=0 dcy=0 stable=2
[17:36:28.905] [PROMPT] 已收到 ALIGN_DONE。确认画面和机械臂位置安全后，按 Enter 进入 P000 发射许可步骤。
[17:36:29.093] [ARM] [JETSON_RX] vision dcx=0 dcy=0
[17:36:29.093] [ARM] [TARGET] vision state=CONFIRM enabled=1 dcx=0 dcy=0 stable=0
[17:36:29.279] [ARM] [JETSON_RX] vision dcx=0 dcy=0
[17:36:29.279] [ARM] [TARGET] vision state=CONFIRM enabled=1 dcx=0 dcy=0 stable=0
[17:36:29.465] [ARM] [JETSON_RX] vision dcx=0 dcy=0
[17:36:29.465] [ARM] [TARGET] vision state=CONFIRM enabled=1 dcx=0 dcy=0 stable=0
[17:36:29.651] [ARM] [JETSON_RX] vision dcx=0 dcy=0
[17:36:29.651] [ARM] [TARGET] vision state=CONFIRM enabled=1 dcx=0 dcy=0 stable=0
[17:36:29.903] [ARM] [JETSON_RX] vision dcx=0 dcy=0
[17:36:29.903] [ARM] [TARGET] vision state=CONFIRM enabled=1 dcx=0 dcy=0 stable=0
[17:36:30.088] [ARM] [JETSON_RX] vision dcx=0 dcy=0
[17:36:30.088] [ARM] [TARGET] vision state=CONFIRM enabled=1 dcx=0 dcy=0 stable=0
[17:36:30.277] [ARM] [JETSON_RX] vision dcx=0 dcy=0
[17:36:30.277] [ARM] [TARGET] vision state=CONFIRM enabled=1 dcx=0 dcy=0 stable=0
[17:36:30.462] [ARM] [JETSON_RX] vision dcx=0 dcy=0
[17:36:30.462] [ARM] [TARGET] vision state=CONFIRM enabled=1 dcx=0 dcy=0 stable=0
[17:36:30.710] [ARM] [JETSON_RX] vision dcx=0 dcy=0
[17:36:30.710] [ARM] [TARGET] vision state=CONFIRM enabled=1 dcx=0 dcy=0 stable=0
[17:36:30.896] [ARM] [JETSON_RX] vision dcx=0 dcy=0
[17:36:30.896] [ARM] [TARGET] vision state=CONFIRM enabled=1 dcx=0 dcy=0 stable=0
[17:36:31.084] [ARM] [JETSON_RX] vision dcx=0 dcy=0
[17:36:31.084] [ARM] [TARGET] vision state=CONFIRM enabled=1 dcx=0 dcy=0 stable=0
[17:36:31.273] [ARM] [JETSON_RX] vision dcx=0 dcy=0
[17:36:31.273] [ARM] [TARGET] vision state=CONFIRM enabled=1 dcx=0 dcy=0 stable=0
[17:36:31.461] [ARM] [JETSON_RX] vision dcx=0 dcy=0
[17:36:31.461] [ARM] [TARGET] vision state=CONFIRM enabled=1 dcx=0 dcy=0 stable=0
[17:36:31.709] [ARM] [JETSON_RX] vision dcx=0 dcy=0
[17:36:31.709] [ARM] [TARGET] vision state=CONFIRM enabled=1 dcx=0 dcy=0 stable=0
[17:36:31.895] [ARM] [JETSON_RX] vision dcx=0 dcy=0
[17:36:31.895] [ARM] [TARGET] vision state=CONFIRM enabled=1 dcx=0 dcy=0 stable=0
[17:36:32.084] [ARM] [JETSON_RX] vision dcx=0 dcy=0
[17:36:32.084] [ARM] [TARGET] vision state=CONFIRM enabled=1 dcx=0 dcy=0 stable=0
[17:36:32.271] [ARM] [JETSON_RX] vision dcx=0 dcy=0
[17:36:32.271] [ARM] [TARGET] vision state=CONFIRM enabled=1 dcx=0 dcy=0 stable=0
[17:36:32.519] [ARM] [JETSON_RX] vision dcx=0 dcy=0
[17:36:32.519] [ARM] [TARGET] vision state=CONFIRM enabled=1 dcx=0 dcy=0 stable=0
[17:36:32.708] [ARM] [JETSON_RX] vision dcx=0 dcy=0
[17:36:32.708] [ARM] [TARGET] vision state=CONFIRM enabled=1 dcx=0 dcy=0 stable=0
[17:36:32.895] [ARM] [JETSON_RX] vision dcx=0 dcy=0
[17:36:32.895] [ARM] [TARGET] vision state=CONFIRM enabled=1 dcx=0 dcy=0 stable=0
[17:36:33.080] [ARM] [JETSON_RX] vision dcx=0 dcy=0
[17:36:33.080] [ARM] [TARGET] vision state=CONFIRM enabled=1 dcx=0 dcy=0 stable=0
[17:36:33.270] [ARM] [JETSON_RX] vision dcx=0 dcy=0
[17:36:33.270] [ARM] [TARGET] vision state=CONFIRM enabled=1 dcx=0 dcy=0 stable=0
[17:36:33.457] [ARM] [JETSON_RX] vision dcx=0 dcy=0
[17:36:33.457] [ARM] [TARGET] vision state=CONFIRM enabled=1 dcx=0 dcy=0 stable=0
[17:36:33.707] [ARM] [JETSON_RX] vision dcx=0 dcy=0
[17:36:33.707] [ARM] [TARGET] vision state=CONFIRM enabled=1 dcx=0 dcy=0 stable=0
[17:36:33.894] [ARM] [JETSON_RX] vision dcx=0 dcy=0
[17:36:33.894] [ARM] [TARGET] vision state=CONFIRM enabled=1 dcx=0 dcy=0 stable=0
[17:36:34.081] [ARM] [JETSON_RX] vision dcx=0 dcy=0
[17:36:34.081] [ARM] [TARGET] vision state=CONFIRM enabled=1 dcx=0 dcy=0 stable=0
[17:36:34.266] [ARM] [JETSON_RX] vision dcx=0 dcy=0
[17:36:34.266] [ARM] [TARGET] vision state=CONFIRM enabled=1 dcx=0 dcy=0 stable=0
[17:36:34.268] [PROMPT] Enter received; console logging resumed.
[17:36:34.268] [PROMPT] 请按住 P000 KEY，脚本会自动等待 OUTPUT_ON，不需要再按 Enter。
[17:36:34.268] [STEP] waiting OUTPUT_ON from RA6...
[17:36:34.517] [ARM] [JETSON_RX] vision dcx=0 dcy=0
[17:36:34.517] [ARM] [TARGET] vision state=CONFIRM enabled=1 dcx=0 dcy=0 stable=0
[17:36:34.705] [ARM] [JETSON_RX] vision dcx=0 dcy=0
[17:36:34.705] [ARM] [TARGET] vision state=CONFIRM enabled=1 dcx=0 dcy=0 stable=0
[17:36:34.892] [ARM] [JETSON_RX] vision dcx=0 dcy=0
[17:36:34.892] [ARM] [TARGET] vision state=CONFIRM enabled=1 dcx=0 dcy=0 stable=0
[17:36:35.081] [ARM] [JETSON_RX] vision dcx=0 dcy=0
[17:36:35.081] [ARM] [TARGET] vision state=CONFIRM enabled=1 dcx=0 dcy=0 stable=0
[17:36:35.144] [JETSON-RX] CC 03 01 DD
[17:36:35.144] [JETSON-STATUS] OUTPUT_ON func=0x03 value=0x01
[17:36:35.144] [PROMPT] 已进入 OUTPUT。请松开 P000 KEY，脚本会自动等待 OUTPUT_OFF，不需要按 Enter。
[17:36:35.144] [STEP] waiting OUTPUT_OFF from RA6...
[17:36:35.270] [ARM] [JETSON_RX] vision dcx=0 dcy=0
[17:36:35.270] [ARM] [TARGET] vision state=OUTPUT enabled=1 dcx=0 dcy=0 stable=0
[17:36:35.457] [ARM] [JETSON_RX] vision dcx=0 dcy=0
[17:36:35.457] [ARM] [TARGET] vision state=OUTPUT enabled=1 dcx=0 dcy=0 stable=0
[17:36:35.706] [ARM] [JETSON_RX] vision dcx=0 dcy=0
[17:36:35.706] [ARM] [TARGET] vision state=OUTPUT enabled=1 dcx=0 dcy=0 stable=0
[17:36:35.894] [ARM] [JETSON_RX] vision dcx=0 dcy=0
[17:36:35.894] [ARM] [TARGET] vision state=OUTPUT enabled=1 dcx=0 dcy=0 stable=0
[17:36:36.083] [ARM] [JETSON_RX] vision dcx=0 dcy=0
[17:36:36.083] [ARM] [TARGET] vision state=OUTPUT enabled=1 dcx=0 dcy=0 stable=0
[17:36:36.268] [ARM] [JETSON_RX] vision dcx=0 dcy=0
[17:36:36.268] [ARM] [TARGET] vision state=OUTPUT enabled=1 dcx=0 dcy=0 stable=0
[17:36:36.515] [ARM] [JETSON_RX] vision dcx=0 dcy=0
[17:36:36.515] [ARM] [TARGET] vision state=OUTPUT enabled=1 dcx=0 dcy=0 stable=0
[17:36:36.702] [ARM] [JETSON_RX] vision dcx=0 dcy=0
[17:36:36.702] [ARM] [TARGET] vision state=OUTPUT enabled=1 dcx=0 dcy=0 stable=0
[17:36:36.888] [ARM] [JETSON_RX] vision dcx=0 dcy=0
[17:36:36.888] [ARM] [TARGET] vision state=OUTPUT enabled=1 dcx=0 dcy=0 stable=0
[17:36:37.076] [ARM] [JETSON_RX] vision dcx=0 dcy=0
[17:36:37.076] [ARM] [TARGET] vision state=OUTPUT enabled=1 dcx=0 dcy=0 stable=0
[17:36:37.328] [ARM] [JETSON_RX] vision dcx=0 dcy=0
[17:36:37.328] [ARM] [TARGET] vision state=OUTPUT enabled=1 dcx=0 dcy=0 stable=0
[17:36:37.515] [ARM] [JETSON_RX] vision dcx=0 dcy=0
[17:36:37.515] [ARM] [TARGET] vision state=OUTPUT enabled=1 dcx=0 dcy=0 stable=0
[17:36:37.703] [ARM] [JETSON_RX] vision dcx=0 dcy=0
[17:36:37.703] [ARM] [TARGET] vision state=OUTPUT enabled=1 dcx=0 dcy=0 stable=0
[17:36:37.890] [ARM] [JETSON_RX] vision dcx=0 dcy=0
[17:36:37.890] [ARM] [TARGET] vision state=OUTPUT enabled=1 dcx=0 dcy=0 stable=0
[17:36:38.140] [ARM] [JETSON_RX] vision dcx=0 dcy=0
[17:36:38.140] [ARM] [TARGET] vision state=OUTPUT enabled=1 dcx=0 dcy=0 stable=0
[17:36:38.326] [ARM] [JETSON_RX] vision dcx=0 dcy=0
[17:36:38.326] [ARM] [TARGET] vision state=OUTPUT enabled=1 dcx=0 dcy=0 stable=0
[17:36:38.513] [ARM] [JETSON_RX] vision dcx=0 dcy=0
[17:36:38.513] [ARM] [TARGET] vision state=OUTPUT enabled=1 dcx=0 dcy=0 stable=0
[17:36:38.699] [ARM] [JETSON_RX] vision dcx=0 dcy=0
[17:36:38.699] [ARM] [TARGET] vision state=OUTPUT enabled=1 dcx=0 dcy=0 stable=0
[17:36:38.890] [ARM] [JETSON_RX] vision dcx=0 dcy=0
[17:36:38.890] [ARM] [TARGET] vision state=OUTPUT enabled=1 dcx=0 dcy=0 stable=0
[17:36:39.077] [ARM] [JETSON_RX] vision dcx=0 dcy=0
[17:36:39.077] [ARM] [TARGET] vision state=OUTPUT enabled=1 dcx=0 dcy=0 stable=0
[17:36:39.251] [JETSON-RX] CC 03 00 DD
[17:36:39.251] [JETSON-STATUS] OUTPUT_OFF func=0x03 value=0x00
[17:36:39.251] [JETSON-TX] vision sender disabled after 69 frames.
[17:36:39.251] [JETSON-TX] TARGET_CTRL STOP: AA 01 00 BB
[17:36:39.267] [ARM] [JETSON_RX] target_ctrl=0
[17:36:39.314] [JETSON-RX] CC 04 00 DD
[17:36:39.314] [JETSON-STATUS] TARGET_CTRL_OFF func=0x04 value=0x00
[17:36:39.514] [ARM-TX] laser_off
[17:36:39.582] [ARM] Found handler for 'laser_off', executing...
[17:36:39.582] [ARM] laser_off
[17:36:39.715] [STEP] final soft_reset to HOME...
[17:36:39.715] [ARM-TX] soft_reset
[17:36:39.770] [ARM] Found handler for 'soft_reset', executing...
[17:36:39.770] [ARM] ROBOT_SOFT_RESET_EVENT
[17:36:39.770] [ARM] --- Starting soft reset ---
[17:36:39.955] [ARM] Soft reset motors enabled (J1~J5, J6 skipped).
[17:36:39.955] [ARM] Soft resetting joint 4...
[17:36:40.018] [ARM] robot_update_current_angle 4...
[17:36:40.018] [ARM] [4] current:88.10, target:90.00, dir:1
[17:36:40.331] [ARM] Soft resetting joint 3...
[17:36:40.394] [ARM] robot_update_current_angle 3...
[17:36:40.394] [ARM] [3] current:-2.13, target:0.00, dir:1
[17:36:40.895] [ARM] Soft resetting joint 1...
[17:36:40.895] [ARM] robot_update_current_angle 1...
[17:36:40.895] [ARM] [1] current:108.55, target:90.00, dir:-1
[17:36:42.578] [ARM] soft reset joint 1 settle timeout, keep going
[17:36:42.578] [ARM] Soft resetting joint 2...
[17:36:42.578] [ARM] robot_update_current_angle 2...
[17:36:42.578] [ARM] [2] current:-66.56, target:-90.00, dir:-1
[17:36:44.327] [ARM] soft reset joint 2 settle timeout, keep going
[17:36:44.327] [ARM] Soft resetting joint 0...
[17:36:44.327] [ARM] robot_update_current_angle 0...
[17:36:44.327] [ARM] [0] current:92.16, target:90.00, dir:-1
[17:36:44.885] [ARM] soft reset final verify PASS (issues:2), pose set HOME.
[17:36:44.885] [DONE] final soft_reset PASS; robot returned HOME.
[17:36:44.885] [DONE] OUTPUT_OFF received; target disabled; demo sequence complete.
[17:36:44.885] [JETSON-TX] TARGET_CTRL STOP: AA 01 00 BB
[17:36:44.885] [ARM-TX] laser_off
[17:36:44.949] [JETSON-RX] CC 04 00 DD
[17:36:44.949] [ARM] Found handler for 'laser_off', executing...
[17:36:44.949] [ARM] laser_off
[17:36:44.949] [JETSON-STATUS] TARGET_CTRL_OFF func=0x04 value=0x00
[17:36:44.949] [ARM] [JETSON_RX] target_ctrl=0
[17:36:45.090] [INFO] ports closed.
