[20:43:05.874] [INFO] log file: E:\Renesas\RA6M5-Robot\Robot_FreeRTOS - Arm\DEBUG\target_state_demo_20260630_204305.log
[20:43:05.874] [INFO] ARM=COM7 JETSON=COM14 baud=115200
[20:43:05.874] [INFO] start frame: AA 01 01 BB
[20:43:05.874] [INFO] stop frame: AA 01 00 BB
[20:43:05.874] [INFO] vision sequence: (15,-10)/2.0s -> (4,-5)/1.0s -> (0,0)/0.0s
[20:43:06.379] [JETSON-TX] TARGET_CTRL STOP: AA 01 00 BB
[20:43:06.431] [ARM] [JETSON_RX] target_ctrl=0
[20:43:06.447] [JETSON-RX] CC 04 00 DD
[20:43:06.447] [JETSON-STATUS] TARGET_CTRL_OFF func=0x04 value=0x00
[20:43:06.647] [ARM-TX] laser_off
[20:43:06.681] [ARM] Found handler for 'laser_off', executing...
[20:43:06.681] [ARM] laser_off
[20:43:06.848] [ARM-TX] soft_reset
[20:43:06.868] [ARM] Found handler for 'soft_reset', executing...
[20:43:06.868] [ARM] ROBOT_SOFT_RESET_EVENT
[20:43:06.868] [ARM] --- Starting soft reset ---
[20:43:07.116] [ARM] Soft reset motors enabled (J1~J5, J6 skipped).
[20:43:07.116] [ARM] Soft resetting joint 4...
[20:43:07.116] [ARM] robot_update_current_angle 4...
[20:43:07.116] [ARM] [4] current:90.00, target:90.00, dir:-1
[20:43:07.241] [ARM] Soft resetting joint 3...
[20:43:07.302] [ARM] robot_update_current_angle 3...
[20:43:07.302] [ARM] [3] current:-0.00, target:0.00, dir:1
[20:43:07.426] [ARM] Soft resetting joint 1...
[20:43:07.426] [ARM] robot_update_current_angle 1...
[20:43:07.426] [ARM] [1] current:90.00, target:90.00, dir:-1
[20:43:07.549] [ARM] Soft resetting joint 2...
[20:43:07.549] [ARM] robot_update_current_angle 2...
[20:43:07.549] [ARM] [2] current:-90.00, target:-90.00, dir:-1
[20:43:07.673] [ARM] Soft resetting joint 0...
[20:43:07.735] [ARM] robot_update_current_angle 0...
[20:43:07.735] [ARM] [0] current:90.00, target:90.00, dir:1
[20:43:07.920] [ARM] soft reset final verify PASS (issues:0), pose set HOME.
[20:43:07.920] [JETSON-TX] TARGET_CTRL START: AA 01 01 BB
[20:43:07.964] [ARM] [JETSON_RX] target_ctrl=1
[20:43:07.964] [ARM] ROBOT_AUTO_EVENT
[20:43:07.964] [ARM] [0] <0.00 0.00 0.00> result: 90.00 90.00 -90.00 0.00 90.00 0.00 
[20:43:07.964] [ARM] [1] <0.00 -0.00 -0.00> result: 90.00 90.00 -90.00 0.00 90.00 0.00 
[20:43:07.965] [ARM] [2] <0.00 -0.00 -0.00> result: 90.00 90.00 -90.00 0.00 90.00 0.00 
[20:43:07.987] [ARM] [3] <0.00 -0.01 -0.00> result: 90.00 90.00 -90.00 0.00 90.00 0.00 
[20:43:07.987] [ARM] [4] <0.00 -0.02 -0.00> result: 90.00 90.01 -90.00 0.00 90.00 0.00 
[20:43:07.987] [ARM] [5] <0.00 -0.03 -0.00> result: 90.00 90.01 -89.99 0.00 90.00 0.00 
[20:43:07.987] [ARM] [6] <0.00 -0.05 -0.00> result: 90.00 90.02 -89.99 0.00 90.00 0.00 
[20:43:07.998] [JETSON-RX] CC 04 01 DD
[20:43:07.998] [JETSON-STATUS] TARGET_CTRL_ON func=0x04 value=0x01
[20:43:07.998] [STEP] waiting READY from RA6...
[20:43:08.009] [ARM] [7] <0.00 -0.07 -0.00> result: 90.00 90.02 -89.98 0.00 90.00 0.00 
[20:43:08.009] [ARM] [8] <0.00 -0.11 -0.00> result: 90.00 90.03 -89.97 0.00 90.00 0.00 
[20:43:08.009] [ARM] [9] <0.00 -0.15 -0.00> result: 90.00 90.05 -89.96 0.00 90.00 0.00 
[20:43:08.032] [ARM] [10] <0.00 -0.20 -0.01> result: 90.00 90.06 -89.94 0.00 90.01 0.00 
[20:43:08.032] [ARM] [11] <0.00 -0.27 -0.01> result: 90.00 90.08 -89.92 0.00 90.01 0.00 
[20:43:08.032] [ARM] [12] <0.00 -0.34 -0.01> result: 90.00 90.11 -89.90 0.00 90.01 0.00 
[20:43:08.032] [ARM] [13] <0.00 -0.43 -0.01> result: 90.00 90.14 -89.88 0.00 90.01 0.00 
[20:43:08.057] [ARM] [14] <0.00 -0.54 -0.01> result: 90.00 90.17 -89.85 0.00 90.02 0.00 
[20:43:08.057] [ARM] [15] <0.00 -0.65 -0.02> result: 90.00 90.20 -89.81 0.00 90.02 0.00 
[20:43:08.057] [ARM] [16] <0.00 -0.79 -0.02> result: 90.00 90.25 -89.78 0.00 90.02 0.00 
[20:43:08.057] [ARM] [17] <0.00 -0.94 -0.02> result: 90.00 90.29 -89.73 0.00 90.03 0.00 
[20:43:08.077] [ARM] [18] <0.00 -1.10 -0.03> result: 90.00 90.34 -89.69 0.00 90.03 0.00 
[20:43:08.077] [ARM] [19] <0.00 -1.29 -0.03> result: 90.00 90.40 -89.63 0.00 90.03 0.00 
[20:43:08.077] [ARM] [20] <0.00 -1.49 -0.04> result: 90.00 90.46 -89.57 0.00 90.04 0.00 
[20:43:08.077] [ARM] [21] <0.00 -1.72 -0.04> result: 90.00 90.53 -89.51 0.00 90.04 0.00 
[20:43:08.101] [ARM] [22] <0.00 -1.97 -0.05> result: 90.00 90.61 -89.44 0.00 90.05 0.00 
[20:43:08.101] [ARM] [23] <0.00 -2.23 -0.06> result: 90.00 90.69 -89.36 0.00 90.05 0.00 
[20:43:08.101] [ARM] [24] <0.00 -2.52 -0.06> result: 90.00 90.77 -89.28 0.00 90.05 0.00 
[20:43:08.136] [ARM] [25] <0.00 -2.84 -0.07> result: 90.00 90.87 -89.19 0.00 90.06 0.00 
[20:43:08.136] [ARM] [26] <0.00 -3.17 -0.08> result: 90.00 90.97 -89.10 0.00 90.06 0.00 
[20:43:08.136] [ARM] [27] <0.00 -3.53 -0.09> result: 90.00 91.07 -88.99 0.00 90.06 0.00 
[20:43:08.136] [ARM] [28] <0.00 -3.92 -0.10> result: 90.00 91.18 -88.88 0.00 90.07 0.00 
[20:43:08.160] [ARM] [29] <0.00 -4.33 -0.11> result: 90.00 91.30 -88.76 0.00 90.07 0.00 
[20:43:08.161] [ARM] [30] <0.00 -4.77 -0.12> result: 90.00 91.43 -88.64 0.00 90.07 0.00 
[20:43:08.161] [ARM] [31] <0.00 -5.23 -0.13> result: 90.00 91.56 -88.51 0.00 90.07 0.00 
[20:43:08.161] [ARM] [32] <0.00 -5.72 -0.14> result: 90.00 91.70 -88.37 0.00 90.07 0.00 
[20:43:08.182] [ARM] [33] <0.00 -6.24 -0.16> result: 90.00 91.85 -88.22 0.00 90.06 0.00 
[20:43:08.182] [ARM] [34] <0.00 -6.79 -0.17> result: 90.00 92.00 -88.06 0.00 90.06 0.00 
[20:43:08.182] [ARM] [35] <0.00 -7.36 -0.18> result: 90.00 92.16 -87.89 0.00 90.05 0.00 
[20:43:08.182] [ARM] [36] <0.00 -7.96 -0.20> result: 90.00 92.32 -87.72 0.00 90.04 0.00 
[20:43:08.203] [ARM] [37] <0.00 -8.60 -0.21> result: 90.00 92.49 -87.54 0.00 90.03 0.00 
[20:43:08.203] [ARM] [38] <0.00 -9.26 -0.23> result: 90.00 92.67 -87.35 0.00 90.02 0.00 
[20:43:08.203] [ARM] [39] <0.00 -9.95 -0.25> result: 90.00 92.85 -87.15 0.00 90.00 0.00 
[20:43:08.226] [ARM] [40] <0.00 -10.67 -0.27> result: 90.00 93.04 -86.94 0.00 89.98 0.00 
[20:43:08.226] [ARM] [41] <0.00 -11.42 -0.29> result: 90.00 93.24 -86.72 0.00 89.96 0.00 
[20:43:08.226] [ARM] [42] <0.00 -12.20 -0.30> result: 90.00 93.44 -86.50 0.00 89.93 0.00 
[20:43:08.226] [ARM] [43] <0.00 -13.01 -0.33> result: 90.00 93.64 -86.26 0.00 89.91 0.00 
[20:43:08.250] [ARM] [44] <0.00 -13.85 -0.35> result: 90.00 93.85 -86.02 0.00 89.87 0.00 
[20:43:08.250] [ARM] [45] <0.00 -14.72 -0.37> result: 90.00 94.07 -85.77 0.00 89.84 0.00 
[20:43:08.250] [ARM] [46] <0.00 -15.62 -0.39> result: 90.00 94.29 -85.51 0.00 89.80 0.00 
[20:43:08.252] [ARM] [47] <0.00 -16.55 -0.41> result: 90.00 94.52 -85.24 0.00 89.75 0.00 
[20:43:08.273] [ARM] [48] <0.00 -17.51 -0.44> result: 90.00 94.75 -84.96 0.00 89.70 0.00 
[20:43:08.273] [ARM] [49] <0.00 -18.49 -0.46> result: 90.00 94.98 -84.67 0.00 89.65 0.00 
[20:43:08.273] [ARM] [50] <0.00 -19.51 -0.49> result: 90.00 95.22 -84.37 0.00 89.59 0.00 
[20:43:08.273] [ARM] [51] <0.00 -20.56 -0.51> result: 90.00 95.47 -84.06 0.00 89.53 0.00 
[20:43:08.295] [ARM] [52] <0.00 -21.64 -0.54> result: 90.00 95.71 -83.75 0.00 89.46 0.00 
[20:43:08.295] [ARM] [53] <0.00 -22.74 -0.57> result: 90.00 95.97 -83.43 0.00 89.39 0.00 
[20:43:08.295] [ARM] [54] <0.00 -23.88 -0.60> result: 90.00 96.22 -83.09 0.00 89.32 0.00 
[20:43:08.329] [ARM] [55] <0.00 -25.04 -0.63> result: 90.00 96.48 -82.75 0.00 89.23 0.00 
[20:43:08.329] [ARM] [56] <0.00 -26.23 -0.66> result: 90.00 96.74 -82.40 0.00 89.15 0.00 
[20:43:08.329] [ARM] [57] <0.00 -27.44 -0.69> result: 90.00 97.01 -82.05 0.00 89.06 0.00 
[20:43:08.329] [ARM] [58] <0.00 -28.68 -0.72> result: 90.00 97.28 -81.68 0.00 88.96 0.00 
[20:43:08.353] [ARM] [59] <0.00 -29.95 -0.75> result: 90.00 97.55 -81.31 0.00 88.86 0.00 
[20:43:08.353] [ARM] [60] <0.00 -31.25 -0.78> result: 90.00 97.83 -80.92 0.00 88.75 0.00 
[20:43:08.353] [ARM] [61] <0.00 -32.57 -0.81> result: 90.00 98.10 -80.53 0.00 88.64 0.00 
[20:43:08.353] [ARM] [62] <0.00 -33.91 -0.85> result: 90.00 98.39 -80.14 0.00 88.52 0.00 
[20:43:08.375] [ARM] [63] <0.00 -35.28 -0.88> result: 90.00 98.67 -79.73 0.00 88.40 0.00 
[20:43:08.375] [ARM] [64] <0.00 -36.67 -0.92> result: 90.00 98.95 -79.32 0.00 88.27 0.00 
[20:43:08.375] [ARM] [65] <0.00 -38.08 -0.95> result: 90.00 99.24 -78.90 0.00 88.14 0.00 
[20:43:08.398] [ARM] [66] <0.00 -39.51 -0.99> result: 90.00 99.53 -78.47 0.00 88.00 0.00 
[20:43:08.398] [ARM] [67] <0.00 -40.97 -1.02> result: 90.00 99.82 -78.04 0.00 87.86 0.00 
[20:43:08.399] [ARM] [68] <0.00 -42.44 -1.06> result: 90.00 100.11 -77.60 0.00 87.71 0.00 
[20:43:08.399] [ARM] [69] <0.00 -43.94 -1.10> result: 90.00 100.41 -77.15 0.00 87.56 0.00 
[20:43:08.421] [ARM] [70] <0.00 -45.45 -1.14> result: 90.00 100.70 -76.70 0.00 87.41 0.00 
[20:43:08.421] [ARM] [71] <0.00 -46.98 -1.17> result: 90.00 101.00 -76.24 0.00 87.25 0.00 
[20:43:08.421] [ARM] [72] <0.00 -48.53 -1.21> result: 90.00 101.30 -75.78 0.00 87.08 0.00 
[20:43:08.421] [ARM] [73] <0.00 -50.09 -1.25> result: 90.00 101.60 -75.31 0.00 86.91 0.00 
[20:43:08.445] [ARM] [74] <0.00 -51.67 -1.29> result: 90.00 101.90 -74.84 0.00 86.74 0.00 
[20:43:08.445] [ARM] [75] <0.00 -53.26 -1.33> result: 90.00 102.20 -74.36 0.00 86.56 0.00 
[20:43:08.445] [ARM] [76] <0.00 -54.86 -1.37> result: 90.00 102.51 -73.87 0.00 86.38 0.00 
[20:43:08.467] [ARM] [77] <0.00 -56.48 -1.41> result: 90.00 102.81 -73.39 0.00 86.20 0.00 
[20:43:08.468] [ARM] [78] <0.00 -58.11 -1.45> result: 90.00 103.11 -72.89 0.00 86.01 0.00 
[20:43:08.468] [ARM] [79] <0.00 -59.75 -1.49> result: 90.00 103.42 -72.40 0.00 85.82 0.00 
[20:43:08.468] [ARM] [80] <0.00 -60.00 -1.50> result: 90.00 103.47 -72.32 0.00 85.79 0.00 
[20:43:08.502] [ARM] [81] <0.00 -60.00 -1.50> result: 90.00 103.47 -72.32 0.00 85.79 0.00 
[20:43:08.502] [ARM] [82] <0.00 -60.00 -1.50> result: 90.00 103.47 -72.32 0.00 85.79 0.00 
[20:43:08.502] [ARM] [83] <0.00 -60.00 -1.50> result: 90.00 103.47 -72.32 0.00 85.79 0.00 
[20:43:08.502] [ARM] [84] <0.00 -60.00 -1.50> result: 90.00 103.47 -72.32 0.00 85.79 0.00 
[20:43:08.527] [ARM] [85] <0.00 -60.00 -1.50> result: 90.00 103.47 -72.32 0.00 85.79 0.00 
[20:43:08.527] [ARM] [86] <0.00 -60.00 -1.50> result: 90.00 103.47 -72.32 0.00 85.79 0.00 
[20:43:08.527] [ARM] [87] <0.00 -60.00 -1.50> result: 90.00 103.47 -72.32 0.00 85.79 0.00 
[20:43:08.548] [ARM] [88] <0.00 -60.00 -1.50> result: 90.00 103.47 -72.32 0.00 85.79 0.00 
[20:43:08.548] [ARM] [89] <0.00 -60.00 -1.50> result: 90.00 103.47 -72.32 0.00 85.79 0.00 
[20:43:08.548] [ARM] [90] <0.00 -60.00 -1.50> result: 90.00 103.47 -72.32 0.00 85.79 0.00 
[20:43:08.548] [ARM] [91] <0.00 -60.00 -1.50> result: 90.00 103.47 -72.32 0.00 85.79 0.00 
[20:43:08.570] [ARM] [92] <0.00 -60.00 -1.50> result: 90.00 103.47 -72.32 0.00 85.79 0.00 
[20:43:08.570] [ARM] [93] <0.00 -60.00 -1.50> result: 90.00 103.47 -72.32 0.00 85.79 0.00 
[20:43:08.570] [ARM] [94] <0.00 -60.00 -1.50> result: 90.00 103.47 -72.32 0.00 85.79 0.00 
[20:43:08.570] [ARM] [95] <0.00 -60.00 -1.50> result: 90.00 103.47 -72.32 0.00 85.79 0.00 
[20:43:08.593] [ARM] [96] <0.00 -60.00 -1.50> result: 90.00 103.47 -72.32 0.00 85.79 0.00 
[20:43:08.593] [ARM] [97] <0.00 -60.00 -1.50> result: 90.00 103.47 -72.32 0.00 85.79 0.00 
[20:43:08.593] [ARM] [98] <0.00 -60.00 -1.50> result: 90.00 103.47 -72.32 0.00 85.79 0.00 
[20:43:08.616] [ARM] [99] <0.00 -60.00 -1.50> result: 90.00 103.47 -72.32 0.00 85.79 0.00 
[20:43:08.616] [ARM] [100] <0.00 -60.00 -1.50> result: 90.00 103.47 -72.32 0.00 85.79 0.00 
[20:43:08.616] [ARM] [101] <0.00 -60.00 -1.50> result: 90.00 103.47 -72.32 0.00 85.79 0.00 
[20:43:08.616] [ARM] [102] <0.00 -60.00 -1.50> result: 90.00 103.47 -72.32 0.00 85.79 0.00 
[20:43:08.640] [ARM] [103] <0.00 -60.00 -1.50> result: 90.00 103.47 -72.32 0.00 85.79 0.00 
[20:43:08.640] [ARM] [104] <0.00 -60.00 -1.50> result: 90.00 103.47 -72.32 0.00 85.79 0.00 
[20:43:08.640] [ARM] [105] <0.00 -60.00 -1.50> result: 90.00 103.47 -72.32 0.00 85.79 0.00 
[20:43:08.640] [ARM] [106] <0.00 -60.00 -1.50> result: 90.00 103.47 -72.32 0.00 85.79 0.00 
[20:43:08.663] [ARM] [107] <0.00 -60.00 -1.50> result: 90.00 103.47 -72.32 0.00 85.79 0.00 
[20:43:08.663] [ARM] [108] <0.00 -60.00 -1.50> result: 90.00 103.47 -72.32 0.00 85.79 0.00 
[20:43:08.663] [ARM] [109] <0.00 -60.00 -1.50> result: 90.00 103.47 -72.32 0.00 85.79 0.00 
[20:43:08.696] [ARM] [110] <0.00 -60.00 -1.50> result: 90.00 103.47 -72.32 0.00 85.79 0.00 
[20:43:08.696] [ARM] [111] <0.00 -60.00 -1.50> result: 90.00 103.47 -72.32 0.00 85.79 0.00 
[20:43:08.696] [ARM] [112] <0.00 -60.00 -1.50> result: 90.00 103.47 -72.32 0.00 85.79 0.00 
[20:43:08.696] [ARM] [113] <0.00 -60.00 -1.50> result: 90.00 103.47 -72.32 0.00 85.79 0.00 
[20:43:08.720] [ARM] [114] <0.00 -60.00 -1.50> result: 90.00 103.47 -72.32 0.00 85.79 0.00 
[20:43:08.720] [ARM] [115] <0.00 -60.00 -1.50> result: 90.00 103.47 -72.32 0.00 85.79 0.00 
[20:43:08.720] [ARM] [116] <0.00 -60.00 -1.50> result: 90.00 103.47 -72.32 0.00 85.79 0.00 
[20:43:08.742] [ARM] [117] <0.00 -60.00 -1.50> result: 90.00 103.47 -72.32 0.00 85.79 0.00 
[20:43:08.742] [ARM] [118] <0.00 -60.00 -1.50> result: 90.00 103.47 -72.32 0.00 85.79 0.00 
[20:43:08.742] [ARM] [119] <0.00 -60.00 -1.50> result: 90.00 103.47 -72.32 0.00 85.79 0.00 
[20:43:08.743] [ARM] [120] <0.00 -60.00 -1.50> result: 90.00 103.47 -72.32 0.00 85.79 0.00 
[20:43:08.765] [ARM] [121] <0.00 -60.00 -1.50> result: 90.00 103.47 -72.32 0.00 85.79 0.00 
[20:43:08.765] [ARM] [122] <0.00 -60.00 -1.50> result: 90.00 103.47 -72.32 0.00 85.79 0.00 
[20:43:08.765] [ARM] [123] <0.00 -60.00 -1.50> result: 90.00 103.47 -72.32 0.00 85.79 0.00 
[20:43:08.765] [ARM] [124] <0.00 -60.00 -1.50> result: 90.00 103.47 -72.32 0.00 85.79 0.00 
[20:43:08.788] [ARM] [125] <0.00 -60.00 -1.50> result: 90.00 103.47 -72.32 0.00 85.79 0.00 
[20:43:08.788] [ARM] [126] <0.00 -60.00 -1.50> result: 90.00 103.47 -72.32 0.00 85.79 0.00 
[20:43:08.788] [ARM] [127] <0.00 -60.00 -1.50> result: 90.00 103.47 -72.32 0.00 85.79 0.00 
[20:43:08.812] [ARM] [128] <0.00 -60.00 -1.50> result: 90.00 103.47 -72.32 0.00 85.79 0.00 
[20:43:08.812] [ARM] [129] <0.00 -60.00 -1.50> result: 90.00 103.47 -72.32 0.00 85.79 0.00 
[20:43:08.812] [ARM] [130] <0.00 -60.00 -1.50> result: 90.00 103.47 -72.32 0.00 85.79 0.00 
[20:43:08.812] [ARM] [131] <0.00 -60.00 -1.50> result: 90.00 103.47 -72.32 0.00 85.79 0.00 
[20:43:08.835] [ARM] [132] <0.00 -60.00 -1.50> result: 90.00 103.47 -72.32 0.00 85.79 0.00 
[20:43:08.835] [ARM] [133] <0.00 -60.00 -1.50> result: 90.00 103.47 -72.32 0.00 85.79 0.00 
[20:43:08.835] [ARM] [134] <0.00 -60.00 -1.50> result: 90.00 103.47 -72.32 0.00 85.79 0.00 
[20:43:08.868] [ARM] [135] <0.00 -60.00 -1.50> result: 90.00 103.47 -72.32 0.00 85.79 0.00 
[20:43:08.869] [ARM] [136] <0.00 -60.00 -1.50> result: 90.00 103.47 -72.32 0.00 85.79 0.00 
[20:43:08.869] [ARM] [137] <0.00 -60.00 -1.50> result: 90.00 103.47 -72.32 0.00 85.79 0.00 
[20:43:08.869] [ARM] [138] <0.00 -60.00 -1.50> result: 90.00 103.47 -72.32 0.00 85.79 0.00 
[20:43:08.891] [ARM] [139] <0.00 -60.00 -1.50> result: 90.00 103.47 -72.32 0.00 85.79 0.00 
[20:43:08.892] [ARM] [140] <0.00 -60.00 -1.50> result: 90.00 103.47 -72.32 0.00 85.79 0.00 
[20:43:08.892] [ARM] [141] <0.00 -60.00 -1.50> result: 90.00 103.47 -72.32 0.00 85.79 0.00 
[20:43:08.892] [ARM] [142] <0.00 -60.00 -1.50> result: 90.00 103.47 -72.32 0.00 85.79 0.00 
[20:43:08.917] [ARM] [143] <0.00 -60.00 -1.50> result: 90.00 103.47 -72.32 0.00 85.79 0.00 
[20:43:08.917] [ARM] [144] <0.00 -60.00 -1.50> result: 90.00 103.47 -72.32 0.00 85.79 0.00 
[20:43:08.917] [ARM] [145] <0.00 -60.00 -1.50> result: 90.00 103.47 -72.32 0.00 85.79 0.00 
[20:43:08.939] [ARM] [146] <0.00 -60.00 -1.50> result: 90.00 103.47 -72.32 0.00 85.79 0.00 
[20:43:08.939] [ARM] [147] <0.00 -60.00 -1.50> result: 90.00 103.47 -72.32 0.00 85.79 0.00 
[20:43:08.939] [ARM] [148] <0.00 -60.00 -1.50> result: 90.00 103.47 -72.32 0.00 85.79 0.00 
[20:43:08.939] [ARM] [149] <0.00 -60.00 -1.50> result: 90.00 103.47 -72.32 0.00 85.79 0.00 
[20:43:08.961] [ARM] [150] <0.00 -60.00 -1.50> result: 90.00 103.47 -72.32 0.00 85.79 0.00 
[20:43:08.961] [ARM] [151] <0.00 -60.00 -1.50> result: 90.00 103.47 -72.32 0.00 85.79 0.00 
[20:43:08.961] [ARM] [152] <0.00 -60.00 -1.50> result: 90.00 103.47 -72.32 0.00 85.79 0.00 
[20:43:08.983] [ARM] [153] <0.00 -60.00 -1.50> result: 90.00 103.47 -72.32 0.00 85.79 0.00 
[20:43:08.983] [ARM] [154] <0.00 -60.00 -1.50> result: 90.00 103.47 -72.32 0.00 85.79 0.00 
[20:43:08.983] [ARM] [155] <0.00 -60.00 -1.50> result: 90.00 103.47 -72.32 0.00 85.79 0.00 
[20:43:08.983] [ARM] [156] <0.00 -60.00 -1.50> result: 90.00 103.47 -72.32 0.00 85.79 0.00 
[20:43:09.007] [ARM] [157] <0.00 -60.00 -1.50> result: 90.00 103.47 -72.32 0.00 85.79 0.00 
[20:43:09.007] [ARM] [158] <0.00 -60.00 -1.50> result: 90.00 103.47 -72.32 0.00 85.79 0.00 
[20:43:09.007] [ARM] [159] <0.00 -60.00 -1.50> result: 90.00 103.47 -72.32 0.00 85.79 0.00 
[20:43:09.007] [ARM] [160] <0.00 -60.00 -1.50> result: 90.00 103.47 -72.32 0.00 85.79 0.00 
[20:43:09.029] [ARM] [161] <0.00 -60.00 -1.50> result: 90.00 103.47 -72.32 0.00 85.79 0.00 
[20:43:09.029] [ARM] [162] <0.00 -60.00 -1.50> result: 90.00 103.47 -72.32 0.00 85.79 0.00 
[20:43:09.029] [ARM] [163] <0.00 -60.00 -1.50> result: 90.00 103.47 -72.32 0.00 85.79 0.00 
[20:43:09.063] [ARM] [164] <0.00 -60.00 -1.50> result: 90.00 103.47 -72.32 0.00 85.79 0.00 
[20:43:09.063] [ARM] [165] <0.00 -60.00 -1.50> result: 90.00 103.47 -72.32 0.00 85.79 0.00 
[20:43:09.063] [ARM] [166] <0.00 -60.00 -1.50> result: 90.00 103.47 -72.32 0.00 85.79 0.00 
[20:43:09.063] [ARM] [167] <0.00 -60.00 -1.50> result: 90.00 103.47 -72.32 0.00 85.79 0.00 
[20:43:09.086] [ARM] [168] <0.00 -60.00 -1.50> result: 90.00 103.47 -72.32 0.00 85.79 0.00 
[20:43:09.086] [ARM] [169] <0.00 -60.00 -1.50> result: 90.00 103.47 -72.32 0.00 85.79 0.00 
[20:43:09.086] [ARM] [170] <0.00 -60.00 -1.50> result: 90.00 103.47 -72.32 0.00 85.79 0.00 
[20:43:09.110] [ARM] [171] <0.00 -60.00 -1.50> result: 90.00 103.47 -72.32 0.00 85.79 0.00 
[20:43:09.110] [ARM] [172] <0.00 -60.00 -1.50> result: 90.00 103.47 -72.32 0.00 85.79 0.00 
[20:43:09.110] [ARM] [173] <0.00 -60.00 -1.50> result: 90.00 103.47 -72.32 0.00 85.79 0.00 
[20:43:09.110] [ARM] [174] <0.00 -60.00 -1.50> result: 90.00 103.47 -72.32 0.00 85.79 0.00 
[20:43:09.164] [ARM] [175] <0.00 -60.00 -1.50> result: 90.00 103.47 -72.32 0.00 85.79 0.00 
[20:43:09.164] [ARM] [176] <0.00 -60.00 -1.50> result: 90.00 103.47 -72.32 0.00 85.79 0.00 
[20:43:11.035] [ARM] [jpint 1] ave_error:0.00
[20:43:11.035] [ARM] [jpint 2] ave_error:4.00
[20:43:11.035] [ARM] [jpint 3] ave_error:5.57
[20:43:11.035] [ARM] [jpint 4] ave_error:0.00
[20:43:11.035] [ARM] [jpint 5] ave_error:6.11
[20:43:11.035] [ARM] 
[20:43:11.035] [ARM] robot pid run finished!!
[20:43:11.051] [JETSON-RX] CC 01 01 DD
[20:43:11.051] [JETSON-STATUS] READY func=0x01 value=0x01
[20:43:11.051] [JETSON-TX] vision sender enabled: period=0.200s.
[20:43:11.051] [STEP] sending vision sequence (15,-10)/2.0s -> (4,-5)/1.0s -> (0,0)/0.0s, waiting ALIGN_DONE...
[20:43:11.086] [JETSON-TX] vision step 1/3: dcx=15 dcy=-10 hold=2.0s frame=FF 05 03 0F 00 F6 FF 0C FE
[20:43:11.160] [ARM] [JETSON_RX] vision dcx=15 dcy=-10
[20:43:11.160] [ARM] [TARGET] vision state=WAIT_DETECT enabled=1 dcx=15 dcy=-10 stable=0
[20:43:11.344] [ARM] [JETSON_RX] vision dcx=15 dcy=-10
[20:43:11.344] [ARM] [TARGET] vision state=ALIGN enabled=1 dcx=15 dcy=-10 stable=0
[20:43:11.531] [ARM] [JETSON_RX] vision dcx=15 dcy=-10
[20:43:11.531] [ARM] [TARGET] vision state=ALIGN enabled=1 dcx=15 dcy=-10 stable=1
[20:43:11.717] [ARM] [JETSON_RX] vision dcx=15 dcy=-10
[20:43:11.717] [ARM] [TARGET] vision state=ALIGN enabled=1 dcx=15 dcy=-10 stable=2
[20:43:11.765] [JETSON-RX] CC 02 01 DD
[20:43:11.765] [JETSON-STATUS] ALIGN_DONE func=0x02 value=0x01
[20:43:11.765] [PROMPT] 已收到 ALIGN_DONE。确认画面和机械臂位置安全后，按 Enter 进入 P000 发射许可步骤。
[20:43:11.906] [ARM] [JETSON_RX] vision dcx=15 dcy=-10
[20:43:11.906] [ARM] [TARGET] vision state=CONFIRM enabled=1 dcx=15 dcy=-10 stable=3
[20:43:12.156] [ARM] [JETSON_RX] vision dcx=15 dcy=-10
[20:43:12.156] [ARM] [TARGET] vision state=CONFIRM enabled=1 dcx=15 dcy=-10 stable=3
[20:43:12.343] [ARM] [JETSON_RX] vision dcx=15 dcy=-10
[20:43:12.343] [ARM] [TARGET] vision state=CONFIRM enabled=1 dcx=15 dcy=-10 stable=3
[20:43:12.529] [ARM] [JETSON_RX] vision dcx=15 dcy=-10
[20:43:12.529] [ARM] [TARGET] vision state=CONFIRM enabled=1 dcx=15 dcy=-10 stable=3
[20:43:12.638] [PROMPT] Enter received; console logging resumed.
[20:43:12.638] [PROMPT] 请按住 P000 KEY，脚本会自动等待 OUTPUT_ON，不需要再按 Enter。
[20:43:12.638] [STEP] waiting OUTPUT_ON from RA6...
[20:43:12.714] [ARM] [JETSON_RX] vision dcx=15 dcy=-10
[20:43:12.714] [ARM] [TARGET] vision state=CONFIRM enabled=1 dcx=15 dcy=-10 stable=3
[20:43:12.901] [JETSON-RX] CC 03 01 DD
[20:43:12.901] [JETSON-STATUS] OUTPUT_ON func=0x03 value=0x01
[20:43:12.901] [PROMPT] 已进入 OUTPUT。请松开 P000 KEY，脚本会自动等待 OUTPUT_OFF，不需要按 Enter。
[20:43:12.901] [STEP] waiting OUTPUT_OFF from RA6...
[20:43:12.964] [ARM] [JETSON_RX] vision dcx=15 dcy=-10
[20:43:12.964] [ARM] [TARGET] vision state=OUTPUT enabled=1 dcx=15 dcy=-10 stable=3
[20:43:13.091] [JETSON-TX] vision step 2/3: dcx=4 dcy=-5 hold=1.0s frame=FF 05 03 04 00 FB FF 06 FE
[20:43:13.148] [ARM] [JETSON_RX] vision dcx=4 dcy=-5
[20:43:13.148] [ARM] [TARGET] vision state=OUTPUT enabled=1 dcx=4 dcy=-5 stable=3
[20:43:13.334] [ARM] [JETSON_RX] vision dcx=4 dcy=-5
[20:43:13.334] [ARM] [TARGET] vision state=OUTPUT enabled=1 dcx=4 dcy=-5 stable=3
[20:43:13.520] [ARM] [JETSON_RX] vision dcx=4 dcy=-5
[20:43:13.520] [ARM] [TARGET] vision state=OUTPUT enabled=1 dcx=4 dcy=-5 stable=3
[20:43:13.706] [ARM] [JETSON_RX] vision dcx=4 dcy=-5
[20:43:13.706] [ARM] [TARGET] vision state=OUTPUT enabled=1 dcx=4 dcy=-5 stable=3
[20:43:13.956] [ARM] [JETSON_RX] vision dcx=4 dcy=-5
[20:43:13.956] [ARM] [TARGET] vision state=OUTPUT enabled=1 dcx=4 dcy=-5 stable=3
[20:43:14.094] [JETSON-TX] vision step 3/3: dcx=0 dcy=0 hold=0.0s frame=FF 05 03 00 00 00 00 08 FE
[20:43:14.143] [ARM] [JETSON_RX] vision dcx=0 dcy=0
[20:43:14.143] [ARM] [TARGET] vision state=OUTPUT enabled=1 dcx=0 dcy=0 stable=3
[20:43:14.329] [ARM] [JETSON_RX] vision dcx=0 dcy=0
[20:43:14.329] [ARM] [TARGET] vision state=OUTPUT enabled=1 dcx=0 dcy=0 stable=3
[20:43:14.516] [ARM] [JETSON_RX] vision dcx=0 dcy=0
[20:43:14.516] [ARM] [TARGET] vision state=OUTPUT enabled=1 dcx=0 dcy=0 stable=3
[20:43:14.766] [ARM] [JETSON_RX] vision dcx=0 dcy=0
[20:43:14.766] [ARM] [TARGET] vision state=OUTPUT enabled=1 dcx=0 dcy=0 stable=3
[20:43:14.953] [ARM] [JETSON_RX] vision dcx=0 dcy=0
[20:43:14.953] [ARM] [TARGET] vision state=OUTPUT enabled=1 dcx=0 dcy=0 stable=3
[20:43:15.139] [ARM] [JETSON_RX] vision dcx=0 dcy=0
[20:43:15.139] [ARM] [TARGET] vision state=OUTPUT enabled=1 dcx=0 dcy=0 stable=3
[20:43:15.325] [ARM] [JETSON_RX] vision dcx=0 dcy=0
[20:43:15.325] [ARM] [TARGET] vision state=OUTPUT enabled=1 dcx=0 dcy=0 stable=3
[20:43:15.575] [ARM] [JETSON_RX] vision dcx=0 dcy=0
[20:43:15.575] [ARM] [TARGET] vision state=OUTPUT enabled=1 dcx=0 dcy=0 stable=3
[20:43:15.762] [ARM] [JETSON_RX] vision dcx=0 dcy=0
[20:43:15.762] [ARM] [TARGET] vision state=OUTPUT enabled=1 dcx=0 dcy=0 stable=3
[20:43:15.950] [ARM] [JETSON_RX] vision dcx=0 dcy=0
[20:43:15.950] [ARM] [TARGET] vision state=OUTPUT enabled=1 dcx=0 dcy=0 stable=3
[20:43:16.136] [ARM] [JETSON_RX] vision dcx=0 dcy=0
[20:43:16.136] [ARM] [TARGET] vision state=OUTPUT enabled=1 dcx=0 dcy=0 stable=3
[20:43:16.323] [ARM] [JETSON_RX] vision dcx=0 dcy=0
[20:43:16.323] [ARM] [TARGET] vision state=OUTPUT enabled=1 dcx=0 dcy=0 stable=3
[20:43:16.572] [ARM] [JETSON_RX] vision dcx=0 dcy=0
[20:43:16.572] [ARM] [TARGET] vision state=OUTPUT enabled=1 dcx=0 dcy=0 stable=3
[20:43:16.759] [ARM] [JETSON_RX] vision dcx=0 dcy=0
[20:43:16.759] [ARM] [TARGET] vision state=OUTPUT enabled=1 dcx=0 dcy=0 stable=3
[20:43:16.946] [ARM] [JETSON_RX] vision dcx=0 dcy=0
[20:43:16.946] [ARM] [TARGET] vision state=OUTPUT enabled=1 dcx=0 dcy=0 stable=3
[20:43:17.132] [ARM] [JETSON_RX] vision dcx=0 dcy=0
[20:43:17.132] [ARM] [TARGET] vision state=OUTPUT enabled=1 dcx=0 dcy=0 stable=3
[20:43:17.380] [ARM] [JETSON_RX] vision dcx=0 dcy=0
[20:43:17.380] [ARM] [TARGET] vision state=OUTPUT enabled=1 dcx=0 dcy=0 stable=3
[20:43:17.569] [ARM] [JETSON_RX] vision dcx=0 dcy=0
[20:43:17.569] [ARM] [TARGET] vision state=OUTPUT enabled=1 dcx=0 dcy=0 stable=3
[20:43:17.740] [JETSON-RX] CC 03 00 DD
[20:43:17.740] [JETSON-STATUS] OUTPUT_OFF func=0x03 value=0x00
[20:43:17.740] [JETSON-TX] vision sender disabled after 34 frames.
[20:43:17.740] [JETSON-TX] TARGET_CTRL STOP: AA 01 00 BB
[20:43:17.755] [ARM] [JETSON_RX] vision dcx=0 dcy=0
[20:43:17.755] [ARM] [TARGET] vision state=WAIT_DETECT enabled=1 dcx=0 dcy=0 stable=0
[20:43:17.755] [ARM] [JETSON_RX] target_ctrl=0
[20:43:17.803] [JETSON-RX] CC 04 00 DD
[20:43:17.803] [JETSON-STATUS] TARGET_CTRL_OFF func=0x04 value=0x00
[20:43:18.003] [ARM-TX] laser_off
[20:43:18.067] [ARM] Found handler for 'laser_off', executing...
[20:43:18.067] [ARM] laser_off
[20:43:18.204] [STEP] final soft_reset to HOME...
[20:43:18.204] [ARM-TX] soft_reset
[20:43:18.254] [ARM] Found handler for 'soft_reset', executing...
[20:43:18.254] [ARM] ROBOT_SOFT_RESET_EVENT
[20:43:18.254] [ARM] --- Starting soft reset ---
[20:43:18.442] [ARM] Soft reset motors enabled (J1~J5, J6 skipped).
[20:43:18.442] [ARM] Soft resetting joint 4...
[20:43:18.505] [ARM] robot_update_current_angle 4...
[20:43:18.505] [ARM] [4] current:82.57, target:90.00, dir:1
[20:43:19.315] [ARM] Soft resetting joint 3...
[20:43:19.378] [ARM] robot_update_current_angle 3...
[20:43:19.378] [ARM] [3] current:-0.00, target:0.00, dir:1
[20:43:19.502] [ARM] Soft resetting joint 1...
[20:43:19.502] [ARM] robot_update_current_angle 1...
[20:43:19.502] [ARM] [1] current:113.22, target:90.00, dir:-1
[20:43:21.306] [ARM] soft reset joint 1 settle timeout, keep going
[20:43:21.306] [ARM] Soft resetting joint 2...
[20:43:21.306] [ARM] robot_update_current_angle 2...
[20:43:21.306] [ARM] [2] current:-57.04, target:-90.00, dir:-1
[20:43:23.357] [ARM] soft reset joint 2 settle timeout, keep going
[20:43:23.357] [ARM] Soft resetting joint 0...
[20:43:23.357] [ARM] robot_update_current_angle 0...
[20:43:23.357] [ARM] [0] current:90.00, target:90.00, dir:1
[20:43:23.482] [ARM] soft reset verify not pass, start refine loop...
[20:43:23.544] [ARM] soft reset refine joint 2 round 1: cur=-86.48 target=-90.00 err=3.52 dir=-1
[20:43:24.475] [ARM] soft reset refine pass 1 success.
[20:43:24.475] [ARM] soft reset final verify PASS (issues:2), pose set HOME.
[20:43:24.475] [DONE] final soft_reset PASS; robot returned HOME.
[20:43:24.475] [DONE] OUTPUT_OFF received; target disabled; demo sequence complete.
[20:43:24.475] [JETSON-TX] TARGET_CTRL STOP: AA 01 00 BB
[20:43:24.475] [ARM-TX] laser_off
[20:43:24.537] [ARM] Found handler for 'laser_off', executing...
[20:43:24.537] [ARM] laser_off
[20:43:24.537] [ARM] [JETSON_RX] target_ctrl=0
[20:43:24.552] [JETSON-RX] CC 04 00 DD
[20:43:24.552] [JETSON-STATUS] TARGET_CTRL_OFF func=0x04 value=0x00
[20:43:24.680] [INFO] ports closed.
