[20:24:23.628] [INFO] log file: E:\Renesas\RA6M5-Robot\Robot_FreeRTOS - Arm\DEBUG\target_state_demo_20260630_202423.log
[20:24:23.628] [INFO] ARM=COM7 JETSON=COM14 baud=115200
[20:24:23.628] [INFO] start frame: AA 01 01 BB
[20:24:23.629] [INFO] stop frame: AA 01 00 BB
[20:24:23.629] [INFO] vision sequence: (120,-70)/2.0s -> (60,-35)/2.0s -> (20,-10)/1.0s -> (0,0)/0.0s
[20:24:24.134] [JETSON-TX] TARGET_CTRL STOP: AA 01 00 BB
[20:24:24.180] [ARM] [JETSON_RX] target_ctrl=0
[20:24:24.211] [JETSON-RX] CC 04 00 DD
[20:24:24.211] [JETSON-STATUS] TARGET_CTRL_OFF func=0x04 value=0x00
[20:24:24.411] [ARM-TX] laser_off
[20:24:24.427] [ARM] Found handler for 'laser_off', executing...
[20:24:24.428] [ARM] laser_off
[20:24:24.612] [ARM-TX] soft_reset
[20:24:24.669] [ARM] Found handler for 'soft_reset', executing...
[20:24:24.669] [ARM] ROBOT_SOFT_RESET_EVENT
[20:24:24.669] [ARM] --- Starting soft reset ---
[20:24:24.854] [ARM] Soft reset motors enabled (J1~J5, J6 skipped).
[20:24:24.854] [ARM] Soft resetting joint 4...
[20:24:24.916] [ARM] robot_update_current_angle 4...
[20:24:24.916] [ARM] [4] current:90.00, target:90.00, dir:1
[20:24:25.038] [ARM] Soft resetting joint 3...
[20:24:25.038] [ARM] robot_update_current_angle 3...
[20:24:25.038] [ARM] [3] current:-0.00, target:0.00, dir:1
[20:24:25.160] [ARM] Soft resetting joint 1...
[20:24:25.160] [ARM] robot_update_current_angle 1...
[20:24:25.160] [ARM] [1] current:90.00, target:90.00, dir:-1
[20:24:25.285] [ARM] Soft resetting joint 2...
[20:24:25.347] [ARM] robot_update_current_angle 2...
[20:24:25.347] [ARM] [2] current:-90.00, target:-90.00, dir:-1
[20:24:25.471] [ARM] Soft resetting joint 0...
[20:24:25.471] [ARM] robot_update_current_angle 0...
[20:24:25.471] [ARM] [0] current:90.00, target:90.00, dir:1
[20:24:25.716] [ARM] soft reset final verify PASS (issues:0), pose set HOME.
[20:24:25.716] [JETSON-TX] TARGET_CTRL START: AA 01 01 BB
[20:24:25.765] [ARM] [JETSON_RX] target_ctrl=1
[20:24:25.765] [ARM] ROBOT_AUTO_EVENT
[20:24:25.765] [ARM] [0] <0.00 0.00 0.00> result: 90.00 90.00 -90.00 0.00 90.00 0.00 
[20:24:25.765] [ARM] [1] <0.00 -0.00 -0.00> result: 90.00 90.00 -90.00 0.00 90.00 0.00 
[20:24:25.765] [ARM] [2] <0.00 -0.00 -0.00> result: 90.00 90.00 -90.00 0.00 90.00 0.00 
[20:24:25.783] [ARM] [3] <0.00 -0.01 -0.00> result: 90.00 90.00 -90.00 0.00 90.00 0.00 
[20:24:25.783] [ARM] [4] <0.00 -0.02 -0.00> result: 90.00 90.01 -90.00 0.00 90.00 0.00 
[20:24:25.783] [ARM] [5] <0.00 -0.03 -0.00> result: 90.00 90.01 -89.99 0.00 90.00 0.00 
[20:24:25.783] [ARM] [6] <0.00 -0.05 -0.00> result: 90.00 90.02 -89.99 0.00 90.00 0.00 
[20:24:25.793] [JETSON-RX] CC 04 01 DD
[20:24:25.793] [JETSON-STATUS] TARGET_CTRL_ON func=0x04 value=0x01
[20:24:25.793] [STEP] waiting READY from RA6...
[20:24:25.807] [ARM] [7] <0.00 -0.07 -0.00> result: 90.00 90.02 -89.98 0.00 90.00 0.00 
[20:24:25.807] [ARM] [8] <0.00 -0.11 -0.00> result: 90.00 90.03 -89.97 0.00 90.00 0.00 
[20:24:25.807] [ARM] [9] <0.00 -0.15 -0.00> result: 90.00 90.05 -89.96 0.00 90.00 0.00 
[20:24:25.829] [ARM] [10] <0.00 -0.20 -0.01> result: 90.00 90.06 -89.94 0.00 90.01 0.00 
[20:24:25.829] [ARM] [11] <0.00 -0.27 -0.01> result: 90.00 90.08 -89.92 0.00 90.01 0.00 
[20:24:25.829] [ARM] [12] <0.00 -0.34 -0.01> result: 90.00 90.11 -89.90 0.00 90.01 0.00 
[20:24:25.829] [ARM] [13] <0.00 -0.43 -0.01> result: 90.00 90.14 -89.88 0.00 90.01 0.00 
[20:24:25.853] [ARM] [14] <0.00 -0.54 -0.01> result: 90.00 90.17 -89.85 0.00 90.02 0.00 
[20:24:25.853] [ARM] [15] <0.00 -0.65 -0.02> result: 90.00 90.20 -89.81 0.00 90.02 0.00 
[20:24:25.853] [ARM] [16] <0.00 -0.79 -0.02> result: 90.00 90.25 -89.78 0.00 90.02 0.00 
[20:24:25.853] [ARM] [17] <0.00 -0.94 -0.02> result: 90.00 90.29 -89.73 0.00 90.03 0.00 
[20:24:25.875] [ARM] [18] <0.00 -1.10 -0.03> result: 90.00 90.34 -89.69 0.00 90.03 0.00 
[20:24:25.875] [ARM] [19] <0.00 -1.29 -0.03> result: 90.00 90.40 -89.63 0.00 90.03 0.00 
[20:24:25.875] [ARM] [20] <0.00 -1.49 -0.04> result: 90.00 90.46 -89.57 0.00 90.04 0.00 
[20:24:25.875] [ARM] [21] <0.00 -1.72 -0.04> result: 90.00 90.53 -89.51 0.00 90.04 0.00 
[20:24:25.898] [ARM] [22] <0.00 -1.97 -0.05> result: 90.00 90.61 -89.44 0.00 90.05 0.00 
[20:24:25.898] [ARM] [23] <0.00 -2.23 -0.06> result: 90.00 90.69 -89.36 0.00 90.05 0.00 
[20:24:25.898] [ARM] [24] <0.00 -2.52 -0.06> result: 90.00 90.77 -89.28 0.00 90.05 0.00 
[20:24:25.932] [ARM] [25] <0.00 -2.84 -0.07> result: 90.00 90.87 -89.19 0.00 90.06 0.00 
[20:24:25.932] [ARM] [26] <0.00 -3.17 -0.08> result: 90.00 90.97 -89.10 0.00 90.06 0.00 
[20:24:25.932] [ARM] [27] <0.00 -3.53 -0.09> result: 90.00 91.07 -88.99 0.00 90.06 0.00 
[20:24:25.932] [ARM] [28] <0.00 -3.92 -0.10> result: 90.00 91.18 -88.88 0.00 90.07 0.00 
[20:24:25.955] [ARM] [29] <0.00 -4.33 -0.11> result: 90.00 91.30 -88.76 0.00 90.07 0.00 
[20:24:25.955] [ARM] [30] <0.00 -4.77 -0.12> result: 90.00 91.43 -88.64 0.00 90.07 0.00 
[20:24:25.955] [ARM] [31] <0.00 -5.23 -0.13> result: 90.00 91.56 -88.51 0.00 90.07 0.00 
[20:24:25.955] [ARM] [32] <0.00 -5.72 -0.14> result: 90.00 91.70 -88.37 0.00 90.07 0.00 
[20:24:25.979] [ARM] [33] <0.00 -6.24 -0.16> result: 90.00 91.85 -88.22 0.00 90.06 0.00 
[20:24:25.979] [ARM] [34] <0.00 -6.79 -0.17> result: 90.00 92.00 -88.06 0.00 90.06 0.00 
[20:24:25.979] [ARM] [35] <0.00 -7.36 -0.18> result: 90.00 92.16 -87.89 0.00 90.05 0.00 
[20:24:25.979] [ARM] [36] <0.00 -7.96 -0.20> result: 90.00 92.32 -87.72 0.00 90.04 0.00 
[20:24:26.002] [ARM] [37] <0.00 -8.60 -0.21> result: 90.00 92.49 -87.54 0.00 90.03 0.00 
[20:24:26.002] [ARM] [38] <0.00 -9.26 -0.23> result: 90.00 92.67 -87.35 0.00 90.02 0.00 
[20:24:26.002] [ARM] [39] <0.00 -9.95 -0.25> result: 90.00 92.85 -87.15 0.00 90.00 0.00 
[20:24:26.026] [ARM] [40] <0.00 -10.67 -0.27> result: 90.00 93.04 -86.94 0.00 89.98 0.00 
[20:24:26.026] [ARM] [41] <0.00 -11.42 -0.29> result: 90.00 93.24 -86.72 0.00 89.96 0.00 
[20:24:26.026] [ARM] [42] <0.00 -12.20 -0.30> result: 90.00 93.44 -86.50 0.00 89.93 0.00 
[20:24:26.026] [ARM] [43] <0.00 -13.01 -0.33> result: 90.00 93.64 -86.26 0.00 89.91 0.00 
[20:24:26.048] [ARM] [44] <0.00 -13.85 -0.35> result: 90.00 93.85 -86.02 0.00 89.87 0.00 
[20:24:26.048] [ARM] [45] <0.00 -14.72 -0.37> result: 90.00 94.07 -85.77 0.00 89.84 0.00 
[20:24:26.048] [ARM] [46] <0.00 -15.62 -0.39> result: 90.00 94.29 -85.51 0.00 89.80 0.00 
[20:24:26.048] [ARM] [47] <0.00 -16.55 -0.41> result: 90.00 94.52 -85.24 0.00 89.75 0.00 
[20:24:26.073] [ARM] [48] <0.00 -17.51 -0.44> result: 90.00 94.75 -84.96 0.00 89.70 0.00 
[20:24:26.073] [ARM] [49] <0.00 -18.49 -0.46> result: 90.00 94.98 -84.67 0.00 89.65 0.00 
[20:24:26.073] [ARM] [50] <0.00 -19.51 -0.49> result: 90.00 95.22 -84.37 0.00 89.59 0.00 
[20:24:26.073] [ARM] [51] <0.00 -20.56 -0.51> result: 90.00 95.47 -84.06 0.00 89.53 0.00 
[20:24:26.093] [ARM] [52] <0.00 -21.64 -0.54> result: 90.00 95.71 -83.75 0.00 89.46 0.00 
[20:24:26.093] [ARM] [53] <0.00 -22.74 -0.57> result: 90.00 95.97 -83.43 0.00 89.39 0.00 
[20:24:26.093] [ARM] [54] <0.00 -23.88 -0.60> result: 90.00 96.22 -83.09 0.00 89.32 0.00 
[20:24:26.127] [ARM] [55] <0.00 -25.04 -0.63> result: 90.00 96.48 -82.75 0.00 89.23 0.00 
[20:24:26.127] [ARM] [56] <0.00 -26.23 -0.66> result: 90.00 96.74 -82.40 0.00 89.15 0.00 
[20:24:26.127] [ARM] [57] <0.00 -27.44 -0.69> result: 90.00 97.01 -82.05 0.00 89.06 0.00 
[20:24:26.127] [ARM] [58] <0.00 -28.68 -0.72> result: 90.00 97.28 -81.68 0.00 88.96 0.00 
[20:24:26.150] [ARM] [59] <0.00 -29.95 -0.75> result: 90.00 97.55 -81.31 0.00 88.86 0.00 
[20:24:26.150] [ARM] [60] <0.00 -31.25 -0.78> result: 90.00 97.83 -80.92 0.00 88.75 0.00 
[20:24:26.150] [ARM] [61] <0.00 -32.57 -0.81> result: 90.00 98.10 -80.53 0.00 88.64 0.00 
[20:24:26.150] [ARM] [62] <0.00 -33.91 -0.85> result: 90.00 98.39 -80.14 0.00 88.52 0.00 
[20:24:26.175] [ARM] [63] <0.00 -35.28 -0.88> result: 90.00 98.67 -79.73 0.00 88.40 0.00 
[20:24:26.175] [ARM] [64] <0.00 -36.67 -0.92> result: 90.00 98.95 -79.32 0.00 88.27 0.00 
[20:24:26.175] [ARM] [65] <0.00 -38.08 -0.95> result: 90.00 99.24 -78.90 0.00 88.14 0.00 
[20:24:26.196] [ARM] [66] <0.00 -39.51 -0.99> result: 90.00 99.53 -78.47 0.00 88.00 0.00 
[20:24:26.197] [ARM] [67] <0.00 -40.97 -1.02> result: 90.00 99.82 -78.04 0.00 87.86 0.00 
[20:24:26.197] [ARM] [68] <0.00 -42.44 -1.06> result: 90.00 100.11 -77.60 0.00 87.71 0.00 
[20:24:26.197] [ARM] [69] <0.00 -43.94 -1.10> result: 90.00 100.41 -77.15 0.00 87.56 0.00 
[20:24:26.220] [ARM] [70] <0.00 -45.45 -1.14> result: 90.00 100.70 -76.70 0.00 87.41 0.00 
[20:24:26.220] [ARM] [71] <0.00 -46.98 -1.17> result: 90.00 101.00 -76.24 0.00 87.25 0.00 
[20:24:26.220] [ARM] [72] <0.00 -48.53 -1.21> result: 90.00 101.30 -75.78 0.00 87.08 0.00 
[20:24:26.220] [ARM] [73] <0.00 -50.09 -1.25> result: 90.00 101.60 -75.31 0.00 86.91 0.00 
[20:24:26.242] [ARM] [74] <0.00 -51.67 -1.29> result: 90.00 101.90 -74.84 0.00 86.74 0.00 
[20:24:26.242] [ARM] [75] <0.00 -53.26 -1.33> result: 90.00 102.20 -74.36 0.00 86.56 0.00 
[20:24:26.242] [ARM] [76] <0.00 -54.86 -1.37> result: 90.00 102.51 -73.87 0.00 86.38 0.00 
[20:24:26.264] [ARM] [77] <0.00 -56.48 -1.41> result: 90.00 102.81 -73.39 0.00 86.20 0.00 
[20:24:26.264] [ARM] [78] <0.00 -58.11 -1.45> result: 90.00 103.11 -72.89 0.00 86.01 0.00 
[20:24:26.264] [ARM] [79] <0.00 -59.75 -1.49> result: 90.00 103.42 -72.40 0.00 85.82 0.00 
[20:24:26.264] [ARM] [80] <0.00 -60.00 -1.50> result: 90.00 103.47 -72.32 0.00 85.79 0.00 
[20:24:26.300] [ARM] [81] <0.00 -60.00 -1.50> result: 90.00 103.47 -72.32 0.00 85.79 0.00 
[20:24:26.300] [ARM] [82] <0.00 -60.00 -1.50> result: 90.00 103.47 -72.32 0.00 85.79 0.00 
[20:24:26.300] [ARM] [83] <0.00 -60.00 -1.50> result: 90.00 103.47 -72.32 0.00 85.79 0.00 
[20:24:26.300] [ARM] [84] <0.00 -60.00 -1.50> result: 90.00 103.47 -72.32 0.00 85.79 0.00 
[20:24:26.322] [ARM] [85] <0.00 -60.00 -1.50> result: 90.00 103.47 -72.32 0.00 85.79 0.00 
[20:24:26.322] [ARM] [86] <0.00 -60.00 -1.50> result: 90.00 103.47 -72.32 0.00 85.79 0.00 
[20:24:26.322] [ARM] [87] <0.00 -60.00 -1.50> result: 90.00 103.47 -72.32 0.00 85.79 0.00 
[20:24:26.346] [ARM] [88] <0.00 -60.00 -1.50> result: 90.00 103.47 -72.32 0.00 85.79 0.00 
[20:24:26.346] [ARM] [89] <0.00 -60.00 -1.50> result: 90.00 103.47 -72.32 0.00 85.79 0.00 
[20:24:26.346] [ARM] [90] <0.00 -60.00 -1.50> result: 90.00 103.47 -72.32 0.00 85.79 0.00 
[20:24:26.346] [ARM] [91] <0.00 -60.00 -1.50> result: 90.00 103.47 -72.32 0.00 85.79 0.00 
[20:24:26.368] [ARM] [92] <0.00 -60.00 -1.50> result: 90.00 103.47 -72.32 0.00 85.79 0.00 
[20:24:26.368] [ARM] [93] <0.00 -60.00 -1.50> result: 90.00 103.47 -72.32 0.00 85.79 0.00 
[20:24:26.368] [ARM] [94] <0.00 -60.00 -1.50> result: 90.00 103.47 -72.32 0.00 85.79 0.00 
[20:24:26.368] [ARM] [95] <0.00 -60.00 -1.50> result: 90.00 103.47 -72.32 0.00 85.79 0.00 
[20:24:26.391] [ARM] [96] <0.00 -60.00 -1.50> result: 90.00 103.47 -72.32 0.00 85.79 0.00 
[20:24:26.391] [ARM] [97] <0.00 -60.00 -1.50> result: 90.00 103.47 -72.32 0.00 85.79 0.00 
[20:24:26.391] [ARM] [98] <0.00 -60.00 -1.50> result: 90.00 103.47 -72.32 0.00 85.79 0.00 
[20:24:26.414] [ARM] [99] <0.00 -60.00 -1.50> result: 90.00 103.47 -72.32 0.00 85.79 0.00 
[20:24:26.414] [ARM] [100] <0.00 -60.00 -1.50> result: 90.00 103.47 -72.32 0.00 85.79 0.00 
[20:24:26.414] [ARM] [101] <0.00 -60.00 -1.50> result: 90.00 103.47 -72.32 0.00 85.79 0.00 
[20:24:26.414] [ARM] [102] <0.00 -60.00 -1.50> result: 90.00 103.47 -72.32 0.00 85.79 0.00 
[20:24:26.437] [ARM] [103] <0.00 -60.00 -1.50> result: 90.00 103.47 -72.32 0.00 85.79 0.00 
[20:24:26.437] [ARM] [104] <0.00 -60.00 -1.50> result: 90.00 103.47 -72.32 0.00 85.79 0.00 
[20:24:26.437] [ARM] [105] <0.00 -60.00 -1.50> result: 90.00 103.47 -72.32 0.00 85.79 0.00 
[20:24:26.437] [ARM] [106] <0.00 -60.00 -1.50> result: 90.00 103.47 -72.32 0.00 85.79 0.00 
[20:24:26.459] [ARM] [107] <0.00 -60.00 -1.50> result: 90.00 103.47 -72.32 0.00 85.79 0.00 
[20:24:26.460] [ARM] [108] <0.00 -60.00 -1.50> result: 90.00 103.47 -72.32 0.00 85.79 0.00 
[20:24:26.460] [ARM] [109] <0.00 -60.00 -1.50> result: 90.00 103.47 -72.32 0.00 85.79 0.00 
[20:24:26.494] [ARM] [110] <0.00 -60.00 -1.50> result: 90.00 103.47 -72.32 0.00 85.79 0.00 
[20:24:26.495] [ARM] [111] <0.00 -60.00 -1.50> result: 90.00 103.47 -72.32 0.00 85.79 0.00 
[20:24:26.495] [ARM] [112] <0.00 -60.00 -1.50> result: 90.00 103.47 -72.32 0.00 85.79 0.00 
[20:24:26.495] [ARM] [113] <0.00 -60.00 -1.50> result: 90.00 103.47 -72.32 0.00 85.79 0.00 
[20:24:26.517] [ARM] [114] <0.00 -60.00 -1.50> result: 90.00 103.47 -72.32 0.00 85.79 0.00 
[20:24:26.517] [ARM] [115] <0.00 -60.00 -1.50> result: 90.00 103.47 -72.32 0.00 85.79 0.00 
[20:24:26.517] [ARM] [116] <0.00 -60.00 -1.50> result: 90.00 103.47 -72.32 0.00 85.79 0.00 
[20:24:26.540] [ARM] [117] <0.00 -60.00 -1.50> result: 90.00 103.47 -72.32 0.00 85.79 0.00 
[20:24:26.540] [ARM] [118] <0.00 -60.00 -1.50> result: 90.00 103.47 -72.32 0.00 85.79 0.00 
[20:24:26.541] [ARM] [119] <0.00 -60.00 -1.50> result: 90.00 103.47 -72.32 0.00 85.79 0.00 
[20:24:26.541] [ARM] [120] <0.00 -60.00 -1.50> result: 90.00 103.47 -72.32 0.00 85.79 0.00 
[20:24:26.563] [ARM] [121] <0.00 -60.00 -1.50> result: 90.00 103.47 -72.32 0.00 85.79 0.00 
[20:24:26.563] [ARM] [122] <0.00 -60.00 -1.50> result: 90.00 103.47 -72.32 0.00 85.79 0.00 
[20:24:26.563] [ARM] [123] <0.00 -60.00 -1.50> result: 90.00 103.47 -72.32 0.00 85.79 0.00 
[20:24:26.563] [ARM] [124] <0.00 -60.00 -1.50> result: 90.00 103.47 -72.32 0.00 85.79 0.00 
[20:24:26.586] [ARM] [125] <0.00 -60.00 -1.50> result: 90.00 103.47 -72.32 0.00 85.79 0.00 
[20:24:26.587] [ARM] [126] <0.00 -60.00 -1.50> result: 90.00 103.47 -72.32 0.00 85.79 0.00 
[20:24:26.587] [ARM] [127] <0.00 -60.00 -1.50> result: 90.00 103.47 -72.32 0.00 85.79 0.00 
[20:24:26.610] [ARM] [128] <0.00 -60.00 -1.50> result: 90.00 103.47 -72.32 0.00 85.79 0.00 
[20:24:26.610] [ARM] [129] <0.00 -60.00 -1.50> result: 90.00 103.47 -72.32 0.00 85.79 0.00 
[20:24:26.610] [ARM] [130] <0.00 -60.00 -1.50> result: 90.00 103.47 -72.32 0.00 85.79 0.00 
[20:24:26.610] [ARM] [131] <0.00 -60.00 -1.50> result: 90.00 103.47 -72.32 0.00 85.79 0.00 
[20:24:26.633] [ARM] [132] <0.00 -60.00 -1.50> result: 90.00 103.47 -72.32 0.00 85.79 0.00 
[20:24:26.633] [ARM] [133] <0.00 -60.00 -1.50> result: 90.00 103.47 -72.32 0.00 85.79 0.00 
[20:24:26.633] [ARM] [134] <0.00 -60.00 -1.50> result: 90.00 103.47 -72.32 0.00 85.79 0.00 
[20:24:26.666] [ARM] [135] <0.00 -60.00 -1.50> result: 90.00 103.47 -72.32 0.00 85.79 0.00 
[20:24:26.666] [ARM] [136] <0.00 -60.00 -1.50> result: 90.00 103.47 -72.32 0.00 85.79 0.00 
[20:24:26.666] [ARM] [137] <0.00 -60.00 -1.50> result: 90.00 103.47 -72.32 0.00 85.79 0.00 
[20:24:26.666] [ARM] [138] <0.00 -60.00 -1.50> result: 90.00 103.47 -72.32 0.00 85.79 0.00 
[20:24:26.690] [ARM] [139] <0.00 -60.00 -1.50> result: 90.00 103.47 -72.32 0.00 85.79 0.00 
[20:24:26.690] [ARM] [140] <0.00 -60.00 -1.50> result: 90.00 103.47 -72.32 0.00 85.79 0.00 
[20:24:26.690] [ARM] [141] <0.00 -60.00 -1.50> result: 90.00 103.47 -72.32 0.00 85.79 0.00 
[20:24:26.690] [ARM] [142] <0.00 -60.00 -1.50> result: 90.00 103.47 -72.32 0.00 85.79 0.00 
[20:24:26.712] [ARM] [143] <0.00 -60.00 -1.50> result: 90.00 103.47 -72.32 0.00 85.79 0.00 
[20:24:26.713] [ARM] [144] <0.00 -60.00 -1.50> result: 90.00 103.47 -72.32 0.00 85.79 0.00 
[20:24:26.713] [ARM] [145] <0.00 -60.00 -1.50> result: 90.00 103.47 -72.32 0.00 85.79 0.00 
[20:24:26.738] [ARM] [146] <0.00 -60.00 -1.50> result: 90.00 103.47 -72.32 0.00 85.79 0.00 
[20:24:26.738] [ARM] [147] <0.00 -60.00 -1.50> result: 90.00 103.47 -72.32 0.00 85.79 0.00 
[20:24:26.738] [ARM] [148] <0.00 -60.00 -1.50> result: 90.00 103.47 -72.32 0.00 85.79 0.00 
[20:24:26.738] [ARM] [149] <0.00 -60.00 -1.50> result: 90.00 103.47 -72.32 0.00 85.79 0.00 
[20:24:26.758] [ARM] [150] <0.00 -60.00 -1.50> result: 90.00 103.47 -72.32 0.00 85.79 0.00 
[20:24:26.758] [ARM] [151] <0.00 -60.00 -1.50> result: 90.00 103.47 -72.32 0.00 85.79 0.00 
[20:24:26.758] [ARM] [152] <0.00 -60.00 -1.50> result: 90.00 103.47 -72.32 0.00 85.79 0.00 
[20:24:26.781] [ARM] [153] <0.00 -60.00 -1.50> result: 90.00 103.47 -72.32 0.00 85.79 0.00 
[20:24:26.782] [ARM] [154] <0.00 -60.00 -1.50> result: 90.00 103.47 -72.32 0.00 85.79 0.00 
[20:24:26.782] [ARM] [155] <0.00 -60.00 -1.50> result: 90.00 103.47 -72.32 0.00 85.79 0.00 
[20:24:26.782] [ARM] [156] <0.00 -60.00 -1.50> result: 90.00 103.47 -72.32 0.00 85.79 0.00 
[20:24:26.803] [ARM] [157] <0.00 -60.00 -1.50> result: 90.00 103.47 -72.32 0.00 85.79 0.00 
[20:24:26.804] [ARM] [158] <0.00 -60.00 -1.50> result: 90.00 103.47 -72.32 0.00 85.79 0.00 
[20:24:26.804] [ARM] [159] <0.00 -60.00 -1.50> result: 90.00 103.47 -72.32 0.00 85.79 0.00 
[20:24:26.804] [ARM] [160] <0.00 -60.00 -1.50> result: 90.00 103.47 -72.32 0.00 85.79 0.00 
[20:24:26.826] [ARM] [161] <0.00 -60.00 -1.50> result: 90.00 103.47 -72.32 0.00 85.79 0.00 
[20:24:26.826] [ARM] [162] <0.00 -60.00 -1.50> result: 90.00 103.47 -72.32 0.00 85.79 0.00 
[20:24:26.826] [ARM] [163] <0.00 -60.00 -1.50> result: 90.00 103.47 -72.32 0.00 85.79 0.00 
[20:24:26.861] [ARM] [164] <0.00 -60.00 -1.50> result: 90.00 103.47 -72.32 0.00 85.79 0.00 
[20:24:26.861] [ARM] [165] <0.00 -60.00 -1.50> result: 90.00 103.47 -72.32 0.00 85.79 0.00 
[20:24:26.861] [ARM] [166] <0.00 -60.00 -1.50> result: 90.00 103.47 -72.32 0.00 85.79 0.00 
[20:24:26.861] [ARM] [167] <0.00 -60.00 -1.50> result: 90.00 103.47 -72.32 0.00 85.79 0.00 
[20:24:26.884] [ARM] [168] <0.00 -60.00 -1.50> result: 90.00 103.47 -72.32 0.00 85.79 0.00 
[20:24:26.884] [ARM] [169] <0.00 -60.00 -1.50> result: 90.00 103.47 -72.32 0.00 85.79 0.00 
[20:24:26.884] [ARM] [170] <0.00 -60.00 -1.50> result: 90.00 103.47 -72.32 0.00 85.79 0.00 
[20:24:26.908] [ARM] [171] <0.00 -60.00 -1.50> result: 90.00 103.47 -72.32 0.00 85.79 0.00 
[20:24:26.908] [ARM] [172] <0.00 -60.00 -1.50> result: 90.00 103.47 -72.32 0.00 85.79 0.00 
[20:24:26.908] [ARM] [173] <0.00 -60.00 -1.50> result: 90.00 103.47 -72.32 0.00 85.79 0.00 
[20:24:26.908] [ARM] [174] <0.00 -60.00 -1.50> result: 90.00 103.47 -72.32 0.00 85.79 0.00 
[20:24:26.963] [ARM] [175] <0.00 -60.00 -1.50> result: 90.00 103.47 -72.32 0.00 85.79 0.00 
[20:24:26.963] [ARM] [176] <0.00 -60.00 -1.50> result: 90.00 103.47 -72.32 0.00 85.79 0.00 
[20:24:28.830] [ARM] [jpint 1] ave_error:0.00
[20:24:28.830] [ARM] [jpint 2] ave_error:4.00
[20:24:28.830] [ARM] [jpint 3] ave_error:5.58
[20:24:28.830] [ARM] [jpint 4] ave_error:0.00
[20:24:28.830] [ARM] [jpint 5] ave_error:6.10
[20:24:28.830] [ARM] 
[20:24:28.830] [ARM] robot pid run finished!!
[20:24:28.846] [JETSON-RX] CC 01 01 DD
[20:24:28.846] [JETSON-STATUS] READY func=0x01 value=0x01
[20:24:28.846] [JETSON-TX] vision sender enabled: period=0.200s.
[20:24:28.846] [STEP] sending vision sequence (120,-70)/2.0s -> (60,-35)/2.0s -> (20,-10)/1.0s -> (0,0)/0.0s, waiting ALIGN_DONE...
[20:24:29.043] [JETSON-TX] vision step 1/4: dcx=120 dcy=-70 hold=2.0s frame=FF 05 03 78 00 BA FF 39 FE
[20:24:29.076] [ARM] [JETSON_RX] vision dcx=120 dcy=-70
[20:24:29.076] [ARM] [TARGET] vision state=WAIT_DETECT enabled=1 dcx=120 dcy=-70 stable=0
[20:24:29.103] [ARM] ROBOT_AUTO_EVENT
[20:24:29.104] [ARM] [0] <0.00 -60.00 -1.50> result: 90.00 103.47 -72.32 0.00 85.79 0.00 
[20:24:29.104] [ARM] [1] <0.00 -60.00 -1.50> result: 90.00 103.47 -72.32 -0.00 85.79 0.00 
[20:24:29.104] [ARM] [2] <0.01 -60.00 -1.51> result: 90.00 103.47 -72.32 -0.00 85.79 0.00 
[20:24:29.125] [ARM] [3] <0.02 -60.00 -1.52> result: 90.01 103.48 -72.32 -0.01 85.80 0.00 
[20:24:29.125] [ARM] [4] <0.05 -60.00 -1.55> result: 90.02 103.49 -72.32 -0.02 85.81 0.00 
[20:24:29.126] [ARM] [5] <0.08 -60.00 -1.58> result: 90.04 103.51 -72.32 -0.04 85.83 0.00 
[20:24:29.126] [ARM] [6] <0.14 -60.00 -1.64> result: 90.07 103.54 -72.33 -0.07 85.86 0.00 
[20:24:29.149] [ARM] [7] <0.21 -60.00 -1.71> result: 90.11 103.57 -72.33 -0.11 85.90 0.00 
[20:24:29.149] [ARM] [8] <0.29 -60.00 -1.79> result: 90.16 103.62 -72.33 -0.16 85.95 0.00 
[20:24:29.149] [ARM] [9] <0.40 -60.00 -1.90> result: 90.21 103.67 -72.34 -0.22 86.01 0.00 
[20:24:29.172] [ARM] [10] <0.53 -60.00 -2.03> result: 90.28 103.74 -72.34 -0.28 86.08 0.00 
[20:24:29.172] [ARM] [11] <0.68 -60.00 -2.18> result: 90.36 103.82 -72.35 -0.36 86.16 0.00 
[20:24:29.172] [ARM] [12] <0.86 -60.00 -2.36> result: 90.46 103.90 -72.35 -0.46 86.26 0.00 
[20:24:29.172] [ARM] [13] <1.05 -60.00 -2.55> result: 90.56 104.00 -72.36 -0.56 86.36 0.00 
[20:24:29.195] [ARM] [14] <1.26 -60.00 -2.76> result: 90.67 104.11 -72.37 -0.67 86.48 0.00 
[20:24:29.195] [ARM] [15] <1.49 -60.00 -2.99> result: 90.79 104.23 -72.37 -0.79 86.60 0.00 
[20:24:29.195] [ARM] [16] <1.74 -60.00 -3.24> result: 90.92 104.36 -72.38 -0.93 86.74 0.00 
[20:24:29.217] [ARM] [17] <2.00 -60.00 -3.50> result: 91.06 104.49 -72.39 -1.06 86.88 0.00 
[20:24:29.217] [ARM] [18] <2.27 -60.00 -3.77> result: 91.21 104.63 -72.40 -1.21 87.03 0.00 
[20:24:29.217] [ARM] [19] <2.50 -60.00 -4.00> result: 91.33 104.75 -72.40 -1.33 87.15 0.00 
[20:24:29.217] [ARM] [20] <2.50 -60.00 -4.00> result: 91.33 104.75 -72.40 -1.33 87.15 0.00 
[20:24:29.240] [ARM] [21] <2.50 -60.00 -4.00> result: 91.33 104.75 -72.40 -1.33 87.15 0.00 
[20:24:29.240] [ARM] [22] <2.50 -60.00 -4.00> result: 91.33 104.75 -72.40 -1.33 87.15 0.00 
[20:24:29.240] [ARM] [23] <2.50 -60.00 -4.00> result: 91.33 104.75 -72.40 -1.33 87.15 0.00 
[20:24:29.240] [ARM] [24] <2.50 -60.00 -4.00> result: 91.33 104.75 -72.40 -1.33 87.15 0.00 
[20:24:29.275] [ARM] [25] <2.50 -60.00 -4.00> result: 91.33 104.75 -72.40 -1.33 87.15 0.00 
[20:24:29.275] [ARM] [26] <2.50 -60.00 -4.00> result: 91.33 104.75 -72.40 -1.33 87.15 0.00 
[20:24:29.275] [ARM] [27] <2.50 -60.00 -4.00> result: 91.33 104.75 -72.40 -1.33 87.15 0.00 
[20:24:29.300] [ARM] [28] <2.50 -60.00 -4.00> result: 91.33 104.75 -72.40 -1.33 87.15 0.00 
[20:24:29.300] [ARM] [29] <2.50 -60.00 -4.00> result: 91.33 104.75 -72.40 -1.33 87.15 0.00 
[20:24:29.300] [ARM] [30] <2.50 -60.00 -4.00> result: 91.33 104.75 -72.40 -1.33 87.15 0.00 
[20:24:29.300] [ARM] [31] <2.50 -60.00 -4.00> result: 91.33 104.75 -72.40 -1.33 87.15 0.00 
[20:24:29.322] [ARM] [32] <2.50 -60.00 -4.00> result: 91.33 104.75 -72.40 -1.33 87.15 0.00 
[20:24:29.323] [ARM] [33] <2.50 -60.00 -4.00> result: 91.33 104.75 -72.40 -1.33 87.15 0.00 
[20:24:29.323] [ARM] [34] <2.50 -60.00 -4.00> result: 91.33 104.75 -72.40 -1.33 87.15 0.00 
[20:24:29.349] [ARM] [35] <2.50 -60.00 -4.00> result: 91.33 104.75 -72.40 -1.33 87.15 0.00 
[20:24:29.349] [ARM] [36] <2.50 -60.00 -4.00> result: 91.33 104.75 -72.40 -1.33 87.15 0.00 
[20:24:29.349] [ARM] [37] <2.50 -60.00 -4.00> result: 91.33 104.75 -72.40 -1.33 87.15 0.00 
[20:24:29.349] [ARM] [38] <2.50 -60.00 -4.00> result: 91.33 104.75 -72.40 -1.33 87.15 0.00 
[20:24:29.368] [ARM] [39] <2.50 -60.00 -4.00> result: 91.33 104.75 -72.40 -1.33 87.15 0.00 
[20:24:29.370] [ARM] [40] <2.50 -60.00 -4.00> result: 91.33 104.75 -72.40 -1.33 87.15 0.00 
[20:24:29.370] [ARM] [41] <2.50 -60.00 -4.00> result: 91.33 104.75 -72.40 -1.33 87.15 0.00 
[20:24:29.370] [ARM] [42] <2.50 -60.00 -4.00> result: 91.33 104.75 -72.40 -1.33 87.15 0.00 
[20:24:29.420] [ARM] [43] <2.50 -60.00 -4.00> result: 91.33 104.75 -72.40 -1.33 87.15 0.00 
[20:24:29.420] [ARM] [TARGET] vision state=ALIGN enabled=1 dcx=120 dcy=-70 stable=0
[20:24:29.420] [ARM] [TARGET] align step dx=2.50 dz=-2.50 target=<2.50 -60.00 -4.00>
[20:24:29.484] [ARM] [JETSON_RX] vision dcx=120 dcy=-70
[20:24:29.484] [ARM] [TARGET] vision state=ALIGN enabled=1 dcx=120 dcy=-70 stable=0
[20:24:29.670] [ARM] [TARGET] align step dx=2.50 dz=-2.50 target=<2.50 -60.00 -4.00>
[20:24:29.731] [ARM] [JETSON_RX] vision dcx=120 dcy=-70
[20:24:29.731] [ARM] [TARGET] vision state=ALIGN enabled=1 dcx=120 dcy=-70 stable=0
[20:24:29.912] [ARM] [JETSON_RX] vision dcx=120 dcy=-70
[20:24:29.912] [ARM] [TARGET] vision state=ALIGN enabled=1 dcx=120 dcy=-70 stable=0
[20:24:29.912] [ARM] [TARGET] align step dx=2.50 dz=-2.50 target=<2.50 -60.00 -4.00>
[20:24:29.912] [ARM] [jpint 1] ave_error:0.22
[20:24:29.912] [ARM] [jpint 2] ave_error:8.03
[20:24:29.912] [ARM] [jpint 3] ave_error:13.85
[20:24:29.963] [ARM] [jpint 4] ave_error:0.21
[20:24:29.963] [ARM] [jpint 5] ave_error:2.04
[20:24:29.963] [ARM] 
[20:24:29.963] [ARM] robot pid run finished!!
[20:24:30.027] [ARM] ROBOT_AUTO_EVENT
[20:24:30.027] [ARM] [0] <2.50 -60.00 -4.00> result: 91.33 104.75 -72.40 -1.33 87.15 0.00 
[20:24:30.089] [ARM] [JETSON_RX] vision dcx=120 dcy=-70
[20:24:30.152] [ARM] [TARGET] vision state=ALIGN enabled=1 dcx=120 dcy=-70 stable=0
[20:24:30.152] [ARM] [jpint 1] ave_error:91.29
[20:24:30.152] [ARM] [jpint 2] ave_error:110.79
[20:24:30.152] [ARM] [jpint 3] ave_error:61.79
[20:24:30.152] [ARM] [jpint 4] ave_error:1.34
[20:24:30.152] [ARM] [jpint 5] ave_error:88.06
[20:24:30.152] [ARM] 
[20:24:30.152] [ARM] robot pid run finished!!
[20:24:30.215] [ARM] [TARGET] align step dx=2.50 dz=-2.50 target=<5.00 -60.00 -6.50>
[20:24:30.276] [ARM] ROBOT_AUTO_EVENT
[20:24:30.276] [ARM] [0] <2.50 -60.00 -4.00> result: 91.33 104.75 -72.40 -1.33 87.15 0.00 
[20:24:30.276] [ARM] [JETSON_RX] vision dcx=120 dcy=-70
[20:24:30.276] [ARM] [TARGET] vision state=ALIGN enabled=1 dcx=120 dcy=-70 stable=0
[20:24:30.401] [ARM] [jpint 1] ave_error:91.16
[20:24:30.401] [ARM] [jpint 2] ave_error:110.71
[20:24:30.401] [ARM] [jpint 3] ave_error:61.67
[20:24:30.401] [ARM] [jpint 4] ave_error:1.21
[20:24:30.401] [ARM] [jpint 5] ave_error:87.82
[20:24:30.401] [ARM] 
[20:24:30.401] [ARM] robot pid run finished!!
[20:24:30.463] [ARM] [TARGET] align step dx=2.50 dz=-2.50 target=<5.00 -60.00 -6.50>
[20:24:30.527] [ARM] [JETSON_RX] vision dcx=120 dcy=-70
[20:24:30.527] [ARM] [TARGET] vision state=ALIGN enabled=1 dcx=120 dcy=-70 stable=0
[20:24:30.527] [ARM] ROBOT_AUTO_EVENT
[20:24:30.527] [ARM] [0] <2.50 -60.00 -4.00> result: 91.33 104.75 -72.40 -1.33 87.15 0.00 
[20:24:30.588] [ARM] [jpint 1] ave_error:91.02
[20:24:30.588] [ARM] [jpint 2] ave_error:110.64
[20:24:30.588] [ARM] [jpint 3] ave_error:61.54
[20:24:30.588] [ARM] [jpint 4] ave_error:1.07
[20:24:30.652] [ARM] [jpint 5] ave_error:87.56
[20:24:30.652] [ARM] 
[20:24:30.652] [ARM] robot pid run finished!!
[20:24:30.700] [ARM] [JETSON_RX] vision dcx=120 dcy=-70
[20:24:30.700] [ARM] [TARGET] vision state=ALIGN enabled=1 dcx=120 dcy=-70 stable=0
[20:24:30.700] [ARM] [TARGET] align step dx=2.50 dz=-2.50 target=<5.00 -60.00 -6.50>
[20:24:30.700] [ARM] ROBOT_AUTO_EVENT
[20:24:30.700] [ARM] [0] <2.50 -60.00 -4.00> result: 91.33 104.75 -72.40 -1.33 87.15 0.00 
[20:24:30.722] [ARM] [1] <2.50 -60.00 -4.00> result: 91.33 104.75 -72.40 -1.33 87.16 0.00 
[20:24:30.722] [ARM] [2] <2.51 -60.00 -4.01> result: 91.33 104.76 -72.40 -1.34 87.16 0.00 
[20:24:30.723] [ARM] [3] <2.52 -60.00 -4.02> result: 91.34 104.76 -72.40 -1.34 87.17 0.00 
[20:24:30.757] [ARM] [4] <2.55 -60.00 -4.05> result: 91.35 104.78 -72.40 -1.36 87.18 0.00 
[20:24:30.757] [ARM] [5] <2.58 -60.00 -4.08> result: 91.37 104.79 -72.40 -1.38 87.20 0.00 
[20:24:30.757] [ARM] [6] <2.64 -60.00 -4.14> result: 91.40 104.82 -72.41 -1.40 87.23 0.00 
[20:24:30.757] [ARM] [7] <2.71 -60.00 -4.21> result: 91.44 104.86 -72.41 -1.44 87.27 0.00 
[20:24:30.783] [ARM] [8] <2.79 -60.00 -4.29> result: 91.49 104.90 -72.41 -1.49 87.31 0.00 
[20:24:30.783] [ARM] [9] <2.90 -60.00 -4.40> result: 91.55 104.96 -72.41 -1.55 87.37 0.00 
[20:24:30.783] [ARM] [10] <3.03 -60.00 -4.53> result: 91.61 105.03 -72.41 -1.62 87.44 0.00 
[20:24:30.783] [ARM] [11] <3.18 -60.00 -4.68> result: 91.69 105.11 -72.42 -1.70 87.53 0.00 
[20:24:30.803] [ARM] [12] <3.36 -60.00 -4.86> result: 91.79 105.20 -72.42 -1.79 87.62 0.00 
[20:24:30.803] [ARM] [13] <3.55 -60.00 -5.05> result: 91.89 105.30 -72.43 -1.89 87.72 0.00 
[20:24:30.803] [ARM] [14] <3.76 -60.00 -5.26> result: 92.00 105.41 -72.43 -2.00 87.84 0.00 
[20:24:30.827] [ARM] [15] <3.99 -60.00 -5.49> result: 92.12 105.53 -72.43 -2.12 87.96 0.00 
[20:24:30.827] [ARM] [16] <4.24 -60.00 -5.74> result: 92.25 105.66 -72.44 -2.26 88.10 0.00 
[20:24:30.827] [ARM] [17] <4.50 -60.00 -6.00> result: 92.39 105.79 -72.44 -2.39 88.24 0.00 
[20:24:30.827] [ARM] [18] <4.77 -60.00 -6.27> result: 92.54 105.94 -72.45 -2.54 88.38 0.00 
[20:24:30.847] [JETSON-TX] vision step 2/4: dcx=60 dcy=-35 hold=2.0s frame=FF 05 03 3C 00 DD FF 20 FE
[20:24:30.850] [ARM] [19] <5.00 -60.00 -6.50> result: 92.66 106.06 -72.45 -2.66 88.51 0.00 
[20:24:30.851] [ARM] [20] <5.00 -60.00 -6.50> result: 92.66 106.06 -72.45 -2.66 88.51 0.00 
[20:24:30.851] [ARM] [21] <5.00 -60.00 -6.50> result: 92.66 106.06 -72.45 -2.66 88.51 0.00 
[20:24:30.873] [ARM] [22] <5.00 -60.00 -6.50> result: 92.66 106.06 -72.45 -2.66 88.51 0.00 
[20:24:30.873] [ARM] [23] <5.00 -60.00 -6.50> result: 92.66 106.06 -72.45 -2.66 88.51 0.00 
[20:24:30.873] [ARM] [24] <5.00 -60.00 -6.50> result: 92.66 106.06 -72.45 -2.66 88.51 0.00 
[20:24:30.873] [ARM] [25] <5.00 -60.00 -6.50> result: 92.66 106.06 -72.45 -2.66 88.51 0.00 
[20:24:30.896] [ARM] [26] <5.00 -60.00 -6.50> result: 92.66 106.06 -72.45 -2.66 88.51 0.00 
[20:24:30.897] [ARM] [27] <5.00 -60.00 -6.50> result: 92.66 106.06 -72.45 -2.66 88.51 0.00 
[20:24:30.897] [ARM] [28] <5.00 -60.00 -6.50> result: 92.66 106.06 -72.45 -2.66 88.51 0.00 
[20:24:30.897] [ARM] [29] <5.00 -60.00 -6.50> result: 92.66 106.06 -72.45 -2.66 88.51 0.00 
[20:24:30.919] [ARM] [30] <5.00 -60.00 -6.50> result: 92.66 106.06 -72.45 -2.66 88.51 0.00 
[20:24:30.920] [ARM] [31] <5.00 -60.00 -6.50> result: 92.66 106.06 -72.45 -2.66 88.51 0.00 
[20:24:30.920] [ARM] [32] <5.00 -60.00 -6.50> result: 92.66 106.06 -72.45 -2.66 88.51 0.00 
[20:24:30.954] [ARM] [33] <5.00 -60.00 -6.50> result: 92.66 106.06 -72.45 -2.66 88.51 0.00 
[20:24:30.954] [ARM] [34] <5.00 -60.00 -6.50> result: 92.66 106.06 -72.45 -2.66 88.51 0.00 
[20:24:30.954] [ARM] [35] <5.00 -60.00 -6.50> result: 92.66 106.06 -72.45 -2.66 88.51 0.00 
[20:24:30.954] [ARM] [36] <5.00 -60.00 -6.50> result: 92.66 106.06 -72.45 -2.66 88.51 0.00 
[20:24:30.978] [ARM] [37] <5.00 -60.00 -6.50> result: 92.66 106.06 -72.45 -2.66 88.51 0.00 
[20:24:30.978] [ARM] [38] <5.00 -60.00 -6.50> result: 92.66 106.06 -72.45 -2.66 88.51 0.00 
[20:24:30.978] [ARM] [39] <5.00 -60.00 -6.50> result: 92.66 106.06 -72.45 -2.66 88.51 0.00 
[20:24:31.001] [ARM] [40] <5.00 -60.00 -6.50> result: 92.66 106.06 -72.45 -2.66 88.51 0.00 
[20:24:31.001] [ARM] [41] <5.00 -60.00 -6.50> result: 92.66 106.06 -72.45 -2.66 88.51 0.00 
[20:24:31.001] [ARM] [42] <5.00 -60.00 -6.50> result: 92.66 106.06 -72.45 -2.66 88.51 0.00 
[20:24:31.001] [ARM] [43] <5.00 -60.00 -6.50> result: 92.66 106.06 -72.45 -2.66 88.51 0.00 
[20:24:31.055] [ARM] [TARGET] vision state=ALIGN enabled=1 dcx=60 dcy=-35 stable=0
[20:24:31.055] [ARM] [TARGET] align step dx=2.50 dz=-2.50 target=<5.00 -60.00 -6.50>
[20:24:31.118] [ARM] [JETSON_RX] vision dcx=60 dcy=-35
[20:24:31.118] [ARM] [TARGET] vision state=ALIGN enabled=1 dcx=60 dcy=-35 stable=0
[20:24:31.305] [ARM] [JETSON_RX] vision dcx=60 dcy=-35
[20:24:31.305] [ARM] [TARGET] vision state=ALIGN enabled=1 dcx=60 dcy=-35 stable=0
[20:24:31.305] [ARM] [TARGET] align step dx=2.50 dz=-2.50 target=<5.00 -60.00 -6.50>
[20:24:31.492] [ARM] [JETSON_RX] vision dcx=60 dcy=-35
[20:24:31.492] [ARM] [TARGET] vision state=ALIGN enabled=1 dcx=60 dcy=-35 stable=0
[20:24:31.554] [ARM] [jpint 1] ave_error:0.53
[20:24:31.554] [ARM] [jpint 2] ave_error:4.06
[20:24:31.554] [ARM] [jpint 3] ave_error:9.50
[20:24:31.554] [ARM] [jpint 4] ave_error:0.47
[20:24:31.554] [ARM] [jpint 5] ave_error:0.37
[20:24:31.554] [ARM] 
[20:24:31.554] [ARM] robot pid run finished!!
[20:24:31.554] [ARM] [TARGET] align step dx=2.50 dz=-2.50 target=<5.00 -60.00 -6.50>
[20:24:31.678] [ARM] ROBOT_AUTO_EVENT
[20:24:31.678] [ARM] [0] <5.00 -60.00 -6.50> result: 92.66 106.06 -72.45 -2.66 88.51 0.00 
[20:24:31.678] [ARM] [JETSON_RX] vision dcx=60 dcy=-35
[20:24:31.678] [ARM] [TARGET] vision state=ALIGN enabled=1 dcx=60 dcy=-35 stable=0
[20:24:31.801] [ARM] [jpint 1] ave_error:92.54
[20:24:31.801] [ARM] [jpint 2] ave_error:108.13
[20:24:31.801] [ARM] [jpint 3] ave_error:66.18
[20:24:31.801] [ARM] [jpint 4] ave_error:2.87
[20:24:31.801] [ARM] [jpint 5] ave_error:88.67
[20:24:31.801] [ARM] 
[20:24:31.801] [ARM] robot pid run finished!!
[20:24:31.801] [ARM] [TARGET] align step dx=2.50 dz=-2.50 target=<7.50 -60.00 -9.00>
[20:24:31.924] [ARM] [JETSON_RX] vision dcx=60 dcy=-35
[20:24:31.924] [ARM] [TARGET] vision state=ALIGN enabled=1 dcx=60 dcy=-35 stable=0
[20:24:31.924] [ARM] ROBOT_AUTO_EVENT
[20:24:31.924] [ARM] [0] <5.00 -60.00 -6.50> result: 92.66 106.06 -72.45 -2.66 88.51 0.00 
[20:24:31.985] [ARM] [jpint 1] ave_error:92.41
[20:24:31.985] [ARM] [jpint 2] ave_error:108.06
[20:24:31.985] [ARM] [jpint 3] ave_error:66.06
[20:24:31.985] [ARM] [jpint 4] ave_error:2.73
[20:24:31.985] [ARM] [jpint 5] ave_error:88.39
[20:24:31.985] [ARM] 
[20:24:31.985] [ARM] robot pid run finished!!
[20:24:32.047] [ARM] [TARGET] align step dx=2.50 dz=-2.50 target=<7.50 -60.00 -9.00>
[20:24:32.109] [ARM] [JETSON_RX] vision dcx=60 dcy=-35
[20:24:32.109] [ARM] [TARGET] vision state=ALIGN enabled=1 dcx=60 dcy=-35 stable=0
[20:24:32.109] [ARM] ROBOT_AUTO_EVENT
[20:24:32.109] [ARM] [0] <5.00 -60.00 -6.50> result: 92.66 106.06 -72.45 -2.66 88.51 0.00 
[20:24:32.233] [ARM] [jpint 1] ave_error:92.28
[20:24:32.233] [ARM] [jpint 2] ave_error:107.98
[20:24:32.233] [ARM] [jpint 3] ave_error:65.93
[20:24:32.233] [ARM] [jpint 4] ave_error:2.59
[20:24:32.233] [ARM] [jpint 5] ave_error:88.12
[20:24:32.233] [ARM] 
[20:24:32.233] [ARM] robot pid run finished!!
[20:24:32.295] [ARM] [JETSON_RX] vision dcx=60 dcy=-35
[20:24:32.295] [ARM] [TARGET] vision state=ALIGN enabled=1 dcx=60 dcy=-35 stable=0
[20:24:32.295] [ARM] [TARGET] align step dx=2.50 dz=-2.50 target=<7.50 -60.00 -9.00>
[20:24:32.358] [ARM] ROBOT_AUTO_EVENT
[20:24:32.358] [ARM] [0] <5.00 -60.00 -6.50> result: 92.66 106.06 -72.45 -2.66 88.51 0.00 
[20:24:32.482] [ARM] [jpint 1] ave_error:92.14
[20:24:32.482] [ARM] [jpint 2] ave_error:107.90
[20:24:32.482] [ARM] [jpint 3] ave_error:65.80
[20:24:32.482] [ARM] [jpint 4] ave_error:2.45
[20:24:32.482] [ARM] [jpint 5] ave_error:87.84
[20:24:32.482] [ARM] 
[20:24:32.482] [ARM] robot pid run finished!!
[20:24:32.482] [ARM] [JETSON_RX] vision dcx=60 dcy=-35
[20:24:32.482] [ARM] [TARGET] vision state=ALIGN enabled=1 dcx=60 dcy=-35 stable=0
[20:24:32.544] [ARM] ROBOT_AUTO_EVENT
[20:24:32.544] [ARM] [0] <5.00 -60.00 -6.50> result: 92.66 106.06 -72.45 -2.66 88.51 0.00 
[20:24:32.606] [ARM] [TARGET] align step dx=2.50 dz=-2.50 target=<7.50 -60.00 -9.00>
[20:24:32.670] [ARM] [jpint 1] ave_error:92.00
[20:24:32.670] [ARM] [jpint 2] ave_error:107.83
[20:24:32.670] [ARM] [jpint 3] ave_error:65.66
[20:24:32.670] [ARM] [jpint 4] ave_error:2.31
[20:24:32.670] [ARM] [jpint 5] ave_error:87.56
[20:24:32.670] [ARM] 
[20:24:32.670] [ARM] robot pid run finished!!
[20:24:32.733] [ARM] [JETSON_RX] vision dcx=60 dcy=-35
[20:24:32.733] [ARM] [TARGET] vision state=ALIGN enabled=1 dcx=60 dcy=-35 stable=0
[20:24:32.790] [ARM] ROBOT_AUTO_EVENT
[20:24:32.790] [ARM] [0] <5.00 -60.00 -6.50> result: 92.66 106.06 -72.45 -2.66 88.51 0.00 
[20:24:32.790] [ARM] [1] <5.00 -60.00 -6.50> result: 92.66 106.06 -72.45 -2.66 88.51 0.00 
[20:24:32.790] [ARM] [2] <5.01 -60.00 -6.51> result: 92.66 106.06 -72.45 -2.66 88.51 0.00 
[20:24:32.813] [ARM] [3] <5.02 -60.00 -6.52> result: 92.67 106.07 -72.45 -2.67 88.52 0.00 
[20:24:32.813] [ARM] [4] <5.05 -60.00 -6.55> result: 92.68 106.08 -72.45 -2.68 88.53 0.00 
[20:24:32.813] [ARM] [5] <5.08 -60.00 -6.58> result: 92.70 106.10 -72.45 -2.70 88.55 0.00 
[20:24:32.813] [ARM] [6] <5.14 -60.00 -6.64> result: 92.73 106.13 -72.45 -2.73 88.58 0.00 
[20:24:32.836] [ARM] [7] <5.21 -60.00 -6.71> result: 92.77 106.17 -72.45 -2.77 88.62 0.00 
[20:24:32.837] [ARM] [8] <5.29 -60.00 -6.79> result: 92.82 106.21 -72.45 -2.82 88.67 0.00 
[20:24:32.837] [ARM] [9] <5.40 -60.00 -6.90> result: 92.87 106.27 -72.45 -2.87 88.72 0.00 
[20:24:32.852] [JETSON-TX] vision step 3/4: dcx=20 dcy=-10 hold=1.0s frame=FF 05 03 14 00 F6 FF 11 FE
[20:24:32.860] [ARM] [10] <5.53 -60.00 -7.03> result: 92.94 106.34 -72.45 -2.94 88.79 0.00 
[20:24:32.860] [ARM] [11] <5.68 -60.00 -7.18> result: 93.02 106.42 -72.45 -3.02 88.88 0.00 
[20:24:32.861] [ARM] [12] <5.86 -60.00 -7.36> result: 93.11 106.51 -72.46 -3.11 88.97 0.00 
[20:24:32.861] [ARM] [13] <6.05 -60.00 -7.55> result: 93.22 106.61 -72.46 -3.22 89.07 0.00 
[20:24:32.885] [ARM] [14] <6.26 -60.00 -7.76> result: 93.33 106.72 -72.46 -3.33 89.18 0.00 
[20:24:32.885] [ARM] [15] <6.49 -60.00 -7.99> result: 93.45 106.85 -72.46 -3.45 89.31 0.00 
[20:24:32.885] [ARM] [16] <6.74 -60.00 -8.24> result: 93.58 106.98 -72.46 -3.58 89.44 0.00 
[20:24:32.907] [ARM] [17] <7.00 -60.00 -8.50> result: 93.72 107.11 -72.46 -3.72 89.57 0.00 
[20:24:32.907] [ARM] [18] <7.27 -60.00 -8.77> result: 93.86 107.26 -72.46 -3.86 89.72 0.00 
[20:24:32.907] [ARM] [19] <7.50 -60.00 -9.00> result: 93.99 107.38 -72.46 -3.99 89.84 0.00 
[20:24:32.907] [ARM] [20] <7.50 -60.00 -9.00> result: 93.99 107.38 -72.46 -3.99 89.84 0.00 
[20:24:32.933] [ARM] [21] <7.50 -60.00 -9.00> result: 93.99 107.38 -72.46 -3.99 89.84 0.00 
[20:24:32.934] [ARM] [22] <7.50 -60.00 -9.00> result: 93.99 107.38 -72.46 -3.99 89.84 0.00 
[20:24:32.934] [ARM] [23] <7.50 -60.00 -9.00> result: 93.99 107.38 -72.46 -3.99 89.84 0.00 
[20:24:32.934] [ARM] [24] <7.50 -60.00 -9.00> result: 93.99 107.38 -72.46 -3.99 89.84 0.00 
[20:24:32.964] [ARM] [25] <7.50 -60.00 -9.00> result: 93.99 107.38 -72.46 -3.99 89.84 0.00 
[20:24:32.964] [ARM] [26] <7.50 -60.00 -9.00> result: 93.99 107.38 -72.46 -3.99 89.84 0.00 
[20:24:32.964] [ARM] [27] <7.50 -60.00 -9.00> result: 93.99 107.38 -72.46 -3.99 89.84 0.00 
[20:24:32.988] [ARM] [28] <7.50 -60.00 -9.00> result: 93.99 107.38 -72.46 -3.99 89.84 0.00 
[20:24:32.988] [ARM] [29] <7.50 -60.00 -9.00> result: 93.99 107.38 -72.46 -3.99 89.84 0.00 
[20:24:32.988] [ARM] [30] <7.50 -60.00 -9.00> result: 93.99 107.38 -72.46 -3.99 89.84 0.00 
[20:24:32.988] [ARM] [31] <7.50 -60.00 -9.00> result: 93.99 107.38 -72.46 -3.99 89.84 0.00 
[20:24:33.011] [ARM] [32] <7.50 -60.00 -9.00> result: 93.99 107.38 -72.46 -3.99 89.84 0.00 
[20:24:33.011] [ARM] [33] <7.50 -60.00 -9.00> result: 93.99 107.38 -72.46 -3.99 89.84 0.00 
[20:24:33.011] [ARM] [34] <7.50 -60.00 -9.00> result: 93.99 107.38 -72.46 -3.99 89.84 0.00 
[20:24:33.036] [ARM] [35] <7.50 -60.00 -9.00> result: 93.99 107.38 -72.46 -3.99 89.84 0.00 
[20:24:33.036] [ARM] [36] <7.50 -60.00 -9.00> result: 93.99 107.38 -72.46 -3.99 89.84 0.00 
[20:24:33.036] [ARM] [37] <7.50 -60.00 -9.00> result: 93.99 107.38 -72.46 -3.99 89.84 0.00 
[20:24:33.036] [ARM] [38] <7.50 -60.00 -9.00> result: 93.99 107.38 -72.46 -3.99 89.84 0.00 
[20:24:33.057] [ARM] [39] <7.50 -60.00 -9.00> result: 93.99 107.38 -72.46 -3.99 89.84 0.00 
[20:24:33.057] [ARM] [40] <7.50 -60.00 -9.00> result: 93.99 107.38 -72.46 -3.99 89.84 0.00 
[20:24:33.057] [ARM] [41] <7.50 -60.00 -9.00> result: 93.99 107.38 -72.46 -3.99 89.84 0.00 
[20:24:33.057] [ARM] [42] <7.50 -60.00 -9.00> result: 93.99 107.38 -72.46 -3.99 89.84 0.00 
[20:24:33.098] [ARM] [43] <7.50 -60.00 -9.00> result: 93.99 107.38 -72.46 -3.99 89.84 0.00 
[20:24:33.100] [ARM] [TARGET] vision state=ALIGN enabled=1 dcx=20 dcy=-10 stable=0
[20:24:33.100] [ARM] [JETSON_RX] vision dcx=20 dcy=-10
[20:24:33.102] [ARM] [TARGET] vision state=ALIGN enabled=1 dcx=20 dcy=-10 stable=0
[20:24:33.154] [ARM] [TARGET] align step dx=2.50 dz=-2.50 target=<7.50 -60.00 -9.00>
[20:24:33.278] [ARM] [JETSON_RX] vision dcx=20 dcy=-10
[20:24:33.278] [ARM] [TARGET] vision state=ALIGN enabled=1 dcx=20 dcy=-10 stable=0
[20:24:33.402] [ARM] [TARGET] align step dx=2.50 dz=-2.50 target=<7.50 -60.00 -9.00>
[20:24:33.529] [ARM] [JETSON_RX] vision dcx=20 dcy=-10
[20:24:33.529] [ARM] [TARGET] vision state=ALIGN enabled=1 dcx=20 dcy=-10 stable=0
[20:24:33.591] [ARM] [TARGET] align step dx=2.50 dz=-2.50 target=<7.50 -60.00 -9.00>
[20:24:33.652] [ARM] [jpint 1] ave_error:0.75
[20:24:33.652] [ARM] [jpint 2] ave_error:0.55
[20:24:33.652] [ARM] [jpint 3] ave_error:5.39
[20:24:33.652] [ARM] [jpint 4] ave_error:0.52
[20:24:33.652] [ARM] [jpint 5] ave_error:0.68
[20:24:33.652] [ARM] 
[20:24:33.652] [ARM] robot pid run finished!!
[20:24:33.714] [ARM] [JETSON_RX] vision dcx=20 dcy=-10
[20:24:33.714] [ARM] [TARGET] vision state=ALIGN enabled=1 dcx=20 dcy=-10 stable=0
[20:24:33.714] [ARM] ROBOT_AUTO_EVENT
[20:24:33.714] [ARM] [0] <7.50 -60.00 -9.00> result: 93.99 107.38 -72.46 -3.99 89.84 0.00 
[20:24:33.839] [ARM] [jpint 1] ave_error:93.86
[20:24:33.839] [ARM] [jpint 2] ave_error:107.15
[20:24:33.839] [ARM] [jpint 3] ave_error:70.32
[20:24:33.839] [ARM] [jpint 4] ave_error:4.24
[20:24:33.839] [ARM] [jpint 5] ave_error:89.84
[20:24:33.839] [ARM] 
[20:24:33.839] [ARM] robot pid run finished!!
[20:24:33.855] [JETSON-TX] vision step 4/4: dcx=0 dcy=0 hold=0.0s frame=FF 05 03 00 00 00 00 08 FE
[20:24:33.901] [ARM] [TARGET] align step dx=2.50 dz=-2.50 target=<10.00 -60.00 -11.50>
[20:24:33.901] [ARM] [JETSON_RX] vision dcx=0 dcy=0
[20:24:33.901] [ARM] [TARGET] vision state=ALIGN enabled=1 dcx=0 dcy=0 stable=0
[20:24:33.963] [ARM] ROBOT_AUTO_EVENT
[20:24:33.963] [ARM] [0] <7.50 -60.00 -9.00> result: 93.99 107.38 -72.46 -3.99 89.84 0.00 
[20:24:34.091] [ARM] [jpint 1] ave_error:93.73
[20:24:34.091] [ARM] [jpint 2] ave_error:107.07
[20:24:34.091] [ARM] [jpint 3] ave_error:70.20
[20:24:34.091] [ARM] [jpint 4] ave_error:4.11
[20:24:34.091] [ARM] [jpint 5] ave_error:89.56
[20:24:34.091] [ARM] 
[20:24:34.091] [ARM] robot pid run finished!!
[20:24:34.091] [ARM] [JETSON_RX] vision dcx=0 dcy=0
[20:24:34.091] [ARM] [TARGET] vision state=ALIGN enabled=1 dcx=0 dcy=0 stable=1
[20:24:34.215] [ARM] ROBOT_AUTO_EVENT
[20:24:34.215] [ARM] [0] <7.50 -60.00 -9.00> result: 93.99 107.38 -72.46 -3.99 89.84 0.00 
[20:24:34.276] [ARM] [jpint 1] ave_error:93.59
[20:24:34.276] [ARM] [jpint 2] ave_error:106.99
[20:24:34.276] [ARM] [jpint 3] ave_error:70.07
[20:24:34.276] [ARM] [jpint 4] ave_error:3.97
[20:24:34.338] [JETSON-RX] CC 02 01 DD
[20:24:34.338] [ARM] [jpint 5] ave_error:89.29
[20:24:34.338] [ARM] 
[20:24:34.338] [JETSON-STATUS] ALIGN_DONE func=0x02 value=0x01
[20:24:34.338] [ARM] robot pid run finished!!
[20:24:34.338] [ARM] [JETSON_RX] vision dcx=0 dcy=0
[20:24:34.338] [PROMPT] 已对准。请按住 P000 KEY，脚本会自动等待 OUTPUT_ON，不需要按 Enter。
[20:24:34.339] [ARM] [TARGET] vision state=ALIGN enabled=1 dcx=0 dcy=0 stable=2
[20:24:34.339] [STEP] waiting OUTPUT_ON from RA6...
[20:24:34.401] [ARM] ROBOT_AUTO_EVENT
[20:24:34.401] [ARM] [0] <7.50 -60.00 -9.00> result: 93.99 107.38 -72.46 -3.99 89.84 0.00 
[20:24:34.525] [ARM] [JETSON_RX] vision dcx=0 dcy=0
[20:24:34.525] [ARM] [TARGET] vision state=CONFIRM enabled=1 dcx=0 dcy=0 stable=3
[20:24:34.525] [ARM] [jpint 1] ave_error:93.46
[20:24:34.525] [ARM] [jpint 2] ave_error:106.92
[20:24:34.525] [ARM] [jpint 3] ave_error:69.93
[20:24:34.525] [ARM] [jpint 4] ave_error:3.83
[20:24:34.525] [ARM] [jpint 5] ave_error:89.01
[20:24:34.525] [ARM] 
[20:24:34.525] [ARM] robot pid run finished!!
[20:24:34.650] [ARM] ROBOT_AUTO_EVENT
[20:24:34.650] [ARM] [0] <7.50 -60.00 -9.00> result: 93.99 107.38 -72.46 -3.99 89.84 0.00 
[20:24:34.713] [ARM] [JETSON_RX] vision dcx=0 dcy=0
[20:24:34.713] [ARM] [TARGET] vision state=CONFIRM enabled=1 dcx=0 dcy=0 stable=3
[20:24:34.775] [ARM] [jpint 1] ave_error:93.32
[20:24:34.775] [ARM] [jpint 2] ave_error:106.84
[20:24:34.775] [ARM] [jpint 3] ave_error:69.80
[20:24:34.775] [ARM] [jpint 4] ave_error:3.68
[20:24:34.775] [ARM] [jpint 5] ave_error:88.74
[20:24:34.775] [ARM] 
[20:24:34.775] [ARM] robot pid run finished!!
[20:24:34.837] [ARM] ROBOT_AUTO_EVENT
[20:24:34.837] [ARM] [0] <7.50 -60.00 -9.00> result: 93.99 107.38 -72.46 -3.99 89.84 0.00 
[20:24:34.900] [ARM] [JETSON_RX] vision dcx=0 dcy=0
[20:24:34.900] [ARM] [TARGET] vision state=CONFIRM enabled=1 dcx=0 dcy=0 stable=3
[20:24:34.960] [ARM] [jpint 1] ave_error:93.18
[20:24:34.960] [ARM] [jpint 2] ave_error:106.76
[20:24:34.960] [ARM] [jpint 3] ave_error:69.65
[20:24:34.960] [ARM] [jpint 4] ave_error:3.54
[20:24:34.960] [ARM] [jpint 5] ave_error:88.45
[20:24:34.960] [ARM] 
[20:24:34.960] [ARM] robot pid run finished!!
[20:24:35.084] [ARM] ROBOT_AUTO_EVENT
[20:24:35.084] [ARM] [0] <7.50 -60.00 -9.00> result: 93.99 107.38 -72.46 -3.99 89.84 0.00 
[20:24:35.084] [ARM] [JETSON_RX] vision dcx=0 dcy=0
[20:24:35.084] [ARM] [TARGET] vision state=CONFIRM enabled=1 dcx=0 dcy=0 stable=3
[20:24:35.209] [ARM] [jpint 1] ave_error:93.04
[20:24:35.209] [ARM] [jpint 2] ave_error:106.69
[20:24:35.209] [ARM] [jpint 3] ave_error:69.51
[20:24:35.209] [ARM] [jpint 4] ave_error:3.39
[20:24:35.209] [ARM] [jpint 5] ave_error:88.18
[20:24:35.209] [ARM] 
[20:24:35.209] [ARM] robot pid run finished!!
[20:24:35.302] [ARM] [JETSON_RX] vision dcx=0 dcy=0
[20:24:35.303] [ARM] ROBOT_AUTO_EVENT
[20:24:35.303] [ARM] [0] <7.50 -60.00 -9.00> result: 93.99 107.38 -72.46 -3.99 89.84 0.00 
[20:24:35.303] [ARM] [1] <7.50 -60.00 -9.00> result: 93.99 107.38 -72.46 -3.99 89.84 0.00 
[20:24:35.327] [ARM] [2] <7.51 -60.00 -9.01> result: 93.99 107.39 -72.46 -3.99 89.85 0.00 
[20:24:35.327] [ARM] [3] <7.52 -60.00 -9.02> result: 94.00 107.39 -72.46 -4.00 89.85 0.00 
[20:24:35.327] [ARM] [4] <7.55 -60.00 -9.05> result: 94.01 107.41 -72.46 -4.01 89.87 0.00 
[20:24:35.327] [ARM] [5] <7.58 -60.00 -9.08> result: 94.03 107.43 -72.46 -4.03 89.88 0.00 
[20:24:35.349] [ARM] [6] <7.64 -60.00 -9.14> result: 94.06 107.45 -72.46 -4.06 89.91 0.00 
[20:24:35.349] [ARM] [7] <7.71 -60.00 -9.21> result: 94.09 107.49 -72.46 -4.09 89.95 0.00 
[20:24:35.349] [ARM] [8] <7.79 -60.00 -9.29> result: 94.14 107.54 -72.46 -4.14 90.00 0.00 
[20:24:35.350] [ARM] [9] <7.90 -60.00 -9.40> result: 94.20 107.60 -72.46 -4.20 90.05 0.00 
[20:24:35.372] [ARM] [10] <8.03 -60.00 -9.53> result: 94.27 107.67 -72.46 -4.27 90.12 0.00 
[20:24:35.373] [ARM] [11] <8.18 -60.00 -9.68> result: 94.35 107.75 -72.46 -4.35 90.20 0.00 
[20:24:35.373] [ARM] [12] <8.36 -60.00 -9.86> result: 94.44 107.84 -72.45 -4.44 90.29 0.00 
[20:24:35.395] [ARM] [13] <8.55 -60.00 -10.05> result: 94.54 107.94 -72.45 -4.54 90.39 0.00 
[20:24:35.396] [ARM] [14] <8.76 -60.00 -10.26> result: 94.65 108.05 -72.45 -4.65 90.50 0.00 
[20:24:35.396] [ARM] [15] <8.99 -60.00 -10.49> result: 94.77 108.18 -72.45 -4.77 90.62 0.00 
[20:24:35.396] [ARM] [16] <9.24 -60.00 -10.74> result: 94.90 108.31 -72.45 -4.91 90.75 0.00 
[20:24:35.419] [ARM] [17] <9.50 -60.00 -11.00> result: 95.04 108.45 -72.44 -5.04 90.89 0.00 
[20:24:35.419] [ARM] [18] <9.77 -60.00 -11.27> result: 95.19 108.59 -72.44 -5.19 91.03 0.00 
[20:24:35.419] [ARM] [19] <10.00 -60.00 -11.50> result: 95.31 108.72 -72.43 -5.31 91.15 0.00 
[20:24:35.442] [ARM] [20] <10.00 -60.00 -11.50> result: 95.31 108.72 -72.43 -5.31 91.15 0.00 
[20:24:35.442] [ARM] [21] <10.00 -60.00 -11.50> result: 95.31 108.72 -72.43 -5.31 91.15 0.00 
[20:24:35.442] [ARM] [22] <10.00 -60.00 -11.50> result: 95.31 108.72 -72.43 -5.31 91.15 0.00 
[20:24:35.442] [ARM] [23] <10.00 -60.00 -11.50> result: 95.31 108.72 -72.43 -5.31 91.15 0.00 
[20:24:35.477] [ARM] [24] <10.00 -60.00 -11.50> result: 95.31 108.72 -72.43 -5.31 91.15 0.00 
[20:24:35.477] [ARM] [25] <10.00 -60.00 -11.50> result: 95.31 108.72 -72.43 -5.31 91.15 0.00 
[20:24:35.477] [ARM] [26] <10.00 -60.00 -11.50> result: 95.31 108.72 -72.43 -5.31 91.15 0.00 
[20:24:35.499] [ARM] [27] <10.00 -60.00 -11.50> result: 95.31 108.72 -72.43 -5.31 91.15 0.00 
[20:24:35.499] [ARM] [28] <10.00 -60.00 -11.50> result: 95.31 108.72 -72.43 -5.31 91.15 0.00 
[20:24:35.500] [ARM] [29] <10.00 -60.00 -11.50> result: 95.31 108.72 -72.43 -5.31 91.15 0.00 
[20:24:35.500] [ARM] [30] <10.00 -60.00 -11.50> result: 95.31 108.72 -72.43 -5.31 91.15 0.00 
[20:24:35.523] [ARM] [31] <10.00 -60.00 -11.50> result: 95.31 108.72 -72.43 -5.31 91.15 0.00 
[20:24:35.523] [ARM] [32] <10.00 -60.00 -11.50> result: 95.31 108.72 -72.43 -5.31 91.15 0.00 
[20:24:35.524] [ARM] [33] <10.00 -60.00 -11.50> result: 95.31 108.72 -72.43 -5.31 91.15 0.00 
[20:24:35.546] [ARM] [34] <10.00 -60.00 -11.50> result: 95.31 108.72 -72.43 -5.31 91.15 0.00 
[20:24:35.546] [ARM] [35] <10.00 -60.00 -11.50> result: 95.31 108.72 -72.43 -5.31 91.15 0.00 
[20:24:35.546] [ARM] [36] <10.00 -60.00 -11.50> result: 95.31 108.72 -72.43 -5.31 91.15 0.00 
[20:24:35.546] [ARM] [37] <10.00 -60.00 -11.50> result: 95.31 108.72 -72.43 -5.31 91.15 0.00 
[20:24:35.570] [ARM] [38] <10.00 -60.00 -11.50> result: 95.31 108.72 -72.43 -5.31 91.15 0.00 
[20:24:35.570] [ARM] [39] <10.00 -60.00 -11.50> result: 95.31 108.72 -72.43 -5.31 91.15 0.00 
[20:24:35.570] [ARM] [40] <10.00 -60.00 -11.50> result: 95.31 108.72 -72.43 -5.31 91.15 0.00 
[20:24:35.632] [ARM] [41] <10.00 -60.00 -11.50> result: 95.31 108.72 -72.43 -5.31 91.15 0.00 
[20:24:35.632] [ARM] [42] <10.00 -60.00 -11.50> result: 95.31 108.72 -72.43 -5.31 91.15 0.00 
[20:24:35.632] [ARM] [43] <10.00 -60.00 -11.50> result: 95.31 108.72 -72.43 -5.31 91.15 0.00 
[20:24:35.632] [ARM] [TARGET] vision state=CONFIRM enabled=1 dcx=0 dcy=0 stable=3
[20:24:35.696] [ARM] [JETSON_RX] vision dcx=0 dcy=0
[20:24:35.696] [ARM] [TARGET] vision state=CONFIRM enabled=1 dcx=0 dcy=0 stable=3
[20:24:35.883] [ARM] [JETSON_RX] vision dcx=0 dcy=0
[20:24:35.883] [ARM] [TARGET] vision state=CONFIRM enabled=1 dcx=0 dcy=0 stable=3
[20:24:36.132] [ARM] [JETSON_RX] vision dcx=0 dcy=0
[20:24:36.132] [ARM] [TARGET] vision state=CONFIRM enabled=1 dcx=0 dcy=0 stable=3
[20:24:36.132] [ARM] [jpint 1] ave_error:0.94
[20:24:36.132] [ARM] [jpint 2] ave_error:1.01
[20:24:36.132] [ARM] [jpint 3] ave_error:1.79
[20:24:36.132] [ARM] [jpint 4] ave_error:0.69
[20:24:36.132] [ARM] [jpint 5] ave_error:1.17
[20:24:36.132] [ARM] 
[20:24:36.132] [ARM] robot pid run finished!!
[20:24:36.321] [ARM] [JETSON_RX] vision dcx=0 dcy=0
[20:24:36.321] [ARM] [TARGET] vision state=CONFIRM enabled=1 dcx=0 dcy=0 stable=3
[20:24:36.507] [ARM] [JETSON_RX] vision dcx=0 dcy=0
[20:24:36.507] [ARM] [TARGET] vision state=CONFIRM enabled=1 dcx=0 dcy=0 stable=3
[20:24:36.694] [ARM] [JETSON_RX] vision dcx=0 dcy=0
[20:24:36.694] [ARM] [TARGET] vision state=CONFIRM enabled=1 dcx=0 dcy=0 stable=3
[20:24:36.882] [ARM] [JETSON_RX] vision dcx=0 dcy=0
[20:24:36.882] [ARM] [TARGET] vision state=CONFIRM enabled=1 dcx=0 dcy=0 stable=3
[20:24:37.130] [ARM] [JETSON_RX] vision dcx=0 dcy=0
[20:24:37.130] [ARM] [TARGET] vision state=CONFIRM enabled=1 dcx=0 dcy=0 stable=3
[20:24:37.318] [ARM] [JETSON_RX] vision dcx=0 dcy=0
[20:24:37.318] [ARM] [TARGET] vision state=CONFIRM enabled=1 dcx=0 dcy=0 stable=3
[20:24:37.503] [ARM] [JETSON_RX] vision dcx=0 dcy=0
[20:24:37.503] [ARM] [TARGET] vision state=CONFIRM enabled=1 dcx=0 dcy=0 stable=3
[20:24:37.691] [ARM] [JETSON_RX] vision dcx=0 dcy=0
[20:24:37.691] [ARM] [TARGET] vision state=CONFIRM enabled=1 dcx=0 dcy=0 stable=3
[20:24:37.938] [ARM] [JETSON_RX] vision dcx=0 dcy=0
[20:24:37.938] [ARM] [TARGET] vision state=CONFIRM enabled=1 dcx=0 dcy=0 stable=3
[20:24:38.125] [ARM] [JETSON_RX] vision dcx=0 dcy=0
[20:24:38.125] [ARM] [TARGET] vision state=CONFIRM enabled=1 dcx=0 dcy=0 stable=3
[20:24:38.312] [ARM] [JETSON_RX] vision dcx=0 dcy=0
[20:24:38.312] [ARM] [TARGET] vision state=CONFIRM enabled=1 dcx=0 dcy=0 stable=3
[20:24:38.500] [ARM] [JETSON_RX] vision dcx=0 dcy=0
[20:24:38.500] [ARM] [TARGET] vision state=CONFIRM enabled=1 dcx=0 dcy=0 stable=3
[20:24:38.749] [ARM] [JETSON_RX] vision dcx=0 dcy=0
[20:24:38.749] [ARM] [TARGET] vision state=CONFIRM enabled=1 dcx=0 dcy=0 stable=3
[20:24:38.937] [ARM] [JETSON_RX] vision dcx=0 dcy=0
[20:24:38.937] [ARM] [TARGET] vision state=CONFIRM enabled=1 dcx=0 dcy=0 stable=3
[20:24:39.123] [ARM] [JETSON_RX] vision dcx=0 dcy=0
[20:24:39.123] [ARM] [TARGET] vision state=CONFIRM enabled=1 dcx=0 dcy=0 stable=3
[20:24:39.311] [ARM] [JETSON_RX] vision dcx=0 dcy=0
[20:24:39.311] [ARM] [TARGET] vision state=CONFIRM enabled=1 dcx=0 dcy=0 stable=3
[20:24:39.498] [ARM] [JETSON_RX] vision dcx=0 dcy=0
[20:24:39.498] [ARM] [TARGET] vision state=CONFIRM enabled=1 dcx=0 dcy=0 stable=3
[20:24:39.747] [ARM] [JETSON_RX] vision dcx=0 dcy=0
[20:24:39.747] [ARM] [TARGET] vision state=CONFIRM enabled=1 dcx=0 dcy=0 stable=3
[20:24:39.934] [ARM] [JETSON_RX] vision dcx=0 dcy=0
[20:24:39.934] [ARM] [TARGET] vision state=CONFIRM enabled=1 dcx=0 dcy=0 stable=3
[20:24:40.119] [ARM] [JETSON_RX] vision dcx=0 dcy=0
[20:24:40.120] [ARM] [TARGET] vision state=CONFIRM enabled=1 dcx=0 dcy=0 stable=3
[20:24:40.309] [ARM] [JETSON_RX] vision dcx=0 dcy=0
[20:24:40.309] [ARM] [TARGET] vision state=CONFIRM enabled=1 dcx=0 dcy=0 stable=3
[20:24:40.494] [ARM] [JETSON_RX] vision dcx=0 dcy=0
[20:24:40.494] [ARM] [TARGET] vision state=CONFIRM enabled=1 dcx=0 dcy=0 stable=3
[20:24:40.744] [ARM] [JETSON_RX] vision dcx=0 dcy=0
[20:24:40.744] [ARM] [TARGET] vision state=CONFIRM enabled=1 dcx=0 dcy=0 stable=3
[20:24:40.930] [ARM] [JETSON_RX] vision dcx=0 dcy=0
[20:24:40.930] [ARM] [TARGET] vision state=CONFIRM enabled=1 dcx=0 dcy=0 stable=3
[20:24:41.118] [ARM] [JETSON_RX] vision dcx=0 dcy=0
[20:24:41.118] [ARM] [TARGET] vision state=CONFIRM enabled=1 dcx=0 dcy=0 stable=3
[20:24:41.306] [ARM] [JETSON_RX] vision dcx=0 dcy=0
[20:24:41.306] [ARM] [TARGET] vision state=CONFIRM enabled=1 dcx=0 dcy=0 stable=3
[20:24:41.493] [ARM] [JETSON_RX] vision dcx=0 dcy=0
[20:24:41.493] [ARM] [TARGET] vision state=CONFIRM enabled=1 dcx=0 dcy=0 stable=3
[20:24:41.740] [ARM] [JETSON_RX] vision dcx=0 dcy=0
[20:24:41.740] [ARM] [TARGET] vision state=CONFIRM enabled=1 dcx=0 dcy=0 stable=3
[20:24:41.928] [ARM] [JETSON_RX] vision dcx=0 dcy=0
[20:24:41.929] [ARM] [TARGET] vision state=CONFIRM enabled=1 dcx=0 dcy=0 stable=3
[20:24:42.115] [ARM] [JETSON_RX] vision dcx=0 dcy=0
[20:24:42.115] [ARM] [TARGET] vision state=CONFIRM enabled=1 dcx=0 dcy=0 stable=3
[20:24:42.301] [ARM] [JETSON_RX] vision dcx=0 dcy=0
[20:24:42.301] [ARM] [TARGET] vision state=CONFIRM enabled=1 dcx=0 dcy=0 stable=3
[20:24:42.550] [ARM] [JETSON_RX] vision dcx=0 dcy=0
[20:24:42.550] [ARM] [TARGET] vision state=CONFIRM enabled=1 dcx=0 dcy=0 stable=3
[20:24:42.741] [ARM] [JETSON_RX] vision dcx=0 dcy=0
[20:24:42.741] [ARM] [TARGET] vision state=CONFIRM enabled=1 dcx=0 dcy=0 stable=3
[20:24:42.926] [ARM] [JETSON_RX] vision dcx=0 dcy=0
[20:24:42.926] [ARM] [TARGET] vision state=CONFIRM enabled=1 dcx=0 dcy=0 stable=3
[20:24:43.114] [ARM] [JETSON_RX] vision dcx=0 dcy=0
[20:24:43.114] [ARM] [TARGET] vision state=CONFIRM enabled=1 dcx=0 dcy=0 stable=3
[20:24:43.301] [ARM] [JETSON_RX] vision dcx=0 dcy=0
[20:24:43.302] [ARM] [TARGET] vision state=CONFIRM enabled=1 dcx=0 dcy=0 stable=3
[20:24:43.549] [ARM] [JETSON_RX] vision dcx=0 dcy=0
[20:24:43.549] [ARM] [TARGET] vision state=CONFIRM enabled=1 dcx=0 dcy=0 stable=3
[20:24:43.737] [ARM] [JETSON_RX] vision dcx=0 dcy=0
[20:24:43.737] [ARM] [TARGET] vision state=CONFIRM enabled=1 dcx=0 dcy=0 stable=3
[20:24:43.923] [ARM] [JETSON_RX] vision dcx=0 dcy=0
[20:24:43.923] [ARM] [TARGET] vision state=CONFIRM enabled=1 dcx=0 dcy=0 stable=3
[20:24:44.112] [ARM] [JETSON_RX] vision dcx=0 dcy=0
[20:24:44.112] [ARM] [TARGET] vision state=CONFIRM enabled=1 dcx=0 dcy=0 stable=3
[20:24:44.362] [ARM] [JETSON_RX] vision dcx=0 dcy=0
[20:24:44.362] [ARM] [TARGET] vision state=CONFIRM enabled=1 dcx=0 dcy=0 stable=3
[20:24:44.377] [FATAL] TimeoutError: timeout waiting for OUTPUT_ON
[20:24:44.377] [JETSON-TX] vision sender disabled after 77 frames.
[20:24:44.377] [JETSON-TX] TARGET_CTRL STOP: AA 01 00 BB
[20:24:44.377] [ARM-TX] laser_off
[20:24:44.377] [STEP] cleanup soft_reset to HOME...
[20:24:44.377] [ARM-TX] soft_reset
[20:24:44.425] [ARM] [JETSON_RX] target_ctrl=0
[20:24:44.425] [ARM] Found handler for 'laser_off', executing...
[20:24:44.425] [ARM] laser_off
[20:24:44.425] [ARM] Found handler for 'soft_reset', executing...
[20:24:44.425] [ARM] ROBOT_SOFT_RESET_EVENT
[20:24:44.425] [ARM] --- Starting soft reset ---
[20:24:44.440] [JETSON-RX] CC 04 00 DD
[20:24:44.440] [JETSON-STATUS] TARGET_CTRL_OFF func=0x04 value=0x00
[20:24:44.609] [ARM] Soft reset motors enabled (J1~J5, J6 skipped).
[20:24:44.609] [ARM] Soft resetting joint 4...
[20:24:44.672] [ARM] robot_update_current_angle 4...
[20:24:44.672] [ARM] [4] current:91.60, target:90.00, dir:-1
[20:24:44.983] [ARM] Soft resetting joint 3...
[20:24:44.983] [ARM] robot_update_current_angle 3...
[20:24:44.983] [ARM] [3] current:-5.71, target:0.00, dir:1
[20:24:45.979] [ARM] Soft resetting joint 1...
[20:24:45.979] [ARM] robot_update_current_angle 1...
[20:24:45.979] [ARM] [1] current:109.01, target:90.00, dir:-1
[20:24:47.601] [ARM] soft reset joint 1 settle timeout, keep going
[20:24:47.601] [ARM] Soft resetting joint 2...
[20:24:47.601] [ARM] robot_update_current_angle 2...
[20:24:47.601] [ARM] [2] current:-73.56, target:-90.00, dir:-1
[20:24:49.224] [ARM] soft reset joint 2 settle timeout, keep going
[20:24:49.224] [ARM] Soft resetting joint 0...
[20:24:49.224] [ARM] robot_update_current_angle 0...
[20:24:49.224] [ARM] [0] current:95.20, target:90.00, dir:-1
[20:24:50.222] [ARM] soft reset final verify PASS (issues:2), pose set HOME.
[20:24:50.222] [DONE] cleanup soft_reset PASS; robot returned HOME.
[20:24:50.426] [INFO] ports closed.
