[17:59:59.618] [INFO] log file: E:\Renesas\RA6M5-Robot\Robot_FreeRTOS - Arm\DEBUG\target_state_demo_20260703_175959.log
[17:59:59.618] [INFO] ARM=COM7 JETSON=COM14 baud=115200
[17:59:59.618] [INFO] start frame: AA 01 01 BB
[17:59:59.618] [INFO] stop frame: AA 01 00 BB
[17:59:59.618] [INFO] vision sequence: (9,-10)/2.0s -> (4,-6)/1.0s -> (0,0)/0.0s
[18:00:00.123] [JETSON-TX] TARGET_CTRL STOP: AA 01 00 BB
[18:00:00.171] [ARM] [JETSON_RX] target_ctrl=0
[18:00:00.186] [JETSON-RX] CC 04 00 DD
[18:00:00.186] [JETSON-STATUS] TARGET_CTRL_OFF func=0x04 value=0x00
[18:00:00.387] [ARM-TX] laser_off
[18:00:00.422] [ARM] Found handler for 'laser_off', executing...
[18:00:00.422] [ARM] laser_off
[18:00:00.588] [ARM-TX] soft_reset
[18:00:00.610] [ARM] Found handler for 'soft_reset', executing...
[18:00:00.610] [ARM] ROBOT_SOFT_RESET_EVENT
[18:00:00.610] [ARM] --- Starting soft reset ---
[18:00:00.860] [ARM] Soft reset motors enabled (J1~J5, J6 skipped).
[18:00:00.860] [ARM] Soft resetting joint 4...
[18:00:00.860] [ARM] robot_update_current_angle 4...
[18:00:00.860] [ARM] [4] current:90.00, target:90.00, dir:1
[18:00:00.985] [ARM] Soft resetting joint 3...
[18:00:00.985] [ARM] robot_update_current_angle 3...
[18:00:00.985] [ARM] [3] current:-0.00, target:0.00, dir:1
[18:00:01.110] [ARM] Soft resetting joint 1...
[18:00:01.171] [ARM] robot_update_current_angle 1...
[18:00:01.171] [ARM] [1] current:90.00, target:90.00, dir:1
[18:00:01.294] [ARM] Soft resetting joint 2...
[18:00:01.294] [ARM] robot_update_current_angle 2...
[18:00:01.294] [ARM] [2] current:-90.00, target:-90.00, dir:-1
[18:00:01.419] [ARM] Soft resetting joint 0...
[18:00:01.480] [ARM] robot_update_current_angle 0...
[18:00:01.480] [ARM] [0] current:90.00, target:90.00, dir:1
[18:00:01.668] [ARM] soft reset final verify PASS (issues:0), pose set HOME.
[18:00:01.668] [JETSON-TX] TARGET_CTRL START: AA 01 01 BB
[18:00:01.711] [ARM] [JETSON_RX] target_ctrl=1
[18:00:01.711] [ARM] ROBOT_AUTO_EVENT
[18:00:01.711] [ARM] [0] <0.00 0.00 0.00> result: 90.00 90.00 -90.00 0.00 90.00 0.00 
[18:00:01.711] [ARM] [1] <0.00 -0.00 -0.00> result: 90.00 90.00 -90.00 0.00 90.00 0.00 
[18:00:01.712] [ARM] [2] <0.00 -0.00 -0.00> result: 90.00 90.00 -90.00 0.00 90.00 0.00 
[18:00:01.735] [ARM] [3] <0.00 -0.01 -0.00> result: 90.00 90.00 -90.00 0.00 90.00 0.00 
[18:00:01.735] [ARM] [4] <0.00 -0.02 -0.00> result: 90.00 90.01 -90.00 0.00 90.00 0.00 
[18:00:01.735] [ARM] [5] <0.00 -0.03 -0.00> result: 90.00 90.01 -89.99 0.00 90.00 0.00 
[18:00:01.735] [ARM] [6] <0.00 -0.05 -0.00> result: 90.00 90.02 -89.99 0.00 90.00 0.00 
[18:00:01.746] [JETSON-RX] CC 04 01 DD
[18:00:01.746] [JETSON-STATUS] TARGET_CTRL_ON func=0x04 value=0x01
[18:00:01.746] [STEP] waiting READY from RA6...
[18:00:01.761] [ARM] [7] <0.00 -0.07 -0.00> result: 90.00 90.02 -89.98 0.00 90.00 0.00 
[18:00:01.762] [ARM] [8] <0.00 -0.11 -0.00> result: 90.00 90.03 -89.97 0.00 90.00 0.00 
[18:00:01.762] [ARM] [9] <0.00 -0.15 -0.00> result: 90.00 90.05 -89.96 0.00 90.00 0.00 
[18:00:01.781] [ARM] [10] <0.00 -0.20 -0.01> result: 90.00 90.06 -89.94 0.00 90.01 0.00 
[18:00:01.781] [ARM] [11] <0.00 -0.27 -0.01> result: 90.00 90.08 -89.92 0.00 90.01 0.00 
[18:00:01.781] [ARM] [12] <0.00 -0.34 -0.01> result: 90.00 90.11 -89.90 0.00 90.01 0.00 
[18:00:01.781] [ARM] [13] <0.00 -0.43 -0.01> result: 90.00 90.14 -89.88 0.00 90.01 0.00 
[18:00:01.803] [ARM] [14] <0.00 -0.54 -0.01> result: 90.00 90.17 -89.85 0.00 90.02 0.00 
[18:00:01.803] [ARM] [15] <0.00 -0.65 -0.02> result: 90.00 90.20 -89.81 0.00 90.02 0.00 
[18:00:01.803] [ARM] [16] <0.00 -0.79 -0.02> result: 90.00 90.25 -89.78 0.00 90.02 0.00 
[18:00:01.803] [ARM] [17] <0.00 -0.94 -0.02> result: 90.00 90.29 -89.73 0.00 90.03 0.00 
[18:00:01.826] [ARM] [18] <0.00 -1.10 -0.03> result: 90.00 90.34 -89.69 0.00 90.03 0.00 
[18:00:01.826] [ARM] [19] <0.00 -1.29 -0.03> result: 90.00 90.40 -89.63 0.00 90.03 0.00 
[18:00:01.826] [ARM] [20] <0.00 -1.49 -0.04> result: 90.00 90.46 -89.57 0.00 90.04 0.00 
[18:00:01.826] [ARM] [21] <0.00 -1.72 -0.04> result: 90.00 90.53 -89.51 0.00 90.04 0.00 
[18:00:01.848] [ARM] [22] <0.00 -1.97 -0.05> result: 90.00 90.61 -89.44 0.00 90.05 0.00 
[18:00:01.848] [ARM] [23] <0.00 -2.23 -0.06> result: 90.00 90.69 -89.36 0.00 90.05 0.00 
[18:00:01.848] [ARM] [24] <0.00 -2.52 -0.06> result: 90.00 90.77 -89.28 0.00 90.05 0.00 
[18:00:01.883] [ARM] [25] <0.00 -2.84 -0.07> result: 90.00 90.87 -89.19 0.00 90.06 0.00 
[18:00:01.883] [ARM] [26] <0.00 -3.17 -0.08> result: 90.00 90.97 -89.10 0.00 90.06 0.00 
[18:00:01.883] [ARM] [27] <0.00 -3.53 -0.09> result: 90.00 91.07 -88.99 0.00 90.06 0.00 
[18:00:01.883] [ARM] [28] <0.00 -3.92 -0.10> result: 90.00 91.18 -88.88 0.00 90.07 0.00 
[18:00:01.905] [ARM] [29] <0.00 -4.33 -0.11> result: 90.00 91.30 -88.76 0.00 90.07 0.00 
[18:00:01.905] [ARM] [30] <0.00 -4.77 -0.12> result: 90.00 91.43 -88.64 0.00 90.07 0.00 
[18:00:01.905] [ARM] [31] <0.00 -5.23 -0.13> result: 90.00 91.56 -88.51 0.00 90.07 0.00 
[18:00:01.906] [ARM] [32] <0.00 -5.72 -0.14> result: 90.00 91.70 -88.37 0.00 90.07 0.00 
[18:00:01.928] [ARM] [33] <0.00 -6.24 -0.16> result: 90.00 91.85 -88.22 0.00 90.06 0.00 
[18:00:01.928] [ARM] [34] <0.00 -6.79 -0.17> result: 90.00 92.00 -88.06 0.00 90.06 0.00 
[18:00:01.928] [ARM] [35] <0.00 -7.36 -0.18> result: 90.00 92.16 -87.89 0.00 90.05 0.00 
[18:00:01.928] [ARM] [36] <0.00 -7.96 -0.20> result: 90.00 92.32 -87.72 0.00 90.04 0.00 
[18:00:01.951] [ARM] [37] <0.00 -8.60 -0.21> result: 90.00 92.49 -87.54 0.00 90.03 0.00 
[18:00:01.952] [ARM] [38] <0.00 -9.26 -0.23> result: 90.00 92.67 -87.35 0.00 90.02 0.00 
[18:00:01.952] [ARM] [39] <0.00 -9.95 -0.25> result: 90.00 92.85 -87.15 0.00 90.00 0.00 
[18:00:01.974] [ARM] [40] <0.00 -10.67 -0.27> result: 90.00 93.04 -86.94 0.00 89.98 0.00 
[18:00:01.974] [ARM] [41] <0.00 -11.42 -0.29> result: 90.00 93.24 -86.72 0.00 89.96 0.00 
[18:00:01.974] [ARM] [42] <0.00 -12.20 -0.30> result: 90.00 93.44 -86.50 0.00 89.93 0.00 
[18:00:01.974] [ARM] [43] <0.00 -13.01 -0.33> result: 90.00 93.64 -86.26 0.00 89.91 0.00 
[18:00:01.997] [ARM] [44] <0.00 -13.85 -0.35> result: 90.00 93.85 -86.02 0.00 89.87 0.00 
[18:00:01.998] [ARM] [45] <0.00 -14.72 -0.37> result: 90.00 94.07 -85.77 0.00 89.84 0.00 
[18:00:01.998] [ARM] [46] <0.00 -15.62 -0.39> result: 90.00 94.29 -85.51 0.00 89.80 0.00 
[18:00:01.998] [ARM] [47] <0.00 -16.55 -0.41> result: 90.00 94.52 -85.24 0.00 89.75 0.00 
[18:00:02.021] [ARM] [48] <0.00 -17.51 -0.44> result: 90.00 94.75 -84.96 0.00 89.70 0.00 
[18:00:02.021] [ARM] [49] <0.00 -18.49 -0.46> result: 90.00 94.98 -84.67 0.00 89.65 0.00 
[18:00:02.021] [ARM] [50] <0.00 -19.51 -0.49> result: 90.00 95.22 -84.37 0.00 89.59 0.00 
[18:00:02.021] [ARM] [51] <0.00 -20.56 -0.51> result: 90.00 95.47 -84.06 0.00 89.53 0.00 
[18:00:02.043] [ARM] [52] <0.00 -21.64 -0.54> result: 90.00 95.71 -83.75 0.00 89.46 0.00 
[18:00:02.044] [ARM] [53] <0.00 -22.74 -0.57> result: 90.00 95.97 -83.43 0.00 89.39 0.00 
[18:00:02.044] [ARM] [54] <0.00 -23.88 -0.60> result: 90.00 96.22 -83.09 0.00 89.32 0.00 
[18:00:02.078] [ARM] [55] <0.00 -25.04 -0.63> result: 90.00 96.48 -82.75 0.00 89.23 0.00 
[18:00:02.078] [ARM] [56] <0.00 -26.23 -0.66> result: 90.00 96.74 -82.40 0.00 89.15 0.00 
[18:00:02.078] [ARM] [57] <0.00 -27.44 -0.69> result: 90.00 97.01 -82.05 0.00 89.06 0.00 
[18:00:02.078] [ARM] [58] <0.00 -28.68 -0.72> result: 90.00 97.28 -81.68 0.00 88.96 0.00 
[18:00:02.101] [ARM] [59] <0.00 -29.95 -0.75> result: 90.00 97.55 -81.31 0.00 88.86 0.00 
[18:00:02.101] [ARM] [60] <0.00 -31.25 -0.78> result: 90.00 97.83 -80.92 0.00 88.75 0.00 
[18:00:02.101] [ARM] [61] <0.00 -32.57 -0.81> result: 90.00 98.10 -80.53 0.00 88.64 0.00 
[18:00:02.101] [ARM] [62] <0.00 -33.91 -0.85> result: 90.00 98.39 -80.14 0.00 88.52 0.00 
[18:00:02.123] [ARM] [63] <0.00 -35.28 -0.88> result: 90.00 98.67 -79.73 0.00 88.40 0.00 
[18:00:02.123] [ARM] [64] <0.00 -36.67 -0.92> result: 90.00 98.95 -79.32 0.00 88.27 0.00 
[18:00:02.123] [ARM] [65] <0.00 -38.08 -0.95> result: 90.00 99.24 -78.90 0.00 88.14 0.00 
[18:00:02.146] [ARM] [66] <0.00 -39.51 -0.99> result: 90.00 99.53 -78.47 0.00 88.00 0.00 
[18:00:02.146] [ARM] [67] <0.00 -40.97 -1.02> result: 90.00 99.82 -78.04 0.00 87.86 0.00 
[18:00:02.146] [ARM] [68] <0.00 -42.44 -1.06> result: 90.00 100.11 -77.60 0.00 87.71 0.00 
[18:00:02.146] [ARM] [69] <0.00 -43.94 -1.10> result: 90.00 100.41 -77.15 0.00 87.56 0.00 
[18:00:02.172] [ARM] [70] <0.00 -45.45 -1.14> result: 90.00 100.70 -76.70 0.00 87.41 0.00 
[18:00:02.172] [ARM] [71] <0.00 -46.98 -1.17> result: 90.00 101.00 -76.24 0.00 87.25 0.00 
[18:00:02.172] [ARM] [72] <0.00 -48.53 -1.21> result: 90.00 101.30 -75.78 0.00 87.08 0.00 
[18:00:02.172] [ARM] [73] <0.00 -50.09 -1.25> result: 90.00 101.60 -75.31 0.00 86.91 0.00 
[18:00:02.192] [ARM] [74] <0.00 -51.67 -1.29> result: 90.00 101.90 -74.84 0.00 86.74 0.00 
[18:00:02.193] [ARM] [75] <0.00 -53.26 -1.33> result: 90.00 102.20 -74.36 0.00 86.56 0.00 
[18:00:02.193] [ARM] [76] <0.00 -54.86 -1.37> result: 90.00 102.51 -73.87 0.00 86.38 0.00 
[18:00:02.215] [ARM] [77] <0.00 -56.48 -1.41> result: 90.00 102.81 -73.39 0.00 86.20 0.00 
[18:00:02.215] [ARM] [78] <0.00 -58.11 -1.45> result: 90.00 103.11 -72.89 0.00 86.01 0.00 
[18:00:02.216] [ARM] [79] <0.00 -59.75 -1.49> result: 90.00 103.42 -72.40 0.00 85.82 0.00 
[18:00:02.216] [ARM] [80] <0.00 -60.00 -1.50> result: 90.00 103.47 -72.32 0.00 85.79 0.00 
[18:00:02.249] [ARM] [81] <0.00 -60.00 -1.50> result: 90.00 103.47 -72.32 0.00 85.79 0.00 
[18:00:02.249] [ARM] [82] <0.00 -60.00 -1.50> result: 90.00 103.47 -72.32 0.00 85.79 0.00 
[18:00:02.249] [ARM] [83] <0.00 -60.00 -1.50> result: 90.00 103.47 -72.32 0.00 85.79 0.00 
[18:00:02.249] [ARM] [84] <0.00 -60.00 -1.50> result: 90.00 103.47 -72.32 0.00 85.79 0.00 
[18:00:02.273] [ARM] [85] <0.00 -60.00 -1.50> result: 90.00 103.47 -72.32 0.00 85.79 0.00 
[18:00:02.273] [ARM] [86] <0.00 -60.00 -1.50> result: 90.00 103.47 -72.32 0.00 85.79 0.00 
[18:00:02.273] [ARM] [87] <0.00 -60.00 -1.50> result: 90.00 103.47 -72.32 0.00 85.79 0.00 
[18:00:02.295] [ARM] [88] <0.00 -60.00 -1.50> result: 90.00 103.47 -72.32 0.00 85.79 0.00 
[18:00:02.295] [ARM] [89] <0.00 -60.00 -1.50> result: 90.00 103.47 -72.32 0.00 85.79 0.00 
[18:00:02.295] [ARM] [90] <0.00 -60.00 -1.50> result: 90.00 103.47 -72.32 0.00 85.79 0.00 
[18:00:02.296] [ARM] [91] <0.00 -60.00 -1.50> result: 90.00 103.47 -72.32 0.00 85.79 0.00 
[18:00:02.318] [ARM] [92] <0.00 -60.00 -1.50> result: 90.00 103.47 -72.32 0.00 85.79 0.00 
[18:00:02.318] [ARM] [93] <0.00 -60.00 -1.50> result: 90.00 103.47 -72.32 0.00 85.79 0.00 
[18:00:02.318] [ARM] [94] <0.00 -60.00 -1.50> result: 90.00 103.47 -72.32 0.00 85.79 0.00 
[18:00:02.318] [ARM] [95] <0.00 -60.00 -1.50> result: 90.00 103.47 -72.32 0.00 85.79 0.00 
[18:00:02.341] [ARM] [96] <0.00 -60.00 -1.50> result: 90.00 103.47 -72.32 0.00 85.79 0.00 
[18:00:02.341] [ARM] [97] <0.00 -60.00 -1.50> result: 90.00 103.47 -72.32 0.00 85.79 0.00 
[18:00:02.341] [ARM] [98] <0.00 -60.00 -1.50> result: 90.00 103.47 -72.32 0.00 85.79 0.00 
[18:00:02.365] [ARM] [99] <0.00 -60.00 -1.50> result: 90.00 103.47 -72.32 0.00 85.79 0.00 
[18:00:02.365] [ARM] [100] <0.00 -60.00 -1.50> result: 90.00 103.47 -72.32 0.00 85.79 0.00 
[18:00:02.365] [ARM] [101] <0.00 -60.00 -1.50> result: 90.00 103.47 -72.32 0.00 85.79 0.00 
[18:00:02.365] [ARM] [102] <0.00 -60.00 -1.50> result: 90.00 103.47 -72.32 0.00 85.79 0.00 
[18:00:02.388] [ARM] [103] <0.00 -60.00 -1.50> result: 90.00 103.47 -72.32 0.00 85.79 0.00 
[18:00:02.388] [ARM] [104] <0.00 -60.00 -1.50> result: 90.00 103.47 -72.32 0.00 85.79 0.00 
[18:00:02.388] [ARM] [105] <0.00 -60.00 -1.50> result: 90.00 103.47 -72.32 0.00 85.79 0.00 
[18:00:02.388] [ARM] [106] <0.00 -60.00 -1.50> result: 90.00 103.47 -72.32 0.00 85.79 0.00 
[18:00:02.410] [ARM] [107] <0.00 -60.00 -1.50> result: 90.00 103.47 -72.32 0.00 85.79 0.00 
[18:00:02.410] [ARM] [108] <0.00 -60.00 -1.50> result: 90.00 103.47 -72.32 0.00 85.79 0.00 
[18:00:02.410] [ARM] [109] <0.00 -60.00 -1.50> result: 90.00 103.47 -72.32 0.00 85.79 0.00 
[18:00:02.444] [ARM] [110] <0.00 -60.00 -1.50> result: 90.00 103.47 -72.32 0.00 85.79 0.00 
[18:00:02.444] [ARM] [111] <0.00 -60.00 -1.50> result: 90.00 103.47 -72.32 0.00 85.79 0.00 
[18:00:02.444] [ARM] [112] <0.00 -60.00 -1.50> result: 90.00 103.47 -72.32 0.00 85.79 0.00 
[18:00:02.445] [ARM] [113] <0.00 -60.00 -1.50> result: 90.00 103.47 -72.32 0.00 85.79 0.00 
[18:00:02.467] [ARM] [114] <0.00 -60.00 -1.50> result: 90.00 103.47 -72.32 0.00 85.79 0.00 
[18:00:02.467] [ARM] [115] <0.00 -60.00 -1.50> result: 90.00 103.47 -72.32 0.00 85.79 0.00 
[18:00:02.467] [ARM] [116] <0.00 -60.00 -1.50> result: 90.00 103.47 -72.32 0.00 85.79 0.00 
[18:00:02.490] [ARM] [117] <0.00 -60.00 -1.50> result: 90.00 103.47 -72.32 0.00 85.79 0.00 
[18:00:02.490] [ARM] [118] <0.00 -60.00 -1.50> result: 90.00 103.47 -72.32 0.00 85.79 0.00 
[18:00:02.490] [ARM] [119] <0.00 -60.00 -1.50> result: 90.00 103.47 -72.32 0.00 85.79 0.00 
[18:00:02.490] [ARM] [120] <0.00 -60.00 -1.50> result: 90.00 103.47 -72.32 0.00 85.79 0.00 
[18:00:02.513] [ARM] [121] <0.00 -60.00 -1.50> result: 90.00 103.47 -72.32 0.00 85.79 0.00 
[18:00:02.513] [ARM] [122] <0.00 -60.00 -1.50> result: 90.00 103.47 -72.32 0.00 85.79 0.00 
[18:00:02.513] [ARM] [123] <0.00 -60.00 -1.50> result: 90.00 103.47 -72.32 0.00 85.79 0.00 
[18:00:02.513] [ARM] [124] <0.00 -60.00 -1.50> result: 90.00 103.47 -72.32 0.00 85.79 0.00 
[18:00:02.536] [ARM] [125] <0.00 -60.00 -1.50> result: 90.00 103.47 -72.32 0.00 85.79 0.00 
[18:00:02.536] [ARM] [126] <0.00 -60.00 -1.50> result: 90.00 103.47 -72.32 0.00 85.79 0.00 
[18:00:02.536] [ARM] [127] <0.00 -60.00 -1.50> result: 90.00 103.47 -72.32 0.00 85.79 0.00 
[18:00:02.559] [ARM] [128] <0.00 -60.00 -1.50> result: 90.00 103.47 -72.32 0.00 85.79 0.00 
[18:00:02.559] [ARM] [129] <0.00 -60.00 -1.50> result: 90.00 103.47 -72.32 0.00 85.79 0.00 
[18:00:02.559] [ARM] [130] <0.00 -60.00 -1.50> result: 90.00 103.47 -72.32 0.00 85.79 0.00 
[18:00:02.559] [ARM] [131] <0.00 -60.00 -1.50> result: 90.00 103.47 -72.32 0.00 85.79 0.00 
[18:00:02.582] [ARM] [132] <0.00 -60.00 -1.50> result: 90.00 103.47 -72.32 0.00 85.79 0.00 
[18:00:02.582] [ARM] [133] <0.00 -60.00 -1.50> result: 90.00 103.47 -72.32 0.00 85.79 0.00 
[18:00:02.582] [ARM] [134] <0.00 -60.00 -1.50> result: 90.00 103.47 -72.32 0.00 85.79 0.00 
[18:00:02.616] [ARM] [135] <0.00 -60.00 -1.50> result: 90.00 103.47 -72.32 0.00 85.79 0.00 
[18:00:02.616] [ARM] [136] <0.00 -60.00 -1.50> result: 90.00 103.47 -72.32 0.00 85.79 0.00 
[18:00:02.616] [ARM] [137] <0.00 -60.00 -1.50> result: 90.00 103.47 -72.32 0.00 85.79 0.00 
[18:00:02.616] [ARM] [138] <0.00 -60.00 -1.50> result: 90.00 103.47 -72.32 0.00 85.79 0.00 
[18:00:02.639] [ARM] [139] <0.00 -60.00 -1.50> result: 90.00 103.47 -72.32 0.00 85.79 0.00 
[18:00:02.639] [ARM] [140] <0.00 -60.00 -1.50> result: 90.00 103.47 -72.32 0.00 85.79 0.00 
[18:00:02.639] [ARM] [141] <0.00 -60.00 -1.50> result: 90.00 103.47 -72.32 0.00 85.79 0.00 
[18:00:02.639] [ARM] [142] <0.00 -60.00 -1.50> result: 90.00 103.47 -72.32 0.00 85.79 0.00 
[18:00:02.663] [ARM] [143] <0.00 -60.00 -1.50> result: 90.00 103.47 -72.32 0.00 85.79 0.00 
[18:00:02.663] [ARM] [144] <0.00 -60.00 -1.50> result: 90.00 103.47 -72.32 0.00 85.79 0.00 
[18:00:02.663] [ARM] [145] <0.00 -60.00 -1.50> result: 90.00 103.47 -72.32 0.00 85.79 0.00 
[18:00:02.685] [ARM] [146] <0.00 -60.00 -1.50> result: 90.00 103.47 -72.32 0.00 85.79 0.00 
[18:00:02.685] [ARM] [147] <0.00 -60.00 -1.50> result: 90.00 103.47 -72.32 0.00 85.79 0.00 
[18:00:02.685] [ARM] [148] <0.00 -60.00 -1.50> result: 90.00 103.47 -72.32 0.00 85.79 0.00 
[18:00:02.685] [ARM] [149] <0.00 -60.00 -1.50> result: 90.00 103.47 -72.32 0.00 85.79 0.00 
[18:00:02.709] [ARM] [150] <0.00 -60.00 -1.50> result: 90.00 103.47 -72.32 0.00 85.79 0.00 
[18:00:02.710] [ARM] [151] <0.00 -60.00 -1.50> result: 90.00 103.47 -72.32 0.00 85.79 0.00 
[18:00:02.710] [ARM] [152] <0.00 -60.00 -1.50> result: 90.00 103.47 -72.32 0.00 85.79 0.00 
[18:00:02.731] [ARM] [153] <0.00 -60.00 -1.50> result: 90.00 103.47 -72.32 0.00 85.79 0.00 
[18:00:02.732] [ARM] [154] <0.00 -60.00 -1.50> result: 90.00 103.47 -72.32 0.00 85.79 0.00 
[18:00:02.732] [ARM] [155] <0.00 -60.00 -1.50> result: 90.00 103.47 -72.32 0.00 85.79 0.00 
[18:00:02.732] [ARM] [156] <0.00 -60.00 -1.50> result: 90.00 103.47 -72.32 0.00 85.79 0.00 
[18:00:02.754] [ARM] [157] <0.00 -60.00 -1.50> result: 90.00 103.47 -72.32 0.00 85.79 0.00 
[18:00:02.754] [ARM] [158] <0.00 -60.00 -1.50> result: 90.00 103.47 -72.32 0.00 85.79 0.00 
[18:00:02.754] [ARM] [159] <0.00 -60.00 -1.50> result: 90.00 103.47 -72.32 0.00 85.79 0.00 
[18:00:02.754] [ARM] [160] <0.00 -60.00 -1.50> result: 90.00 103.47 -72.32 0.00 85.79 0.00 
[18:00:02.777] [ARM] [161] <0.00 -60.00 -1.50> result: 90.00 103.47 -72.32 0.00 85.79 0.00 
[18:00:02.777] [ARM] [162] <0.00 -60.00 -1.50> result: 90.00 103.47 -72.32 0.00 85.79 0.00 
[18:00:02.777] [ARM] [163] <0.00 -60.00 -1.50> result: 90.00 103.47 -72.32 0.00 85.79 0.00 
[18:00:02.813] [ARM] [164] <0.00 -60.00 -1.50> result: 90.00 103.47 -72.32 0.00 85.79 0.00 
[18:00:02.813] [ARM] [165] <0.00 -60.00 -1.50> result: 90.00 103.47 -72.32 0.00 85.79 0.00 
[18:00:02.813] [ARM] [166] <0.00 -60.00 -1.50> result: 90.00 103.47 -72.32 0.00 85.79 0.00 
[18:00:02.813] [ARM] [167] <0.00 -60.00 -1.50> result: 90.00 103.47 -72.32 0.00 85.79 0.00 
[18:00:02.834] [ARM] [168] <0.00 -60.00 -1.50> result: 90.00 103.47 -72.32 0.00 85.79 0.00 
[18:00:02.834] [ARM] [169] <0.00 -60.00 -1.50> result: 90.00 103.47 -72.32 0.00 85.79 0.00 
[18:00:02.834] [ARM] [170] <0.00 -60.00 -1.50> result: 90.00 103.47 -72.32 0.00 85.79 0.00 
[18:00:02.858] [ARM] [171] <0.00 -60.00 -1.50> result: 90.00 103.47 -72.32 0.00 85.79 0.00 
[18:00:02.858] [ARM] [172] <0.00 -60.00 -1.50> result: 90.00 103.47 -72.32 0.00 85.79 0.00 
[18:00:02.858] [ARM] [173] <0.00 -60.00 -1.50> result: 90.00 103.47 -72.32 0.00 85.79 0.00 
[18:00:02.858] [ARM] [174] <0.00 -60.00 -1.50> result: 90.00 103.47 -72.32 0.00 85.79 0.00 
[18:00:02.910] [ARM] [175] <0.00 -60.00 -1.50> result: 90.00 103.47 -72.32 0.00 85.79 0.00 
[18:00:02.910] [ARM] [176] <0.00 -60.00 -1.50> result: 90.00 103.47 -72.32 0.00 85.79 0.00 
[18:00:04.778] [ARM] [jpint 1] ave_error:0.00
[18:00:04.778] [ARM] [jpint 2] ave_error:4.00
[18:00:04.778] [ARM] [jpint 3] ave_error:5.56
[18:00:04.778] [ARM] [jpint 4] ave_error:0.00
[18:00:04.809] [JETSON-RX] CC 01 01 DD
[18:00:04.809] [JETSON-STATUS] READY func=0x01 value=0x01
[18:00:04.809] [PROMPT] target_enable 已完成，RA6M5 已到预定位 READY。确认后按 Enter 开始发送视觉误差校准。
[18:00:04.840] [ARM] [jpint 5] ave_error:6.10
[18:00:04.840] [ARM] 
[18:00:04.840] [ARM] robot pid run finished!!
[18:00:07.160] [PROMPT] Enter received; console logging resumed.
[18:00:07.160] [JETSON-TX] vision sender enabled: period=0.200s.
[18:00:07.160] [STEP] sending vision sequence (9,-10)/2.0s -> (4,-6)/1.0s -> (0,0)/0.0s, waiting ALIGN_DONE...
[18:00:07.234] [JETSON-TX] vision step 1/3: dcx=9 dcy=-10 hold=2.0s frame=FF 05 03 09 00 F6 FF 06 FE
[18:00:07.299] [ARM] [JETSON_RX] vision dcx=9 dcy=-10
[18:00:07.299] [ARM] [TARGET] vision state=WAIT_DETECT enabled=1 dcx=9 dcy=-10 stable=0
[18:00:07.299] [ARM] ROBOT_AUTO_EVENT
[18:00:07.299] [ARM] [0] <0.00 -60.00 -1.50> result: 90.00 103.47 -72.32 0.00 85.79 0.00 
[18:00:07.307] [ARM] [1] <0.00 -60.00 -1.50> result: 90.00 103.47 -72.32 -0.00 85.79 0.00 
[18:00:07.307] [ARM] [2] <0.01 -60.00 -1.51> result: 90.01 103.47 -72.32 -0.01 85.79 0.00 
[18:00:07.307] [ARM] [3] <0.04 -60.00 -1.54> result: 90.02 103.48 -72.32 -0.02 85.81 0.00 
[18:00:07.307] [ARM] [4] <0.08 -60.00 -1.58> result: 90.04 103.51 -72.32 -0.04 85.83 0.00 
[18:00:07.330] [ARM] [5] <0.14 -60.00 -1.64> result: 90.07 103.54 -72.33 -0.07 85.86 0.00 
[18:00:07.330] [ARM] [6] <0.22 -60.00 -1.72> result: 90.12 103.58 -72.33 -0.12 85.91 0.00 
[18:00:07.331] [ARM] [7] <0.32 -60.00 -1.82> result: 90.17 103.63 -72.33 -0.17 85.96 0.00 
[18:00:07.331] [ARM] [8] <0.44 -60.00 -1.94> result: 90.23 103.69 -72.34 -0.24 86.03 0.00 
[18:00:07.353] [ARM] [9] <0.58 -60.00 -2.08> result: 90.31 103.76 -72.34 -0.31 86.10 0.00 
[18:00:07.353] [ARM] [10] <0.73 -60.00 -2.23> result: 90.39 103.84 -72.35 -0.39 86.19 0.00 
[18:00:07.354] [ARM] [11] <0.80 -60.00 -2.30> result: 90.43 103.87 -72.35 -0.43 86.23 0.00 
[18:00:07.376] [ARM] [12] <0.80 -60.00 -2.30> result: 90.43 103.87 -72.35 -0.43 86.23 0.00 
[18:00:07.376] [ARM] [13] <0.80 -60.00 -2.30> result: 90.43 103.87 -72.35 -0.43 86.23 0.00 
[18:00:07.376] [ARM] [14] <0.80 -60.00 -2.30> result: 90.43 103.87 -72.35 -0.43 86.23 0.00 
[18:00:07.376] [ARM] [15] <0.80 -60.00 -2.30> result: 90.43 103.87 -72.35 -0.43 86.23 0.00 
[18:00:07.400] [ARM] [16] <0.80 -60.00 -2.30> result: 90.43 103.87 -72.35 -0.43 86.23 0.00 
[18:00:07.400] [ARM] [17] <0.80 -60.00 -2.30> result: 90.43 103.87 -72.35 -0.43 86.23 0.00 
[18:00:07.400] [ARM] [18] <0.80 -60.00 -2.30> result: 90.43 103.87 -72.35 -0.43 86.23 0.00 
[18:00:07.400] [ARM] [19] <0.80 -60.00 -2.30> result: 90.43 103.87 -72.35 -0.43 86.23 0.00 
[18:00:07.433] [ARM] [20] <0.80 -60.00 -2.30> result: 90.43 103.87 -72.35 -0.43 86.23 0.00 
[18:00:07.433] [ARM] [21] <0.80 -60.00 -2.30> result: 90.43 103.87 -72.35 -0.43 86.23 0.00 
[18:00:07.433] [ARM] [22] <0.80 -60.00 -2.30> result: 90.43 103.87 -72.35 -0.43 86.23 0.00 
[18:00:07.494] [ARM] [23] <0.80 -60.00 -2.30> result: 90.43 103.87 -72.35 -0.43 86.23 0.00 
[18:00:07.494] [ARM] [24] <0.80 -60.00 -2.30> result: 90.43 103.87 -72.35 -0.43 86.23 0.00 
[18:00:07.494] [ARM] [JETSON_RX] vision dcx=9 dcy=-10
[18:00:07.494] [ARM] [TARGET] vision state=ALIGN enabled=1 dcx=9 dcy=-10 stable=0
[18:00:07.681] [ARM] [JETSON_RX] vision dcx=9 dcy=-10
[18:00:07.681] [ARM] [TARGET] vision state=ALIGN enabled=1 dcx=9 dcy=-10 stable=0
[18:00:07.806] [ARM] [jpint 1] ave_error:0.07
[18:00:07.806] [ARM] [jpint 2] ave_error:9.24
[18:00:07.806] [ARM] [jpint 3] ave_error:14.66
[18:00:07.806] [ARM] [jpint 4] ave_error:0.07
[18:00:07.806] [ARM] [jpint 5] ave_error:2.46
[18:00:07.806] [ARM] 
[18:00:07.806] [ARM] robot pid run finished!!
[18:00:07.868] [ARM] [JETSON_RX] vision dcx=9 dcy=-10
[18:00:07.868] [ARM] [TARGET] vision state=ALIGN enabled=1 dcx=9 dcy=-10 stable=0
[18:00:07.923] [ARM] ROBOT_AUTO_EVENT
[18:00:07.923] [ARM] [0] <0.80 -60.00 -2.30> result: 90.43 103.87 -72.35 -0.43 86.23 0.00 
[18:00:07.923] [ARM] [1] <0.80 -60.00 -2.30> result: 90.43 103.88 -72.35 -0.43 86.23 0.00 
[18:00:07.923] [ARM] [2] <0.81 -60.00 -2.31> result: 90.43 103.88 -72.35 -0.43 86.23 0.00 
[18:00:07.946] [ARM] [3] <0.84 -60.00 -2.34> result: 90.45 103.89 -72.35 -0.45 86.25 0.00 
[18:00:07.946] [ARM] [4] <0.88 -60.00 -2.38> result: 90.47 103.91 -72.35 -0.47 86.27 0.00 
[18:00:07.946] [ARM] [5] <0.94 -60.00 -2.44> result: 90.50 103.95 -72.36 -0.50 86.30 0.00 
[18:00:07.946] [ARM] [6] <1.02 -60.00 -2.52> result: 90.54 103.99 -72.36 -0.54 86.34 0.00 
[18:00:07.969] [ARM] [7] <1.12 -60.00 -2.62> result: 90.60 104.04 -72.36 -0.60 86.40 0.00 
[18:00:07.969] [ARM] [8] <1.24 -60.00 -2.74> result: 90.66 104.10 -72.37 -0.66 86.47 0.00 
[18:00:07.970] [ARM] [9] <1.38 -60.00 -2.88> result: 90.73 104.17 -72.37 -0.74 86.54 0.00 
[18:00:07.993] [ARM] [10] <1.53 -60.00 -3.03> result: 90.81 104.25 -72.37 -0.82 86.63 0.00 
[18:00:07.993] [ARM] [11] <1.60 -60.00 -3.10> result: 90.85 104.29 -72.38 -0.85 86.66 0.00 
[18:00:07.993] [ARM] [12] <1.60 -60.00 -3.10> result: 90.85 104.29 -72.38 -0.85 86.66 0.00 
[18:00:07.993] [ARM] [13] <1.60 -60.00 -3.10> result: 90.85 104.29 -72.38 -0.85 86.66 0.00 
[18:00:08.016] [ARM] [14] <1.60 -60.00 -3.10> result: 90.85 104.29 -72.38 -0.85 86.66 0.00 
[18:00:08.016] [ARM] [15] <1.60 -60.00 -3.10> result: 90.85 104.29 -72.38 -0.85 86.66 0.00 
[18:00:08.016] [ARM] [16] <1.60 -60.00 -3.10> result: 90.85 104.29 -72.38 -0.85 86.66 0.00 
[18:00:08.039] [ARM] [17] <1.60 -60.00 -3.10> result: 90.85 104.29 -72.38 -0.85 86.66 0.00 
[18:00:08.039] [ARM] [18] <1.60 -60.00 -3.10> result: 90.85 104.29 -72.38 -0.85 86.66 0.00 
[18:00:08.039] [ARM] [19] <1.60 -60.00 -3.10> result: 90.85 104.29 -72.38 -0.85 86.66 0.00 
[18:00:08.039] [ARM] [20] <1.60 -60.00 -3.10> result: 90.85 104.29 -72.38 -0.85 86.66 0.00 
[18:00:08.075] [ARM] [21] <1.60 -60.00 -3.10> result: 90.85 104.29 -72.38 -0.85 86.66 0.00 
[18:00:08.075] [ARM] [22] <1.60 -60.00 -3.10> result: 90.85 104.29 -72.38 -0.85 86.66 0.00 
[18:00:08.075] [ARM] [23] <1.60 -60.00 -3.10> result: 90.85 104.29 -72.38 -0.85 86.66 0.00 
[18:00:08.075] [ARM] [24] <1.60 -60.00 -3.10> result: 90.85 104.29 -72.38 -0.85 86.66 0.00 
[18:00:08.131] [ARM] [JETSON_RX] vision dcx=9 dcy=-10
[18:00:08.131] [ARM] [TARGET] vision state=ALIGN enabled=1 dcx=9 dcy=-10 stable=0
[18:00:08.316] [ARM] [JETSON_RX] vision dcx=9 dcy=-10
[18:00:08.316] [ARM] [TARGET] vision state=ALIGN enabled=1 dcx=9 dcy=-10 stable=0
[18:00:08.440] [ARM] [jpint 1] ave_error:0.07
[18:00:08.440] [ARM] [jpint 2] ave_error:7.85
[18:00:08.440] [ARM] [jpint 3] ave_error:12.78
[18:00:08.440] [ARM] [jpint 4] ave_error:0.07
[18:00:08.440] [ARM] [jpint 5] ave_error:0.21
[18:00:08.440] [ARM] 
[18:00:08.440] [ARM] robot pid run finished!!
[18:00:08.503] [ARM] [JETSON_RX] vision dcx=9 dcy=-10
[18:00:08.503] [ARM] [TARGET] vision state=ALIGN enabled=1 dcx=9 dcy=-10 stable=0
[18:00:08.557] [ARM] ROBOT_AUTO_EVENT
[18:00:08.557] [ARM] [0] <1.60 -60.00 -3.10> result: 90.85 104.29 -72.38 -0.85 86.66 0.00 
[18:00:08.557] [ARM] [1] <1.60 -60.00 -3.10> result: 90.85 104.29 -72.38 -0.85 86.67 0.00 
[18:00:08.557] [ARM] [2] <1.61 -60.00 -3.11> result: 90.86 104.29 -72.38 -0.86 86.67 0.00 
[18:00:08.579] [ARM] [3] <1.64 -60.00 -3.14> result: 90.87 104.31 -72.38 -0.87 86.68 0.00 
[18:00:08.579] [ARM] [4] <1.68 -60.00 -3.18> result: 90.89 104.33 -72.38 -0.89 86.71 0.00 
[18:00:08.579] [ARM] [5] <1.74 -60.00 -3.24> result: 90.92 104.36 -72.38 -0.93 86.74 0.00 
[18:00:08.579] [ARM] [6] <1.82 -60.00 -3.32> result: 90.97 104.40 -72.38 -0.97 86.78 0.00 
[18:00:08.604] [ARM] [7] <1.92 -60.00 -3.42> result: 91.02 104.45 -72.39 -1.02 86.84 0.00 
[18:00:08.604] [ARM] [8] <2.04 -60.00 -3.54> result: 91.09 104.51 -72.39 -1.09 86.90 0.00 
[18:00:08.604] [ARM] [9] <2.18 -60.00 -3.68> result: 91.16 104.59 -72.39 -1.16 86.98 0.00 
[18:00:08.626] [ARM] [10] <2.33 -60.00 -3.83> result: 91.24 104.66 -72.40 -1.24 87.06 0.00 
[18:00:08.626] [ARM] [11] <2.40 -60.00 -3.90> result: 91.28 104.70 -72.40 -1.28 87.10 0.00 
[18:00:08.626] [ARM] [12] <2.40 -60.00 -3.90> result: 91.28 104.70 -72.40 -1.28 87.10 0.00 
[18:00:08.626] [ARM] [13] <2.40 -60.00 -3.90> result: 91.28 104.70 -72.40 -1.28 87.10 0.00 
[18:00:08.649] [ARM] [14] <2.40 -60.00 -3.90> result: 91.28 104.70 -72.40 -1.28 87.10 0.00 
[18:00:08.649] [ARM] [15] <2.40 -60.00 -3.90> result: 91.28 104.70 -72.40 -1.28 87.10 0.00 
[18:00:08.649] [ARM] [16] <2.40 -60.00 -3.90> result: 91.28 104.70 -72.40 -1.28 87.10 0.00 
[18:00:08.672] [ARM] [17] <2.40 -60.00 -3.90> result: 91.28 104.70 -72.40 -1.28 87.10 0.00 
[18:00:08.672] [ARM] [18] <2.40 -60.00 -3.90> result: 91.28 104.70 -72.40 -1.28 87.10 0.00 
[18:00:08.673] [ARM] [19] <2.40 -60.00 -3.90> result: 91.28 104.70 -72.40 -1.28 87.10 0.00 
[18:00:08.673] [ARM] [20] <2.40 -60.00 -3.90> result: 91.28 104.70 -72.40 -1.28 87.10 0.00 
[18:00:08.707] [ARM] [21] <2.40 -60.00 -3.90> result: 91.28 104.70 -72.40 -1.28 87.10 0.00 
[18:00:08.708] [ARM] [22] <2.40 -60.00 -3.90> result: 91.28 104.70 -72.40 -1.28 87.10 0.00 
[18:00:08.708] [ARM] [23] <2.40 -60.00 -3.90> result: 91.28 104.70 -72.40 -1.28 87.10 0.00 
[18:00:08.708] [ARM] [24] <2.40 -60.00 -3.90> result: 91.28 104.70 -72.40 -1.28 87.10 0.00 
[18:00:08.767] [ARM] [JETSON_RX] vision dcx=9 dcy=-10
[18:00:08.767] [ARM] [TARGET] vision state=ALIGN enabled=1 dcx=9 dcy=-10 stable=0
[18:00:08.891] [ARM] [JETSON_RX] vision dcx=9 dcy=-10
[18:00:08.891] [ARM] [TARGET] vision state=ALIGN enabled=1 dcx=9 dcy=-10 stable=0
[18:00:09.077] [ARM] [jpint 1] ave_error:0.07
[18:00:09.077] [ARM] [jpint 2] ave_error:6.46
[18:00:09.077] [ARM] [jpint 3] ave_error:10.88
[18:00:09.077] [ARM] [jpint 4] ave_error:0.07
[18:00:09.077] [ARM] [jpint 5] ave_error:0.19
[18:00:09.077] [ARM] 
[18:00:09.077] [ARM] robot pid run finished!!
[18:00:09.077] [ARM] [JETSON_RX] vision dcx=9 dcy=-10
[18:00:09.077] [ARM] [TARGET] vision state=ALIGN enabled=1 dcx=9 dcy=-10 stable=0
[18:00:09.191] [ARM] ROBOT_AUTO_EVENT
[18:00:09.192] [ARM] [0] <2.40 -60.00 -3.90> result: 91.28 104.70 -72.40 -1.28 87.10 0.00 
[18:00:09.192] [ARM] [1] <2.40 -60.00 -3.90> result: 91.28 104.70 -72.40 -1.28 87.10 0.00 
[18:00:09.192] [ARM] [2] <2.41 -60.00 -3.91> result: 91.28 104.71 -72.40 -1.29 87.11 0.00 
[18:00:09.214] [ARM] [3] <2.44 -60.00 -3.94> result: 91.30 104.72 -72.40 -1.30 87.12 0.00 
[18:00:09.214] [ARM] [4] <2.48 -60.00 -3.98> result: 91.32 104.74 -72.40 -1.32 87.14 0.00 
[18:00:09.214] [ARM] [5] <2.54 -60.00 -4.04> result: 91.35 104.77 -72.40 -1.35 87.17 0.00 
[18:00:09.214] [ARM] [6] <2.62 -60.00 -4.12> result: 91.39 104.81 -72.40 -1.39 87.22 0.00 
[18:00:09.238] [ARM] [7] <2.72 -60.00 -4.22> result: 91.45 104.87 -72.41 -1.45 87.27 0.00 
[18:00:09.238] [ARM] [8] <2.84 -60.00 -4.34> result: 91.51 104.93 -72.41 -1.51 87.34 0.00 
[18:00:09.238] [ARM] [9] <2.98 -60.00 -4.48> result: 91.59 105.00 -72.41 -1.59 87.42 0.00 
[18:00:09.241] [JETSON-TX] vision step 2/3: dcx=4 dcy=-6 hold=1.0s frame=FF 05 03 04 00 FA FF 05 FE
[18:00:09.263] [ARM] [10] <3.13 -60.00 -4.63> result: 91.67 105.08 -72.42 -1.67 87.50 0.00 
[18:00:09.263] [ARM] [11] <3.20 -60.00 -4.70> result: 91.70 105.12 -72.42 -1.70 87.54 0.00 
[18:00:09.263] [ARM] [12] <3.20 -60.00 -4.70> result: 91.70 105.12 -72.42 -1.70 87.54 0.00 
[18:00:09.263] [ARM] [13] <3.20 -60.00 -4.70> result: 91.70 105.12 -72.42 -1.70 87.54 0.00 
[18:00:09.284] [ARM] [14] <3.20 -60.00 -4.70> result: 91.70 105.12 -72.42 -1.70 87.54 0.00 
[18:00:09.284] [ARM] [15] <3.20 -60.00 -4.70> result: 91.70 105.12 -72.42 -1.70 87.54 0.00 
[18:00:09.284] [ARM] [16] <3.20 -60.00 -4.70> result: 91.70 105.12 -72.42 -1.70 87.54 0.00 
[18:00:09.307] [ARM] [17] <3.20 -60.00 -4.70> result: 91.70 105.12 -72.42 -1.70 87.54 0.00 
[18:00:09.307] [ARM] [18] <3.20 -60.00 -4.70> result: 91.70 105.12 -72.42 -1.70 87.54 0.00 
[18:00:09.307] [ARM] [19] <3.20 -60.00 -4.70> result: 91.70 105.12 -72.42 -1.70 87.54 0.00 
[18:00:09.307] [ARM] [20] <3.20 -60.00 -4.70> result: 91.70 105.12 -72.42 -1.70 87.54 0.00 
[18:00:09.342] [ARM] [21] <3.20 -60.00 -4.70> result: 91.70 105.12 -72.42 -1.70 87.54 0.00 
[18:00:09.342] [ARM] [22] <3.20 -60.00 -4.70> result: 91.70 105.12 -72.42 -1.70 87.54 0.00 
[18:00:09.342] [ARM] [23] <3.20 -60.00 -4.70> result: 91.70 105.12 -72.42 -1.70 87.54 0.00 
[18:00:09.342] [ARM] [24] <3.20 -60.00 -4.70> result: 91.70 105.12 -72.42 -1.70 87.54 0.00 
[18:00:09.403] [ARM] [JETSON_RX] vision dcx=4 dcy=-6
[18:00:09.403] [ARM] [TARGET] vision state=ALIGN enabled=1 dcx=4 dcy=-6 stable=0
[18:00:09.467] [ARM] [JETSON_RX] vision dcx=4 dcy=-6
[18:00:09.467] [ARM] [TARGET] vision state=ALIGN enabled=1 dcx=4 dcy=-6 stable=0
[18:00:09.716] [ARM] [JETSON_RX] vision dcx=4 dcy=-6
[18:00:09.716] [ARM] [TARGET] vision state=ALIGN enabled=1 dcx=4 dcy=-6 stable=0
[18:00:09.716] [ARM] [jpint 1] ave_error:0.07
[18:00:09.716] [ARM] [jpint 2] ave_error:5.07
[18:00:09.716] [ARM] [jpint 3] ave_error:8.98
[18:00:09.716] [ARM] [jpint 4] ave_error:0.07
[18:00:09.716] [ARM] [jpint 5] ave_error:0.19
[18:00:09.716] [ARM] 
[18:00:09.716] [ARM] robot pid run finished!!
[18:00:09.827] [ARM] ROBOT_AUTO_EVENT
[18:00:09.827] [ARM] [0] <3.20 -60.00 -4.70> result: 91.70 105.12 -72.42 -1.70 87.54 0.00 
[18:00:09.827] [ARM] [1] <3.20 -60.00 -4.70> result: 91.70 105.12 -72.42 -1.71 87.54 0.00 
[18:00:09.827] [ARM] [2] <3.21 -60.00 -4.71> result: 91.71 105.12 -72.42 -1.71 87.54 0.00 
[18:00:09.851] [ARM] [3] <3.24 -60.00 -4.74> result: 91.72 105.14 -72.42 -1.72 87.56 0.00 
[18:00:09.851] [ARM] [4] <3.28 -60.00 -4.78> result: 91.74 105.16 -72.42 -1.75 87.58 0.00 
[18:00:09.851] [ARM] [5] <3.34 -60.00 -4.84> result: 91.78 105.19 -72.42 -1.78 87.61 0.00 
[18:00:09.851] [ARM] [6] <3.42 -60.00 -4.92> result: 91.82 105.23 -72.42 -1.82 87.65 0.00 
[18:00:09.873] [ARM] [7] <3.52 -60.00 -5.02> result: 91.87 105.28 -72.43 -1.87 87.71 0.00 
[18:00:09.873] [ARM] [8] <3.64 -60.00 -5.14> result: 91.94 105.35 -72.43 -1.94 87.77 0.00 
[18:00:09.873] [ARM] [9] <3.78 -60.00 -5.28> result: 92.01 105.42 -72.43 -2.01 87.85 0.00 
[18:00:09.896] [ARM] [10] <3.93 -60.00 -5.43> result: 92.09 105.50 -72.43 -2.09 87.93 0.00 
[18:00:09.896] [ARM] [11] <4.00 -60.00 -5.50> result: 92.13 105.53 -72.43 -2.13 87.97 0.00 
[18:00:09.896] [ARM] [12] <4.00 -60.00 -5.50> result: 92.13 105.53 -72.43 -2.13 87.97 0.00 
[18:00:09.896] [ARM] [13] <4.00 -60.00 -5.50> result: 92.13 105.53 -72.43 -2.13 87.97 0.00 
[18:00:09.919] [ARM] [14] <4.00 -60.00 -5.50> result: 92.13 105.53 -72.43 -2.13 87.97 0.00 
[18:00:09.919] [ARM] [15] <4.00 -60.00 -5.50> result: 92.13 105.53 -72.43 -2.13 87.97 0.00 
[18:00:09.920] [ARM] [16] <4.00 -60.00 -5.50> result: 92.13 105.53 -72.43 -2.13 87.97 0.00 
[18:00:09.943] [ARM] [17] <4.00 -60.00 -5.50> result: 92.13 105.53 -72.43 -2.13 87.97 0.00 
[18:00:09.943] [ARM] [18] <4.00 -60.00 -5.50> result: 92.13 105.53 -72.43 -2.13 87.97 0.00 
[18:00:09.943] [ARM] [19] <4.00 -60.00 -5.50> result: 92.13 105.53 -72.43 -2.13 87.97 0.00 
[18:00:09.943] [ARM] [20] <4.00 -60.00 -5.50> result: 92.13 105.53 -72.43 -2.13 87.97 0.00 
[18:00:09.980] [ARM] [21] <4.00 -60.00 -5.50> result: 92.13 105.53 -72.43 -2.13 87.97 0.00 
[18:00:09.980] [ARM] [22] <4.00 -60.00 -5.50> result: 92.13 105.53 -72.43 -2.13 87.97 0.00 
[18:00:09.980] [ARM] [23] <4.00 -60.00 -5.50> result: 92.13 105.53 -72.43 -2.13 87.97 0.00 
[18:00:09.980] [ARM] [24] <4.00 -60.00 -5.50> result: 92.13 105.53 -72.43 -2.13 87.97 0.00 
[18:00:10.042] [ARM] [JETSON_RX] vision dcx=4 dcy=-6
[18:00:10.042] [ARM] [TARGET] vision state=ALIGN enabled=1 dcx=4 dcy=-6 stable=0
[18:00:10.105] [ARM] [JETSON_RX] vision dcx=4 dcy=-6
[18:00:10.105] [ARM] [TARGET] vision state=ALIGN enabled=1 dcx=4 dcy=-6 stable=0
[18:00:10.244] [JETSON-TX] vision step 3/3: dcx=0 dcy=0 hold=0.0s frame=FF 05 03 00 00 00 00 08 FE
[18:00:10.292] [ARM] [JETSON_RX] vision dcx=0 dcy=0
[18:00:10.292] [ARM] [TARGET] vision state=ALIGN enabled=1 dcx=0 dcy=0 stable=0
[18:00:10.355] [ARM] [jpint 1] ave_error:0.07
[18:00:10.355] [ARM] [jpint 2] ave_error:3.68
[18:00:10.355] [ARM] [jpint 3] ave_error:7.09
[18:00:10.355] [ARM] [jpint 4] ave_error:0.07
[18:00:10.355] [ARM] [jpint 5] ave_error:0.18
[18:00:10.355] [ARM] 
[18:00:10.355] [ARM] robot pid run finished!!
[18:00:10.480] [ARM] [JETSON_RX] vision dcx=0 dcy=0
[18:00:10.480] [ARM] [TARGET] vision state=ALIGN enabled=1 dcx=0 dcy=0 stable=1
[18:00:10.666] [ARM] [JETSON_RX] vision dcx=0 dcy=0
[18:00:10.666] [ARM] [TARGET] vision state=ALIGN enabled=1 dcx=0 dcy=0 stable=2
[18:00:10.728] [JETSON-RX] CC 02 01 DD
[18:00:10.728] [JETSON-STATUS] ALIGN_DONE func=0x02 value=0x01
[18:00:10.728] [PROMPT] 已收到 ALIGN_DONE。确认画面和机械臂位置安全后，按 Enter 进入 P000 发射许可步骤。
[18:00:10.915] [ARM] [JETSON_RX] vision dcx=0 dcy=0
[18:00:10.915] [ARM] [TARGET] vision state=CONFIRM enabled=1 dcx=0 dcy=0 stable=0
[18:00:11.102] [ARM] [JETSON_RX] vision dcx=0 dcy=0
[18:00:11.102] [ARM] [TARGET] vision state=CONFIRM enabled=1 dcx=0 dcy=0 stable=0
[18:00:11.289] [ARM] [JETSON_RX] vision dcx=0 dcy=0
[18:00:11.289] [ARM] [TARGET] vision state=CONFIRM enabled=1 dcx=0 dcy=0 stable=0
[18:00:11.476] [ARM] [JETSON_RX] vision dcx=0 dcy=0
[18:00:11.476] [ARM] [TARGET] vision state=CONFIRM enabled=1 dcx=0 dcy=0 stable=0
[18:00:11.725] [ARM] [JETSON_RX] vision dcx=0 dcy=0
[18:00:11.725] [ARM] [TARGET] vision state=CONFIRM enabled=1 dcx=0 dcy=0 stable=0
[18:00:11.912] [ARM] [JETSON_RX] vision dcx=0 dcy=0
[18:00:11.912] [ARM] [TARGET] vision state=CONFIRM enabled=1 dcx=0 dcy=0 stable=0
[18:00:12.098] [ARM] [JETSON_RX] vision dcx=0 dcy=0
[18:00:12.098] [ARM] [TARGET] vision state=CONFIRM enabled=1 dcx=0 dcy=0 stable=0
[18:00:12.285] [ARM] [JETSON_RX] vision dcx=0 dcy=0
[18:00:12.285] [ARM] [TARGET] vision state=CONFIRM enabled=1 dcx=0 dcy=0 stable=0
[18:00:12.471] [ARM] [JETSON_RX] vision dcx=0 dcy=0
[18:00:12.471] [ARM] [TARGET] vision state=CONFIRM enabled=1 dcx=0 dcy=0 stable=0
[18:00:12.723] [ARM] [JETSON_RX] vision dcx=0 dcy=0
[18:00:12.723] [ARM] [TARGET] vision state=CONFIRM enabled=1 dcx=0 dcy=0 stable=0
[18:00:12.911] [ARM] [JETSON_RX] vision dcx=0 dcy=0
[18:00:12.911] [ARM] [TARGET] vision state=CONFIRM enabled=1 dcx=0 dcy=0 stable=0
[18:00:13.099] [ARM] [JETSON_RX] vision dcx=0 dcy=0
[18:00:13.099] [ARM] [TARGET] vision state=CONFIRM enabled=1 dcx=0 dcy=0 stable=0
[18:00:13.287] [ARM] [JETSON_RX] vision dcx=0 dcy=0
[18:00:13.287] [ARM] [TARGET] vision state=CONFIRM enabled=1 dcx=0 dcy=0 stable=0
[18:00:13.473] [ARM] [JETSON_RX] vision dcx=0 dcy=0
[18:00:13.473] [ARM] [TARGET] vision state=CONFIRM enabled=1 dcx=0 dcy=0 stable=0
[18:00:13.720] [ARM] [JETSON_RX] vision dcx=0 dcy=0
[18:00:13.720] [ARM] [TARGET] vision state=CONFIRM enabled=1 dcx=0 dcy=0 stable=0
[18:00:13.909] [ARM] [JETSON_RX] vision dcx=0 dcy=0
[18:00:13.909] [ARM] [TARGET] vision state=CONFIRM enabled=1 dcx=0 dcy=0 stable=0
[18:00:14.098] [ARM] [JETSON_RX] vision dcx=0 dcy=0
[18:00:14.098] [ARM] [TARGET] vision state=CONFIRM enabled=1 dcx=0 dcy=0 stable=0
[18:00:14.284] [ARM] [JETSON_RX] vision dcx=0 dcy=0
[18:00:14.284] [ARM] [TARGET] vision state=CONFIRM enabled=1 dcx=0 dcy=0 stable=0
[18:00:14.473] [ARM] [JETSON_RX] vision dcx=0 dcy=0
[18:00:14.473] [ARM] [TARGET] vision state=CONFIRM enabled=1 dcx=0 dcy=0 stable=0
[18:00:14.721] [ARM] [JETSON_RX] vision dcx=0 dcy=0
[18:00:14.721] [ARM] [TARGET] vision state=CONFIRM enabled=1 dcx=0 dcy=0 stable=0
[18:00:14.907] [ARM] [JETSON_RX] vision dcx=0 dcy=0
[18:00:14.907] [ARM] [TARGET] vision state=CONFIRM enabled=1 dcx=0 dcy=0 stable=0
[18:00:15.094] [ARM] [JETSON_RX] vision dcx=0 dcy=0
[18:00:15.094] [ARM] [TARGET] vision state=CONFIRM enabled=1 dcx=0 dcy=0 stable=0
[18:00:15.281] [ARM] [JETSON_RX] vision dcx=0 dcy=0
[18:00:15.281] [ARM] [TARGET] vision state=CONFIRM enabled=1 dcx=0 dcy=0 stable=0
[18:00:15.531] [ARM] [JETSON_RX] vision dcx=0 dcy=0
[18:00:15.531] [ARM] [TARGET] vision state=CONFIRM enabled=1 dcx=0 dcy=0 stable=0
[18:00:15.717] [ARM] [JETSON_RX] vision dcx=0 dcy=0
[18:00:15.717] [ARM] [TARGET] vision state=CONFIRM enabled=1 dcx=0 dcy=0 stable=0
[18:00:15.905] [ARM] [JETSON_RX] vision dcx=0 dcy=0
[18:00:15.905] [ARM] [TARGET] vision state=CONFIRM enabled=1 dcx=0 dcy=0 stable=0
[18:00:16.093] [ARM] [JETSON_RX] vision dcx=0 dcy=0
[18:00:16.093] [ARM] [TARGET] vision state=CONFIRM enabled=1 dcx=0 dcy=0 stable=0
[18:00:16.101] [PROMPT] Enter received; console logging resumed.
[18:00:16.101] [PROMPT] 请按住 P000 KEY，脚本会自动等待 OUTPUT_ON，不需要再按 Enter。
[18:00:16.101] [STEP] waiting OUTPUT_ON from RA6...
[18:00:16.342] [ARM] [JETSON_RX] vision dcx=0 dcy=0
[18:00:16.342] [ARM] [TARGET] vision state=CONFIRM enabled=1 dcx=0 dcy=0 stable=0
[18:00:16.406] [JETSON-RX] CC 03 01 DD
[18:00:16.406] [JETSON-STATUS] OUTPUT_ON func=0x03 value=0x01
[18:00:16.406] [PROMPT] 已进入 OUTPUT。请松开 P000 KEY，脚本会自动等待 OUTPUT_OFF，不需要按 Enter。
[18:00:16.406] [STEP] waiting OUTPUT_OFF from RA6...
[18:00:16.530] [ARM] [JETSON_RX] vision dcx=0 dcy=0
[18:00:16.530] [ARM] [TARGET] vision state=OUTPUT enabled=1 dcx=0 dcy=0 stable=0
[18:00:16.716] [ARM] [JETSON_RX] vision dcx=0 dcy=0
[18:00:16.716] [ARM] [TARGET] vision state=OUTPUT enabled=1 dcx=0 dcy=0 stable=0
[18:00:16.902] [ARM] [JETSON_RX] vision dcx=0 dcy=0
[18:00:16.902] [ARM] [TARGET] vision state=OUTPUT enabled=1 dcx=0 dcy=0 stable=0
[18:00:17.088] [ARM] [JETSON_RX] vision dcx=0 dcy=0
[18:00:17.088] [ARM] [TARGET] vision state=OUTPUT enabled=1 dcx=0 dcy=0 stable=0
[18:00:17.338] [ARM] [JETSON_RX] vision dcx=0 dcy=0
[18:00:17.338] [ARM] [TARGET] vision state=OUTPUT enabled=1 dcx=0 dcy=0 stable=0
[18:00:17.526] [ARM] [JETSON_RX] vision dcx=0 dcy=0
[18:00:17.526] [ARM] [TARGET] vision state=OUTPUT enabled=1 dcx=0 dcy=0 stable=0
[18:00:17.710] [ARM] [JETSON_RX] vision dcx=0 dcy=0
[18:00:17.710] [ARM] [TARGET] vision state=OUTPUT enabled=1 dcx=0 dcy=0 stable=0
[18:00:17.897] [ARM] [JETSON_RX] vision dcx=0 dcy=0
[18:00:17.897] [ARM] [TARGET] vision state=OUTPUT enabled=1 dcx=0 dcy=0 stable=0
[18:00:18.086] [ARM] [JETSON_RX] vision dcx=0 dcy=0
[18:00:18.086] [ARM] [TARGET] vision state=OUTPUT enabled=1 dcx=0 dcy=0 stable=0
[18:00:18.335] [ARM] [JETSON_RX] vision dcx=0 dcy=0
[18:00:18.335] [ARM] [TARGET] vision state=OUTPUT enabled=1 dcx=0 dcy=0 stable=0
[18:00:18.520] [ARM] [JETSON_RX] vision dcx=0 dcy=0
[18:00:18.520] [ARM] [TARGET] vision state=OUTPUT enabled=1 dcx=0 dcy=0 stable=0
[18:00:18.706] [ARM] [JETSON_RX] vision dcx=0 dcy=0
[18:00:18.706] [ARM] [TARGET] vision state=OUTPUT enabled=1 dcx=0 dcy=0 stable=0
[18:00:18.893] [ARM] [JETSON_RX] vision dcx=0 dcy=0
[18:00:18.893] [ARM] [TARGET] vision state=OUTPUT enabled=1 dcx=0 dcy=0 stable=0
[18:00:19.141] [ARM] [JETSON_RX] vision dcx=0 dcy=0
[18:00:19.141] [ARM] [TARGET] vision state=OUTPUT enabled=1 dcx=0 dcy=0 stable=0
[18:00:19.328] [ARM] [JETSON_RX] vision dcx=0 dcy=0
[18:00:19.328] [ARM] [TARGET] vision state=OUTPUT enabled=1 dcx=0 dcy=0 stable=0
[18:00:19.512] [ARM] [JETSON_RX] vision dcx=0 dcy=0
[18:00:19.512] [ARM] [TARGET] vision state=OUTPUT enabled=1 dcx=0 dcy=0 stable=0
[18:00:19.700] [ARM] [JETSON_RX] vision dcx=0 dcy=0
[18:00:19.700] [ARM] [TARGET] vision state=OUTPUT enabled=1 dcx=0 dcy=0 stable=0
[18:00:19.824] [JETSON-RX] CC 03 00 DD
[18:00:19.824] [JETSON-STATUS] OUTPUT_OFF func=0x03 value=0x00
[18:00:19.824] [JETSON-TX] vision sender disabled after 63 frames.
[18:00:19.824] [JETSON-TX] TARGET_CTRL STOP: AA 01 00 BB
[18:00:19.887] [JETSON-RX] CC 04 00 DD
[18:00:19.887] [ARM] [JETSON_RX] target_ctrl=0
[18:00:19.887] [JETSON-STATUS] TARGET_CTRL_OFF func=0x04 value=0x00
[18:00:20.088] [ARM-TX] laser_off
[18:00:20.139] [ARM] Found handler for 'laser_off', executing...
[18:00:20.139] [ARM] laser_off
[18:00:20.288] [STEP] final soft_reset to HOME...
[18:00:20.288] [ARM-TX] soft_reset
[18:00:20.324] [ARM] Found handler for 'soft_reset', executing...
[18:00:20.324] [ARM] ROBOT_SOFT_RESET_EVENT
[18:00:20.324] [ARM] --- Starting soft reset ---
[18:00:20.512] [ARM] Soft reset motors enabled (J1~J5, J6 skipped).
[18:00:20.512] [ARM] Soft resetting joint 4...
[18:00:20.573] [ARM] robot_update_current_angle 4...
[18:00:20.573] [ARM] [4] current:88.10, target:90.00, dir:1
[18:00:20.947] [ARM] Soft resetting joint 3...
[18:00:20.947] [ARM] robot_update_current_angle 3...
[18:00:20.947] [ARM] [3] current:-2.13, target:0.00, dir:1
[18:00:21.446] [ARM] Soft resetting joint 1...
[18:00:21.446] [ARM] robot_update_current_angle 1...
[18:00:21.446] [ARM] [1] current:108.46, target:90.00, dir:-1
[18:00:23.188] [ARM] soft reset joint 1 settle timeout, keep going
[18:00:23.188] [ARM] Soft resetting joint 2...
[18:00:23.188] [ARM] robot_update_current_angle 2...
[18:00:23.188] [ARM] [2] current:-66.65, target:-90.00, dir:-1
[18:00:24.868] [ARM] soft reset joint 2 settle timeout, keep going
[18:00:24.868] [ARM] Soft resetting joint 0...
[18:00:24.930] [ARM] robot_update_current_angle 0...
[18:00:24.930] [ARM] [0] current:92.16, target:90.00, dir:-1
[18:00:25.494] [ARM] soft reset final verify PASS (issues:2), pose set HOME.
[18:00:25.494] [DONE] final soft_reset PASS; robot returned HOME.
[18:00:25.494] [DONE] OUTPUT_OFF received; target disabled; demo sequence complete.
[18:00:25.494] [JETSON-TX] TARGET_CTRL STOP: AA 01 00 BB
[18:00:25.494] [ARM-TX] laser_off
[18:00:25.557] [ARM] Found handler for 'laser_off', executing...
[18:00:25.557] [ARM] laser_off
[18:00:25.557] [ARM] [JETSON_RX] target_ctrl=0
[18:00:25.572] [JETSON-RX] CC 04 00 DD
[18:00:25.572] [JETSON-STATUS] TARGET_CTRL_OFF func=0x04 value=0x00
[18:00:25.700] [INFO] ports closed.
