[20:31:14.144] [INFO] log file: E:\Renesas\RA6M5-Robot\Robot_FreeRTOS - Arm\DEBUG\target_state_demo_20260630_203114.log
[20:31:14.144] [INFO] ARM=COM7 JETSON=COM14 baud=115200
[20:31:14.144] [INFO] start frame: AA 01 01 BB
[20:31:14.144] [INFO] stop frame: AA 01 00 BB
[20:31:14.144] [INFO] vision sequence: (120,-70)/2.0s -> (60,-35)/2.0s -> (20,-10)/1.0s -> (0,0)/0.0s
[20:31:14.649] [JETSON-TX] TARGET_CTRL STOP: AA 01 00 BB
[20:31:14.699] [ARM] [JETSON_RX] target_ctrl=0
[20:31:14.715] [JETSON-RX] CC 04 00 DD
[20:31:14.715] [JETSON-STATUS] TARGET_CTRL_OFF func=0x04 value=0x00
[20:31:14.915] [ARM-TX] laser_off
[20:31:14.947] [ARM] Found handler for 'laser_off', executing...
[20:31:14.947] [ARM] laser_off
[20:31:15.116] [ARM-TX] soft_reset
[20:31:15.135] [ARM] Found handler for 'soft_reset', executing...
[20:31:15.135] [ARM] ROBOT_SOFT_RESET_EVENT
[20:31:15.135] [ARM] --- Starting soft reset ---
[20:31:15.385] [ARM] Soft reset motors enabled (J1~J5, J6 skipped).
[20:31:15.385] [ARM] Soft resetting joint 4...
[20:31:15.385] [ARM] robot_update_current_angle 4...
[20:31:15.385] [ARM] [4] current:90.00, target:90.00, dir:1
[20:31:15.510] [ARM] Soft resetting joint 3...
[20:31:15.572] [ARM] robot_update_current_angle 3...
[20:31:15.572] [ARM] [3] current:-0.00, target:0.00, dir:1
[20:31:15.699] [ARM] Soft resetting joint 1...
[20:31:15.699] [ARM] robot_update_current_angle 1...
[20:31:15.699] [ARM] [1] current:90.00, target:90.00, dir:-1
[20:31:15.823] [ARM] Soft resetting joint 2...
[20:31:15.823] [ARM] robot_update_current_angle 2...
[20:31:15.823] [ARM] [2] current:-90.00, target:-90.00, dir:-1
[20:31:15.946] [ARM] Soft resetting joint 0...
[20:31:16.010] [ARM] robot_update_current_angle 0...
[20:31:16.010] [ARM] [0] current:90.00, target:90.00, dir:1
[20:31:16.197] [ARM] soft reset final verify PASS (issues:0), pose set HOME.
[20:31:16.197] [JETSON-TX] TARGET_CTRL START: AA 01 01 BB
[20:31:16.234] [ARM] [JETSON_RX] target_ctrl=1
[20:31:16.234] [ARM] ROBOT_AUTO_EVENT
[20:31:16.234] [ARM] [0] <0.00 0.00 0.00> result: 90.00 90.00 -90.00 0.00 90.00 0.00 
[20:31:16.234] [ARM] [1] <0.00 -0.00 -0.00> result: 90.00 90.00 -90.00 0.00 90.00 0.00 
[20:31:16.234] [ARM] [2] <0.00 -0.00 -0.00> result: 90.00 90.00 -90.00 0.00 90.00 0.00 
[20:31:16.256] [ARM] [3] <0.00 -0.01 -0.00> result: 90.00 90.00 -90.00 0.00 90.00 0.00 
[20:31:16.257] [ARM] [4] <0.00 -0.02 -0.00> result: 90.00 90.01 -90.00 0.00 90.00 0.00 
[20:31:16.257] [ARM] [5] <0.00 -0.03 -0.00> result: 90.00 90.01 -89.99 0.00 90.00 0.00 
[20:31:16.257] [ARM] [6] <0.00 -0.05 -0.00> result: 90.00 90.02 -89.99 0.00 90.00 0.00 
[20:31:16.259] [JETSON-RX] CC 04 01 DD
[20:31:16.259] [JETSON-STATUS] TARGET_CTRL_ON func=0x04 value=0x01
[20:31:16.259] [STEP] waiting READY from RA6...
[20:31:16.283] [ARM] [7] <0.00 -0.07 -0.00> result: 90.00 90.02 -89.98 0.00 90.00 0.00 
[20:31:16.283] [ARM] [8] <0.00 -0.11 -0.00> result: 90.00 90.03 -89.97 0.00 90.00 0.00 
[20:31:16.283] [ARM] [9] <0.00 -0.15 -0.00> result: 90.00 90.05 -89.96 0.00 90.00 0.00 
[20:31:16.302] [ARM] [10] <0.00 -0.20 -0.01> result: 90.00 90.06 -89.94 0.00 90.01 0.00 
[20:31:16.302] [ARM] [11] <0.00 -0.27 -0.01> result: 90.00 90.08 -89.92 0.00 90.01 0.00 
[20:31:16.302] [ARM] [12] <0.00 -0.34 -0.01> result: 90.00 90.11 -89.90 0.00 90.01 0.00 
[20:31:16.302] [ARM] [13] <0.00 -0.43 -0.01> result: 90.00 90.14 -89.88 0.00 90.01 0.00 
[20:31:16.324] [ARM] [14] <0.00 -0.54 -0.01> result: 90.00 90.17 -89.85 0.00 90.02 0.00 
[20:31:16.324] [ARM] [15] <0.00 -0.65 -0.02> result: 90.00 90.20 -89.81 0.00 90.02 0.00 
[20:31:16.326] [ARM] [16] <0.00 -0.79 -0.02> result: 90.00 90.25 -89.78 0.00 90.02 0.00 
[20:31:16.326] [ARM] [17] <0.00 -0.94 -0.02> result: 90.00 90.29 -89.73 0.00 90.03 0.00 
[20:31:16.348] [ARM] [18] <0.00 -1.10 -0.03> result: 90.00 90.34 -89.69 0.00 90.03 0.00 
[20:31:16.348] [ARM] [19] <0.00 -1.29 -0.03> result: 90.00 90.40 -89.63 0.00 90.03 0.00 
[20:31:16.348] [ARM] [20] <0.00 -1.49 -0.04> result: 90.00 90.46 -89.57 0.00 90.04 0.00 
[20:31:16.348] [ARM] [21] <0.00 -1.72 -0.04> result: 90.00 90.53 -89.51 0.00 90.04 0.00 
[20:31:16.371] [ARM] [22] <0.00 -1.97 -0.05> result: 90.00 90.61 -89.44 0.00 90.05 0.00 
[20:31:16.371] [ARM] [23] <0.00 -2.23 -0.06> result: 90.00 90.69 -89.36 0.00 90.05 0.00 
[20:31:16.371] [ARM] [24] <0.00 -2.52 -0.06> result: 90.00 90.77 -89.28 0.00 90.05 0.00 
[20:31:16.405] [ARM] [25] <0.00 -2.84 -0.07> result: 90.00 90.87 -89.19 0.00 90.06 0.00 
[20:31:16.405] [ARM] [26] <0.00 -3.17 -0.08> result: 90.00 90.97 -89.10 0.00 90.06 0.00 
[20:31:16.405] [ARM] [27] <0.00 -3.53 -0.09> result: 90.00 91.07 -88.99 0.00 90.06 0.00 
[20:31:16.405] [ARM] [28] <0.00 -3.92 -0.10> result: 90.00 91.18 -88.88 0.00 90.07 0.00 
[20:31:16.428] [ARM] [29] <0.00 -4.33 -0.11> result: 90.00 91.30 -88.76 0.00 90.07 0.00 
[20:31:16.428] [ARM] [30] <0.00 -4.77 -0.12> result: 90.00 91.43 -88.64 0.00 90.07 0.00 
[20:31:16.428] [ARM] [31] <0.00 -5.23 -0.13> result: 90.00 91.56 -88.51 0.00 90.07 0.00 
[20:31:16.428] [ARM] [32] <0.00 -5.72 -0.14> result: 90.00 91.70 -88.37 0.00 90.07 0.00 
[20:31:16.451] [ARM] [33] <0.00 -6.24 -0.16> result: 90.00 91.85 -88.22 0.00 90.06 0.00 
[20:31:16.451] [ARM] [34] <0.00 -6.79 -0.17> result: 90.00 92.00 -88.06 0.00 90.06 0.00 
[20:31:16.451] [ARM] [35] <0.00 -7.36 -0.18> result: 90.00 92.16 -87.89 0.00 90.05 0.00 
[20:31:16.451] [ARM] [36] <0.00 -7.96 -0.20> result: 90.00 92.32 -87.72 0.00 90.04 0.00 
[20:31:16.474] [ARM] [37] <0.00 -8.60 -0.21> result: 90.00 92.49 -87.54 0.00 90.03 0.00 
[20:31:16.474] [ARM] [38] <0.00 -9.26 -0.23> result: 90.00 92.67 -87.35 0.00 90.02 0.00 
[20:31:16.474] [ARM] [39] <0.00 -9.95 -0.25> result: 90.00 92.85 -87.15 0.00 90.00 0.00 
[20:31:16.497] [ARM] [40] <0.00 -10.67 -0.27> result: 90.00 93.04 -86.94 0.00 89.98 0.00 
[20:31:16.497] [ARM] [41] <0.00 -11.42 -0.29> result: 90.00 93.24 -86.72 0.00 89.96 0.00 
[20:31:16.497] [ARM] [42] <0.00 -12.20 -0.30> result: 90.00 93.44 -86.50 0.00 89.93 0.00 
[20:31:16.497] [ARM] [43] <0.00 -13.01 -0.33> result: 90.00 93.64 -86.26 0.00 89.91 0.00 
[20:31:16.541] [ARM] [44] <0.00 -13.85 -0.35> result: 90.00 93.85 -86.02 0.00 89.87 0.00 
[20:31:16.541] [ARM] [45] <0.00 -14.72 -0.37> result: 90.00 94.07 -85.77 0.00 89.84 0.00 
[20:31:16.541] [ARM] [46] <0.00 -15.62 -0.39> result: 90.00 94.29 -85.51 0.00 89.80 0.00 
[20:31:16.541] [ARM] [47] <0.00 -16.55 -0.41> result: 90.00 94.52 -85.24 0.00 89.75 0.00 
[20:31:16.544] [ARM] [48] <0.00 -17.51 -0.44> result: 90.00 94.75 -84.96 0.00 89.70 0.00 
[20:31:16.544] [ARM] [49] <0.00 -18.49 -0.46> result: 90.00 94.98 -84.67 0.00 89.65 0.00 
[20:31:16.544] [ARM] [50] <0.00 -19.51 -0.49> result: 90.00 95.22 -84.37 0.00 89.59 0.00 
[20:31:16.544] [ARM] [51] <0.00 -20.56 -0.51> result: 90.00 95.47 -84.06 0.00 89.53 0.00 
[20:31:16.565] [ARM] [52] <0.00 -21.64 -0.54> result: 90.00 95.71 -83.75 0.00 89.46 0.00 
[20:31:16.565] [ARM] [53] <0.00 -22.74 -0.57> result: 90.00 95.97 -83.43 0.00 89.39 0.00 
[20:31:16.565] [ARM] [54] <0.00 -23.88 -0.60> result: 90.00 96.22 -83.09 0.00 89.32 0.00 
[20:31:16.617] [ARM] [55] <0.00 -25.04 -0.63> result: 90.00 96.48 -82.75 0.00 89.23 0.00 
[20:31:16.617] [ARM] [56] <0.00 -26.23 -0.66> result: 90.00 96.74 -82.40 0.00 89.15 0.00 
[20:31:16.617] [ARM] [57] <0.00 -27.44 -0.69> result: 90.00 97.01 -82.05 0.00 89.06 0.00 
[20:31:16.617] [ARM] [58] <0.00 -28.68 -0.72> result: 90.00 97.28 -81.68 0.00 88.96 0.00 
[20:31:16.630] [ARM] [59] <0.00 -29.95 -0.75> result: 90.00 97.55 -81.31 0.00 88.86 0.00 
[20:31:16.630] [ARM] [60] <0.00 -31.25 -0.78> result: 90.00 97.83 -80.92 0.00 88.75 0.00 
[20:31:16.630] [ARM] [61] <0.00 -32.57 -0.81> result: 90.00 98.10 -80.53 0.00 88.64 0.00 
[20:31:16.646] [ARM] [62] <0.00 -33.91 -0.85> result: 90.00 98.39 -80.14 0.00 88.52 0.00 
[20:31:16.646] [ARM] [63] <0.00 -35.28 -0.88> result: 90.00 98.67 -79.73 0.00 88.40 0.00 
[20:31:16.647] [ARM] [64] <0.00 -36.67 -0.92> result: 90.00 98.95 -79.32 0.00 88.27 0.00 
[20:31:16.647] [ARM] [65] <0.00 -38.08 -0.95> result: 90.00 99.24 -78.90 0.00 88.14 0.00 
[20:31:16.668] [ARM] [66] <0.00 -39.51 -0.99> result: 90.00 99.53 -78.47 0.00 88.00 0.00 
[20:31:16.668] [ARM] [67] <0.00 -40.97 -1.02> result: 90.00 99.82 -78.04 0.00 87.86 0.00 
[20:31:16.670] [ARM] [68] <0.00 -42.44 -1.06> result: 90.00 100.11 -77.60 0.00 87.71 0.00 
[20:31:16.670] [ARM] [69] <0.00 -43.94 -1.10> result: 90.00 100.41 -77.15 0.00 87.56 0.00 
[20:31:16.692] [ARM] [70] <0.00 -45.45 -1.14> result: 90.00 100.70 -76.70 0.00 87.41 0.00 
[20:31:16.692] [ARM] [71] <0.00 -46.98 -1.17> result: 90.00 101.00 -76.24 0.00 87.25 0.00 
[20:31:16.693] [ARM] [72] <0.00 -48.53 -1.21> result: 90.00 101.30 -75.78 0.00 87.08 0.00 
[20:31:16.693] [ARM] [73] <0.00 -50.09 -1.25> result: 90.00 101.60 -75.31 0.00 86.91 0.00 
[20:31:16.714] [ARM] [74] <0.00 -51.67 -1.29> result: 90.00 101.90 -74.84 0.00 86.74 0.00 
[20:31:16.714] [ARM] [75] <0.00 -53.26 -1.33> result: 90.00 102.20 -74.36 0.00 86.56 0.00 
[20:31:16.714] [ARM] [76] <0.00 -54.86 -1.37> result: 90.00 102.51 -73.87 0.00 86.38 0.00 
[20:31:16.737] [ARM] [77] <0.00 -56.48 -1.41> result: 90.00 102.81 -73.39 0.00 86.20 0.00 
[20:31:16.737] [ARM] [78] <0.00 -58.11 -1.45> result: 90.00 103.11 -72.89 0.00 86.01 0.00 
[20:31:16.737] [ARM] [79] <0.00 -59.75 -1.49> result: 90.00 103.42 -72.40 0.00 85.82 0.00 
[20:31:16.737] [ARM] [80] <0.00 -60.00 -1.50> result: 90.00 103.47 -72.32 0.00 85.79 0.00 
[20:31:16.762] [ARM] [81] <0.00 -60.00 -1.50> result: 90.00 103.47 -72.32 0.00 85.79 0.00 
[20:31:16.762] [ARM] [82] <0.00 -60.00 -1.50> result: 90.00 103.47 -72.32 0.00 85.79 0.00 
[20:31:16.762] [ARM] [83] <0.00 -60.00 -1.50> result: 90.00 103.47 -72.32 0.00 85.79 0.00 
[20:31:16.795] [ARM] [84] <0.00 -60.00 -1.50> result: 90.00 103.47 -72.32 0.00 85.79 0.00 
[20:31:16.796] [ARM] [85] <0.00 -60.00 -1.50> result: 90.00 103.47 -72.32 0.00 85.79 0.00 
[20:31:16.796] [ARM] [86] <0.00 -60.00 -1.50> result: 90.00 103.47 -72.32 0.00 85.79 0.00 
[20:31:16.796] [ARM] [87] <0.00 -60.00 -1.50> result: 90.00 103.47 -72.32 0.00 85.79 0.00 
[20:31:16.818] [ARM] [88] <0.00 -60.00 -1.50> result: 90.00 103.47 -72.32 0.00 85.79 0.00 
[20:31:16.818] [ARM] [89] <0.00 -60.00 -1.50> result: 90.00 103.47 -72.32 0.00 85.79 0.00 
[20:31:16.818] [ARM] [90] <0.00 -60.00 -1.50> result: 90.00 103.47 -72.32 0.00 85.79 0.00 
[20:31:16.818] [ARM] [91] <0.00 -60.00 -1.50> result: 90.00 103.47 -72.32 0.00 85.79 0.00 
[20:31:16.842] [ARM] [92] <0.00 -60.00 -1.50> result: 90.00 103.47 -72.32 0.00 85.79 0.00 
[20:31:16.842] [ARM] [93] <0.00 -60.00 -1.50> result: 90.00 103.47 -72.32 0.00 85.79 0.00 
[20:31:16.842] [ARM] [94] <0.00 -60.00 -1.50> result: 90.00 103.47 -72.32 0.00 85.79 0.00 
[20:31:16.864] [ARM] [95] <0.00 -60.00 -1.50> result: 90.00 103.47 -72.32 0.00 85.79 0.00 
[20:31:16.864] [ARM] [96] <0.00 -60.00 -1.50> result: 90.00 103.47 -72.32 0.00 85.79 0.00 
[20:31:16.864] [ARM] [97] <0.00 -60.00 -1.50> result: 90.00 103.47 -72.32 0.00 85.79 0.00 
[20:31:16.864] [ARM] [98] <0.00 -60.00 -1.50> result: 90.00 103.47 -72.32 0.00 85.79 0.00 
[20:31:16.886] [ARM] [99] <0.00 -60.00 -1.50> result: 90.00 103.47 -72.32 0.00 85.79 0.00 
[20:31:16.886] [ARM] [100] <0.00 -60.00 -1.50> result: 90.00 103.47 -72.32 0.00 85.79 0.00 
[20:31:16.886] [ARM] [101] <0.00 -60.00 -1.50> result: 90.00 103.47 -72.32 0.00 85.79 0.00 
[20:31:16.886] [ARM] [102] <0.00 -60.00 -1.50> result: 90.00 103.47 -72.32 0.00 85.79 0.00 
[20:31:16.909] [ARM] [103] <0.00 -60.00 -1.50> result: 90.00 103.47 -72.32 0.00 85.79 0.00 
[20:31:16.909] [ARM] [104] <0.00 -60.00 -1.50> result: 90.00 103.47 -72.32 0.00 85.79 0.00 
[20:31:16.910] [ARM] [105] <0.00 -60.00 -1.50> result: 90.00 103.47 -72.32 0.00 85.79 0.00 
[20:31:16.932] [ARM] [106] <0.00 -60.00 -1.50> result: 90.00 103.47 -72.32 0.00 85.79 0.00 
[20:31:16.933] [ARM] [107] <0.00 -60.00 -1.50> result: 90.00 103.47 -72.32 0.00 85.79 0.00 
[20:31:16.933] [ARM] [108] <0.00 -60.00 -1.50> result: 90.00 103.47 -72.32 0.00 85.79 0.00 
[20:31:16.933] [ARM] [109] <0.00 -60.00 -1.50> result: 90.00 103.47 -72.32 0.00 85.79 0.00 
[20:31:16.955] [ARM] [110] <0.00 -60.00 -1.50> result: 90.00 103.47 -72.32 0.00 85.79 0.00 
[20:31:16.955] [ARM] [111] <0.00 -60.00 -1.50> result: 90.00 103.47 -72.32 0.00 85.79 0.00 
[20:31:16.955] [ARM] [112] <0.00 -60.00 -1.50> result: 90.00 103.47 -72.32 0.00 85.79 0.00 
[20:31:16.955] [ARM] [113] <0.00 -60.00 -1.50> result: 90.00 103.47 -72.32 0.00 85.79 0.00 
[20:31:16.990] [ARM] [114] <0.00 -60.00 -1.50> result: 90.00 103.47 -72.32 0.00 85.79 0.00 
[20:31:16.990] [ARM] [115] <0.00 -60.00 -1.50> result: 90.00 103.47 -72.32 0.00 85.79 0.00 
[20:31:16.990] [ARM] [116] <0.00 -60.00 -1.50> result: 90.00 103.47 -72.32 0.00 85.79 0.00 
[20:31:17.013] [ARM] [117] <0.00 -60.00 -1.50> result: 90.00 103.47 -72.32 0.00 85.79 0.00 
[20:31:17.013] [ARM] [118] <0.00 -60.00 -1.50> result: 90.00 103.47 -72.32 0.00 85.79 0.00 
[20:31:17.013] [ARM] [119] <0.00 -60.00 -1.50> result: 90.00 103.47 -72.32 0.00 85.79 0.00 
[20:31:17.013] [ARM] [120] <0.00 -60.00 -1.50> result: 90.00 103.47 -72.32 0.00 85.79 0.00 
[20:31:17.036] [ARM] [121] <0.00 -60.00 -1.50> result: 90.00 103.47 -72.32 0.00 85.79 0.00 
[20:31:17.036] [ARM] [122] <0.00 -60.00 -1.50> result: 90.00 103.47 -72.32 0.00 85.79 0.00 
[20:31:17.036] [ARM] [123] <0.00 -60.00 -1.50> result: 90.00 103.47 -72.32 0.00 85.79 0.00 
[20:31:17.059] [ARM] [124] <0.00 -60.00 -1.50> result: 90.00 103.47 -72.32 0.00 85.79 0.00 
[20:31:17.059] [ARM] [125] <0.00 -60.00 -1.50> result: 90.00 103.47 -72.32 0.00 85.79 0.00 
[20:31:17.059] [ARM] [126] <0.00 -60.00 -1.50> result: 90.00 103.47 -72.32 0.00 85.79 0.00 
[20:31:17.059] [ARM] [127] <0.00 -60.00 -1.50> result: 90.00 103.47 -72.32 0.00 85.79 0.00 
[20:31:17.081] [ARM] [128] <0.00 -60.00 -1.50> result: 90.00 103.47 -72.32 0.00 85.79 0.00 
[20:31:17.081] [ARM] [129] <0.00 -60.00 -1.50> result: 90.00 103.47 -72.32 0.00 85.79 0.00 
[20:31:17.081] [ARM] [130] <0.00 -60.00 -1.50> result: 90.00 103.47 -72.32 0.00 85.79 0.00 
[20:31:17.081] [ARM] [131] <0.00 -60.00 -1.50> result: 90.00 103.47 -72.32 0.00 85.79 0.00 
[20:31:17.104] [ARM] [132] <0.00 -60.00 -1.50> result: 90.00 103.47 -72.32 0.00 85.79 0.00 
[20:31:17.104] [ARM] [133] <0.00 -60.00 -1.50> result: 90.00 103.47 -72.32 0.00 85.79 0.00 
[20:31:17.104] [ARM] [134] <0.00 -60.00 -1.50> result: 90.00 103.47 -72.32 0.00 85.79 0.00 
[20:31:17.127] [ARM] [135] <0.00 -60.00 -1.50> result: 90.00 103.47 -72.32 0.00 85.79 0.00 
[20:31:17.128] [ARM] [136] <0.00 -60.00 -1.50> result: 90.00 103.47 -72.32 0.00 85.79 0.00 
[20:31:17.128] [ARM] [137] <0.00 -60.00 -1.50> result: 90.00 103.47 -72.32 0.00 85.79 0.00 
[20:31:17.128] [ARM] [138] <0.00 -60.00 -1.50> result: 90.00 103.47 -72.32 0.00 85.79 0.00 
[20:31:17.162] [ARM] [139] <0.00 -60.00 -1.50> result: 90.00 103.47 -72.32 0.00 85.79 0.00 
[20:31:17.162] [ARM] [140] <0.00 -60.00 -1.50> result: 90.00 103.47 -72.32 0.00 85.79 0.00 
[20:31:17.162] [ARM] [141] <0.00 -60.00 -1.50> result: 90.00 103.47 -72.32 0.00 85.79 0.00 
[20:31:17.185] [ARM] [142] <0.00 -60.00 -1.50> result: 90.00 103.47 -72.32 0.00 85.79 0.00 
[20:31:17.185] [ARM] [143] <0.00 -60.00 -1.50> result: 90.00 103.47 -72.32 0.00 85.79 0.00 
[20:31:17.185] [ARM] [144] <0.00 -60.00 -1.50> result: 90.00 103.47 -72.32 0.00 85.79 0.00 
[20:31:17.186] [ARM] [145] <0.00 -60.00 -1.50> result: 90.00 103.47 -72.32 0.00 85.79 0.00 
[20:31:17.208] [ARM] [146] <0.00 -60.00 -1.50> result: 90.00 103.47 -72.32 0.00 85.79 0.00 
[20:31:17.209] [ARM] [147] <0.00 -60.00 -1.50> result: 90.00 103.47 -72.32 0.00 85.79 0.00 
[20:31:17.209] [ARM] [148] <0.00 -60.00 -1.50> result: 90.00 103.47 -72.32 0.00 85.79 0.00 
[20:31:17.209] [ARM] [149] <0.00 -60.00 -1.50> result: 90.00 103.47 -72.32 0.00 85.79 0.00 
[20:31:17.231] [ARM] [150] <0.00 -60.00 -1.50> result: 90.00 103.47 -72.32 0.00 85.79 0.00 
[20:31:17.231] [ARM] [151] <0.00 -60.00 -1.50> result: 90.00 103.47 -72.32 0.00 85.79 0.00 
[20:31:17.231] [ARM] [152] <0.00 -60.00 -1.50> result: 90.00 103.47 -72.32 0.00 85.79 0.00 
[20:31:17.253] [ARM] [153] <0.00 -60.00 -1.50> result: 90.00 103.47 -72.32 0.00 85.79 0.00 
[20:31:17.253] [ARM] [154] <0.00 -60.00 -1.50> result: 90.00 103.47 -72.32 0.00 85.79 0.00 
[20:31:17.253] [ARM] [155] <0.00 -60.00 -1.50> result: 90.00 103.47 -72.32 0.00 85.79 0.00 
[20:31:17.253] [ARM] [156] <0.00 -60.00 -1.50> result: 90.00 103.47 -72.32 0.00 85.79 0.00 
[20:31:17.276] [ARM] [157] <0.00 -60.00 -1.50> result: 90.00 103.47 -72.32 0.00 85.79 0.00 
[20:31:17.276] [ARM] [158] <0.00 -60.00 -1.50> result: 90.00 103.47 -72.32 0.00 85.79 0.00 
[20:31:17.276] [ARM] [159] <0.00 -60.00 -1.50> result: 90.00 103.47 -72.32 0.00 85.79 0.00 
[20:31:17.299] [ARM] [160] <0.00 -60.00 -1.50> result: 90.00 103.47 -72.32 0.00 85.79 0.00 
[20:31:17.299] [ARM] [161] <0.00 -60.00 -1.50> result: 90.00 103.47 -72.32 0.00 85.79 0.00 
[20:31:17.299] [ARM] [162] <0.00 -60.00 -1.50> result: 90.00 103.47 -72.32 0.00 85.79 0.00 
[20:31:17.299] [ARM] [163] <0.00 -60.00 -1.50> result: 90.00 103.47 -72.32 0.00 85.79 0.00 
[20:31:17.322] [ARM] [164] <0.00 -60.00 -1.50> result: 90.00 103.47 -72.32 0.00 85.79 0.00 
[20:31:17.322] [ARM] [165] <0.00 -60.00 -1.50> result: 90.00 103.47 -72.32 0.00 85.79 0.00 
[20:31:17.322] [ARM] [166] <0.00 -60.00 -1.50> result: 90.00 103.47 -72.32 0.00 85.79 0.00 
[20:31:17.323] [ARM] [167] <0.00 -60.00 -1.50> result: 90.00 103.47 -72.32 0.00 85.79 0.00 
[20:31:17.357] [ARM] [168] <0.00 -60.00 -1.50> result: 90.00 103.47 -72.32 0.00 85.79 0.00 
[20:31:17.357] [ARM] [169] <0.00 -60.00 -1.50> result: 90.00 103.47 -72.32 0.00 85.79 0.00 
[20:31:17.357] [ARM] [170] <0.00 -60.00 -1.50> result: 90.00 103.47 -72.32 0.00 85.79 0.00 
[20:31:17.380] [ARM] [171] <0.00 -60.00 -1.50> result: 90.00 103.47 -72.32 0.00 85.79 0.00 
[20:31:17.380] [ARM] [172] <0.00 -60.00 -1.50> result: 90.00 103.47 -72.32 0.00 85.79 0.00 
[20:31:17.380] [ARM] [173] <0.00 -60.00 -1.50> result: 90.00 103.47 -72.32 0.00 85.79 0.00 
[20:31:17.380] [ARM] [174] <0.00 -60.00 -1.50> result: 90.00 103.47 -72.32 0.00 85.79 0.00 
[20:31:17.443] [ARM] [175] <0.00 -60.00 -1.50> result: 90.00 103.47 -72.32 0.00 85.79 0.00 
[20:31:17.443] [ARM] [176] <0.00 -60.00 -1.50> result: 90.00 103.47 -72.32 0.00 85.79 0.00 
[20:31:19.310] [ARM] [jpint 1] ave_error:0.00
[20:31:19.310] [ARM] [jpint 2] ave_error:4.00
[20:31:19.310] [ARM] [jpint 3] ave_error:5.58
[20:31:19.310] [ARM] [jpint 4] ave_error:0.00
[20:31:19.310] [ARM] [jpint 5] ave_error:6.09
[20:31:19.310] [ARM] 
[20:31:19.310] [ARM] robot pid run finished!!
[20:31:19.326] [JETSON-RX] CC 01 01 DD
[20:31:19.326] [JETSON-STATUS] READY func=0x01 value=0x01
[20:31:19.326] [JETSON-TX] vision sender enabled: period=0.200s.
[20:31:19.326] [STEP] sending vision sequence (120,-70)/2.0s -> (60,-35)/2.0s -> (20,-10)/1.0s -> (0,0)/0.0s, waiting ALIGN_DONE...
[20:31:19.357] [JETSON-TX] vision step 1/4: dcx=120 dcy=-70 hold=2.0s frame=FF 05 03 78 00 BA FF 39 FE
[20:31:19.373] [ARM] [JETSON_RX] vision dcx=120 dcy=-70
[20:31:19.373] [ARM] [TARGET] vision state=WAIT_DETECT enabled=1 dcx=120 dcy=-70 stable=0
[20:31:19.414] [ARM] ROBOT_AUTO_EVENT
[20:31:19.414] [ARM] [0] <0.00 -60.00 -1.50> result: 90.00 103.47 -72.32 0.00 85.79 0.00 
[20:31:19.414] [ARM] [1] <0.00 -60.00 -1.50> result: 90.00 103.47 -72.32 -0.00 85.79 0.00 
[20:31:19.414] [ARM] [2] <0.01 -60.00 -1.51> result: 90.00 103.47 -72.32 -0.00 85.79 0.00 
[20:31:19.438] [ARM] [3] <0.02 -60.00 -1.52> result: 90.01 103.48 -72.32 -0.01 85.80 0.00 
[20:31:19.438] [ARM] [4] <0.05 -60.00 -1.55> result: 90.02 103.49 -72.32 -0.02 85.81 0.00 
[20:31:19.439] [ARM] [5] <0.08 -60.00 -1.58> result: 90.04 103.51 -72.32 -0.04 85.83 0.00 
[20:31:19.439] [ARM] [6] <0.14 -60.00 -1.64> result: 90.07 103.54 -72.33 -0.07 85.86 0.00 
[20:31:19.461] [ARM] [7] <0.21 -60.00 -1.71> result: 90.11 103.57 -72.33 -0.11 85.90 0.00 
[20:31:19.461] [ARM] [8] <0.29 -60.00 -1.79> result: 90.16 103.62 -72.33 -0.16 85.95 0.00 
[20:31:19.461] [ARM] [9] <0.40 -60.00 -1.90> result: 90.21 103.67 -72.34 -0.22 86.01 0.00 
[20:31:19.485] [ARM] [10] <0.53 -60.00 -2.03> result: 90.28 103.74 -72.34 -0.28 86.08 0.00 
[20:31:19.485] [ARM] [11] <0.68 -60.00 -2.18> result: 90.36 103.82 -72.35 -0.36 86.16 0.00 
[20:31:19.485] [ARM] [12] <0.86 -60.00 -2.36> result: 90.46 103.90 -72.35 -0.46 86.26 0.00 
[20:31:19.486] [ARM] [13] <1.05 -60.00 -2.55> result: 90.56 104.00 -72.36 -0.56 86.36 0.00 
[20:31:19.508] [ARM] [14] <1.26 -60.00 -2.76> result: 90.67 104.11 -72.37 -0.67 86.48 0.00 
[20:31:19.508] [ARM] [15] <1.49 -60.00 -2.99> result: 90.79 104.23 -72.37 -0.79 86.60 0.00 
[20:31:19.508] [ARM] [16] <1.74 -60.00 -3.24> result: 90.92 104.36 -72.38 -0.93 86.74 0.00 
[20:31:19.531] [ARM] [17] <2.00 -60.00 -3.50> result: 91.06 104.49 -72.39 -1.06 86.88 0.00 
[20:31:19.531] [ARM] [18] <2.27 -60.00 -3.77> result: 91.21 104.63 -72.40 -1.21 87.03 0.00 
[20:31:19.531] [ARM] [19] <2.50 -60.00 -4.00> result: 91.33 104.75 -72.40 -1.33 87.15 0.00 
[20:31:19.531] [ARM] [20] <2.50 -60.00 -4.00> result: 91.33 104.75 -72.40 -1.33 87.15 0.00 
[20:31:19.553] [ARM] [21] <2.50 -60.00 -4.00> result: 91.33 104.75 -72.40 -1.33 87.15 0.00 
[20:31:19.553] [ARM] [22] <2.50 -60.00 -4.00> result: 91.33 104.75 -72.40 -1.33 87.15 0.00 
[20:31:19.553] [ARM] [23] <2.50 -60.00 -4.00> result: 91.33 104.75 -72.40 -1.33 87.15 0.00 
[20:31:19.553] [ARM] [24] <2.50 -60.00 -4.00> result: 91.33 104.75 -72.40 -1.33 87.15 0.00 
[20:31:19.594] [ARM] [25] <2.50 -60.00 -4.00> result: 91.33 104.75 -72.40 -1.33 87.15 0.00 
[20:31:19.594] [ARM] [26] <2.50 -60.00 -4.00> result: 91.33 104.75 -72.40 -1.33 87.15 0.00 
[20:31:19.594] [ARM] [27] <2.50 -60.00 -4.00> result: 91.33 104.75 -72.40 -1.33 87.15 0.00 
[20:31:19.611] [ARM] [28] <2.50 -60.00 -4.00> result: 91.33 104.75 -72.40 -1.33 87.15 0.00 
[20:31:19.612] [ARM] [29] <2.50 -60.00 -4.00> result: 91.33 104.75 -72.40 -1.33 87.15 0.00 
[20:31:19.612] [ARM] [30] <2.50 -60.00 -4.00> result: 91.33 104.75 -72.40 -1.33 87.15 0.00 
[20:31:19.612] [ARM] [31] <2.50 -60.00 -4.00> result: 91.33 104.75 -72.40 -1.33 87.15 0.00 
[20:31:19.635] [ARM] [32] <2.50 -60.00 -4.00> result: 91.33 104.75 -72.40 -1.33 87.15 0.00 
[20:31:19.635] [ARM] [33] <2.50 -60.00 -4.00> result: 91.33 104.75 -72.40 -1.33 87.15 0.00 
[20:31:19.635] [ARM] [34] <2.50 -60.00 -4.00> result: 91.33 104.75 -72.40 -1.33 87.15 0.00 
[20:31:19.675] [ARM] [35] <2.50 -60.00 -4.00> result: 91.33 104.75 -72.40 -1.33 87.15 0.00 
[20:31:19.676] [ARM] [36] <2.50 -60.00 -4.00> result: 91.33 104.75 -72.40 -1.33 87.15 0.00 
[20:31:19.676] [ARM] [37] <2.50 -60.00 -4.00> result: 91.33 104.75 -72.40 -1.33 87.15 0.00 
[20:31:19.676] [ARM] [38] <2.50 -60.00 -4.00> result: 91.33 104.75 -72.40 -1.33 87.15 0.00 
[20:31:19.681] [ARM] [39] <2.50 -60.00 -4.00> result: 91.33 104.75 -72.40 -1.33 87.15 0.00 
[20:31:19.681] [ARM] [40] <2.50 -60.00 -4.00> result: 91.33 104.75 -72.40 -1.33 87.15 0.00 
[20:31:19.681] [ARM] [41] <2.50 -60.00 -4.00> result: 91.33 104.75 -72.40 -1.33 87.15 0.00 
[20:31:19.681] [ARM] [42] <2.50 -60.00 -4.00> result: 91.33 104.75 -72.40 -1.33 87.15 0.00 
[20:31:19.732] [ARM] [43] <2.50 -60.00 -4.00> result: 91.33 104.75 -72.40 -1.33 87.15 0.00 
[20:31:19.732] [ARM] [TARGET] vision state=ALIGN enabled=1 dcx=120 dcy=-70 stable=0
[20:31:19.732] [ARM] [TARGET] align step dx=2.50 dz=-2.50 target=<2.50 -60.00 -4.00>
[20:31:19.795] [ARM] [JETSON_RX] vision dcx=120 dcy=-70
[20:31:19.795] [ARM] [TARGET] vision state=ALIGN enabled=1 dcx=120 dcy=-70 stable=0
[20:31:19.980] [ARM] [TARGET] align step dx=2.50 dz=-2.50 target=<2.50 -60.00 -4.00>
[20:31:20.043] [ARM] [JETSON_RX] vision dcx=120 dcy=-70
[20:31:20.043] [ARM] [TARGET] vision state=ALIGN enabled=1 dcx=120 dcy=-70 stable=0
[20:31:20.230] [ARM] [JETSON_RX] vision dcx=120 dcy=-70
[20:31:20.230] [ARM] [TARGET] vision state=ALIGN enabled=1 dcx=120 dcy=-70 stable=0
[20:31:20.230] [ARM] [TARGET] align step dx=2.50 dz=-2.50 target=<2.50 -60.00 -4.00>
[20:31:20.291] [ARM] [jpint 1] ave_error:0.22
[20:31:20.291] [ARM] [jpint 2] ave_error:8.03
[20:31:20.291] [ARM] [jpint 3] ave_error:13.85
[20:31:20.291] [ARM] [jpint 4] ave_error:0.21
[20:31:20.291] [ARM] [jpint 5] ave_error:2.04
[20:31:20.291] [ARM] 
[20:31:20.291] [ARM] robot pid run finished!!
[20:31:20.354] [ARM] ROBOT_AUTO_EVENT
[20:31:20.354] [ARM] [0] <2.50 -60.00 -4.00> result: 91.33 104.75 -72.40 -1.33 87.15 0.00 
[20:31:20.417] [ARM] [JETSON_RX] vision dcx=120 dcy=-70
[20:31:20.464] [ARM] [TARGET] vision state=ALIGN enabled=1 dcx=120 dcy=-70 stable=0
[20:31:20.464] [ARM] [jpint 1] ave_error:91.29
[20:31:20.464] [ARM] [jpint 2] ave_error:110.79
[20:31:20.464] [ARM] [jpint 3] ave_error:61.78
[20:31:20.464] [ARM] [jpint 4] ave_error:1.34
[20:31:20.464] [ARM] [jpint 5] ave_error:88.07
[20:31:20.466] [ARM] 
[20:31:20.466] [ARM] robot pid run finished!!
[20:31:20.525] [ARM] [TARGET] align step dx=2.50 dz=-2.50 target=<5.00 -60.00 -6.50>
[20:31:20.588] [ARM] ROBOT_AUTO_EVENT
[20:31:20.588] [ARM] [0] <2.50 -60.00 -4.00> result: 91.33 104.75 -72.40 -1.33 87.15 0.00 
[20:31:20.588] [ARM] [JETSON_RX] vision dcx=120 dcy=-70
[20:31:20.588] [ARM] [TARGET] vision state=ALIGN enabled=1 dcx=120 dcy=-70 stable=0
[20:31:20.711] [ARM] [jpint 1] ave_error:91.16
[20:31:20.711] [ARM] [jpint 2] ave_error:110.72
[20:31:20.711] [ARM] [jpint 3] ave_error:61.66
[20:31:20.711] [ARM] [jpint 4] ave_error:1.21
[20:31:20.711] [ARM] [jpint 5] ave_error:87.83
[20:31:20.711] [ARM] 
[20:31:20.711] [ARM] robot pid run finished!!
[20:31:20.774] [ARM] [TARGET] align step dx=2.50 dz=-2.50 target=<5.00 -60.00 -6.50>
[20:31:20.837] [ARM] [JETSON_RX] vision dcx=120 dcy=-70
[20:31:20.837] [ARM] [TARGET] vision state=ALIGN enabled=1 dcx=120 dcy=-70 stable=0
[20:31:20.837] [ARM] ROBOT_AUTO_EVENT
[20:31:20.837] [ARM] [0] <2.50 -60.00 -4.00> result: 91.33 104.75 -72.40 -1.33 87.15 0.00 
[20:31:20.899] [ARM] [jpint 1] ave_error:91.03
[20:31:20.899] [ARM] [jpint 2] ave_error:110.64
[20:31:20.899] [ARM] [jpint 3] ave_error:61.53
[20:31:20.899] [ARM] [jpint 4] ave_error:1.07
[20:31:20.960] [ARM] [jpint 5] ave_error:87.57
[20:31:20.960] [ARM] 
[20:31:20.960] [ARM] robot pid run finished!!
[20:31:21.022] [ARM] [JETSON_RX] vision dcx=120 dcy=-70
[20:31:21.022] [ARM] [TARGET] vision state=ALIGN enabled=1 dcx=120 dcy=-70 stable=0
[20:31:21.022] [ARM] [TARGET] align step dx=2.50 dz=-2.50 target=<5.00 -60.00 -6.50>
[20:31:21.040] [ARM] ROBOT_AUTO_EVENT
[20:31:21.042] [ARM] [0] <2.50 -60.00 -4.00> result: 91.33 104.75 -72.40 -1.33 87.15 0.00 
[20:31:21.042] [ARM] [1] <2.50 -60.00 -4.00> result: 91.33 104.75 -72.40 -1.33 87.16 0.00 
[20:31:21.042] [ARM] [2] <2.51 -60.00 -4.01> result: 91.33 104.76 -72.40 -1.34 87.16 0.00 
[20:31:21.058] [ARM] [3] <2.52 -60.00 -4.02> result: 91.34 104.76 -72.40 -1.34 87.17 0.00 
[20:31:21.058] [ARM] [4] <2.55 -60.00 -4.05> result: 91.35 104.78 -72.40 -1.36 87.18 0.00 
[20:31:21.058] [ARM] [5] <2.58 -60.00 -4.08> result: 91.37 104.79 -72.40 -1.38 87.20 0.00 
[20:31:21.058] [ARM] [6] <2.64 -60.00 -4.14> result: 91.40 104.82 -72.41 -1.40 87.23 0.00 
[20:31:21.081] [ARM] [7] <2.71 -60.00 -4.21> result: 91.44 104.86 -72.41 -1.44 87.27 0.00 
[20:31:21.081] [ARM] [8] <2.79 -60.00 -4.29> result: 91.49 104.90 -72.41 -1.49 87.31 0.00 
[20:31:21.081] [ARM] [9] <2.90 -60.00 -4.40> result: 91.55 104.96 -72.41 -1.55 87.37 0.00 
[20:31:21.105] [ARM] [10] <3.03 -60.00 -4.53> result: 91.61 105.03 -72.41 -1.62 87.44 0.00 
[20:31:21.105] [ARM] [11] <3.18 -60.00 -4.68> result: 91.69 105.11 -72.42 -1.70 87.53 0.00 
[20:31:21.105] [ARM] [12] <3.36 -60.00 -4.86> result: 91.79 105.20 -72.42 -1.79 87.62 0.00 
[20:31:21.105] [ARM] [13] <3.55 -60.00 -5.05> result: 91.89 105.30 -72.43 -1.89 87.72 0.00 
[20:31:21.128] [ARM] [14] <3.76 -60.00 -5.26> result: 92.00 105.41 -72.43 -2.00 87.84 0.00 
[20:31:21.128] [ARM] [15] <3.99 -60.00 -5.49> result: 92.12 105.53 -72.43 -2.12 87.96 0.00 
[20:31:21.128] [ARM] [16] <4.24 -60.00 -5.74> result: 92.25 105.66 -72.44 -2.26 88.10 0.00 
[20:31:21.153] [ARM] [17] <4.50 -60.00 -6.00> result: 92.39 105.79 -72.44 -2.39 88.24 0.00 
[20:31:21.153] [ARM] [18] <4.77 -60.00 -6.27> result: 92.54 105.94 -72.45 -2.54 88.38 0.00 
[20:31:21.153] [ARM] [19] <5.00 -60.00 -6.50> result: 92.66 106.06 -72.45 -2.66 88.51 0.00 
[20:31:21.153] [ARM] [20] <5.00 -60.00 -6.50> result: 92.66 106.06 -72.45 -2.66 88.51 0.00 
[20:31:21.174] [ARM] [21] <5.00 -60.00 -6.50> result: 92.66 106.06 -72.45 -2.66 88.51 0.00 
[20:31:21.174] [ARM] [22] <5.00 -60.00 -6.50> result: 92.66 106.06 -72.45 -2.66 88.51 0.00 
[20:31:21.174] [ARM] [23] <5.00 -60.00 -6.50> result: 92.66 106.06 -72.45 -2.66 88.51 0.00 
[20:31:21.174] [ARM] [24] <5.00 -60.00 -6.50> result: 92.66 106.06 -72.45 -2.66 88.51 0.00 
[20:31:21.220] [ARM] [25] <5.00 -60.00 -6.50> result: 92.66 106.06 -72.45 -2.66 88.51 0.00 
[20:31:21.220] [ARM] [26] <5.00 -60.00 -6.50> result: 92.66 106.06 -72.45 -2.66 88.51 0.00 
[20:31:21.220] [ARM] [27] <5.00 -60.00 -6.50> result: 92.66 106.06 -72.45 -2.66 88.51 0.00 
[20:31:21.232] [ARM] [28] <5.00 -60.00 -6.50> result: 92.66 106.06 -72.45 -2.66 88.51 0.00 
[20:31:21.232] [ARM] [29] <5.00 -60.00 -6.50> result: 92.66 106.06 -72.45 -2.66 88.51 0.00 
[20:31:21.232] [ARM] [30] <5.00 -60.00 -6.50> result: 92.66 106.06 -72.45 -2.66 88.51 0.00 
[20:31:21.232] [ARM] [31] <5.00 -60.00 -6.50> result: 92.66 106.06 -72.45 -2.66 88.51 0.00 
[20:31:21.255] [ARM] [32] <5.00 -60.00 -6.50> result: 92.66 106.06 -72.45 -2.66 88.51 0.00 
[20:31:21.255] [ARM] [33] <5.00 -60.00 -6.50> result: 92.66 106.06 -72.45 -2.66 88.51 0.00 
[20:31:21.255] [ARM] [34] <5.00 -60.00 -6.50> result: 92.66 106.06 -72.45 -2.66 88.51 0.00 
[20:31:21.281] [ARM] [35] <5.00 -60.00 -6.50> result: 92.66 106.06 -72.45 -2.66 88.51 0.00 
[20:31:21.281] [ARM] [36] <5.00 -60.00 -6.50> result: 92.66 106.06 -72.45 -2.66 88.51 0.00 
[20:31:21.281] [ARM] [37] <5.00 -60.00 -6.50> result: 92.66 106.06 -72.45 -2.66 88.51 0.00 
[20:31:21.281] [ARM] [38] <5.00 -60.00 -6.50> result: 92.66 106.06 -72.45 -2.66 88.51 0.00 
[20:31:21.318] [ARM] [39] <5.00 -60.00 -6.50> result: 92.66 106.06 -72.45 -2.66 88.51 0.00 
[20:31:21.318] [ARM] [40] <5.00 -60.00 -6.50> result: 92.66 106.06 -72.45 -2.66 88.51 0.00 
[20:31:21.318] [ARM] [41] <5.00 -60.00 -6.50> result: 92.66 106.06 -72.45 -2.66 88.51 0.00 
[20:31:21.318] [ARM] [42] <5.00 -60.00 -6.50> result: 92.66 106.06 -72.45 -2.66 88.51 0.00 
[20:31:21.363] [JETSON-TX] vision step 2/4: dcx=60 dcy=-35 hold=2.0s frame=FF 05 03 3C 00 DD FF 20 FE
[20:31:21.378] [ARM] [43] <5.00 -60.00 -6.50> result: 92.66 106.06 -72.45 -2.66 88.51 0.00 
[20:31:21.378] [ARM] [TARGET] vision state=ALIGN enabled=1 dcx=120 dcy=-70 stable=0
[20:31:21.378] [ARM] [TARGET] align step dx=2.50 dz=-2.50 target=<5.00 -60.00 -6.50>
[20:31:21.626] [ARM] [TARGET] align step dx=2.50 dz=-2.50 target=<5.00 -60.00 -6.50>
[20:31:21.811] [ARM] [JETSON_RX] vision dcx=60 dcy=-35
[20:31:21.811] [ARM] [TARGET] vision state=RECOVER enabled=1 dcx=60 dcy=-35 stable=0
[20:31:21.872] [ARM] [jpint 1] ave_error:0.52
[20:31:21.872] [ARM] [jpint 2] ave_error:4.07
[20:31:21.872] [ARM] [jpint 3] ave_error:9.51
[20:31:21.872] [ARM] [jpint 4] ave_error:0.47
[20:31:21.872] [ARM] [jpint 5] ave_error:0.37
[20:31:21.872] [ARM] 
[20:31:21.872] [ARM] robot pid run finished!!
[20:31:21.996] [ARM] [TARGET] align step dx=2.50 dz=-2.50 target=<7.50 -60.00 -9.00>
[20:31:21.996] [ARM] ROBOT_AUTO_EVENT
[20:31:21.996] [ARM] [0] <5.00 -60.00 -6.50> result: 92.66 106.06 -72.45 -2.66 88.51 0.00 
[20:31:21.996] [ARM] [JETSON_RX] vision dcx=60 dcy=-35
[20:31:21.996] [ARM] [TARGET] vision state=ALIGN enabled=1 dcx=60 dcy=-35 stable=0
[20:31:22.121] [ARM] [jpint 1] ave_error:92.54
[20:31:22.121] [ARM] [jpint 2] ave_error:108.14
[20:31:22.122] [ARM] [jpint 3] ave_error:66.16
[20:31:22.122] [ARM] [jpint 4] ave_error:2.87
[20:31:22.122] [ARM] [jpint 5] ave_error:88.67
[20:31:22.122] [ARM] 
[20:31:22.122] [ARM] robot pid run finished!!
[20:31:22.247] [ARM] [JETSON_RX] vision dcx=60 dcy=-35
[20:31:22.247] [ARM] ROBOT_AUTO_EVENT
[20:31:22.247] [ARM] [0] <5.00 -60.00 -6.50> result: 92.66 106.06 -72.45 -2.66 88.51 0.00 
[20:31:22.247] [ARM] [TARGET] vision state=ALIGN enabled=1 dcx=60 dcy=-35 stable=0
[20:31:22.247] [ARM] [TARGET] align step dx=2.50 dz=-2.50 target=<7.50 -60.00 -9.00>
[20:31:22.310] [ARM] [jpint 1] ave_error:92.41
[20:31:22.310] [ARM] [jpint 2] ave_error:108.06
[20:31:22.310] [ARM] [jpint 3] ave_error:66.04
[20:31:22.310] [ARM] [jpint 4] ave_error:2.73
[20:31:22.310] [ARM] [jpint 5] ave_error:88.40
[20:31:22.310] [ARM] 
[20:31:22.310] [ARM] robot pid run finished!!
[20:31:22.433] [ARM] [JETSON_RX] vision dcx=60 dcy=-35
[20:31:22.433] [ARM] [TARGET] vision state=ALIGN enabled=1 dcx=60 dcy=-35 stable=0
[20:31:22.433] [ARM] ROBOT_AUTO_EVENT
[20:31:22.433] [ARM] [0] <5.00 -60.00 -6.50> result: 92.66 106.06 -72.45 -2.66 88.51 0.00 
[20:31:22.495] [ARM] [TARGET] align step dx=2.50 dz=-2.50 target=<7.50 -60.00 -9.00>
[20:31:22.556] [ARM] [jpint 1] ave_error:92.28
[20:31:22.556] [ARM] [jpint 2] ave_error:107.99
[20:31:22.556] [ARM] [jpint 3] ave_error:65.91
[20:31:22.556] [ARM] [jpint 4] ave_error:2.59
[20:31:22.556] [ARM] [jpint 5] ave_error:88.12
[20:31:22.556] [ARM] 
[20:31:22.556] [ARM] robot pid run finished!!
[20:31:22.619] [ARM] [JETSON_RX] vision dcx=60 dcy=-35
[20:31:22.619] [ARM] [TARGET] vision state=ALIGN enabled=1 dcx=60 dcy=-35 stable=0
[20:31:22.682] [ARM] ROBOT_AUTO_EVENT
[20:31:22.682] [ARM] [0] <5.00 -60.00 -6.50> result: 92.66 106.06 -72.45 -2.66 88.51 0.00 
[20:31:22.787] [ARM] [TARGET] align step dx=2.50 dz=-2.50 target=<7.50 -60.00 -9.00>
[20:31:22.787] [ARM] [jpint 1] ave_error:92.14
[20:31:22.787] [ARM] [jpint 2] ave_error:107.91
[20:31:22.787] [ARM] [jpint 3] ave_error:65.78
[20:31:22.787] [ARM] [jpint 4] ave_error:2.45
[20:31:22.787] [ARM] [jpint 5] ave_error:87.84
[20:31:22.787] [ARM] 
[20:31:22.787] [ARM] robot pid run finished!!
[20:31:22.787] [ARM] [JETSON_RX] vision dcx=60 dcy=-35
[20:31:22.838] [ARM] [TARGET] vision state=ALIGN enabled=1 dcx=60 dcy=-35 stable=0
[20:31:22.885] [ARM] ROBOT_AUTO_EVENT
[20:31:22.885] [ARM] [0] <5.00 -60.00 -6.50> result: 92.66 106.06 -72.45 -2.66 88.51 0.00 
[20:31:22.886] [ARM] [1] <5.00 -60.00 -6.50> result: 92.66 106.06 -72.45 -2.66 88.51 0.00 
[20:31:22.886] [ARM] [2] <5.01 -60.00 -6.51> result: 92.66 106.06 -72.45 -2.66 88.51 0.00 
[20:31:22.929] [ARM] [3] <5.02 -60.00 -6.52> result: 92.67 106.07 -72.45 -2.67 88.52 0.00 
[20:31:22.929] [ARM] [4] <5.05 -60.00 -6.55> result: 92.68 106.08 -72.45 -2.68 88.53 0.00 
[20:31:22.929] [ARM] [5] <5.08 -60.00 -6.58> result: 92.70 106.10 -72.45 -2.70 88.55 0.00 
[20:31:22.929] [ARM] [6] <5.14 -60.00 -6.64> result: 92.73 106.13 -72.45 -2.73 88.58 0.00 
[20:31:22.932] [ARM] [7] <5.21 -60.00 -6.71> result: 92.77 106.17 -72.45 -2.77 88.62 0.00 
[20:31:22.932] [ARM] [8] <5.29 -60.00 -6.79> result: 92.82 106.21 -72.45 -2.82 88.67 0.00 
[20:31:22.932] [ARM] [9] <5.40 -60.00 -6.90> result: 92.87 106.27 -72.45 -2.87 88.72 0.00 
[20:31:22.955] [ARM] [10] <5.53 -60.00 -7.03> result: 92.94 106.34 -72.45 -2.94 88.79 0.00 
[20:31:22.955] [ARM] [11] <5.68 -60.00 -7.18> result: 93.02 106.42 -72.45 -3.02 88.88 0.00 
[20:31:22.955] [ARM] [12] <5.86 -60.00 -7.36> result: 93.11 106.51 -72.46 -3.11 88.97 0.00 
[20:31:22.955] [ARM] [13] <6.05 -60.00 -7.55> result: 93.22 106.61 -72.46 -3.22 89.07 0.00 
[20:31:22.978] [ARM] [14] <6.26 -60.00 -7.76> result: 93.33 106.72 -72.46 -3.33 89.18 0.00 
[20:31:22.978] [ARM] [15] <6.49 -60.00 -7.99> result: 93.45 106.85 -72.46 -3.45 89.31 0.00 
[20:31:22.978] [ARM] [16] <6.74 -60.00 -8.24> result: 93.58 106.98 -72.46 -3.58 89.44 0.00 
[20:31:23.002] [ARM] [17] <7.00 -60.00 -8.50> result: 93.72 107.11 -72.46 -3.72 89.57 0.00 
[20:31:23.002] [ARM] [18] <7.27 -60.00 -8.77> result: 93.86 107.26 -72.46 -3.86 89.72 0.00 
[20:31:23.002] [ARM] [19] <7.50 -60.00 -9.00> result: 93.99 107.38 -72.46 -3.99 89.84 0.00 
[20:31:23.002] [ARM] [20] <7.50 -60.00 -9.00> result: 93.99 107.38 -72.46 -3.99 89.84 0.00 
[20:31:23.025] [ARM] [21] <7.50 -60.00 -9.00> result: 93.99 107.38 -72.46 -3.99 89.84 0.00 
[20:31:23.025] [ARM] [22] <7.50 -60.00 -9.00> result: 93.99 107.38 -72.46 -3.99 89.84 0.00 
[20:31:23.025] [ARM] [23] <7.50 -60.00 -9.00> result: 93.99 107.38 -72.46 -3.99 89.84 0.00 
[20:31:23.025] [ARM] [24] <7.50 -60.00 -9.00> result: 93.99 107.38 -72.46 -3.99 89.84 0.00 
[20:31:23.060] [ARM] [25] <7.50 -60.00 -9.00> result: 93.99 107.38 -72.46 -3.99 89.84 0.00 
[20:31:23.060] [ARM] [26] <7.50 -60.00 -9.00> result: 93.99 107.38 -72.46 -3.99 89.84 0.00 
[20:31:23.060] [ARM] [27] <7.50 -60.00 -9.00> result: 93.99 107.38 -72.46 -3.99 89.84 0.00 
[20:31:23.108] [ARM] [28] <7.50 -60.00 -9.00> result: 93.99 107.38 -72.46 -3.99 89.84 0.00 
[20:31:23.108] [ARM] [29] <7.50 -60.00 -9.00> result: 93.99 107.38 -72.46 -3.99 89.84 0.00 
[20:31:23.108] [ARM] [30] <7.50 -60.00 -9.00> result: 93.99 107.38 -72.46 -3.99 89.84 0.00 
[20:31:23.108] [ARM] [31] <7.50 -60.00 -9.00> result: 93.99 107.38 -72.46 -3.99 89.84 0.00 
[20:31:23.113] [ARM] [32] <7.50 -60.00 -9.00> result: 93.99 107.38 -72.46 -3.99 89.84 0.00 
[20:31:23.113] [ARM] [33] <7.50 -60.00 -9.00> result: 93.99 107.38 -72.46 -3.99 89.84 0.00 
[20:31:23.113] [ARM] [34] <7.50 -60.00 -9.00> result: 93.99 107.38 -72.46 -3.99 89.84 0.00 
[20:31:23.128] [ARM] [35] <7.50 -60.00 -9.00> result: 93.99 107.38 -72.46 -3.99 89.84 0.00 
[20:31:23.128] [ARM] [36] <7.50 -60.00 -9.00> result: 93.99 107.38 -72.46 -3.99 89.84 0.00 
[20:31:23.128] [ARM] [37] <7.50 -60.00 -9.00> result: 93.99 107.38 -72.46 -3.99 89.84 0.00 
[20:31:23.128] [ARM] [38] <7.50 -60.00 -9.00> result: 93.99 107.38 -72.46 -3.99 89.84 0.00 
[20:31:23.152] [ARM] [39] <7.50 -60.00 -9.00> result: 93.99 107.38 -72.46 -3.99 89.84 0.00 
[20:31:23.153] [ARM] [40] <7.50 -60.00 -9.00> result: 93.99 107.38 -72.46 -3.99 89.84 0.00 
[20:31:23.153] [ARM] [41] <7.50 -60.00 -9.00> result: 93.99 107.38 -72.46 -3.99 89.84 0.00 
[20:31:23.153] [ARM] [42] <7.50 -60.00 -9.00> result: 93.99 107.38 -72.46 -3.99 89.84 0.00 
[20:31:23.206] [ARM] [43] <7.50 -60.00 -9.00> result: 93.99 107.38 -72.46 -3.99 89.84 0.00 
[20:31:23.206] [ARM] [TARGET] vision state=ALIGN enabled=1 dcx=60 dcy=-35 stable=0
[20:31:23.207] [ARM] [TARGET] align step dx=2.50 dz=-2.50 target=<7.50 -60.00 -9.00>
[20:31:23.207] [ARM] [JETSON_RX] vision dcx=60 dcy=-35
[20:31:23.272] [ARM] [TARGET] vision state=ALIGN enabled=1 dcx=60 dcy=-35 stable=0
[20:31:23.272] [ARM] [TARGET] align step dx=2.50 dz=-2.50 target=<7.50 -60.00 -9.00>
[20:31:23.368] [JETSON-TX] vision step 3/4: dcx=20 dcy=-10 hold=1.0s frame=FF 05 03 14 00 F6 FF 11 FE
[20:31:23.398] [ARM] [JETSON_RX] vision dcx=20 dcy=-10
[20:31:23.398] [ARM] [TARGET] vision state=ALIGN enabled=1 dcx=20 dcy=-10 stable=0
[20:31:23.523] [ARM] [TARGET] align step dx=2.50 dz=-2.50 target=<7.50 -60.00 -9.00>
[20:31:23.646] [ARM] [JETSON_RX] vision dcx=20 dcy=-10
[20:31:23.646] [ARM] [TARGET] vision state=ALIGN enabled=1 dcx=20 dcy=-10 stable=0
[20:31:23.708] [ARM] [jpint 1] ave_error:0.66
[20:31:23.708] [ARM] [jpint 2] ave_error:0.59
[20:31:23.708] [ARM] [jpint 3] ave_error:5.28
[20:31:23.708] [ARM] [jpint 4] ave_error:0.42
[20:31:23.708] [ARM] [jpint 5] ave_error:0.53
[20:31:23.708] [ARM] 
[20:31:23.708] [ARM] robot pid run finished!!
[20:31:23.769] [ARM] [TARGET] align step dx=2.50 dz=-2.50 target=<10.00 -60.00 -11.50>
[20:31:23.832] [ARM] [JETSON_RX] vision dcx=20 dcy=-10
[20:31:23.832] [ARM] [TARGET] vision state=ALIGN enabled=1 dcx=20 dcy=-10 stable=0
[20:31:23.832] [ARM] ROBOT_AUTO_EVENT
[20:31:23.832] [ARM] [0] <7.50 -60.00 -9.00> result: 93.99 107.38 -72.46 -3.99 89.84 0.00 
[20:31:23.958] [ARM] [jpint 1] ave_error:93.86
[20:31:23.958] [ARM] [jpint 2] ave_error:107.12
[20:31:23.958] [ARM] [jpint 3] ave_error:70.42
[20:31:23.958] [ARM] [jpint 4] ave_error:4.12
[20:31:23.958] [ARM] [jpint 5] ave_error:89.83
[20:31:23.958] [ARM] 
[20:31:23.958] [ARM] robot pid run finished!!
[20:31:24.020] [ARM] [JETSON_RX] vision dcx=20 dcy=-10
[20:31:24.020] [ARM] [TARGET] vision state=ALIGN enabled=1 dcx=20 dcy=-10 stable=0
[20:31:24.020] [ARM] [TARGET] align step dx=2.50 dz=-2.50 target=<10.00 -60.00 -11.50>
[20:31:24.083] [ARM] ROBOT_AUTO_EVENT
[20:31:24.083] [ARM] [0] <7.50 -60.00 -9.00> result: 93.99 107.38 -72.46 -3.99 89.84 0.00 
[20:31:24.146] [ARM] [jpint 1] ave_error:93.73
[20:31:24.146] [ARM] [jpint 2] ave_error:107.04
[20:31:24.146] [ARM] [jpint 3] ave_error:70.30
[20:31:24.146] [ARM] [jpint 4] ave_error:3.98
[20:31:24.209] [ARM] [jpint 5] ave_error:89.56
[20:31:24.209] [ARM] 
[20:31:24.209] [ARM] robot pid run finished!!
[20:31:24.209] [ARM] [JETSON_RX] vision dcx=20 dcy=-10
[20:31:24.209] [ARM] [TARGET] vision state=ALIGN enabled=1 dcx=20 dcy=-10 stable=0
[20:31:24.272] [ARM] [TARGET] align step dx=2.50 dz=-2.50 target=<10.00 -60.00 -11.50>
[20:31:24.272] [ARM] ROBOT_AUTO_EVENT
[20:31:24.272] [ARM] [0] <7.50 -60.00 -9.00> result: 93.99 107.38 -72.46 -3.99 89.84 0.00 
[20:31:24.371] [JETSON-TX] vision step 4/4: dcx=0 dcy=0 hold=0.0s frame=FF 05 03 00 00 00 00 08 FE
[20:31:24.396] [ARM] [jpint 1] ave_error:93.60
[20:31:24.396] [ARM] [jpint 2] ave_error:106.97
[20:31:24.396] [ARM] [jpint 3] ave_error:70.17
[20:31:24.396] [ARM] [jpint 4] ave_error:3.84
[20:31:24.396] [ARM] [jpint 5] ave_error:89.29
[20:31:24.396] [ARM] 
[20:31:24.396] [ARM] robot pid run finished!!
[20:31:24.396] [ARM] [JETSON_RX] vision dcx=0 dcy=0
[20:31:24.396] [ARM] [TARGET] vision state=ALIGN enabled=1 dcx=0 dcy=0 stable=0
[20:31:24.522] [ARM] ROBOT_AUTO_EVENT
[20:31:24.522] [ARM] [0] <7.50 -60.00 -9.00> result: 93.99 107.38 -72.46 -3.99 89.84 0.00 
[20:31:24.646] [ARM] [JETSON_RX] vision dcx=0 dcy=0
[20:31:24.646] [ARM] [jpint 1] ave_error:93.47
[20:31:24.646] [ARM] [jpint 2] ave_error:106.89
[20:31:24.646] [ARM] [jpint 3] ave_error:70.04
[20:31:24.646] [ARM] [jpint 4] ave_error:3.70
[20:31:24.646] [ARM] [jpint 5] ave_error:89.01
[20:31:24.646] [ARM] 
[20:31:24.646] [ARM] robot pid run finished!!
[20:31:24.646] [ARM] [TARGET] vision state=ALIGN enabled=1 dcx=0 dcy=0 stable=1
[20:31:24.770] [ARM] ROBOT_AUTO_EVENT
[20:31:24.770] [ARM] [0] <7.50 -60.00 -9.00> result: 93.99 107.38 -72.46 -3.99 89.84 0.00 
[20:31:24.832] [ARM] [JETSON_RX] vision dcx=0 dcy=0
[20:31:24.832] [ARM] [TARGET] vision state=ALIGN enabled=1 dcx=0 dcy=0 stable=2
[20:31:24.832] [ARM] [jpint 1] ave_error:93.33
[20:31:24.832] [ARM] [jpint 2] ave_error:106.81
[20:31:24.832] [ARM] [jpint 3] ave_error:69.90
[20:31:24.832] [ARM] [jpint 4] ave_error:3.56
[20:31:24.832] [ARM] [jpint 5] ave_error:88.73
[20:31:24.832] [ARM] 
[20:31:24.832] [ARM] robot pid run finished!!
[20:31:24.848] [JETSON-RX] CC 02 01 DD
[20:31:24.848] [JETSON-STATUS] ALIGN_DONE func=0x02 value=0x01
[20:31:24.848] [PROMPT] 已收到 ALIGN_DONE。确认画面和机械臂位置安全后，按 Enter 进入 P000 发射许可步骤。
[20:31:24.957] [ARM] ROBOT_AUTO_EVENT
[20:31:24.957] [ARM] [0] <7.50 -60.00 -9.00> result: 93.99 107.38 -72.46 -3.99 89.84 0.00 
[20:31:25.018] [ARM] [JETSON_RX] vision dcx=0 dcy=0
[20:31:25.018] [ARM] [TARGET] vision state=CONFIRM enabled=1 dcx=0 dcy=0 stable=3
[20:31:25.082] [ARM] [jpint 1] ave_error:93.19
[20:31:25.082] [ARM] [jpint 2] ave_error:106.74
[20:31:25.082] [ARM] [jpint 3] ave_error:69.76
[20:31:25.082] [ARM] [jpint 4] ave_error:3.41
[20:31:25.082] [ARM] [jpint 5] ave_error:88.45
[20:31:25.082] [ARM] 
[20:31:25.082] [ARM] robot pid run finished!!
[20:31:25.184] [ARM] ROBOT_AUTO_EVENT
[20:31:25.184] [ARM] [0] <7.50 -60.00 -9.00> result: 93.99 107.38 -72.46 -3.99 89.84 0.00 
[20:31:25.185] [ARM] [1] <7.50 -60.00 -9.00> result: 93.99 107.38 -72.46 -3.99 89.84 0.00 
[20:31:25.185] [ARM] [2] <7.51 -60.00 -9.01> result: 93.99 107.39 -72.46 -3.99 89.85 0.00 
[20:31:25.199] [ARM] [3] <7.52 -60.00 -9.02> result: 94.00 107.39 -72.46 -4.00 89.85 0.00 
[20:31:25.199] [ARM] [4] <7.55 -60.00 -9.05> result: 94.01 107.41 -72.46 -4.01 89.87 0.00 
[20:31:25.199] [ARM] [5] <7.58 -60.00 -9.08> result: 94.03 107.43 -72.46 -4.03 89.88 0.00 
[20:31:25.199] [ARM] [6] <7.64 -60.00 -9.14> result: 94.06 107.45 -72.46 -4.06 89.91 0.00 
[20:31:25.222] [ARM] [7] <7.71 -60.00 -9.21> result: 94.09 107.49 -72.46 -4.09 89.95 0.00 
[20:31:25.222] [ARM] [8] <7.79 -60.00 -9.29> result: 94.14 107.54 -72.46 -4.14 90.00 0.00 
[20:31:25.222] [ARM] [9] <7.90 -60.00 -9.40> result: 94.20 107.60 -72.46 -4.20 90.05 0.00 
[20:31:25.268] [ARM] [10] <8.03 -60.00 -9.53> result: 94.27 107.67 -72.46 -4.27 90.12 0.00 
[20:31:25.268] [ARM] [11] <8.18 -60.00 -9.68> result: 94.35 107.75 -72.46 -4.35 90.20 0.00 
[20:31:25.268] [ARM] [12] <8.36 -60.00 -9.86> result: 94.44 107.84 -72.45 -4.44 90.29 0.00 
[20:31:25.268] [ARM] [13] <8.55 -60.00 -10.05> result: 94.54 107.94 -72.45 -4.54 90.39 0.00 
[20:31:25.270] [ARM] [14] <8.76 -60.00 -10.26> result: 94.65 108.05 -72.45 -4.65 90.50 0.00 
[20:31:25.270] [ARM] [15] <8.99 -60.00 -10.49> result: 94.77 108.18 -72.45 -4.77 90.62 0.00 
[20:31:25.270] [ARM] [16] <9.24 -60.00 -10.74> result: 94.90 108.31 -72.45 -4.91 90.75 0.00 
[20:31:25.294] [ARM] [17] <9.50 -60.00 -11.00> result: 95.04 108.45 -72.44 -5.04 90.89 0.00 
[20:31:25.294] [ARM] [18] <9.77 -60.00 -11.27> result: 95.19 108.59 -72.44 -5.19 91.03 0.00 
[20:31:25.294] [ARM] [19] <10.00 -60.00 -11.50> result: 95.31 108.72 -72.43 -5.31 91.15 0.00 
[20:31:25.294] [ARM] [20] <10.00 -60.00 -11.50> result: 95.31 108.72 -72.43 -5.31 91.15 0.00 
[20:31:25.315] [ARM] [21] <10.00 -60.00 -11.50> result: 95.31 108.72 -72.43 -5.31 91.15 0.00 
[20:31:25.315] [ARM] [22] <10.00 -60.00 -11.50> result: 95.31 108.72 -72.43 -5.31 91.15 0.00 
[20:31:25.316] [ARM] [23] <10.00 -60.00 -11.50> result: 95.31 108.72 -72.43 -5.31 91.15 0.00 
[20:31:25.361] [ARM] [24] <10.00 -60.00 -11.50> result: 95.31 108.72 -72.43 -5.31 91.15 0.00 
[20:31:25.361] [ARM] [25] <10.00 -60.00 -11.50> result: 95.31 108.72 -72.43 -5.31 91.15 0.00 
[20:31:25.361] [ARM] [26] <10.00 -60.00 -11.50> result: 95.31 108.72 -72.43 -5.31 91.15 0.00 
[20:31:25.361] [ARM] [27] <10.00 -60.00 -11.50> result: 95.31 108.72 -72.43 -5.31 91.15 0.00 
[20:31:25.373] [ARM] [28] <10.00 -60.00 -11.50> result: 95.31 108.72 -72.43 -5.31 91.15 0.00 
[20:31:25.373] [ARM] [29] <10.00 -60.00 -11.50> result: 95.31 108.72 -72.43 -5.31 91.15 0.00 
[20:31:25.373] [ARM] [30] <10.00 -60.00 -11.50> result: 95.31 108.72 -72.43 -5.31 91.15 0.00 
[20:31:25.396] [ARM] [31] <10.00 -60.00 -11.50> result: 95.31 108.72 -72.43 -5.31 91.15 0.00 
[20:31:25.397] [ARM] [32] <10.00 -60.00 -11.50> result: 95.31 108.72 -72.43 -5.31 91.15 0.00 
[20:31:25.397] [ARM] [33] <10.00 -60.00 -11.50> result: 95.31 108.72 -72.43 -5.31 91.15 0.00 
[20:31:25.397] [ARM] [34] <10.00 -60.00 -11.50> result: 95.31 108.72 -72.43 -5.31 91.15 0.00 
[20:31:25.419] [ARM] [35] <10.00 -60.00 -11.50> result: 95.31 108.72 -72.43 -5.31 91.15 0.00 
[20:31:25.419] [ARM] [36] <10.00 -60.00 -11.50> result: 95.31 108.72 -72.43 -5.31 91.15 0.00 
[20:31:25.419] [ARM] [37] <10.00 -60.00 -11.50> result: 95.31 108.72 -72.43 -5.31 91.15 0.00 
[20:31:25.453] [ARM] [38] <10.00 -60.00 -11.50> result: 95.31 108.72 -72.43 -5.31 91.15 0.00 
[20:31:25.453] [ARM] [39] <10.00 -60.00 -11.50> result: 95.31 108.72 -72.43 -5.31 91.15 0.00 
[20:31:25.453] [ARM] [40] <10.00 -60.00 -11.50> result: 95.31 108.72 -72.43 -5.31 91.15 0.00 
[20:31:25.453] [ARM] [41] <10.00 -60.00 -11.50> result: 95.31 108.72 -72.43 -5.31 91.15 0.00 
[20:31:25.504] [ARM] [42] <10.00 -60.00 -11.50> result: 95.31 108.72 -72.43 -5.31 91.15 0.00 
[20:31:25.504] [ARM] [43] <10.00 -60.00 -11.50> result: 95.31 108.72 -72.43 -5.31 91.15 0.00 
[20:31:25.504] [ARM] [JETSON_RX] vision dcx=0 dcy=0
[20:31:25.504] [ARM] [TARGET] vision state=CONFIRM enabled=1 dcx=0 dcy=0 stable=3
[20:31:25.629] [ARM] [JETSON_RX] vision dcx=0 dcy=0
[20:31:25.629] [ARM] [TARGET] vision state=CONFIRM enabled=1 dcx=0 dcy=0 stable=3
[20:31:25.815] [ARM] [JETSON_RX] vision dcx=0 dcy=0
[20:31:25.815] [ARM] [TARGET] vision state=CONFIRM enabled=1 dcx=0 dcy=0 stable=3
[20:31:26.001] [ARM] [jpint 1] ave_error:0.83
[20:31:26.001] [ARM] [jpint 2] ave_error:0.97
[20:31:26.001] [ARM] [jpint 3] ave_error:1.62
[20:31:26.001] [ARM] [jpint 4] ave_error:0.67
[20:31:26.063] [ARM] [jpint 5] ave_error:0.96
[20:31:26.063] [ARM] 
[20:31:26.063] [ARM] robot pid run finished!!
[20:31:26.063] [ARM] [JETSON_RX] vision dcx=0 dcy=0
[20:31:26.063] [ARM] [TARGET] vision state=CONFIRM enabled=1 dcx=0 dcy=0 stable=3
[20:31:26.126] [ARM] ROBOT_AUTO_EVENT
[20:31:26.126] [ARM] [0] <10.00 -60.00 -11.50> result: 95.31 108.72 -72.43 -5.31 91.15 0.00 
[20:31:26.250] [ARM] [JETSON_RX] vision dcx=0 dcy=0
[20:31:26.250] [ARM] [TARGET] vision state=CONFIRM enabled=1 dcx=0 dcy=0 stable=3
[20:31:26.250] [ARM] [jpint 1] ave_error:95.18
[20:31:26.250] [ARM] [jpint 2] ave_error:109.06
[20:31:26.250] [ARM] [jpint 3] ave_error:73.62
[20:31:26.250] [ARM] [jpint 4] ave_error:5.64
[20:31:26.250] [ARM] [jpint 5] ave_error:91.30
[20:31:26.250] [ARM] 
[20:31:26.250] [ARM] robot pid run finished!!
[20:31:26.375] [ARM] ROBOT_AUTO_EVENT
[20:31:26.375] [ARM] [0] <10.00 -60.00 -11.50> result: 95.31 108.72 -72.43 -5.31 91.15 0.00 
[20:31:26.436] [ARM] [JETSON_RX] vision dcx=0 dcy=0
[20:31:26.436] [ARM] [TARGET] vision state=CONFIRM enabled=1 dcx=0 dcy=0 stable=3
[20:31:26.497] [ARM] [jpint 1] ave_error:95.05
[20:31:26.497] [ARM] [jpint 2] ave_error:109.00
[20:31:26.497] [ARM] [jpint 3] ave_error:73.50
[20:31:26.497] [ARM] [jpint 4] ave_error:5.51
[20:31:26.497] [ARM] [jpint 5] ave_error:91.04
[20:31:26.497] [ARM] 
[20:31:26.497] [ARM] robot pid run finished!!
[20:31:26.682] [ARM] [JETSON_RX] vision dcx=0 dcy=0
[20:31:26.682] [ARM] [TARGET] vision state=CONFIRM enabled=1 dcx=0 dcy=0 stable=3
[20:31:26.804] [ARM] [JETSON_RX] vision dcx=0 dcy=0
[20:31:26.804] [ARM] [TARGET] vision state=CONFIRM enabled=1 dcx=0 dcy=0 stable=3
[20:31:27.053] [ARM] [JETSON_RX] vision dcx=0 dcy=0
[20:31:27.053] [ARM] [TARGET] vision state=CONFIRM enabled=1 dcx=0 dcy=0 stable=3
[20:31:27.240] [ARM] [JETSON_RX] vision dcx=0 dcy=0
[20:31:27.240] [ARM] [TARGET] vision state=CONFIRM enabled=1 dcx=0 dcy=0 stable=3
[20:31:27.427] [ARM] [JETSON_RX] vision dcx=0 dcy=0
[20:31:27.427] [ARM] [TARGET] vision state=CONFIRM enabled=1 dcx=0 dcy=0 stable=3
[20:31:27.614] [ARM] [JETSON_RX] vision dcx=0 dcy=0
[20:31:27.614] [ARM] [TARGET] vision state=CONFIRM enabled=1 dcx=0 dcy=0 stable=3
[20:31:27.801] [ARM] [JETSON_RX] vision dcx=0 dcy=0
[20:31:27.801] [ARM] [TARGET] vision state=CONFIRM enabled=1 dcx=0 dcy=0 stable=3
[20:31:28.050] [ARM] [JETSON_RX] vision dcx=0 dcy=0
[20:31:28.050] [ARM] [TARGET] vision state=CONFIRM enabled=1 dcx=0 dcy=0 stable=3
[20:31:28.236] [ARM] [JETSON_RX] vision dcx=0 dcy=0
[20:31:28.236] [ARM] [TARGET] vision state=CONFIRM enabled=1 dcx=0 dcy=0 stable=3
[20:31:28.422] [ARM] [JETSON_RX] vision dcx=0 dcy=0
[20:31:28.422] [ARM] [TARGET] vision state=CONFIRM enabled=1 dcx=0 dcy=0 stable=3
[20:31:28.608] [ARM] [JETSON_RX] vision dcx=0 dcy=0
[20:31:28.608] [ARM] [TARGET] vision state=CONFIRM enabled=1 dcx=0 dcy=0 stable=3
[20:31:28.858] [ARM] [JETSON_RX] vision dcx=0 dcy=0
[20:31:28.858] [ARM] [TARGET] vision state=CONFIRM enabled=1 dcx=0 dcy=0 stable=3
[20:31:29.045] [ARM] [JETSON_RX] vision dcx=0 dcy=0
[20:31:29.045] [ARM] [TARGET] vision state=CONFIRM enabled=1 dcx=0 dcy=0 stable=3
[20:31:29.233] [ARM] [JETSON_RX] vision dcx=0 dcy=0
[20:31:29.233] [ARM] [TARGET] vision state=CONFIRM enabled=1 dcx=0 dcy=0 stable=3
[20:31:29.422] [ARM] [JETSON_RX] vision dcx=0 dcy=0
[20:31:29.422] [ARM] [TARGET] vision state=CONFIRM enabled=1 dcx=0 dcy=0 stable=3
[20:31:29.609] [ARM] [JETSON_RX] vision dcx=0 dcy=0
[20:31:29.609] [ARM] [TARGET] vision state=CONFIRM enabled=1 dcx=0 dcy=0 stable=3
[20:31:29.860] [ARM] [JETSON_RX] vision dcx=0 dcy=0
[20:31:29.860] [ARM] [TARGET] vision state=CONFIRM enabled=1 dcx=0 dcy=0 stable=3
[20:31:30.047] [ARM] [JETSON_RX] vision dcx=0 dcy=0
[20:31:30.047] [ARM] [TARGET] vision state=CONFIRM enabled=1 dcx=0 dcy=0 stable=3
[20:31:30.235] [ARM] [JETSON_RX] vision dcx=0 dcy=0
[20:31:30.235] [ARM] [TARGET] vision state=CONFIRM enabled=1 dcx=0 dcy=0 stable=3
[20:31:30.421] [ARM] [JETSON_RX] vision dcx=0 dcy=0
[20:31:30.421] [ARM] [TARGET] vision state=CONFIRM enabled=1 dcx=0 dcy=0 stable=3
[20:31:30.609] [ARM] [JETSON_RX] vision dcx=0 dcy=0
[20:31:30.609] [ARM] [TARGET] vision state=CONFIRM enabled=1 dcx=0 dcy=0 stable=3
[20:31:30.858] [ARM] [JETSON_RX] vision dcx=0 dcy=0
[20:31:30.858] [ARM] [TARGET] vision state=CONFIRM enabled=1 dcx=0 dcy=0 stable=3
[20:31:31.046] [ARM] [JETSON_RX] vision dcx=0 dcy=0
[20:31:31.046] [ARM] [TARGET] vision state=CONFIRM enabled=1 dcx=0 dcy=0 stable=3
[20:31:31.234] [ARM] [JETSON_RX] vision dcx=0 dcy=0
[20:31:31.234] [ARM] [TARGET] vision state=CONFIRM enabled=1 dcx=0 dcy=0 stable=3
[20:31:31.422] [ARM] [JETSON_RX] vision dcx=0 dcy=0
[20:31:31.422] [ARM] [TARGET] vision state=CONFIRM enabled=1 dcx=0 dcy=0 stable=3
[20:31:31.608] [ARM] [JETSON_RX] vision dcx=0 dcy=0
[20:31:31.608] [ARM] [TARGET] vision state=OUTPUT enabled=1 dcx=0 dcy=0 stable=3
[20:31:31.624] [JETSON-RX] CC 03 01 DD
[20:31:31.624] [JETSON-STATUS] OUTPUT_ON func=0x03 value=0x01
[20:31:31.859] [ARM] [JETSON_RX] vision dcx=0 dcy=0
[20:31:31.859] [ARM] [TARGET] vision state=OUTPUT enabled=1 dcx=0 dcy=0 stable=3
[20:31:32.047] [ARM] [JETSON_RX] vision dcx=0 dcy=0
[20:31:32.047] [ARM] [TARGET] vision state=OUTPUT enabled=1 dcx=0 dcy=0 stable=3
[20:31:32.232] [ARM] [JETSON_RX] vision dcx=0 dcy=0
[20:31:32.232] [ARM] [TARGET] vision state=OUTPUT enabled=1 dcx=0 dcy=0 stable=3
[20:31:32.417] [ARM] [JETSON_RX] vision dcx=0 dcy=0
[20:31:32.417] [ARM] [TARGET] vision state=OUTPUT enabled=1 dcx=0 dcy=0 stable=3
[20:31:32.667] [ARM] [JETSON_RX] vision dcx=0 dcy=0
[20:31:32.667] [ARM] [TARGET] vision state=OUTPUT enabled=1 dcx=0 dcy=0 stable=3
[20:31:32.856] [ARM] [JETSON_RX] vision dcx=0 dcy=0
[20:31:32.856] [ARM] [TARGET] vision state=OUTPUT enabled=1 dcx=0 dcy=0 stable=3
[20:31:33.045] [ARM] [JETSON_RX] vision dcx=0 dcy=0
[20:31:33.045] [ARM] [TARGET] vision state=OUTPUT enabled=1 dcx=0 dcy=0 stable=3
[20:31:33.076] [JETSON-RX] CC 03 00 DD
[20:31:33.076] [JETSON-STATUS] OUTPUT_OFF func=0x03 value=0x00
[20:31:33.232] [ARM] [JETSON_RX] vision dcx=0 dcy=0
[20:31:33.232] [ARM] [TARGET] vision state=ALIGN enabled=1 dcx=0 dcy=0 stable=0
[20:31:33.418] [ARM] [JETSON_RX] vision dcx=0 dcy=0
[20:31:33.418] [ARM] [TARGET] vision state=ALIGN enabled=1 dcx=0 dcy=0 stable=1
[20:31:33.668] [JETSON-RX] CC 02 01 DD
[20:31:33.668] [JETSON-STATUS] ALIGN_DONE func=0x02 value=0x01
[20:31:33.668] [ARM] [JETSON_RX] vision dcx=0 dcy=0
[20:31:33.669] [ARM] [TARGET] vision state=ALIGN enabled=1 dcx=0 dcy=0 stable=2
[20:31:33.856] [ARM] [JETSON_RX] vision dcx=0 dcy=0
[20:31:33.856] [ARM] [TARGET] vision state=CONFIRM enabled=1 dcx=0 dcy=0 stable=3
[20:31:34.042] [ARM] [JETSON_RX] vision dcx=0 dcy=0
[20:31:34.042] [ARM] [TARGET] vision state=CONFIRM enabled=1 dcx=0 dcy=0 stable=3
[20:31:34.228] [ARM] [JETSON_RX] vision dcx=0 dcy=0
[20:31:34.228] [ARM] [TARGET] vision state=CONFIRM enabled=1 dcx=0 dcy=0 stable=3
[20:31:34.416] [ARM] [JETSON_RX] vision dcx=0 dcy=0
[20:31:34.416] [ARM] [TARGET] vision state=CONFIRM enabled=1 dcx=0 dcy=0 stable=3
[20:31:34.667] [ARM] [JETSON_RX] vision dcx=0 dcy=0
[20:31:34.667] [ARM] [TARGET] vision state=CONFIRM enabled=1 dcx=0 dcy=0 stable=3
[20:31:34.856] [ARM] [JETSON_RX] vision dcx=0 dcy=0
[20:31:34.856] [ARM] [TARGET] vision state=CONFIRM enabled=1 dcx=0 dcy=0 stable=3
[20:31:35.041] [ARM] [JETSON_RX] vision dcx=0 dcy=0
[20:31:35.041] [ARM] [TARGET] vision state=CONFIRM enabled=1 dcx=0 dcy=0 stable=3
[20:31:35.229] [ARM] [JETSON_RX] vision dcx=0 dcy=0
[20:31:35.229] [ARM] [TARGET] vision state=CONFIRM enabled=1 dcx=0 dcy=0 stable=3
[20:31:35.416] [ARM] [JETSON_RX] vision dcx=0 dcy=0
[20:31:35.416] [ARM] [TARGET] vision state=CONFIRM enabled=1 dcx=0 dcy=0 stable=3
[20:31:35.664] [ARM] [JETSON_RX] vision dcx=0 dcy=0
[20:31:35.664] [ARM] [TARGET] vision state=CONFIRM enabled=1 dcx=0 dcy=0 stable=3
[20:31:35.848] [ARM] [JETSON_RX] vision dcx=0 dcy=0
[20:31:35.848] [ARM] [TARGET] vision state=CONFIRM enabled=1 dcx=0 dcy=0 stable=3
[20:31:36.035] [ARM] [JETSON_RX] vision dcx=0 dcy=0
[20:31:36.035] [ARM] [TARGET] vision state=CONFIRM enabled=1 dcx=0 dcy=0 stable=3
[20:31:36.221] [ARM] [JETSON_RX] vision dcx=0 dcy=0
[20:31:36.221] [ARM] [TARGET] vision state=CONFIRM enabled=1 dcx=0 dcy=0 stable=3
[20:31:36.470] [ARM] [JETSON_RX] vision dcx=0 dcy=0
[20:31:36.470] [ARM] [TARGET] vision state=CONFIRM enabled=1 dcx=0 dcy=0 stable=3
[20:31:36.658] [ARM] [JETSON_RX] vision dcx=0 dcy=0
[20:31:36.658] [ARM] [TARGET] vision state=CONFIRM enabled=1 dcx=0 dcy=0 stable=3
[20:31:36.844] [ARM] [JETSON_RX] vision dcx=0 dcy=0
[20:31:36.844] [ARM] [TARGET] vision state=CONFIRM enabled=1 dcx=0 dcy=0 stable=3
[20:31:37.028] [ARM] [JETSON_RX] vision dcx=0 dcy=0
[20:31:37.028] [ARM] [TARGET] vision state=CONFIRM enabled=1 dcx=0 dcy=0 stable=3
[20:31:37.278] [ARM] [JETSON_RX] vision dcx=0 dcy=0
[20:31:37.278] [ARM] [TARGET] vision state=CONFIRM enabled=1 dcx=0 dcy=0 stable=3
[20:31:37.463] [ARM] [JETSON_RX] vision dcx=0 dcy=0
[20:31:37.463] [ARM] [TARGET] vision state=CONFIRM enabled=1 dcx=0 dcy=0 stable=3
[20:31:37.651] [ARM] [JETSON_RX] vision dcx=0 dcy=0
[20:31:37.651] [ARM] [TARGET] vision state=CONFIRM enabled=1 dcx=0 dcy=0 stable=3
[20:31:37.839] [ARM] [JETSON_RX] vision dcx=0 dcy=0
[20:31:37.839] [ARM] [TARGET] vision state=CONFIRM enabled=1 dcx=0 dcy=0 stable=3
[20:31:38.025] [ARM] [JETSON_RX] vision dcx=0 dcy=0
[20:31:38.025] [ARM] [TARGET] vision state=CONFIRM enabled=1 dcx=0 dcy=0 stable=3
[20:31:38.275] [ARM] [JETSON_RX] vision dcx=0 dcy=0
[20:31:38.275] [ARM] [TARGET] vision state=CONFIRM enabled=1 dcx=0 dcy=0 stable=3
[20:31:38.463] [ARM] [JETSON_RX] vision dcx=0 dcy=0
[20:31:38.463] [ARM] [TARGET] vision state=CONFIRM enabled=1 dcx=0 dcy=0 stable=3
[20:31:38.649] [ARM] [JETSON_RX] vision dcx=0 dcy=0
[20:31:38.649] [ARM] [TARGET] vision state=CONFIRM enabled=1 dcx=0 dcy=0 stable=3
[20:31:38.838] [ARM] [JETSON_RX] vision dcx=0 dcy=0
[20:31:38.838] [ARM] [TARGET] vision state=CONFIRM enabled=1 dcx=0 dcy=0 stable=3
[20:31:39.025] [ARM] [JETSON_RX] vision dcx=0 dcy=0
[20:31:39.025] [ARM] [TARGET] vision state=CONFIRM enabled=1 dcx=0 dcy=0 stable=3
[20:31:39.271] [ARM] [JETSON_RX] vision dcx=0 dcy=0
[20:31:39.271] [ARM] [TARGET] vision state=CONFIRM enabled=1 dcx=0 dcy=0 stable=3
[20:31:39.458] [ARM] [JETSON_RX] vision dcx=0 dcy=0
[20:31:39.458] [ARM] [TARGET] vision state=CONFIRM enabled=1 dcx=0 dcy=0 stable=3
[20:31:39.645] [ARM] [JETSON_RX] vision dcx=0 dcy=0
[20:31:39.645] [ARM] [TARGET] vision state=CONFIRM enabled=1 dcx=0 dcy=0 stable=3
[20:31:39.833] [ARM] [JETSON_RX] vision dcx=0 dcy=0
[20:31:39.833] [ARM] [TARGET] vision state=CONFIRM enabled=1 dcx=0 dcy=0 stable=3
[20:31:40.085] [ARM] [JETSON_RX] vision dcx=0 dcy=0
[20:31:40.085] [ARM] [TARGET] vision state=CONFIRM enabled=1 dcx=0 dcy=0 stable=3
[20:31:40.272] [ARM] [JETSON_RX] vision dcx=0 dcy=0
[20:31:40.272] [ARM] [TARGET] vision state=CONFIRM enabled=1 dcx=0 dcy=0 stable=3
[20:31:40.459] [ARM] [JETSON_RX] vision dcx=0 dcy=0
[20:31:40.459] [ARM] [TARGET] vision state=CONFIRM enabled=1 dcx=0 dcy=0 stable=3
[20:31:40.647] [ARM] [JETSON_RX] vision dcx=0 dcy=0
[20:31:40.647] [ARM] [TARGET] vision state=CONFIRM enabled=1 dcx=0 dcy=0 stable=3
[20:31:40.833] [ARM] [JETSON_RX] vision dcx=0 dcy=0
[20:31:40.833] [ARM] [TARGET] vision state=CONFIRM enabled=1 dcx=0 dcy=0 stable=3
[20:31:41.081] [ARM] [JETSON_RX] vision dcx=0 dcy=0
[20:31:41.081] [ARM] [TARGET] vision state=CONFIRM enabled=1 dcx=0 dcy=0 stable=3
[20:31:41.268] [ARM] [JETSON_RX] vision dcx=0 dcy=0
[20:31:41.268] [ARM] [TARGET] vision state=CONFIRM enabled=1 dcx=0 dcy=0 stable=3
[20:31:41.457] [ARM] [JETSON_RX] vision dcx=0 dcy=0
[20:31:41.457] [ARM] [TARGET] vision state=CONFIRM enabled=1 dcx=0 dcy=0 stable=3
[20:31:41.644] [ARM] [JETSON_RX] vision dcx=0 dcy=0
[20:31:41.645] [ARM] [TARGET] vision state=CONFIRM enabled=1 dcx=0 dcy=0 stable=3
[20:31:41.893] [ARM] [JETSON_RX] vision dcx=0 dcy=0
[20:31:41.893] [ARM] [TARGET] vision state=CONFIRM enabled=1 dcx=0 dcy=0 stable=3
[20:31:42.081] [ARM] [JETSON_RX] vision dcx=0 dcy=0
[20:31:42.081] [ARM] [TARGET] vision state=CONFIRM enabled=1 dcx=0 dcy=0 stable=3
[20:31:42.267] [ARM] [JETSON_RX] vision dcx=0 dcy=0
[20:31:42.267] [ARM] [TARGET] vision state=CONFIRM enabled=1 dcx=0 dcy=0 stable=3
[20:31:42.456] [ARM] [JETSON_RX] vision dcx=0 dcy=0
[20:31:42.456] [ARM] [TARGET] vision state=CONFIRM enabled=1 dcx=0 dcy=0 stable=3
[20:31:42.642] [ARM] [JETSON_RX] vision dcx=0 dcy=0
[20:31:42.642] [ARM] [TARGET] vision state=CONFIRM enabled=1 dcx=0 dcy=0 stable=3
[20:31:42.892] [ARM] [JETSON_RX] vision dcx=0 dcy=0
[20:31:42.892] [ARM] [TARGET] vision state=CONFIRM enabled=1 dcx=0 dcy=0 stable=3
[20:31:43.079] [ARM] [JETSON_RX] vision dcx=0 dcy=0
[20:31:43.079] [ARM] [TARGET] vision state=CONFIRM enabled=1 dcx=0 dcy=0 stable=3
[20:31:43.267] [ARM] [JETSON_RX] vision dcx=0 dcy=0
[20:31:43.267] [ARM] [TARGET] vision state=CONFIRM enabled=1 dcx=0 dcy=0 stable=3
[20:31:43.453] [ARM] [JETSON_RX] vision dcx=0 dcy=0
[20:31:43.453] [ARM] [TARGET] vision state=CONFIRM enabled=1 dcx=0 dcy=0 stable=3
[20:31:43.639] [ARM] [JETSON_RX] vision dcx=0 dcy=0
[20:31:43.639] [ARM] [TARGET] vision state=CONFIRM enabled=1 dcx=0 dcy=0 stable=3
[20:31:43.887] [ARM] [JETSON_RX] vision dcx=0 dcy=0
[20:31:43.887] [ARM] [TARGET] vision state=CONFIRM enabled=1 dcx=0 dcy=0 stable=3
[20:31:44.072] [ARM] [JETSON_RX] vision dcx=0 dcy=0
[20:31:44.072] [ARM] [TARGET] vision state=CONFIRM enabled=1 dcx=0 dcy=0 stable=3
[20:31:44.694] [ARM] [JETSON_RX] vision dcx=0 dcy=0
[20:31:44.694] [ARM] [TARGET] vision state=RECOVER enabled=1 dcx=0 dcy=0 stable=3
[20:31:44.879] [ARM] [JETSON_RX] vision dcx=0 dcy=0
[20:31:44.879] [ARM] [TARGET] vision state=ALIGN enabled=1 dcx=0 dcy=0 stable=0
[20:31:45.066] [ARM] [JETSON_RX] vision dcx=0 dcy=0
[20:31:45.066] [ARM] [TARGET] vision state=ALIGN enabled=1 dcx=0 dcy=0 stable=1
[20:31:45.251] [ARM] [JETSON_RX] vision dcx=0 dcy=0
[20:31:45.251] [ARM] [TARGET] vision state=ALIGN enabled=1 dcx=0 dcy=0 stable=2
[20:31:45.298] [JETSON-RX] CC 02 01 DD
[20:31:45.298] [JETSON-STATUS] ALIGN_DONE func=0x02 value=0x01
[20:31:45.501] [ARM] [JETSON_RX] vision dcx=0 dcy=0
[20:31:45.501] [ARM] [TARGET] vision state=CONFIRM enabled=1 dcx=0 dcy=0 stable=3
[20:31:45.688] [ARM] [JETSON_RX] vision dcx=0 dcy=0
[20:31:45.688] [ARM] [TARGET] vision state=CONFIRM enabled=1 dcx=0 dcy=0 stable=3
[20:31:45.874] [ARM] [JETSON_RX] vision dcx=0 dcy=0
[20:31:45.874] [ARM] [TARGET] vision state=CONFIRM enabled=1 dcx=0 dcy=0 stable=3
[20:31:46.059] [ARM] [JETSON_RX] vision dcx=0 dcy=0
[20:31:46.059] [ARM] [TARGET] vision state=CONFIRM enabled=1 dcx=0 dcy=0 stable=3
[20:31:46.304] [ARM] [JETSON_RX] vision dcx=0 dcy=0
[20:31:46.304] [ARM] [TARGET] vision state=CONFIRM enabled=1 dcx=0 dcy=0 stable=3
[20:31:46.489] [ARM] [JETSON_RX] vision dcx=0 dcy=0
[20:31:46.489] [ARM] [TARGET] vision state=CONFIRM enabled=1 dcx=0 dcy=0 stable=3
[20:31:46.673] [ARM] [JETSON_RX] vision dcx=0 dcy=0
[20:31:46.673] [ARM] [TARGET] vision state=CONFIRM enabled=1 dcx=0 dcy=0 stable=3
[20:31:46.856] [ARM] [JETSON_RX] vision dcx=0 dcy=0
[20:31:46.856] [ARM] [TARGET] vision state=CONFIRM enabled=1 dcx=0 dcy=0 stable=3
[20:31:47.102] [ARM] [JETSON_RX] vision dcx=0 dcy=0
[20:31:47.103] [ARM] [TARGET] vision state=CONFIRM enabled=1 dcx=0 dcy=0 stable=3
[20:31:47.285] [ARM] [JETSON_RX] vision dcx=0 dcy=0
[20:31:47.286] [ARM] [TARGET] vision state=CONFIRM enabled=1 dcx=0 dcy=0 stable=3
[20:31:47.471] [ARM] [JETSON_RX] vision dcx=0 dcy=0
[20:31:47.471] [ARM] [TARGET] vision state=CONFIRM enabled=1 dcx=0 dcy=0 stable=3
[20:31:47.656] [ARM] [JETSON_RX] vision dcx=0 dcy=0
[20:31:47.656] [ARM] [TARGET] vision state=CONFIRM enabled=1 dcx=0 dcy=0 stable=3
[20:31:47.902] [ARM] [JETSON_RX] vision dcx=0 dcy=0
[20:31:47.902] [ARM] [TARGET] vision state=CONFIRM enabled=1 dcx=0 dcy=0 stable=3
[20:31:48.084] [ARM] [JETSON_RX] vision dcx=0 dcy=0
[20:31:48.084] [ARM] [TARGET] vision state=CONFIRM enabled=1 dcx=0 dcy=0 stable=3
[20:31:48.270] [ARM] [JETSON_RX] vision dcx=0 dcy=0
[20:31:48.270] [ARM] [TARGET] vision state=CONFIRM enabled=1 dcx=0 dcy=0 stable=3
[20:31:48.454] [ARM] [JETSON_RX] vision dcx=0 dcy=0
[20:31:48.454] [ARM] [TARGET] vision state=CONFIRM enabled=1 dcx=0 dcy=0 stable=3
[20:31:48.702] [ARM] [JETSON_RX] vision dcx=0 dcy=0
[20:31:48.702] [ARM] [TARGET] vision state=CONFIRM enabled=1 dcx=0 dcy=0 stable=3
[20:31:48.889] [ARM] [JETSON_RX] vision dcx=0 dcy=0
[20:31:48.889] [ARM] [TARGET] vision state=CONFIRM enabled=1 dcx=0 dcy=0 stable=3
[20:31:49.075] [ARM] [JETSON_RX] vision dcx=0 dcy=0
[20:31:49.075] [ARM] [TARGET] vision state=CONFIRM enabled=1 dcx=0 dcy=0 stable=3
[20:31:49.258] [ARM] [JETSON_RX] vision dcx=0 dcy=0
[20:31:49.258] [ARM] [TARGET] vision state=CONFIRM enabled=1 dcx=0 dcy=0 stable=3
[20:31:49.506] [ARM] [JETSON_RX] vision dcx=0 dcy=0
[20:31:49.506] [ARM] [TARGET] vision state=CONFIRM enabled=1 dcx=0 dcy=0 stable=3
[20:31:49.693] [ARM] [JETSON_RX] vision dcx=0 dcy=0
[20:31:49.693] [ARM] [TARGET] vision state=CONFIRM enabled=1 dcx=0 dcy=0 stable=3
[20:31:49.881] [ARM] [JETSON_RX] vision dcx=0 dcy=0
[20:31:49.881] [ARM] [TARGET] vision state=CONFIRM enabled=1 dcx=0 dcy=0 stable=3
[20:31:50.067] [ARM] [JETSON_RX] vision dcx=0 dcy=0
[20:31:50.067] [ARM] [TARGET] vision state=CONFIRM enabled=1 dcx=0 dcy=0 stable=3
[20:31:50.315] [ARM] [JETSON_RX] vision dcx=0 dcy=0
[20:31:50.315] [ARM] [TARGET] vision state=CONFIRM enabled=1 dcx=0 dcy=0 stable=3
[20:31:50.503] [ARM] [JETSON_RX] vision dcx=0 dcy=0
[20:31:50.503] [ARM] [TARGET] vision state=CONFIRM enabled=1 dcx=0 dcy=0 stable=3
[20:31:50.691] [ARM] [JETSON_RX] vision dcx=0 dcy=0
[20:31:50.691] [ARM] [TARGET] vision state=CONFIRM enabled=1 dcx=0 dcy=0 stable=3
[20:31:50.876] [ARM] [JETSON_RX] vision dcx=0 dcy=0
[20:31:50.876] [ARM] [TARGET] vision state=CONFIRM enabled=1 dcx=0 dcy=0 stable=3
[20:31:51.065] [ARM] [JETSON_RX] vision dcx=0 dcy=0
[20:31:51.065] [ARM] [TARGET] vision state=CONFIRM enabled=1 dcx=0 dcy=0 stable=3
[20:31:51.313] [ARM] [JETSON_RX] vision dcx=0 dcy=0
[20:31:51.313] [ARM] [TARGET] vision state=CONFIRM enabled=1 dcx=0 dcy=0 stable=3
[20:31:51.499] [ARM] [JETSON_RX] vision dcx=0 dcy=0
[20:31:51.499] [ARM] [TARGET] vision state=CONFIRM enabled=1 dcx=0 dcy=0 stable=3
[20:31:51.687] [ARM] [JETSON_RX] vision dcx=0 dcy=0
[20:31:51.687] [ARM] [TARGET] vision state=CONFIRM enabled=1 dcx=0 dcy=0 stable=3
[20:31:51.873] [ARM] [JETSON_RX] vision dcx=0 dcy=0
[20:31:51.874] [ARM] [TARGET] vision state=CONFIRM enabled=1 dcx=0 dcy=0 stable=3
[20:31:52.059] [ARM] [JETSON_RX] vision dcx=0 dcy=0
[20:31:52.059] [ARM] [TARGET] vision state=CONFIRM enabled=1 dcx=0 dcy=0 stable=3
[20:31:52.307] [ARM] [JETSON_RX] vision dcx=0 dcy=0
[20:31:52.307] [ARM] [TARGET] vision state=CONFIRM enabled=1 dcx=0 dcy=0 stable=3
[20:31:52.493] [ARM] [JETSON_RX] vision dcx=0 dcy=0
[20:31:52.493] [ARM] [TARGET] vision state=CONFIRM enabled=1 dcx=0 dcy=0 stable=3
[20:31:52.680] [ARM] [JETSON_RX] vision dcx=0 dcy=0
[20:31:52.680] [ARM] [TARGET] vision state=CONFIRM enabled=1 dcx=0 dcy=0 stable=3
[20:31:52.869] [ARM] [JETSON_RX] vision dcx=0 dcy=0
[20:31:52.869] [ARM] [TARGET] vision state=CONFIRM enabled=1 dcx=0 dcy=0 stable=3
[20:31:53.119] [ARM] [JETSON_RX] vision dcx=0 dcy=0
[20:31:53.119] [ARM] [TARGET] vision state=CONFIRM enabled=1 dcx=0 dcy=0 stable=3
[20:31:53.309] [ARM] [JETSON_RX] vision dcx=0 dcy=0
[20:31:53.309] [ARM] [TARGET] vision state=CONFIRM enabled=1 dcx=0 dcy=0 stable=3
[20:31:53.499] [ARM] [JETSON_RX] vision dcx=0 dcy=0
[20:31:53.499] [ARM] [TARGET] vision state=CONFIRM enabled=1 dcx=0 dcy=0 stable=3
[20:31:53.685] [ARM] [JETSON_RX] vision dcx=0 dcy=0
[20:31:53.685] [ARM] [TARGET] vision state=CONFIRM enabled=1 dcx=0 dcy=0 stable=3
[20:31:53.870] [ARM] [JETSON_RX] vision dcx=0 dcy=0
[20:31:53.870] [ARM] [TARGET] vision state=CONFIRM enabled=1 dcx=0 dcy=0 stable=3
[20:31:54.119] [ARM] [JETSON_RX] vision dcx=0 dcy=0
[20:31:54.119] [ARM] [TARGET] vision state=CONFIRM enabled=1 dcx=0 dcy=0 stable=3
[20:31:54.308] [ARM] [JETSON_RX] vision dcx=0 dcy=0
[20:31:54.308] [ARM] [TARGET] vision state=CONFIRM enabled=1 dcx=0 dcy=0 stable=3
[20:31:54.494] [ARM] [JETSON_RX] vision dcx=0 dcy=0
[20:31:54.494] [ARM] [TARGET] vision state=CONFIRM enabled=1 dcx=0 dcy=0 stable=3
[20:31:54.681] [ARM] [JETSON_RX] vision dcx=0 dcy=0
[20:31:54.681] [ARM] [TARGET] vision state=CONFIRM enabled=1 dcx=0 dcy=0 stable=3
[20:31:54.926] [ARM] [JETSON_RX] vision dcx=0 dcy=0
[20:31:54.926] [ARM] [TARGET] vision state=CONFIRM enabled=1 dcx=0 dcy=0 stable=3
[20:31:55.111] [ARM] [JETSON_RX] vision dcx=0 dcy=0
[20:31:55.111] [ARM] [TARGET] vision state=CONFIRM enabled=1 dcx=0 dcy=0 stable=3
[20:31:55.301] [ARM] [JETSON_RX] vision dcx=0 dcy=0
[20:31:55.301] [ARM] [TARGET] vision state=CONFIRM enabled=1 dcx=0 dcy=0 stable=3
[20:31:55.490] [ARM] [JETSON_RX] vision dcx=0 dcy=0
[20:31:55.490] [ARM] [TARGET] vision state=CONFIRM enabled=1 dcx=0 dcy=0 stable=3
[20:31:55.675] [ARM] [JETSON_RX] vision dcx=0 dcy=0
[20:31:55.675] [ARM] [TARGET] vision state=CONFIRM enabled=1 dcx=0 dcy=0 stable=3
[20:31:55.925] [ARM] [JETSON_RX] vision dcx=0 dcy=0
[20:31:55.925] [ARM] [TARGET] vision state=CONFIRM enabled=1 dcx=0 dcy=0 stable=3
[20:31:56.112] [ARM] [JETSON_RX] vision dcx=0 dcy=0
[20:31:56.112] [ARM] [TARGET] vision state=CONFIRM enabled=1 dcx=0 dcy=0 stable=3
[20:31:56.298] [ARM] [JETSON_RX] vision dcx=0 dcy=0
[20:31:56.298] [ARM] [TARGET] vision state=CONFIRM enabled=1 dcx=0 dcy=0 stable=3
[20:31:56.485] [ARM] [JETSON_RX] vision dcx=0 dcy=0
[20:31:56.485] [ARM] [TARGET] vision state=CONFIRM enabled=1 dcx=0 dcy=0 stable=3
[20:31:56.734] [ARM] [JETSON_RX] vision dcx=0 dcy=0
[20:31:56.734] [ARM] [TARGET] vision state=CONFIRM enabled=1 dcx=0 dcy=0 stable=3
[20:31:56.921] [ARM] [JETSON_RX] vision dcx=0 dcy=0
[20:31:56.921] [ARM] [TARGET] vision state=CONFIRM enabled=1 dcx=0 dcy=0 stable=3
[20:31:57.111] [ARM] [JETSON_RX] vision dcx=0 dcy=0
[20:31:57.111] [ARM] [TARGET] vision state=CONFIRM enabled=1 dcx=0 dcy=0 stable=3
[20:31:57.297] [ARM] [JETSON_RX] vision dcx=0 dcy=0
[20:31:57.297] [ARM] [TARGET] vision state=CONFIRM enabled=1 dcx=0 dcy=0 stable=3
[20:31:57.485] [ARM] [JETSON_RX] vision dcx=0 dcy=0
[20:31:57.485] [ARM] [TARGET] vision state=CONFIRM enabled=1 dcx=0 dcy=0 stable=3
[20:31:57.674] [ARM] [JETSON_RX] vision dcx=0 dcy=0
[20:31:57.674] [ARM] [TARGET] vision state=CONFIRM enabled=1 dcx=0 dcy=0 stable=3
[20:31:57.922] [ARM] [JETSON_RX] vision dcx=0 dcy=0
[20:31:57.922] [ARM] [TARGET] vision state=CONFIRM enabled=1 dcx=0 dcy=0 stable=3
[20:31:58.108] [ARM] [JETSON_RX] vision dcx=0 dcy=0
[20:31:58.108] [ARM] [TARGET] vision state=CONFIRM enabled=1 dcx=0 dcy=0 stable=3
[20:31:58.296] [ARM] [JETSON_RX] vision dcx=0 dcy=0
[20:31:58.296] [ARM] [TARGET] vision state=CONFIRM enabled=1 dcx=0 dcy=0 stable=3
[20:31:58.484] [ARM] [JETSON_RX] vision dcx=0 dcy=0
[20:31:58.484] [ARM] [TARGET] vision state=CONFIRM enabled=1 dcx=0 dcy=0 stable=3
[20:31:58.734] [ARM] [JETSON_RX] vision dcx=0 dcy=0
[20:31:58.734] [ARM] [TARGET] vision state=CONFIRM enabled=1 dcx=0 dcy=0 stable=3
[20:31:58.923] [ARM] [JETSON_RX] vision dcx=0 dcy=0
[20:31:58.923] [ARM] [TARGET] vision state=CONFIRM enabled=1 dcx=0 dcy=0 stable=3
[20:31:59.112] [ARM] [JETSON_RX] vision dcx=0 dcy=0
[20:31:59.112] [ARM] [TARGET] vision state=CONFIRM enabled=1 dcx=0 dcy=0 stable=3
[20:31:59.298] [ARM] [JETSON_RX] vision dcx=0 dcy=0
[20:31:59.298] [ARM] [TARGET] vision state=CONFIRM enabled=1 dcx=0 dcy=0 stable=3
[20:31:59.545] [ARM] [JETSON_RX] vision dcx=0 dcy=0
[20:31:59.545] [ARM] [TARGET] vision state=CONFIRM enabled=1 dcx=0 dcy=0 stable=3
[20:31:59.734] [ARM] [JETSON_RX] vision dcx=0 dcy=0
[20:31:59.734] [ARM] [TARGET] vision state=CONFIRM enabled=1 dcx=0 dcy=0 stable=3
[20:31:59.922] [ARM] [JETSON_RX] vision dcx=0 dcy=0
[20:31:59.922] [ARM] [TARGET] vision state=CONFIRM enabled=1 dcx=0 dcy=0 stable=3
[20:32:00.110] [ARM] [JETSON_RX] vision dcx=0 dcy=0
[20:32:00.110] [ARM] [TARGET] vision state=CONFIRM enabled=1 dcx=0 dcy=0 stable=3
[20:32:00.298] [ARM] [JETSON_RX] vision dcx=0 dcy=0
[20:32:00.298] [ARM] [TARGET] vision state=CONFIRM enabled=1 dcx=0 dcy=0 stable=3
[20:32:00.485] [ARM] [JETSON_RX] vision dcx=0 dcy=0
[20:32:00.485] [ARM] [TARGET] vision state=CONFIRM enabled=1 dcx=0 dcy=0 stable=3
[20:32:00.735] [ARM] [JETSON_RX] vision dcx=0 dcy=0
[20:32:00.736] [ARM] [TARGET] vision state=CONFIRM enabled=1 dcx=0 dcy=0 stable=3
[20:32:00.922] [ARM] [JETSON_RX] vision dcx=0 dcy=0
[20:32:00.922] [ARM] [TARGET] vision state=CONFIRM enabled=1 dcx=0 dcy=0 stable=3
[20:32:01.106] [ARM] [JETSON_RX] vision dcx=0 dcy=0
[20:32:01.106] [ARM] [TARGET] vision state=CONFIRM enabled=1 dcx=0 dcy=0 stable=3
[20:32:01.293] [ARM] [JETSON_RX] vision dcx=0 dcy=0
[20:32:01.293] [ARM] [TARGET] vision state=CONFIRM enabled=1 dcx=0 dcy=0 stable=3
[20:32:01.541] [ARM] [JETSON_RX] vision dcx=0 dcy=0
[20:32:01.541] [ARM] [TARGET] vision state=CONFIRM enabled=1 dcx=0 dcy=0 stable=3
[20:32:01.728] [ARM] [JETSON_RX] vision dcx=0 dcy=0
[20:32:01.728] [ARM] [TARGET] vision state=CONFIRM enabled=1 dcx=0 dcy=0 stable=3
[20:32:01.915] [ARM] [JETSON_RX] vision dcx=0 dcy=0
[20:32:01.915] [ARM] [TARGET] vision state=CONFIRM enabled=1 dcx=0 dcy=0 stable=3
[20:32:02.103] [ARM] [JETSON_RX] vision dcx=0 dcy=0
[20:32:02.103] [ARM] [TARGET] vision state=CONFIRM enabled=1 dcx=0 dcy=0 stable=3
[20:32:02.289] [ARM] [JETSON_RX] vision dcx=0 dcy=0
[20:32:02.289] [ARM] [TARGET] vision state=CONFIRM enabled=1 dcx=0 dcy=0 stable=3
[20:32:02.540] [ARM] [JETSON_RX] vision dcx=0 dcy=0
[20:32:02.540] [ARM] [TARGET] vision state=CONFIRM enabled=1 dcx=0 dcy=0 stable=3
[20:32:02.729] [ARM] [JETSON_RX] vision dcx=0 dcy=0
[20:32:02.729] [ARM] [TARGET] vision state=CONFIRM enabled=1 dcx=0 dcy=0 stable=3
[20:32:02.916] [ARM] [JETSON_RX] vision dcx=0 dcy=0
[20:32:02.916] [ARM] [TARGET] vision state=CONFIRM enabled=1 dcx=0 dcy=0 stable=3
[20:32:03.105] [ARM] [JETSON_RX] vision dcx=0 dcy=0
[20:32:03.105] [ARM] [TARGET] vision state=CONFIRM enabled=1 dcx=0 dcy=0 stable=3
[20:32:03.292] [ARM] [JETSON_RX] vision dcx=0 dcy=0
[20:32:03.292] [ARM] [TARGET] vision state=CONFIRM enabled=1 dcx=0 dcy=0 stable=3
[20:32:03.543] [ARM] [JETSON_RX] vision dcx=0 dcy=0
[20:32:03.543] [ARM] [TARGET] vision state=CONFIRM enabled=1 dcx=0 dcy=0 stable=3
[20:32:03.731] [ARM] [JETSON_RX] vision dcx=0 dcy=0
[20:32:03.731] [ARM] [TARGET] vision state=CONFIRM enabled=1 dcx=0 dcy=0 stable=3
[20:32:03.915] [ARM] [JETSON_RX] vision dcx=0 dcy=0
[20:32:03.915] [ARM] [TARGET] vision state=CONFIRM enabled=1 dcx=0 dcy=0 stable=3
[20:32:04.105] [ARM] [JETSON_RX] vision dcx=0 dcy=0
[20:32:04.105] [ARM] [TARGET] vision state=CONFIRM enabled=1 dcx=0 dcy=0 stable=3
[20:32:04.354] [ARM] [JETSON_RX] vision dcx=0 dcy=0
[20:32:04.354] [ARM] [TARGET] vision state=CONFIRM enabled=1 dcx=0 dcy=0 stable=3
[20:32:04.539] [ARM] [JETSON_RX] vision dcx=0 dcy=0
[20:32:04.539] [ARM] [TARGET] vision state=CONFIRM enabled=1 dcx=0 dcy=0 stable=3
[20:32:04.729] [ARM] [JETSON_RX] vision dcx=0 dcy=0
[20:32:04.729] [ARM] [TARGET] vision state=CONFIRM enabled=1 dcx=0 dcy=0 stable=3
[20:32:04.916] [ARM] [JETSON_RX] vision dcx=0 dcy=0
[20:32:04.916] [ARM] [TARGET] vision state=CONFIRM enabled=1 dcx=0 dcy=0 stable=3
[20:32:05.104] [ARM] [JETSON_RX] vision dcx=0 dcy=0
[20:32:05.104] [ARM] [TARGET] vision state=CONFIRM enabled=1 dcx=0 dcy=0 stable=3
[20:32:05.353] [ARM] [JETSON_RX] vision dcx=0 dcy=0
[20:32:05.353] [ARM] [TARGET] vision state=CONFIRM enabled=1 dcx=0 dcy=0 stable=3
[20:32:05.540] [ARM] [JETSON_RX] vision dcx=0 dcy=0
[20:32:05.540] [ARM] [TARGET] vision state=CONFIRM enabled=1 dcx=0 dcy=0 stable=3
[20:32:05.729] [ARM] [JETSON_RX] vision dcx=0 dcy=0
[20:32:05.729] [ARM] [TARGET] vision state=CONFIRM enabled=1 dcx=0 dcy=0 stable=3
[20:32:05.915] [ARM] [JETSON_RX] vision dcx=0 dcy=0
[20:32:05.915] [ARM] [TARGET] vision state=CONFIRM enabled=1 dcx=0 dcy=0 stable=3
[20:32:06.102] [ARM] [JETSON_RX] vision dcx=0 dcy=0
[20:32:06.102] [ARM] [TARGET] vision state=CONFIRM enabled=1 dcx=0 dcy=0 stable=3
[20:32:06.351] [ARM] [JETSON_RX] vision dcx=0 dcy=0
[20:32:06.352] [ARM] [TARGET] vision state=CONFIRM enabled=1 dcx=0 dcy=0 stable=3
[20:32:06.538] [ARM] [JETSON_RX] vision dcx=0 dcy=0
[20:32:06.538] [ARM] [TARGET] vision state=CONFIRM enabled=1 dcx=0 dcy=0 stable=3
[20:32:06.725] [ARM] [JETSON_RX] vision dcx=0 dcy=0
[20:32:06.725] [ARM] [TARGET] vision state=CONFIRM enabled=1 dcx=0 dcy=0 stable=3
[20:32:06.914] [ARM] [JETSON_RX] vision dcx=0 dcy=0
[20:32:06.914] [ARM] [TARGET] vision state=CONFIRM enabled=1 dcx=0 dcy=0 stable=3
[20:32:07.538] [ARM] [JETSON_RX] vision dcx=0 dcy=0
[20:32:07.538] [ARM] [TARGET] vision state=RECOVER enabled=1 dcx=0 dcy=0 stable=3
[20:32:07.725] [ARM] [JETSON_RX] vision dcx=0 dcy=0
[20:32:07.725] [ARM] [TARGET] vision state=ALIGN enabled=1 dcx=0 dcy=0 stable=0
[20:32:07.910] [ARM] [JETSON_RX] vision dcx=0 dcy=0
[20:32:07.910] [ARM] [TARGET] vision state=ALIGN enabled=1 dcx=0 dcy=0 stable=1
[20:32:08.164] [JETSON-RX] CC 02 01 DD
[20:32:08.164] [ARM] [JETSON_RX] vision dcx=0 dcy=0
[20:32:08.164] [JETSON-STATUS] ALIGN_DONE func=0x02 value=0x01
[20:32:08.164] [ARM] [TARGET] vision state=ALIGN enabled=1 dcx=0 dcy=0 stable=2
[20:32:08.350] [ARM] [JETSON_RX] vision dcx=0 dcy=0
[20:32:08.350] [ARM] [TARGET] vision state=CONFIRM enabled=1 dcx=0 dcy=0 stable=3
[20:32:08.538] [ARM] [JETSON_RX] vision dcx=0 dcy=0
[20:32:08.538] [ARM] [TARGET] vision state=CONFIRM enabled=1 dcx=0 dcy=0 stable=3
[20:32:08.722] [ARM] [JETSON_RX] vision dcx=0 dcy=0
[20:32:08.722] [ARM] [TARGET] vision state=CONFIRM enabled=1 dcx=0 dcy=0 stable=3
[20:32:08.973] [ARM] [JETSON_RX] vision dcx=0 dcy=0
[20:32:08.973] [ARM] [TARGET] vision state=CONFIRM enabled=1 dcx=0 dcy=0 stable=3
[20:32:09.159] [ARM] [JETSON_RX] vision dcx=0 dcy=0
[20:32:09.159] [ARM] [TARGET] vision state=CONFIRM enabled=1 dcx=0 dcy=0 stable=3
[20:32:09.346] [ARM] [JETSON_RX] vision dcx=0 dcy=0
[20:32:09.346] [ARM] [TARGET] vision state=CONFIRM enabled=1 dcx=0 dcy=0 stable=3
[20:32:09.531] [ARM] [JETSON_RX] vision dcx=0 dcy=0
[20:32:09.531] [ARM] [TARGET] vision state=CONFIRM enabled=1 dcx=0 dcy=0 stable=3
[20:32:09.717] [ARM] [JETSON_RX] vision dcx=0 dcy=0
[20:32:09.717] [ARM] [TARGET] vision state=CONFIRM enabled=1 dcx=0 dcy=0 stable=3
[20:32:09.904] [ARM] [JETSON_RX] vision dcx=0 dcy=0
[20:32:09.904] [ARM] [TARGET] vision state=CONFIRM enabled=1 dcx=0 dcy=0 stable=3
[20:32:10.153] [ARM] [JETSON_RX] vision dcx=0 dcy=0
[20:32:10.153] [ARM] [TARGET] vision state=CONFIRM enabled=1 dcx=0 dcy=0 stable=3
[20:32:10.342] [ARM] [JETSON_RX] vision dcx=0 dcy=0
[20:32:10.342] [ARM] [TARGET] vision state=CONFIRM enabled=1 dcx=0 dcy=0 stable=3
[20:32:10.529] [ARM] [JETSON_RX] vision dcx=0 dcy=0
[20:32:10.529] [ARM] [TARGET] vision state=CONFIRM enabled=1 dcx=0 dcy=0 stable=3
[20:32:10.774] [ARM] [JETSON_RX] vision dcx=0 dcy=0
[20:32:10.774] [ARM] [TARGET] vision state=CONFIRM enabled=1 dcx=0 dcy=0 stable=3
[20:32:10.926] [ABORT] keyboard interrupt.
[20:32:10.926] [JETSON-TX] vision sender disabled after 258 frames.
[20:32:10.927] [JETSON-TX] TARGET_CTRL STOP: AA 01 00 BB
[20:32:10.927] [ARM-TX] laser_off
[20:32:10.927] [STEP] cleanup soft_reset to HOME...
[20:32:10.927] [ARM-TX] soft_reset
[20:32:10.947] [ARM] [JETSON_RX] vision dcx=0 dcy=0
[20:32:10.947] [ARM] [TARGET] vision state=CONFIRM enabled=1 dcx=0 dcy=0 stable=3
[20:32:10.947] [ARM] Found handler for 'laser_off', executing...
[20:32:10.947] [ARM] laser_off
[20:32:10.947] [ARM] Found handler for 'soft_reset', executing...
[20:32:10.947] [ARM] ROBOT_SOFT_RESET_EVENT
[20:32:10.947] [ARM] --- Starting soft reset ---
[20:32:11.009] [JETSON-RX] CC 04 00 DD
[20:32:11.009] [ARM] [JETSON_RX] target_ctrl=0
[20:32:11.009] [JETSON-STATUS] TARGET_CTRL_OFF func=0x04 value=0x00
[20:32:11.194] [ARM] Soft reset motors enabled (J1~J5, J6 skipped).
[20:32:11.194] [ARM] Soft resetting joint 4...
[20:32:11.194] [ARM] robot_update_current_angle 4...
[20:32:11.194] [ARM] [4] current:90.84, target:90.00, dir:-1
[20:32:11.319] [ARM] Soft resetting joint 3...
[20:32:11.382] [ARM] robot_update_current_angle 3...
[20:32:11.382] [ARM] [3] current:-5.40, target:0.00, dir:1
[20:32:12.255] [ARM] Soft resetting joint 1...
[20:32:12.317] [ARM] robot_update_current_angle 1...
[20:32:12.317] [ARM] [1] current:108.95, target:90.00, dir:-1
[20:32:13.936] [ARM] soft reset joint 1 settle timeout, keep going
[20:32:13.936] [ARM] Soft resetting joint 2...
[20:32:13.936] [ARM] robot_update_current_angle 2...
[20:32:13.936] [ARM] [2] current:-73.39, target:-90.00, dir:-1
[20:32:15.555] [ARM] soft reset joint 2 settle timeout, keep going
[20:32:15.555] [ARM] Soft resetting joint 0...
[20:32:15.555] [ARM] robot_update_current_angle 0...
[20:32:15.555] [ARM] [0] current:94.95, target:90.00, dir:-1
[20:32:16.489] [ARM] soft reset final verify PASS (issues:2), pose set HOME.
[20:32:16.489] [DONE] cleanup soft_reset PASS; robot returned HOME.
[20:32:16.694] [INFO] ports closed.
