[17:59:40.111] [INFO] log file: E:\Renesas\RA6M5-Robot\Robot_FreeRTOS - Arm\DEBUG\target_state_demo_20260703_175940.log
[17:59:40.112] [INFO] ARM=COM7 JETSON=COM14 baud=115200
[17:59:40.112] [INFO] start frame: AA 01 01 BB
[17:59:40.112] [INFO] stop frame: AA 01 00 BB
[17:59:40.112] [INFO] vision sequence: (9,-10)/2.0s -> (4,-6)/1.0s -> (0,0)/0.0s
[17:59:40.617] [JETSON-TX] TARGET_CTRL STOP: AA 01 00 BB
[17:59:40.673] [ARM] Horco CMSIS-DAP V2
[17:59:40.673] [ARM] Ver: Release 0.2
[17:59:40.673] [ARM] The DAPLink is an open sou[JETSON_RX] target_ctrl=0
[17:59:40.689] [JETSON-RX] CC 04 00 DD
[17:59:40.689] [JETSON-STATUS] TARGET_CTRL_OFF func=0x04 value=0x00
[17:59:40.890] [ARM-TX] laser_off
[17:59:40.924] [ARM] Found handler for 'laser_off', executing...
[17:59:40.924] [ARM] laser_off
[17:59:41.092] [ARM-TX] soft_reset
[17:59:41.363] [ARM] Found handler for 'soft_reset', executing...
[17:59:41.363] [ARM] ROBOT_SOFT_RESET_EVSoft reset motors enabled (J1~J5, J6 skipped).
[17:59:41.363] [ARM] Soft resetting joint 4...
[17:59:41.363] [ARM] robot_update_current_angle 4...
[17:59:41.363] [ARM] [4] current:90.00, target:90.00, dir:1
[17:59:41.488] [ARM] Soft resetting joint 3...
[17:59:41.488] [ARM] robot_update_current_angle 3...
[17:59:41.488] [ARM] [3] current:-0.00, target:0.00, dir:1
[17:59:41.613] [ARM] Soft resetting joint 1...
[17:59:41.674] [ARM] robot_update_current_angle 1...
[17:59:41.674] [ARM] [1] current:90.00, target:90.00, dir:1
[17:59:41.798] [ARM] Soft resetting joint 2...
[17:59:41.798] [ARM] robot_update_current_angle 2...
[17:59:41.798] [ARM] [2] current:-90.00, target:-90.00, dir:-1
[17:59:55.591] [ABORT] keyboard interrupt.
[17:59:55.591] [JETSON-TX] TARGET_CTRL STOP: AA 01 00 BB
[17:59:55.591] [ARM-TX] laser_off
[17:59:55.591] [STEP] cleanup soft_reset to HOME...
[17:59:55.591] [ARM-TX] soft_reset
[17:59:55.623] [ARM] [JETSON_RX] target_ctrl=0
[17:59:55.623] [ARM] Found handler for 'laser_off', executing...
[17:59:55.623] [ARM] laser_off
[17:59:55.623] [ARM] Found handler for 'soft_reset', executing...
[17:59:55.623] [ARM] ROBOT_SOFT_RESET_EVENT
[17:59:55.623] [ARM] --- Starting soft reset ---
[17:59:55.654] [JETSON-RX] CC 04 00 DD
[17:59:55.654] [JETSON-STATUS] TARGET_CTRL_OFF func=0x04 value=0x00
[17:59:55.874] [ARM] Soft reset motors enabled (J1~J5, J6 skipped).
[17:59:55.874] [ARM] Soft resetting joint 4...
[17:59:55.874] [ARM] robot_update_current_angle 4...
[17:59:55.874] [ARM] [4] current:90.00, target:90.00, dir:1
[17:59:55.998] [ARM] Soft resetting joint 3...
[17:59:55.998] [ARM] robot_update_current_angle 3...
[17:59:55.998] [ARM] [3] current:-0.00, target:0.00, dir:1
[17:59:56.124] [ARM] Soft resetting joint 1...
[17:59:56.185] [ARM] robot_update_current_angle 1...
[17:59:56.185] [ARM] [1] current:90.00, target:90.00, dir:1
[17:59:56.311] [ARM] Soft resetting joint 2...
[17:59:56.311] [ARM] robot_update_current_angle 2...
[17:59:56.311] [ARM] [2] current:-90.00, target:-90.00, dir:-1
[17:59:56.433] [ARM] Soft resetting joint 0...
[17:59:56.495] [ARM] robot_update_current_angle 0...
[17:59:56.495] [ARM] [0] current:90.00, target:90.00, dir:1
[17:59:56.684] [ARM] soft reset final verify PASS (issues:0), pose set HOME.
[17:59:56.684] [DONE] cleanup soft_reset PASS; robot returned HOME.
[17:59:56.889] [INFO] ports closed.
