[20:45:26.682] [INFO] log file: E:\Renesas\RA6M5-Robot\Robot_FreeRTOS - Arm\DEBUG\target_state_demo_20260630_204526.log
[20:45:26.682] [INFO] ARM=COM7 JETSON=COM14 baud=115200
[20:45:26.683] [INFO] start frame: AA 01 01 BB
[20:45:26.683] [INFO] stop frame: AA 01 00 BB
[20:45:26.683] [INFO] vision sequence: (16,-10)/2.0s -> (4,-15)/1.0s -> (0,0)/0.0s
[20:45:27.187] [JETSON-TX] TARGET_CTRL STOP: AA 01 00 BB
[20:45:27.245] [ARM] soft reset joint 1 settle timeout, keep going
[20:45:27.245] [ARM] Soft resetting jo[JETSON_RX] target_ctrl=0
[20:45:27.261] [JETSON-RX] CC 04 00 DD
[20:45:27.261] [JETSON-STATUS] TARGET_CTRL_OFF func=0x04 value=0x00
[20:45:27.462] [ARM-TX] laser_off
[20:45:27.496] [ARM] Found handler for 'laser_off', executing...
[20:45:27.496] [ARM] laser_off
[20:45:27.663] [ARM-TX] soft_reset
[20:45:27.929] [ARM] Found handler for 'soft_reset', executing...
[20:45:27.929] [ARM] ROBOT_SOFT_RESET_EVSoft reset motors enabled (J1~J5, J6 skipped).
[20:45:27.929] [ARM] Soft resetting joint 4...
[20:45:27.929] [ARM] robot_update_current_angle 4...
[20:45:27.929] [ARM] [4] current:90.00, target:90.00, dir:1
[20:45:28.054] [ARM] Soft resetting joint 3...
[20:45:28.116] [ARM] robot_update_current_angle 3...
[20:45:28.116] [ARM] [3] current:-0.00, target:0.00, dir:1
[20:45:28.238] [ARM] Soft resetting joint 1...
[20:45:28.238] [ARM] robot_update_current_angle 1...
[20:45:28.238] [ARM] [1] current:90.00, target:90.00, dir:-1
[20:45:28.361] [ARM] Soft resetting joint 2...
[20:45:28.361] [ARM] robot_update_current_angle 2...
[20:45:28.361] [ARM] [2] current:-90.14, target:-90.00, dir:1
[20:45:28.485] [ARM] Soft resetting joint 0...
[20:45:28.546] [ARM] robot_update_current_angle 0...
[20:45:28.546] [ARM] [0] current:90.00, target:90.00, dir:-1
[20:45:28.733] [ARM] soft reset final verify PASS (issues:0), pose set HOME.
[20:45:28.733] [JETSON-TX] TARGET_CTRL START: AA 01 01 BB
[20:45:28.769] [ARM] [JETSON_RX] target_ctrl=1
[20:45:28.769] [ARM] ROBOT_AUTO_EVENT
[20:45:28.769] [ARM] [0] <0.00 0.00 0.00> result: 90.00 90.00 -90.00 0.00 90.00 0.00 
[20:45:28.769] [ARM] [1] <0.00 -0.00 -0.00> result: 90.00 90.00 -90.00 0.00 90.00 0.00 
[20:45:28.769] [ARM] [2] <0.00 -0.00 -0.00> result: 90.00 90.00 -90.00 0.00 90.00 0.00 
[20:45:28.792] [ARM] [3] <0.00 -0.01 -0.00> result: 90.00 90.00 -90.00 0.00 90.00 0.00 
[20:45:28.792] [ARM] [4] <0.00 -0.02 -0.00> result: 90.00 90.01 -90.00 0.00 90.00 0.00 
[20:45:28.792] [ARM] [5] <0.00 -0.03 -0.00> result: 90.00 90.01 -89.99 0.00 90.00 0.00 
[20:45:28.792] [ARM] [6] <0.00 -0.05 -0.00> result: 90.00 90.02 -89.99 0.00 90.00 0.00 
[20:45:28.795] [JETSON-RX] CC 04 01 DD
[20:45:28.795] [JETSON-STATUS] TARGET_CTRL_ON func=0x04 value=0x01
[20:45:28.795] [STEP] waiting READY from RA6...
[20:45:28.817] [ARM] [7] <0.00 -0.07 -0.00> result: 90.00 90.02 -89.98 0.00 90.00 0.00 
[20:45:28.817] [ARM] [8] <0.00 -0.11 -0.00> result: 90.00 90.03 -89.97 0.00 90.00 0.00 
[20:45:28.817] [ARM] [9] <0.00 -0.15 -0.00> result: 90.00 90.05 -89.96 0.00 90.00 0.00 
[20:45:28.838] [ARM] [10] <0.00 -0.20 -0.01> result: 90.00 90.06 -89.94 0.00 90.01 0.00 
[20:45:28.838] [ARM] [11] <0.00 -0.27 -0.01> result: 90.00 90.08 -89.92 0.00 90.01 0.00 
[20:45:28.838] [ARM] [12] <0.00 -0.34 -0.01> result: 90.00 90.11 -89.90 0.00 90.01 0.00 
[20:45:28.838] [ARM] [13] <0.00 -0.43 -0.01> result: 90.00 90.14 -89.88 0.00 90.01 0.00 
[20:45:28.860] [ARM] [14] <0.00 -0.54 -0.01> result: 90.00 90.17 -89.85 0.00 90.02 0.00 
[20:45:28.860] [ARM] [15] <0.00 -0.65 -0.02> result: 90.00 90.20 -89.81 0.00 90.02 0.00 
[20:45:28.860] [ARM] [16] <0.00 -0.79 -0.02> result: 90.00 90.25 -89.78 0.00 90.02 0.00 
[20:45:28.860] [ARM] [17] <0.00 -0.94 -0.02> result: 90.00 90.29 -89.73 0.00 90.03 0.00 
[20:45:28.882] [ARM] [18] <0.00 -1.10 -0.03> result: 90.00 90.34 -89.69 0.00 90.03 0.00 
[20:45:28.882] [ARM] [19] <0.00 -1.29 -0.03> result: 90.00 90.40 -89.63 0.00 90.03 0.00 
[20:45:28.882] [ARM] [20] <0.00 -1.49 -0.04> result: 90.00 90.46 -89.57 0.00 90.04 0.00 
[20:45:28.884] [ARM] [21] <0.00 -1.72 -0.04> result: 90.00 90.53 -89.51 0.00 90.04 0.00 
[20:45:28.905] [ARM] [22] <0.00 -1.97 -0.05> result: 90.00 90.61 -89.44 0.00 90.05 0.00 
[20:45:28.905] [ARM] [23] <0.00 -2.23 -0.06> result: 90.00 90.69 -89.36 0.00 90.05 0.00 
[20:45:28.905] [ARM] [24] <0.00 -2.52 -0.06> result: 90.00 90.77 -89.28 0.00 90.05 0.00 
[20:45:28.940] [ARM] [25] <0.00 -2.84 -0.07> result: 90.00 90.87 -89.19 0.00 90.06 0.00 
[20:45:28.940] [ARM] [26] <0.00 -3.17 -0.08> result: 90.00 90.97 -89.10 0.00 90.06 0.00 
[20:45:28.940] [ARM] [27] <0.00 -3.53 -0.09> result: 90.00 91.07 -88.99 0.00 90.06 0.00 
[20:45:28.940] [ARM] [28] <0.00 -3.92 -0.10> result: 90.00 91.18 -88.88 0.00 90.07 0.00 
[20:45:28.963] [ARM] [29] <0.00 -4.33 -0.11> result: 90.00 91.30 -88.76 0.00 90.07 0.00 
[20:45:28.963] [ARM] [30] <0.00 -4.77 -0.12> result: 90.00 91.43 -88.64 0.00 90.07 0.00 
[20:45:28.963] [ARM] [31] <0.00 -5.23 -0.13> result: 90.00 91.56 -88.51 0.00 90.07 0.00 
[20:45:28.963] [ARM] [32] <0.00 -5.72 -0.14> result: 90.00 91.70 -88.37 0.00 90.07 0.00 
[20:45:28.985] [ARM] [33] <0.00 -6.24 -0.16> result: 90.00 91.85 -88.22 0.00 90.06 0.00 
[20:45:28.986] [ARM] [34] <0.00 -6.79 -0.17> result: 90.00 92.00 -88.06 0.00 90.06 0.00 
[20:45:28.986] [ARM] [35] <0.00 -7.36 -0.18> result: 90.00 92.16 -87.89 0.00 90.05 0.00 
[20:45:28.986] [ARM] [36] <0.00 -7.96 -0.20> result: 90.00 92.32 -87.72 0.00 90.04 0.00 
[20:45:29.009] [ARM] [37] <0.00 -8.60 -0.21> result: 90.00 92.49 -87.54 0.00 90.03 0.00 
[20:45:29.009] [ARM] [38] <0.00 -9.26 -0.23> result: 90.00 92.67 -87.35 0.00 90.02 0.00 
[20:45:29.009] [ARM] [39] <0.00 -9.95 -0.25> result: 90.00 92.85 -87.15 0.00 90.00 0.00 
[20:45:29.032] [ARM] [40] <0.00 -10.67 -0.27> result: 90.00 93.04 -86.94 0.00 89.98 0.00 
[20:45:29.032] [ARM] [41] <0.00 -11.42 -0.29> result: 90.00 93.24 -86.72 0.00 89.96 0.00 
[20:45:29.032] [ARM] [42] <0.00 -12.20 -0.30> result: 90.00 93.44 -86.50 0.00 89.93 0.00 
[20:45:29.032] [ARM] [43] <0.00 -13.01 -0.33> result: 90.00 93.64 -86.26 0.00 89.91 0.00 
[20:45:29.054] [ARM] [44] <0.00 -13.85 -0.35> result: 90.00 93.85 -86.02 0.00 89.87 0.00 
[20:45:29.054] [ARM] [45] <0.00 -14.72 -0.37> result: 90.00 94.07 -85.77 0.00 89.84 0.00 
[20:45:29.054] [ARM] [46] <0.00 -15.62 -0.39> result: 90.00 94.29 -85.51 0.00 89.80 0.00 
[20:45:29.054] [ARM] [47] <0.00 -16.55 -0.41> result: 90.00 94.52 -85.24 0.00 89.75 0.00 
[20:45:29.078] [ARM] [48] <0.00 -17.51 -0.44> result: 90.00 94.75 -84.96 0.00 89.70 0.00 
[20:45:29.078] [ARM] [49] <0.00 -18.49 -0.46> result: 90.00 94.98 -84.67 0.00 89.65 0.00 
[20:45:29.078] [ARM] [50] <0.00 -19.51 -0.49> result: 90.00 95.22 -84.37 0.00 89.59 0.00 
[20:45:29.078] [ARM] [51] <0.00 -20.56 -0.51> result: 90.00 95.47 -84.06 0.00 89.53 0.00 
[20:45:29.102] [ARM] [52] <0.00 -21.64 -0.54> result: 90.00 95.71 -83.75 0.00 89.46 0.00 
[20:45:29.102] [ARM] [53] <0.00 -22.74 -0.57> result: 90.00 95.97 -83.43 0.00 89.39 0.00 
[20:45:29.102] [ARM] [54] <0.00 -23.88 -0.60> result: 90.00 96.22 -83.09 0.00 89.32 0.00 
[20:45:29.135] [ARM] [55] <0.00 -25.04 -0.63> result: 90.00 96.48 -82.75 0.00 89.23 0.00 
[20:45:29.135] [ARM] [56] <0.00 -26.23 -0.66> result: 90.00 96.74 -82.40 0.00 89.15 0.00 
[20:45:29.135] [ARM] [57] <0.00 -27.44 -0.69> result: 90.00 97.01 -82.05 0.00 89.06 0.00 
[20:45:29.135] [ARM] [58] <0.00 -28.68 -0.72> result: 90.00 97.28 -81.68 0.00 88.96 0.00 
[20:45:29.157] [ARM] [59] <0.00 -29.95 -0.75> result: 90.00 97.55 -81.31 0.00 88.86 0.00 
[20:45:29.157] [ARM] [60] <0.00 -31.25 -0.78> result: 90.00 97.83 -80.92 0.00 88.75 0.00 
[20:45:29.157] [ARM] [61] <0.00 -32.57 -0.81> result: 90.00 98.10 -80.53 0.00 88.64 0.00 
[20:45:29.157] [ARM] [62] <0.00 -33.91 -0.85> result: 90.00 98.39 -80.14 0.00 88.52 0.00 
[20:45:29.180] [ARM] [63] <0.00 -35.28 -0.88> result: 90.00 98.67 -79.73 0.00 88.40 0.00 
[20:45:29.180] [ARM] [64] <0.00 -36.67 -0.92> result: 90.00 98.95 -79.32 0.00 88.27 0.00 
[20:45:29.180] [ARM] [65] <0.00 -38.08 -0.95> result: 90.00 99.24 -78.90 0.00 88.14 0.00 
[20:45:29.205] [ARM] [66] <0.00 -39.51 -0.99> result: 90.00 99.53 -78.47 0.00 88.00 0.00 
[20:45:29.205] [ARM] [67] <0.00 -40.97 -1.02> result: 90.00 99.82 -78.04 0.00 87.86 0.00 
[20:45:29.205] [ARM] [68] <0.00 -42.44 -1.06> result: 90.00 100.11 -77.60 0.00 87.71 0.00 
[20:45:29.205] [ARM] [69] <0.00 -43.94 -1.10> result: 90.00 100.41 -77.15 0.00 87.56 0.00 
[20:45:29.227] [ARM] [70] <0.00 -45.45 -1.14> result: 90.00 100.70 -76.70 0.00 87.41 0.00 
[20:45:29.227] [ARM] [71] <0.00 -46.98 -1.17> result: 90.00 101.00 -76.24 0.00 87.25 0.00 
[20:45:29.227] [ARM] [72] <0.00 -48.53 -1.21> result: 90.00 101.30 -75.78 0.00 87.08 0.00 
[20:45:29.227] [ARM] [73] <0.00 -50.09 -1.25> result: 90.00 101.60 -75.31 0.00 86.91 0.00 
[20:45:29.250] [ARM] [74] <0.00 -51.67 -1.29> result: 90.00 101.90 -74.84 0.00 86.74 0.00 
[20:45:29.250] [ARM] [75] <0.00 -53.26 -1.33> result: 90.00 102.20 -74.36 0.00 86.56 0.00 
[20:45:29.250] [ARM] [76] <0.00 -54.86 -1.37> result: 90.00 102.51 -73.87 0.00 86.38 0.00 
[20:45:29.273] [ARM] [77] <0.00 -56.48 -1.41> result: 90.00 102.81 -73.39 0.00 86.20 0.00 
[20:45:29.273] [ARM] [78] <0.00 -58.11 -1.45> result: 90.00 103.11 -72.89 0.00 86.01 0.00 
[20:45:29.273] [ARM] [79] <0.00 -59.75 -1.49> result: 90.00 103.42 -72.40 0.00 85.82 0.00 
[20:45:29.273] [ARM] [80] <0.00 -60.00 -1.50> result: 90.00 103.47 -72.32 0.00 85.79 0.00 
[20:45:29.307] [ARM] [81] <0.00 -60.00 -1.50> result: 90.00 103.47 -72.32 0.00 85.79 0.00 
[20:45:29.307] [ARM] [82] <0.00 -60.00 -1.50> result: 90.00 103.47 -72.32 0.00 85.79 0.00 
[20:45:29.307] [ARM] [83] <0.00 -60.00 -1.50> result: 90.00 103.47 -72.32 0.00 85.79 0.00 
[20:45:29.307] [ARM] [84] <0.00 -60.00 -1.50> result: 90.00 103.47 -72.32 0.00 85.79 0.00 
[20:45:29.330] [ARM] [85] <0.00 -60.00 -1.50> result: 90.00 103.47 -72.32 0.00 85.79 0.00 
[20:45:29.330] [ARM] [86] <0.00 -60.00 -1.50> result: 90.00 103.47 -72.32 0.00 85.79 0.00 
[20:45:29.330] [ARM] [87] <0.00 -60.00 -1.50> result: 90.00 103.47 -72.32 0.00 85.79 0.00 
[20:45:29.352] [ARM] [88] <0.00 -60.00 -1.50> result: 90.00 103.47 -72.32 0.00 85.79 0.00 
[20:45:29.352] [ARM] [89] <0.00 -60.00 -1.50> result: 90.00 103.47 -72.32 0.00 85.79 0.00 
[20:45:29.352] [ARM] [90] <0.00 -60.00 -1.50> result: 90.00 103.47 -72.32 0.00 85.79 0.00 
[20:45:29.352] [ARM] [91] <0.00 -60.00 -1.50> result: 90.00 103.47 -72.32 0.00 85.79 0.00 
[20:45:29.375] [ARM] [92] <0.00 -60.00 -1.50> result: 90.00 103.47 -72.32 0.00 85.79 0.00 
[20:45:29.375] [ARM] [93] <0.00 -60.00 -1.50> result: 90.00 103.47 -72.32 0.00 85.79 0.00 
[20:45:29.375] [ARM] [94] <0.00 -60.00 -1.50> result: 90.00 103.47 -72.32 0.00 85.79 0.00 
[20:45:29.375] [ARM] [95] <0.00 -60.00 -1.50> result: 90.00 103.47 -72.32 0.00 85.79 0.00 
[20:45:29.399] [ARM] [96] <0.00 -60.00 -1.50> result: 90.00 103.47 -72.32 0.00 85.79 0.00 
[20:45:29.399] [ARM] [97] <0.00 -60.00 -1.50> result: 90.00 103.47 -72.32 0.00 85.79 0.00 
[20:45:29.399] [ARM] [98] <0.00 -60.00 -1.50> result: 90.00 103.47 -72.32 0.00 85.79 0.00 
[20:45:29.422] [ARM] [99] <0.00 -60.00 -1.50> result: 90.00 103.47 -72.32 0.00 85.79 0.00 
[20:45:29.422] [ARM] [100] <0.00 -60.00 -1.50> result: 90.00 103.47 -72.32 0.00 85.79 0.00 
[20:45:29.422] [ARM] [101] <0.00 -60.00 -1.50> result: 90.00 103.47 -72.32 0.00 85.79 0.00 
[20:45:29.422] [ARM] [102] <0.00 -60.00 -1.50> result: 90.00 103.47 -72.32 0.00 85.79 0.00 
[20:45:29.444] [ARM] [103] <0.00 -60.00 -1.50> result: 90.00 103.47 -72.32 0.00 85.79 0.00 
[20:45:29.444] [ARM] [104] <0.00 -60.00 -1.50> result: 90.00 103.47 -72.32 0.00 85.79 0.00 
[20:45:29.444] [ARM] [105] <0.00 -60.00 -1.50> result: 90.00 103.47 -72.32 0.00 85.79 0.00 
[20:45:29.444] [ARM] [106] <0.00 -60.00 -1.50> result: 90.00 103.47 -72.32 0.00 85.79 0.00 
[20:45:29.471] [ARM] [107] <0.00 -60.00 -1.50> result: 90.00 103.47 -72.32 0.00 85.79 0.00 
[20:45:29.471] [ARM] [108] <0.00 -60.00 -1.50> result: 90.00 103.47 -72.32 0.00 85.79 0.00 
[20:45:29.471] [ARM] [109] <0.00 -60.00 -1.50> result: 90.00 103.47 -72.32 0.00 85.79 0.00 
[20:45:29.502] [ARM] [110] <0.00 -60.00 -1.50> result: 90.00 103.47 -72.32 0.00 85.79 0.00 
[20:45:29.502] [ARM] [111] <0.00 -60.00 -1.50> result: 90.00 103.47 -72.32 0.00 85.79 0.00 
[20:45:29.502] [ARM] [112] <0.00 -60.00 -1.50> result: 90.00 103.47 -72.32 0.00 85.79 0.00 
[20:45:29.502] [ARM] [113] <0.00 -60.00 -1.50> result: 90.00 103.47 -72.32 0.00 85.79 0.00 
[20:45:29.525] [ARM] [114] <0.00 -60.00 -1.50> result: 90.00 103.47 -72.32 0.00 85.79 0.00 
[20:45:29.525] [ARM] [115] <0.00 -60.00 -1.50> result: 90.00 103.47 -72.32 0.00 85.79 0.00 
[20:45:29.525] [ARM] [116] <0.00 -60.00 -1.50> result: 90.00 103.47 -72.32 0.00 85.79 0.00 
[20:45:29.550] [ARM] [117] <0.00 -60.00 -1.50> result: 90.00 103.47 -72.32 0.00 85.79 0.00 
[20:45:29.550] [ARM] [118] <0.00 -60.00 -1.50> result: 90.00 103.47 -72.32 0.00 85.79 0.00 
[20:45:29.550] [ARM] [119] <0.00 -60.00 -1.50> result: 90.00 103.47 -72.32 0.00 85.79 0.00 
[20:45:29.550] [ARM] [120] <0.00 -60.00 -1.50> result: 90.00 103.47 -72.32 0.00 85.79 0.00 
[20:45:29.573] [ARM] [121] <0.00 -60.00 -1.50> result: 90.00 103.47 -72.32 0.00 85.79 0.00 
[20:45:29.573] [ARM] [122] <0.00 -60.00 -1.50> result: 90.00 103.47 -72.32 0.00 85.79 0.00 
[20:45:29.573] [ARM] [123] <0.00 -60.00 -1.50> result: 90.00 103.47 -72.32 0.00 85.79 0.00 
[20:45:29.573] [ARM] [124] <0.00 -60.00 -1.50> result: 90.00 103.47 -72.32 0.00 85.79 0.00 
[20:45:29.594] [ARM] [125] <0.00 -60.00 -1.50> result: 90.00 103.47 -72.32 0.00 85.79 0.00 
[20:45:29.594] [ARM] [126] <0.00 -60.00 -1.50> result: 90.00 103.47 -72.32 0.00 85.79 0.00 
[20:45:29.594] [ARM] [127] <0.00 -60.00 -1.50> result: 90.00 103.47 -72.32 0.00 85.79 0.00 
[20:45:29.616] [ARM] [128] <0.00 -60.00 -1.50> result: 90.00 103.47 -72.32 0.00 85.79 0.00 
[20:45:29.617] [ARM] [129] <0.00 -60.00 -1.50> result: 90.00 103.47 -72.32 0.00 85.79 0.00 
[20:45:29.617] [ARM] [130] <0.00 -60.00 -1.50> result: 90.00 103.47 -72.32 0.00 85.79 0.00 
[20:45:29.617] [ARM] [131] <0.00 -60.00 -1.50> result: 90.00 103.47 -72.32 0.00 85.79 0.00 
[20:45:29.639] [ARM] [132] <0.00 -60.00 -1.50> result: 90.00 103.47 -72.32 0.00 85.79 0.00 
[20:45:29.639] [ARM] [133] <0.00 -60.00 -1.50> result: 90.00 103.47 -72.32 0.00 85.79 0.00 
[20:45:29.639] [ARM] [134] <0.00 -60.00 -1.50> result: 90.00 103.47 -72.32 0.00 85.79 0.00 
[20:45:29.675] [ARM] [135] <0.00 -60.00 -1.50> result: 90.00 103.47 -72.32 0.00 85.79 0.00 
[20:45:29.675] [ARM] [136] <0.00 -60.00 -1.50> result: 90.00 103.47 -72.32 0.00 85.79 0.00 
[20:45:29.675] [ARM] [137] <0.00 -60.00 -1.50> result: 90.00 103.47 -72.32 0.00 85.79 0.00 
[20:45:29.675] [ARM] [138] <0.00 -60.00 -1.50> result: 90.00 103.47 -72.32 0.00 85.79 0.00 
[20:45:29.696] [ARM] [139] <0.00 -60.00 -1.50> result: 90.00 103.47 -72.32 0.00 85.79 0.00 
[20:45:29.697] [ARM] [140] <0.00 -60.00 -1.50> result: 90.00 103.47 -72.32 0.00 85.79 0.00 
[20:45:29.697] [ARM] [141] <0.00 -60.00 -1.50> result: 90.00 103.47 -72.32 0.00 85.79 0.00 
[20:45:29.697] [ARM] [142] <0.00 -60.00 -1.50> result: 90.00 103.47 -72.32 0.00 85.79 0.00 
[20:45:29.720] [ARM] [143] <0.00 -60.00 -1.50> result: 90.00 103.47 -72.32 0.00 85.79 0.00 
[20:45:29.720] [ARM] [144] <0.00 -60.00 -1.50> result: 90.00 103.47 -72.32 0.00 85.79 0.00 
[20:45:29.720] [ARM] [145] <0.00 -60.00 -1.50> result: 90.00 103.47 -72.32 0.00 85.79 0.00 
[20:45:29.742] [ARM] [146] <0.00 -60.00 -1.50> result: 90.00 103.47 -72.32 0.00 85.79 0.00 
[20:45:29.742] [ARM] [147] <0.00 -60.00 -1.50> result: 90.00 103.47 -72.32 0.00 85.79 0.00 
[20:45:29.742] [ARM] [148] <0.00 -60.00 -1.50> result: 90.00 103.47 -72.32 0.00 85.79 0.00 
[20:45:29.742] [ARM] [149] <0.00 -60.00 -1.50> result: 90.00 103.47 -72.32 0.00 85.79 0.00 
[20:45:29.766] [ARM] [150] <0.00 -60.00 -1.50> result: 90.00 103.47 -72.32 0.00 85.79 0.00 
[20:45:29.767] [ARM] [151] <0.00 -60.00 -1.50> result: 90.00 103.47 -72.32 0.00 85.79 0.00 
[20:45:29.767] [ARM] [152] <0.00 -60.00 -1.50> result: 90.00 103.47 -72.32 0.00 85.79 0.00 
[20:45:29.789] [ARM] [153] <0.00 -60.00 -1.50> result: 90.00 103.47 -72.32 0.00 85.79 0.00 
[20:45:29.789] [ARM] [154] <0.00 -60.00 -1.50> result: 90.00 103.47 -72.32 0.00 85.79 0.00 
[20:45:29.789] [ARM] [155] <0.00 -60.00 -1.50> result: 90.00 103.47 -72.32 0.00 85.79 0.00 
[20:45:29.789] [ARM] [156] <0.00 -60.00 -1.50> result: 90.00 103.47 -72.32 0.00 85.79 0.00 
[20:45:29.812] [ARM] [157] <0.00 -60.00 -1.50> result: 90.00 103.47 -72.32 0.00 85.79 0.00 
[20:45:29.812] [ARM] [158] <0.00 -60.00 -1.50> result: 90.00 103.47 -72.32 0.00 85.79 0.00 
[20:45:29.812] [ARM] [159] <0.00 -60.00 -1.50> result: 90.00 103.47 -72.32 0.00 85.79 0.00 
[20:45:29.812] [ARM] [160] <0.00 -60.00 -1.50> result: 90.00 103.47 -72.32 0.00 85.79 0.00 
[20:45:29.835] [ARM] [161] <0.00 -60.00 -1.50> result: 90.00 103.47 -72.32 0.00 85.79 0.00 
[20:45:29.835] [ARM] [162] <0.00 -60.00 -1.50> result: 90.00 103.47 -72.32 0.00 85.79 0.00 
[20:45:29.835] [ARM] [163] <0.00 -60.00 -1.50> result: 90.00 103.47 -72.32 0.00 85.79 0.00 
[20:45:29.870] [ARM] [164] <0.00 -60.00 -1.50> result: 90.00 103.47 -72.32 0.00 85.79 0.00 
[20:45:29.870] [ARM] [165] <0.00 -60.00 -1.50> result: 90.00 103.47 -72.32 0.00 85.79 0.00 
[20:45:29.870] [ARM] [166] <0.00 -60.00 -1.50> result: 90.00 103.47 -72.32 0.00 85.79 0.00 
[20:45:29.870] [ARM] [167] <0.00 -60.00 -1.50> result: 90.00 103.47 -72.32 0.00 85.79 0.00 
[20:45:29.892] [ARM] [168] <0.00 -60.00 -1.50> result: 90.00 103.47 -72.32 0.00 85.79 0.00 
[20:45:29.892] [ARM] [169] <0.00 -60.00 -1.50> result: 90.00 103.47 -72.32 0.00 85.79 0.00 
[20:45:29.892] [ARM] [170] <0.00 -60.00 -1.50> result: 90.00 103.47 -72.32 0.00 85.79 0.00 
[20:45:29.915] [ARM] [171] <0.00 -60.00 -1.50> result: 90.00 103.47 -72.32 0.00 85.79 0.00 
[20:45:29.915] [ARM] [172] <0.00 -60.00 -1.50> result: 90.00 103.47 -72.32 0.00 85.79 0.00 
[20:45:29.915] [ARM] [173] <0.00 -60.00 -1.50> result: 90.00 103.47 -72.32 0.00 85.79 0.00 
[20:45:29.915] [ARM] [174] <0.00 -60.00 -1.50> result: 90.00 103.47 -72.32 0.00 85.79 0.00 
[20:45:29.975] [ARM] [175] <0.00 -60.00 -1.50> result: 90.00 103.47 -72.32 0.00 85.79 0.00 
[20:45:29.975] [ARM] [176] <0.00 -60.00 -1.50> result: 90.00 103.47 -72.32 0.00 85.79 0.00 
[20:45:31.851] [JETSON-RX] CC 01 01 DD
[20:45:31.851] [JETSON-STATUS] READY func=0x01 value=0x01
[20:45:31.851] [JETSON-TX] vision sender enabled: period=0.200s.
[20:45:31.851] [STEP] sending vision sequence (16,-10)/2.0s -> (4,-15)/1.0s -> (0,0)/0.0s, waiting ALIGN_DONE...
[20:45:31.895] [JETSON-TX] vision step 1/3: dcx=16 dcy=-10 hold=2.0s frame=FF 05 03 10 00 F6 FF 0D FE
[20:45:31.897] [ARM] [jpint 1] ave_error:0.00
[20:45:31.897] [ARM] [jpint 2] ave_error:4.00
[20:45:31.897] [ARM] [jpint 3] ave_error:5.58
[20:45:31.897] [ARM] [jpint 4] ave_error:0.00
[20:45:31.897] [ARM] [jpint 5] ave_error:6.11
[20:45:31.897] [ARM] 
[20:45:31.897] [ARM] robot pid run finished!!
[20:45:31.950] [ARM] [JETSON_RX] vision dcx=16 dcy=-10
[20:45:31.950] [ARM] [TARGET] vision state=WAIT_DETECT enabled=1 dcx=16 dcy=-10 stable=0
[20:45:31.950] [ARM] ROBOT_AUTO_EVENT
[20:45:31.950] [ARM] [0] <0.00 -60.00 -1.50> result: 90.00 103.47 -72.32 0.00 85.79 0.00 
[20:45:31.972] [ARM] [1] <0.00 -60.00 -1.50> result: 90.00 103.47 -72.32 -0.00 85.79 0.00 
[20:45:31.972] [ARM] [2] <0.01 -60.00 -1.51> result: 90.00 103.47 -72.32 -0.00 85.79 0.00 
[20:45:31.972] [ARM] [3] <0.02 -60.00 -1.52> result: 90.01 103.48 -72.32 -0.01 85.80 0.00 
[20:45:31.972] [ARM] [4] <0.05 -60.00 -1.55> result: 90.02 103.49 -72.32 -0.02 85.81 0.00 
[20:45:31.995] [ARM] [5] <0.08 -60.00 -1.58> result: 90.04 103.51 -72.32 -0.04 85.83 0.00 
[20:45:31.995] [ARM] [6] <0.14 -60.00 -1.64> result: 90.07 103.54 -72.33 -0.07 85.86 0.00 
[20:45:31.995] [ARM] [7] <0.21 -60.00 -1.71> result: 90.11 103.57 -72.33 -0.11 85.90 0.00 
[20:45:31.995] [ARM] [8] <0.29 -60.00 -1.79> result: 90.16 103.62 -72.33 -0.16 85.95 0.00 
[20:45:32.017] [ARM] [9] <0.40 -60.00 -1.90> result: 90.21 103.67 -72.34 -0.22 86.01 0.00 
[20:45:32.017] [ARM] [10] <0.53 -60.00 -2.03> result: 90.28 103.74 -72.34 -0.28 86.08 0.00 
[20:45:32.017] [ARM] [11] <0.68 -60.00 -2.18> result: 90.36 103.82 -72.35 -0.36 86.16 0.00 
[20:45:32.040] [ARM] [12] <0.86 -60.00 -2.36> result: 90.46 103.90 -72.35 -0.46 86.26 0.00 
[20:45:32.041] [ARM] [13] <1.05 -60.00 -2.55> result: 90.56 104.00 -72.36 -0.56 86.36 0.00 
[20:45:32.041] [ARM] [14] <1.26 -60.00 -2.76> result: 90.67 104.11 -72.37 -0.67 86.48 0.00 
[20:45:32.041] [ARM] [15] <1.49 -60.00 -2.99> result: 90.79 104.23 -72.37 -0.79 86.60 0.00 
[20:45:32.065] [ARM] [16] <1.74 -60.00 -3.24> result: 90.92 104.36 -72.38 -0.93 86.74 0.00 
[20:45:32.065] [ARM] [17] <2.00 -60.00 -3.50> result: 91.06 104.49 -72.39 -1.06 86.88 0.00 
[20:45:32.065] [ARM] [18] <2.27 -60.00 -3.77> result: 91.21 104.63 -72.40 -1.21 87.03 0.00 
[20:45:32.065] [ARM] [19] <2.50 -60.00 -4.00> result: 91.33 104.75 -72.40 -1.33 87.15 0.00 
[20:45:32.099] [ARM] [20] <2.50 -60.00 -4.00> result: 91.33 104.75 -72.40 -1.33 87.15 0.00 
[20:45:32.099] [ARM] [21] <2.50 -60.00 -4.00> result: 91.33 104.75 -72.40 -1.33 87.15 0.00 
[20:45:32.099] [ARM] [22] <2.50 -60.00 -4.00> result: 91.33 104.75 -72.40 -1.33 87.15 0.00 
[20:45:32.122] [ARM] [23] <2.50 -60.00 -4.00> result: 91.33 104.75 -72.40 -1.33 87.15 0.00 
[20:45:32.124] [ARM] [24] <2.50 -60.00 -4.00> result: 91.33 104.75 -72.40 -1.33 87.15 0.00 
[20:45:32.124] [ARM] [25] <2.50 -60.00 -4.00> result: 91.33 104.75 -72.40 -1.33 87.15 0.00 
[20:45:32.124] [ARM] [26] <2.50 -60.00 -4.00> result: 91.33 104.75 -72.40 -1.33 87.15 0.00 
[20:45:32.150] [ARM] [27] <2.50 -60.00 -4.00> result: 91.33 104.75 -72.40 -1.33 87.15 0.00 
[20:45:32.150] [ARM] [28] <2.50 -60.00 -4.00> result: 91.33 104.75 -72.40 -1.33 87.15 0.00 
[20:45:32.150] [ARM] [29] <2.50 -60.00 -4.00> result: 91.33 104.75 -72.40 -1.33 87.15 0.00 
[20:45:32.167] [ARM] [30] <2.50 -60.00 -4.00> result: 91.33 104.75 -72.40 -1.33 87.15 0.00 
[20:45:32.167] [ARM] [31] <2.50 -60.00 -4.00> result: 91.33 104.75 -72.40 -1.33 87.15 0.00 
[20:45:32.167] [ARM] [32] <2.50 -60.00 -4.00> result: 91.33 104.75 -72.40 -1.33 87.15 0.00 
[20:45:32.167] [ARM] [33] <2.50 -60.00 -4.00> result: 91.33 104.75 -72.40 -1.33 87.15 0.00 
[20:45:32.191] [ARM] [34] <2.50 -60.00 -4.00> result: 91.33 104.75 -72.40 -1.33 87.15 0.00 
[20:45:32.192] [ARM] [35] <2.50 -60.00 -4.00> result: 91.33 104.75 -72.40 -1.33 87.15 0.00 
[20:45:32.192] [ARM] [36] <2.50 -60.00 -4.00> result: 91.33 104.75 -72.40 -1.33 87.15 0.00 
[20:45:32.192] [ARM] [37] <2.50 -60.00 -4.00> result: 91.33 104.75 -72.40 -1.33 87.15 0.00 
[20:45:32.215] [ARM] [38] <2.50 -60.00 -4.00> result: 91.33 104.75 -72.40 -1.33 87.15 0.00 
[20:45:32.215] [ARM] [39] <2.50 -60.00 -4.00> result: 91.33 104.75 -72.40 -1.33 87.15 0.00 
[20:45:32.215] [ARM] [40] <2.50 -60.00 -4.00> result: 91.33 104.75 -72.40 -1.33 87.15 0.00 
[20:45:32.259] [ARM] [41] <2.50 -60.00 -4.00> result: 91.33 104.75 -72.40 -1.33 87.15 0.00 
[20:45:32.259] [ARM] [42] <2.50 -60.00 -4.00> result: 91.33 104.75 -72.40 -1.33 87.15 0.00 
[20:45:32.259] [ARM] [43] <2.50 -60.00 -4.00> result: 91.33 104.75 -72.40 -1.33 87.15 0.00 
[20:45:32.259] [ARM] [TARGET] vision state=ALIGN enabled=1 dcx=16 dcy=-10 stable=0
[20:45:32.312] [ARM] [TARGET] align step dx=2.50 dz=-2.50 target=<2.50 -60.00 -4.00>
[20:45:32.312] [ARM] [JETSON_RX] vision dcx=16 dcy=-10
[20:45:32.312] [ARM] [TARGET] vision state=ALIGN enabled=1 dcx=16 dcy=-10 stable=0
[20:45:32.561] [ARM] [JETSON_RX] vision dcx=16 dcy=-10
[20:45:32.561] [ARM] [TARGET] vision state=ALIGN enabled=1 dcx=16 dcy=-10 stable=0
[20:45:32.561] [ARM] [TARGET] align step dx=2.50 dz=-2.50 target=<2.50 -60.00 -4.00>
[20:45:32.745] [ARM] [JETSON_RX] vision dcx=16 dcy=-10
[20:45:32.745] [ARM] [TARGET] vision state=ALIGN enabled=1 dcx=16 dcy=-10 stable=0
[20:45:32.806] [ARM] [TARGET] align step dx=2.50 dz=-2.50 target=<2.50 -60.00 -4.00>
[20:45:32.806] [ARM] [jpint 1] ave_error:0.22
[20:45:32.806] [ARM] [jpint 2] ave_error:8.02
[20:45:32.806] [ARM] [jpint 3] ave_error:13.86
[20:45:32.806] [ARM] [jpint 4] ave_error:0.22
[20:45:32.806] [ARM] [jpint 5] ave_error:2.05
[20:45:32.806] [ARM] 
[20:45:32.806] [ARM] robot pid run finished!!
[20:45:32.928] [ARM] ROBOT_AUTO_EVENT
[20:45:32.928] [ARM] [0] <2.50 -60.00 -4.00> result: 91.33 104.75 -72.40 -1.33 87.15 0.00 
[20:45:32.929] [ARM] [JETSON_RX] vision dcx=16 dcy=-10
[20:45:32.929] [ARM] [TARGET] vision state=ALIGN enabled=1 dcx=16 dcy=-10 stable=0
[20:45:33.053] [ARM] [jpint 1] ave_error:91.28
[20:45:33.053] [ARM] [jpint 2] ave_error:110.79
[20:45:33.053] [ARM] [jpint 3] ave_error:61.77
[20:45:33.053] [ARM] [jpint 4] ave_error:1.34
[20:45:33.053] [ARM] [jpint 5] ave_error:88.10
[20:45:33.053] [ARM] 
[20:45:33.053] [ARM] robot pid run finished!!
[20:45:33.053] [ARM] [TARGET] align step dx=2.50 dz=-2.50 target=<5.00 -60.00 -6.50>
[20:45:33.116] [ARM] ROBOT_AUTO_EVENT
[20:45:33.116] [ARM] [0] <2.50 -60.00 -4.00> result: 91.33 104.75 -72.40 -1.33 87.15 0.00 
[20:45:33.179] [ARM] [JETSON_RX] vision dcx=16 dcy=-10
[20:45:33.179] [ARM] [TARGET] vision state=ALIGN enabled=1 dcx=16 dcy=-10 stable=0
[20:45:33.240] [ARM] [jpint 1] ave_error:91.16
[20:45:33.240] [ARM] [jpint 2] ave_error:110.71
[20:45:33.240] [ARM] [jpint 3] ave_error:61.66
[20:45:33.240] [ARM] [jpint 4] ave_error:1.21
[20:45:33.240] [ARM] [jpint 5] ave_error:87.86
[20:45:33.240] [ARM] 
[20:45:33.240] [ARM] robot pid run finished!!
[20:45:33.301] [ARM] [TARGET] align step dx=2.50 dz=-2.50 target=<5.00 -60.00 -6.50>
[20:45:33.361] [ARM] [JETSON_RX] vision dcx=16 dcy=-10
[20:45:33.361] [ARM] [TARGET] vision state=ALIGN enabled=1 dcx=16 dcy=-10 stable=0
[20:45:33.361] [ARM] ROBOT_AUTO_EVENT
[20:45:33.361] [ARM] [0] <2.50 -60.00 -4.00> result: 91.33 104.75 -72.40 -1.33 87.15 0.00 
[20:45:33.486] [ARM] [jpint 1] ave_error:91.02
[20:45:33.486] [ARM] [jpint 2] ave_error:110.64
[20:45:33.486] [ARM] [jpint 3] ave_error:61.53
[20:45:33.486] [ARM] [jpint 4] ave_error:1.07
[20:45:33.486] [ARM] [jpint 5] ave_error:87.60
[20:45:33.486] [ARM] 
[20:45:33.486] [ARM] robot pid run finished!!
[20:45:33.546] [ARM] [JETSON_RX] vision dcx=16 dcy=-10
[20:45:33.546] [ARM] [TARGET] vision state=ALIGN enabled=1 dcx=16 dcy=-10 stable=0
[20:45:33.546] [ARM] [TARGET] align step dx=2.50 dz=-2.50 target=<5.00 -60.00 -6.50>
[20:45:33.579] [ARM] ROBOT_AUTO_EVENT
[20:45:33.579] [ARM] [0] <2.50 -60.00 -4.00> result: 91.33 104.75 -72.40 -1.33 87.15 0.00 
[20:45:33.579] [ARM] [1] <2.50 -60.00 -4.00> result: 91.33 104.75 -72.40 -1.33 87.16 0.00 
[20:45:33.579] [ARM] [2] <2.51 -60.00 -4.01> result: 91.33 104.76 -72.40 -1.34 87.16 0.00 
[20:45:33.602] [ARM] [3] <2.52 -60.00 -4.02> result: 91.34 104.76 -72.40 -1.34 87.17 0.00 
[20:45:33.602] [ARM] [4] <2.55 -60.00 -4.05> result: 91.35 104.78 -72.40 -1.36 87.18 0.00 
[20:45:33.602] [ARM] [5] <2.58 -60.00 -4.08> result: 91.37 104.79 -72.40 -1.38 87.20 0.00 
[20:45:33.602] [ARM] [6] <2.64 -60.00 -4.14> result: 91.40 104.82 -72.41 -1.40 87.23 0.00 
[20:45:33.625] [ARM] [7] <2.71 -60.00 -4.21> result: 91.44 104.86 -72.41 -1.44 87.27 0.00 
[20:45:33.625] [ARM] [8] <2.79 -60.00 -4.29> result: 91.49 104.90 -72.41 -1.49 87.31 0.00 
[20:45:33.625] [ARM] [9] <2.90 -60.00 -4.40> result: 91.55 104.96 -72.41 -1.55 87.37 0.00 
[20:45:33.648] [ARM] [10] <3.03 -60.00 -4.53> result: 91.61 105.03 -72.41 -1.62 87.44 0.00 
[20:45:33.648] [ARM] [11] <3.18 -60.00 -4.68> result: 91.69 105.11 -72.42 -1.70 87.53 0.00 
[20:45:33.648] [ARM] [12] <3.36 -60.00 -4.86> result: 91.79 105.20 -72.42 -1.79 87.62 0.00 
[20:45:33.648] [ARM] [13] <3.55 -60.00 -5.05> result: 91.89 105.30 -72.43 -1.89 87.72 0.00 
[20:45:33.670] [ARM] [14] <3.76 -60.00 -5.26> result: 92.00 105.41 -72.43 -2.00 87.84 0.00 
[20:45:33.671] [ARM] [15] <3.99 -60.00 -5.49> result: 92.12 105.53 -72.43 -2.12 87.96 0.00 
[20:45:33.671] [ARM] [16] <4.24 -60.00 -5.74> result: 92.25 105.66 -72.44 -2.26 88.10 0.00 
[20:45:33.694] [ARM] [17] <4.50 -60.00 -6.00> result: 92.39 105.79 -72.44 -2.39 88.24 0.00 
[20:45:33.694] [ARM] [18] <4.77 -60.00 -6.27> result: 92.54 105.94 -72.45 -2.54 88.38 0.00 
[20:45:33.694] [ARM] [19] <5.00 -60.00 -6.50> result: 92.66 106.06 -72.45 -2.66 88.51 0.00 
[20:45:33.694] [ARM] [20] <5.00 -60.00 -6.50> result: 92.66 106.06 -72.45 -2.66 88.51 0.00 
[20:45:33.717] [ARM] [21] <5.00 -60.00 -6.50> result: 92.66 106.06 -72.45 -2.66 88.51 0.00 
[20:45:33.717] [ARM] [22] <5.00 -60.00 -6.50> result: 92.66 106.06 -72.45 -2.66 88.51 0.00 
[20:45:33.718] [ARM] [23] <5.00 -60.00 -6.50> result: 92.66 106.06 -72.45 -2.66 88.51 0.00 
[20:45:33.718] [ARM] [24] <5.00 -60.00 -6.50> result: 92.66 106.06 -72.45 -2.66 88.51 0.00 
[20:45:33.751] [ARM] [25] <5.00 -60.00 -6.50> result: 92.66 106.06 -72.45 -2.66 88.51 0.00 
[20:45:33.751] [ARM] [26] <5.00 -60.00 -6.50> result: 92.66 106.06 -72.45 -2.66 88.51 0.00 
[20:45:33.752] [ARM] [27] <5.00 -60.00 -6.50> result: 92.66 106.06 -72.45 -2.66 88.51 0.00 
[20:45:33.776] [ARM] [28] <5.00 -60.00 -6.50> result: 92.66 106.06 -72.45 -2.66 88.51 0.00 
[20:45:33.776] [ARM] [29] <5.00 -60.00 -6.50> result: 92.66 106.06 -72.45 -2.66 88.51 0.00 
[20:45:33.776] [ARM] [30] <5.00 -60.00 -6.50> result: 92.66 106.06 -72.45 -2.66 88.51 0.00 
[20:45:33.776] [ARM] [31] <5.00 -60.00 -6.50> result: 92.66 106.06 -72.45 -2.66 88.51 0.00 
[20:45:33.799] [ARM] [32] <5.00 -60.00 -6.50> result: 92.66 106.06 -72.45 -2.66 88.51 0.00 
[20:45:33.799] [ARM] [33] <5.00 -60.00 -6.50> result: 92.66 106.06 -72.45 -2.66 88.51 0.00 
[20:45:33.799] [ARM] [34] <5.00 -60.00 -6.50> result: 92.66 106.06 -72.45 -2.66 88.51 0.00 
[20:45:33.821] [ARM] [35] <5.00 -60.00 -6.50> result: 92.66 106.06 -72.45 -2.66 88.51 0.00 
[20:45:33.821] [ARM] [36] <5.00 -60.00 -6.50> result: 92.66 106.06 -72.45 -2.66 88.51 0.00 
[20:45:33.822] [ARM] [37] <5.00 -60.00 -6.50> result: 92.66 106.06 -72.45 -2.66 88.51 0.00 
[20:45:33.822] [ARM] [38] <5.00 -60.00 -6.50> result: 92.66 106.06 -72.45 -2.66 88.51 0.00 
[20:45:33.845] [ARM] [39] <5.00 -60.00 -6.50> result: 92.66 106.06 -72.45 -2.66 88.51 0.00 
[20:45:33.845] [ARM] [40] <5.00 -60.00 -6.50> result: 92.66 106.06 -72.45 -2.66 88.51 0.00 
[20:45:33.845] [ARM] [41] <5.00 -60.00 -6.50> result: 92.66 106.06 -72.45 -2.66 88.51 0.00 
[20:45:33.845] [ARM] [42] <5.00 -60.00 -6.50> result: 92.66 106.06 -72.45 -2.66 88.51 0.00 
[20:45:33.900] [JETSON-TX] vision step 2/3: dcx=4 dcy=-15 hold=1.0s frame=FF 05 03 04 00 F1 FF FC FE
[20:45:33.904] [ARM] [43] <5.00 -60.00 -6.50> result: 92.66 106.06 -72.45 -2.66 88.51 0.00 
[20:45:33.904] [ARM] [TARGET] vision state=ALIGN enabled=1 dcx=16 dcy=-10 stable=0
[20:45:33.904] [ARM] [TARGET] align step dx=2.50 dz=-2.50 target=<5.00 -60.00 -6.50>
[20:45:33.967] [ARM] [JETSON_RX] vision dcx=4 dcy=-15
[20:45:33.967] [ARM] [TARGET] vision state=ALIGN enabled=1 dcx=4 dcy=-15 stable=0
[20:45:34.153] [ARM] [JETSON_RX] vision dcx=4 dcy=-15
[20:45:34.153] [ARM] [TARGET] vision state=ALIGN enabled=1 dcx=4 dcy=-15 stable=0
[20:45:34.153] [ARM] [TARGET] align step dx=1.52 dz=-2.50 target=<4.02 -60.00 -6.50>
[20:45:34.338] [ARM] [JETSON_RX] vision dcx=4 dcy=-15
[20:45:34.338] [ARM] [TARGET] vision state=ALIGN enabled=1 dcx=4 dcy=-15 stable=0
[20:45:34.400] [ARM] [jpint 1] ave_error:0.53
[20:45:34.402] [ARM] [jpint 2] ave_error:4.07
[20:45:34.402] [ARM] [jpint 3] ave_error:9.52
[20:45:34.402] [ARM] [jpint 4] ave_error:0.47
[20:45:34.402] [ARM] [jpint 5] ave_error:0.39
[20:45:34.402] [ARM] 
[20:45:34.402] [ARM] robot pid run finished!!
[20:45:34.402] [ARM] [TARGET] align step dx=1.52 dz=-2.50 target=<4.02 -60.00 -6.50>
[20:45:34.524] [ARM] ROBOT_AUTO_EVENT
[20:45:34.524] [ARM] [0] <5.00 -60.00 -6.50> result: 92.66 106.06 -72.45 -2.66 88.51 0.00 
[20:45:34.524] [ARM] [JETSON_RX] vision dcx=4 dcy=-15
[20:45:34.524] [ARM] [TARGET] vision state=ALIGN enabled=1 dcx=4 dcy=-15 stable=0
[20:45:34.648] [ARM] [jpint 1] ave_error:92.54
[20:45:34.648] [ARM] [jpint 2] ave_error:108.13
[20:45:34.648] [ARM] [jpint 3] ave_error:66.15
[20:45:34.648] [ARM] [jpint 4] ave_error:2.87
[20:45:34.648] [ARM] [jpint 5] ave_error:88.68
[20:45:34.648] [ARM] 
[20:45:34.648] [ARM] robot pid run finished!!
[20:45:34.648] [ARM] [TARGET] align step dx=1.52 dz=-2.50 target=<6.52 -60.00 -9.00>
[20:45:34.773] [ARM] [JETSON_RX] vision dcx=4 dcy=-15
[20:45:34.773] [ARM] ROBOT_AUTO_EVENT
[20:45:34.773] [ARM] [0] <5.00 -60.00 -6.50> result: 92.66 106.06 -72.45 -2.66 88.51 0.00 
[20:45:34.773] [ARM] [TARGET] vision state=ALIGN enabled=1 dcx=4 dcy=-15 stable=0
[20:45:34.897] [ARM] [jpint 1] ave_error:92.41
[20:45:34.897] [ARM] [jpint 2] ave_error:108.06
[20:45:34.897] [ARM] [jpint 3] ave_error:66.03
[20:45:34.897] [ARM] [jpint 4] ave_error:2.73
[20:45:34.897] [ARM] [jpint 5] ave_error:88.41
[20:45:34.897] [ARM] 
[20:45:34.897] [ARM] robot pid run finished!!
[20:45:34.903] [JETSON-TX] vision step 3/3: dcx=0 dcy=0 hold=0.0s frame=FF 05 03 00 00 00 00 08 FE
[20:45:34.960] [ARM] [TARGET] align step dx=1.52 dz=-2.50 target=<6.52 -60.00 -9.00>
[20:45:34.960] [ARM] [JETSON_RX] vision dcx=0 dcy=0
[20:45:34.960] [ARM] [TARGET] vision state=ALIGN enabled=1 dcx=0 dcy=0 stable=0
[20:45:34.960] [ARM] ROBOT_AUTO_EVENT
[20:45:34.960] [ARM] [0] <5.00 -60.00 -6.50> result: 92.66 106.06 -72.45 -2.66 88.51 0.00 
[20:45:35.087] [ARM] [jpint 1] ave_error:92.28
[20:45:35.087] [ARM] [jpint 2] ave_error:107.98
[20:45:35.087] [ARM] [jpint 3] ave_error:65.90
[20:45:35.087] [ARM] [jpint 4] ave_error:2.60
[20:45:35.087] [ARM] [jpint 5] ave_error:88.13
[20:45:35.087] [ARM] 
[20:45:35.087] [ARM] robot pid run finished!!
[20:45:35.149] [ARM] [JETSON_RX] vision dcx=0 dcy=0
[20:45:35.149] [ARM] [TARGET] vision state=ALIGN enabled=1 dcx=0 dcy=0 stable=1
[20:45:35.199] [ARM] ROBOT_AUTO_EVENT
[20:45:35.199] [ARM] [0] <5.00 -60.00 -6.50> result: 92.66 106.06 -72.45 -2.66 88.51 0.00 
[20:45:35.199] [ARM] [1] <5.00 -60.00 -6.50> result: 92.66 106.06 -72.45 -2.66 88.51 0.00 
[20:45:35.199] [ARM] [2] <4.98 -60.00 -6.50> result: 92.65 106.06 -72.45 -2.65 88.51 0.00 
[20:45:35.222] [ARM] [3] <4.94 -60.00 -6.50> result: 92.63 106.06 -72.45 -2.63 88.51 0.00 
[20:45:35.222] [ARM] [4] <4.88 -60.00 -6.50> result: 92.60 106.06 -72.45 -2.60 88.51 0.00 
[20:45:35.222] [ARM] [5] <4.79 -60.00 -6.50> result: 92.55 106.06 -72.45 -2.55 88.51 0.00 
[20:45:35.222] [ARM] [6] <4.68 -60.00 -6.50> result: 92.49 106.06 -72.45 -2.49 88.51 0.00 
[20:45:35.247] [ARM] [7] <4.53 -60.00 -6.50> result: 92.41 106.06 -72.45 -2.41 88.51 0.00 
[20:45:35.247] [ARM] [8] <4.36 -60.00 -6.50> result: 92.32 106.05 -72.46 -2.32 88.51 0.00 
[20:45:35.247] [ARM] [9] <4.16 -60.00 -6.50> result: 92.21 106.05 -72.46 -2.21 88.51 0.00 
[20:45:35.271] [ARM] [10] <4.02 -60.00 -6.50> result: 92.14 106.05 -72.46 -2.14 88.51 0.00 
[20:45:35.271] [ARM] [11] <4.02 -60.00 -6.50> result: 92.14 106.05 -72.46 -2.14 88.51 0.00 
[20:45:35.271] [ARM] [12] <4.02 -60.00 -6.50> result: 92.14 106.05 -72.46 -2.14 88.51 0.00 
[20:45:35.271] [ARM] [13] <4.02 -60.00 -6.50> result: 92.14 106.05 -72.46 -2.14 88.51 0.00 
[20:45:35.291] [ARM] [14] <4.02 -60.00 -6.50> result: 92.14 106.05 -72.46 -2.14 88.51 0.00 
[20:45:35.291] [ARM] [15] <4.02 -60.00 -6.50> result: 92.14 106.05 -72.46 -2.14 88.51 0.00 
[20:45:35.291] [ARM] [16] <4.02 -60.00 -6.50> result: 92.14 106.05 -72.46 -2.14 88.51 0.00 
[20:45:35.314] [ARM] [17] <4.02 -60.00 -6.50> result: 92.14 106.05 -72.46 -2.14 88.51 0.00 
[20:45:35.314] [ARM] [18] <4.02 -60.00 -6.50> result: 92.14 106.05 -72.46 -2.14 88.51 0.00 
[20:45:35.314] [ARM] [19] <4.02 -60.00 -6.50> result: 92.14 106.05 -72.46 -2.14 88.51 0.00 
[20:45:35.314] [ARM] [20] <4.02 -60.00 -6.50> result: 92.14 106.05 -72.46 -2.14 88.51 0.00 
[20:45:35.343] [ARM] [21] <4.02 -60.00 -6.50> result: 92.14 106.05 -72.46 -2.14 88.51 0.00 
[20:45:35.343] [ARM] [22] <4.02 -60.00 -6.50> result: 92.14 106.05 -72.46 -2.14 88.51 0.00 
[20:45:35.343] [ARM] [23] <4.02 -60.00 -6.50> result: 92.14 106.05 -72.46 -2.14 88.51 0.00 
[20:45:35.343] [ARM] [JETSON_RX] vision dcx=0 dcy=0
[20:45:35.400] [JETSON-RX] CC 02 01 DD
[20:45:35.400] [ARM] [TARGET] vision state=ALIGN enabled=1 dcx=0 dcy=0 stable=2
[20:45:35.400] [JETSON-STATUS] ALIGN_DONE func=0x02 value=0x01
[20:45:35.400] [PROMPT] 已收到 ALIGN_DONE。确认画面和机械臂位置安全后，按 Enter 进入 P000 发射许可步骤。
[20:45:35.525] [ARM] [JETSON_RX] vision dcx=0 dcy=0
[20:45:35.525] [ARM] [TARGET] vision state=CONFIRM enabled=1 dcx=0 dcy=0 stable=3
[20:45:35.649] [ARM] batch angle read timeout/missing mask=0x08 elapsed=11 ms
[20:45:35.711] [ARM] [jpint 1] ave_error:0.19
[20:45:35.711] [ARM] [jpint 2] ave_error:1.58
[20:45:35.711] [ARM] [jpint 3] ave_error:6.11
[20:45:35.711] [ARM] [jpint 4] ave_error:0.07
[20:45:35.711] [ARM] [jpint 5] ave_error:0.24
[20:45:35.711] [ARM] 
[20:45:35.711] [ARM] robot pid run finished!!
[20:45:35.774] [ARM] [JETSON_RX] vision dcx=0 dcy=0
[20:45:35.774] [ARM] [TARGET] vision state=CONFIRM enabled=1 dcx=0 dcy=0 stable=3
[20:45:35.835] [ARM] ROBOT_AUTO_EVENT
[20:45:35.835] [ARM] [0] <4.02 -60.00 -6.50> result: 92.14 106.05 -72.46 -2.14 88.51 0.00 
[20:45:35.959] [ARM] [jpint 1] ave_error:92.03
[20:45:35.959] [ARM] [jpint 2] ave_error:106.93
[20:45:35.959] [ARM] [jpint 3] ave_error:67.66
[20:45:35.959] [ARM] [jpint 4] ave_error:2.11
[20:45:35.959] [ARM] [jpint 5] ave_error:88.43
[20:45:35.959] [ARM] 
[20:45:35.959] [ARM] robot pid run finished!!
[20:45:35.959] [ARM] [JETSON_RX] vision dcx=0 dcy=0
[20:45:35.959] [ARM] [TARGET] vision state=CONFIRM enabled=1 dcx=0 dcy=0 stable=3
[20:45:36.021] [ARM] ROBOT_AUTO_EVENT
[20:45:36.021] [ARM] [0] <4.02 -60.00 -6.50> result: 92.14 106.05 -72.46 -2.14 88.51 0.00 
[20:45:36.053] [ARM] [1] <4.02 -60.00 -6.50> result: 92.14 106.05 -72.46 -2.14 88.51 0.00 
[20:45:36.053] [ARM] [2] <4.03 -60.00 -6.51> result: 92.14 106.06 -72.46 -2.14 88.52 0.00 
[20:45:36.053] [ARM] [3] <4.04 -60.00 -6.52> result: 92.15 106.06 -72.46 -2.15 88.53 0.00 
[20:45:36.053] [ARM] [4] <4.07 -60.00 -6.55> result: 92.16 106.08 -72.46 -2.16 88.54 0.00 
[20:45:36.076] [ARM] [5] <4.10 -60.00 -6.58> result: 92.18 106.10 -72.46 -2.18 88.56 0.00 
[20:45:36.076] [ARM] [6] <4.16 -60.00 -6.64> result: 92.21 106.12 -72.46 -2.21 88.59 0.00 
[20:45:36.076] [ARM] [7] <4.23 -60.00 -6.71> result: 92.25 106.16 -72.46 -2.25 88.62 0.00 
[20:45:36.100] [ARM] [8] <4.31 -60.00 -6.79> result: 92.30 106.21 -72.46 -2.30 88.67 0.00 
[20:45:36.100] [ARM] [9] <4.42 -60.00 -6.90> result: 92.35 106.26 -72.47 -2.35 88.73 0.00 
[20:45:36.100] [ARM] [10] <4.55 -60.00 -7.03> result: 92.42 106.33 -72.47 -2.42 88.80 0.00 
[20:45:36.100] [ARM] [11] <4.70 -60.00 -7.18> result: 92.50 106.41 -72.47 -2.50 88.88 0.00 
[20:45:36.127] [ARM] [12] <4.88 -60.00 -7.36> result: 92.59 106.50 -72.47 -2.59 88.97 0.00 
[20:45:36.127] [ARM] [13] <5.07 -60.00 -7.55> result: 92.70 106.60 -72.47 -2.70 89.08 0.00 
[20:45:36.127] [ARM] [14] <5.28 -60.00 -7.76> result: 92.81 106.72 -72.47 -2.81 89.19 0.00 
[20:45:36.127] [ARM] [15] <5.51 -60.00 -7.99> result: 92.93 106.84 -72.48 -2.93 89.31 0.00 
[20:45:36.145] [ARM] [16] <5.76 -60.00 -8.24> result: 93.06 106.97 -72.48 -3.06 89.45 0.00 
[20:45:36.145] [ARM] [17] <6.02 -60.00 -8.50> result: 93.20 107.11 -72.48 -3.20 89.58 0.00 
[20:45:36.145] [ARM] [18] <6.29 -60.00 -8.77> result: 93.34 107.25 -72.48 -3.34 89.73 0.00 
[20:45:36.169] [ARM] [19] <6.52 -60.00 -9.00> result: 93.47 107.37 -72.48 -3.47 89.85 0.00 
[20:45:36.169] [ARM] [20] <6.52 -60.00 -9.00> result: 93.47 107.37 -72.48 -3.47 89.85 0.00 
[20:45:36.169] [ARM] [21] <6.52 -60.00 -9.00> result: 93.47 107.37 -72.48 -3.47 89.85 0.00 
[20:45:36.169] [ARM] [22] <6.52 -60.00 -9.00> result: 93.47 107.37 -72.48 -3.47 89.85 0.00 
[20:45:36.191] [ARM] [23] <6.52 -60.00 -9.00> result: 93.47 107.37 -72.48 -3.47 89.85 0.00 
[20:45:36.191] [ARM] [24] <6.52 -60.00 -9.00> result: 93.47 107.37 -72.48 -3.47 89.85 0.00 
[20:45:36.191] [ARM] [25] <6.52 -60.00 -9.00> result: 93.47 107.37 -72.48 -3.47 89.85 0.00 
[20:45:36.230] [ARM] [26] <6.52 -60.00 -9.00> result: 93.47 107.37 -72.48 -3.47 89.85 0.00 
[20:45:36.230] [ARM] [27] <6.52 -60.00 -9.00> result: 93.47 107.37 -72.48 -3.47 89.85 0.00 
[20:45:36.230] [ARM] [28] <6.52 -60.00 -9.00> result: 93.47 107.37 -72.48 -3.47 89.85 0.00 
[20:45:36.230] [ARM] [29] <6.52 -60.00 -9.00> result: 93.47 107.37 -72.48 -3.47 89.85 0.00 
[20:45:36.249] [ARM] [30] <6.52 -60.00 -9.00> result: 93.47 107.37 -72.48 -3.47 89.85 0.00 
[20:45:36.249] [ARM] [31] <6.52 -60.00 -9.00> result: 93.47 107.37 -72.48 -3.47 89.85 0.00 
[20:45:36.249] [ARM] [32] <6.52 -60.00 -9.00> result: 93.47 107.37 -72.48 -3.47 89.85 0.00 
[20:45:36.249] [ARM] [33] <6.52 -60.00 -9.00> result: 93.47 107.37 -72.48 -3.47 89.85 0.00 
[20:45:36.272] [ARM] [34] <6.52 -60.00 -9.00> result: 93.47 107.37 -72.48 -3.47 89.85 0.00 
[20:45:36.272] [ARM] [35] <6.52 -60.00 -9.00> result: 93.47 107.37 -72.48 -3.47 89.85 0.00 
[20:45:36.272] [ARM] [36] <6.52 -60.00 -9.00> result: 93.47 107.37 -72.48 -3.47 89.85 0.00 
[20:45:36.297] [ARM] [37] <6.52 -60.00 -9.00> result: 93.47 107.37 -72.48 -3.47 89.85 0.00 
[20:45:36.297] [ARM] [38] <6.52 -60.00 -9.00> result: 93.47 107.37 -72.48 -3.47 89.85 0.00 
[20:45:36.297] [ARM] [39] <6.52 -60.00 -9.00> result: 93.47 107.37 -72.48 -3.47 89.85 0.00 
[20:45:36.297] [ARM] [40] <6.52 -60.00 -9.00> result: 93.47 107.37 -72.48 -3.47 89.85 0.00 
[20:45:36.312] [PROMPT] Enter received; console logging resumed.
[20:45:36.312] [PROMPT] 请按住 P000 KEY，脚本会自动等待 OUTPUT_ON，不需要再按 Enter。
[20:45:36.312] [STEP] waiting OUTPUT_ON from RA6...
[20:45:36.320] [ARM] [41] <6.52 -60.00 -9.00> result: 93.47 107.37 -72.48 -3.47 89.85 0.00 
[20:45:36.320] [ARM] [42] <6.52 -60.00 -9.00> result: 93.47 107.37 -72.48 -3.47 89.85 0.00 
[20:45:36.320] [ARM] [43] <6.52 -60.00 -9.00> result: 93.47 107.37 -72.48 -3.47 89.85 0.00 
[20:45:36.377] [ARM] [TARGET] vision state=CONFIRM enabled=1 dcx=0 dcy=0 stable=3
[20:45:36.377] [ARM] [JETSON_RX] vision dcx=0 dcy=0
[20:45:36.377] [ARM] [TARGET] vision state=CONFIRM enabled=1 dcx=0 dcy=0 stable=3
[20:45:36.563] [ARM] [JETSON_RX] vision dcx=0 dcy=0
[20:45:36.563] [ARM] [TARGET] vision state=CONFIRM enabled=1 dcx=0 dcy=0 stable=3
[20:45:36.610] [JETSON-RX] CC 03 01 DD
[20:45:36.610] [JETSON-STATUS] OUTPUT_ON func=0x03 value=0x01
[20:45:36.610] [PROMPT] 已进入 OUTPUT。请松开 P000 KEY，脚本会自动等待 OUTPUT_OFF，不需要按 Enter。
[20:45:36.610] [STEP] waiting OUTPUT_OFF from RA6...
[20:45:36.750] [ARM] [JETSON_RX] vision dcx=0 dcy=0
[20:45:36.750] [ARM] [TARGET] vision state=OUTPUT enabled=1 dcx=0 dcy=0 stable=3
[20:45:36.876] [ARM] [jpint 1] ave_error:0.40
[20:45:36.876] [ARM] [jpint 2] ave_error:0.37
[20:45:36.876] [ARM] [jpint 3] ave_error:3.41
[20:45:36.876] [ARM] [jpint 4] ave_error:0.32
[20:45:36.876] [ARM] [jpint 5] ave_error:0.47
[20:45:36.876] [ARM] 
[20:45:36.876] [ARM] robot pid run finished!!
[20:45:36.939] [ARM] [JETSON_RX] vision dcx=0 dcy=0
[20:45:36.939] [ARM] [TARGET] vision state=OUTPUT enabled=1 dcx=0 dcy=0 stable=3
[20:45:37.002] [ARM] ROBOT_AUTO_EVENT
[20:45:37.002] [ARM] [0] <6.52 -60.00 -9.00> result: 93.47 107.37 -72.48 -3.47 89.85 0.00 
[20:45:37.123] [ARM] [jpint 1] ave_error:93.37
[20:45:37.124] [ARM] [jpint 2] ave_error:107.77
[20:45:37.124] [ARM] [jpint 3] ave_error:72.29
[20:45:37.124] [ARM] [jpint 4] ave_error:3.53
[20:45:37.124] [ARM] [jpint 5] ave_error:90.08
[20:45:37.124] [ARM] 
[20:45:37.125] [ARM] robot pid run finished!!
[20:45:37.186] [ARM] [JETSON_RX] vision dcx=0 dcy=0
[20:45:37.186] [ARM] [TARGET] vision state=OUTPUT enabled=1 dcx=0 dcy=0 stable=3
[20:45:37.374] [ARM] [JETSON_RX] vision dcx=0 dcy=0
[20:45:37.374] [ARM] [TARGET] vision state=OUTPUT enabled=1 dcx=0 dcy=0 stable=3
[20:45:37.560] [ARM] [JETSON_RX] vision dcx=0 dcy=0
[20:45:37.560] [ARM] [TARGET] vision state=OUTPUT enabled=1 dcx=0 dcy=0 stable=3
[20:45:37.747] [ARM] [JETSON_RX] vision dcx=0 dcy=0
[20:45:37.747] [ARM] [TARGET] vision state=OUTPUT enabled=1 dcx=0 dcy=0 stable=3
[20:45:37.936] [ARM] [JETSON_RX] vision dcx=0 dcy=0
[20:45:37.936] [ARM] [TARGET] vision state=OUTPUT enabled=1 dcx=0 dcy=0 stable=3
[20:45:38.184] [ARM] [JETSON_RX] vision dcx=0 dcy=0
[20:45:38.184] [ARM] [TARGET] vision state=OUTPUT enabled=1 dcx=0 dcy=0 stable=3
[20:45:38.368] [ARM] [JETSON_RX] vision dcx=0 dcy=0
[20:45:38.368] [ARM] [TARGET] vision state=OUTPUT enabled=1 dcx=0 dcy=0 stable=3
[20:45:38.555] [ARM] [JETSON_RX] vision dcx=0 dcy=0
[20:45:38.555] [ARM] [TARGET] vision state=OUTPUT enabled=1 dcx=0 dcy=0 stable=3
[20:45:38.741] [ARM] [JETSON_RX] vision dcx=0 dcy=0
[20:45:38.741] [ARM] [TARGET] vision state=OUTPUT enabled=1 dcx=0 dcy=0 stable=3
[20:45:38.991] [ARM] [JETSON_RX] vision dcx=0 dcy=0
[20:45:38.991] [ARM] [TARGET] vision state=OUTPUT enabled=1 dcx=0 dcy=0 stable=3
[20:45:39.179] [ARM] [JETSON_RX] vision dcx=0 dcy=0
[20:45:39.179] [ARM] [TARGET] vision state=OUTPUT enabled=1 dcx=0 dcy=0 stable=3
[20:45:39.365] [ARM] [JETSON_RX] vision dcx=0 dcy=0
[20:45:39.365] [ARM] [TARGET] vision state=OUTPUT enabled=1 dcx=0 dcy=0 stable=3
[20:45:39.553] [ARM] [JETSON_RX] vision dcx=0 dcy=0
[20:45:39.553] [ARM] [TARGET] vision state=OUTPUT enabled=1 dcx=0 dcy=0 stable=3
[20:45:39.739] [ARM] [JETSON_RX] vision dcx=0 dcy=0
[20:45:39.739] [ARM] [TARGET] vision state=OUTPUT enabled=1 dcx=0 dcy=0 stable=3
[20:45:39.990] [ARM] [JETSON_RX] vision dcx=0 dcy=0
[20:45:39.990] [ARM] [TARGET] vision state=OUTPUT enabled=1 dcx=0 dcy=0 stable=3
[20:45:40.177] [ARM] [JETSON_RX] vision dcx=0 dcy=0
[20:45:40.177] [ARM] [TARGET] vision state=OUTPUT enabled=1 dcx=0 dcy=0 stable=3
[20:45:40.366] [ARM] [JETSON_RX] vision dcx=0 dcy=0
[20:45:40.366] [ARM] [TARGET] vision state=OUTPUT enabled=1 dcx=0 dcy=0 stable=3
[20:45:40.551] [ARM] [JETSON_RX] vision dcx=0 dcy=0
[20:45:40.551] [ARM] [TARGET] vision state=OUTPUT enabled=1 dcx=0 dcy=0 stable=3
[20:45:40.739] [ARM] [JETSON_RX] vision dcx=0 dcy=0
[20:45:40.739] [ARM] [TARGET] vision state=OUTPUT enabled=1 dcx=0 dcy=0 stable=3
[20:45:40.989] [ARM] [JETSON_RX] vision dcx=0 dcy=0
[20:45:40.989] [ARM] [TARGET] vision state=OUTPUT enabled=1 dcx=0 dcy=0 stable=3
[20:45:41.176] [ARM] [JETSON_RX] vision dcx=0 dcy=0
[20:45:41.176] [ARM] [TARGET] vision state=OUTPUT enabled=1 dcx=0 dcy=0 stable=3
[20:45:41.361] [ARM] [JETSON_RX] vision dcx=0 dcy=0
[20:45:41.361] [ARM] [TARGET] vision state=OUTPUT enabled=1 dcx=0 dcy=0 stable=3
[20:45:41.548] [ARM] [JETSON_RX] vision dcx=0 dcy=0
[20:45:41.548] [ARM] [TARGET] vision state=OUTPUT enabled=1 dcx=0 dcy=0 stable=3
[20:45:41.736] [ARM] [JETSON_RX] vision dcx=0 dcy=0
[20:45:41.736] [ARM] [TARGET] vision state=OUTPUT enabled=1 dcx=0 dcy=0 stable=3
[20:45:41.982] [ARM] [JETSON_RX] vision dcx=0 dcy=0
[20:45:41.982] [ARM] [TARGET] vision state=OUTPUT enabled=1 dcx=0 dcy=0 stable=3
[20:45:42.168] [ARM] [JETSON_RX] vision dcx=0 dcy=0
[20:45:42.168] [ARM] [TARGET] vision state=OUTPUT enabled=1 dcx=0 dcy=0 stable=3
[20:45:42.358] [ARM] [JETSON_RX] vision dcx=0 dcy=0
[20:45:42.358] [ARM] [TARGET] vision state=OUTPUT enabled=1 dcx=0 dcy=0 stable=3
[20:45:42.544] [ARM] [JETSON_RX] vision dcx=0 dcy=0
[20:45:42.544] [ARM] [TARGET] vision state=OUTPUT enabled=1 dcx=0 dcy=0 stable=3
[20:45:42.794] [ARM] [JETSON_RX] vision dcx=0 dcy=0
[20:45:42.794] [ARM] [TARGET] vision state=OUTPUT enabled=1 dcx=0 dcy=0 stable=3
[20:45:42.982] [ARM] [JETSON_RX] vision dcx=0 dcy=0
[20:45:42.982] [ARM] [TARGET] vision state=OUTPUT enabled=1 dcx=0 dcy=0 stable=3
[20:45:43.169] [ARM] [JETSON_RX] vision dcx=0 dcy=0
[20:45:43.169] [ARM] [TARGET] vision state=OUTPUT enabled=1 dcx=0 dcy=0 stable=3
[20:45:43.356] [ARM] [JETSON_RX] vision dcx=0 dcy=0
[20:45:43.356] [ARM] [TARGET] vision state=OUTPUT enabled=1 dcx=0 dcy=0 stable=3
[20:45:43.604] [ARM] [JETSON_RX] vision dcx=0 dcy=0
[20:45:43.604] [ARM] [TARGET] vision state=OUTPUT enabled=1 dcx=0 dcy=0 stable=3
[20:45:43.792] [ARM] [JETSON_RX] vision dcx=0 dcy=0
[20:45:43.792] [ARM] [TARGET] vision state=OUTPUT enabled=1 dcx=0 dcy=0 stable=3
[20:45:43.978] [ARM] [JETSON_RX] vision dcx=0 dcy=0
[20:45:43.978] [ARM] [TARGET] vision state=OUTPUT enabled=1 dcx=0 dcy=0 stable=3
[20:45:44.164] [ARM] [JETSON_RX] vision dcx=0 dcy=0
[20:45:44.164] [ARM] [TARGET] vision state=OUTPUT enabled=1 dcx=0 dcy=0 stable=3
[20:45:44.350] [ARM] [JETSON_RX] vision dcx=0 dcy=0
[20:45:44.350] [ARM] [TARGET] vision state=OUTPUT enabled=1 dcx=0 dcy=0 stable=3
[20:45:44.601] [ARM] [JETSON_RX] vision dcx=0 dcy=0
[20:45:44.601] [ARM] [TARGET] vision state=OUTPUT enabled=1 dcx=0 dcy=0 stable=3
[20:45:44.695] [JETSON-RX] CC 03 00 DD
[20:45:44.695] [JETSON-STATUS] OUTPUT_OFF func=0x03 value=0x00
[20:45:44.695] [JETSON-TX] vision sender disabled after 64 frames.
[20:45:44.695] [JETSON-TX] TARGET_CTRL STOP: AA 01 00 BB
[20:45:44.726] [ARM] [JETSON_RX] target_ctrl=0
[20:45:44.772] [JETSON-RX] CC 04 00 DD
[20:45:44.772] [JETSON-STATUS] TARGET_CTRL_OFF func=0x04 value=0x00
[20:45:44.972] [ARM-TX] laser_off
[20:45:45.033] [ARM] Found handler for 'laser_off', executing...
[20:45:45.033] [ARM] laser_off
[20:45:45.173] [STEP] final soft_reset to HOME...
[20:45:45.173] [ARM-TX] soft_reset
[20:45:45.218] [ARM] Found handler for 'soft_reset', executing...
[20:45:45.218] [ARM] ROBOT_SOFT_RESET_EVENT
[20:45:45.218] [ARM] --- Starting soft reset ---
[20:45:45.406] [ARM] Soft reset motors enabled (J1~J5, J6 skipped).
[20:45:45.406] [ARM] Soft resetting joint 4...
[20:45:45.469] [ARM] robot_update_current_angle 4...
[20:45:45.469] [ARM] [4] current:89.87, target:90.00, dir:1
[20:45:45.596] [ARM] Soft resetting joint 3...
[20:45:45.596] [ARM] robot_update_current_angle 3...
[20:45:45.596] [ARM] [3] current:-3.42, target:0.00, dir:1
[20:45:46.280] [ARM] Soft resetting joint 1...
[20:45:46.280] [ARM] robot_update_current_angle 1...
[20:45:46.280] [ARM] [1] current:107.72, target:90.00, dir:-1
[20:45:47.901] [ARM] soft reset joint 1 settle timeout, keep going
[20:45:47.901] [ARM] Soft resetting joint 2...
[20:45:47.962] [ARM] robot_update_current_angle 2...
[20:45:47.962] [ARM] [2] current:-72.18, target:-90.00, dir:-1
[20:45:49.648] [ARM] soft reset joint 2 settle timeout, keep going
[20:45:49.648] [ARM] Soft resetting joint 0...
[20:45:49.648] [ARM] robot_update_current_angle 0...
[20:45:49.648] [ARM] [0] current:93.26, target:90.00, dir:-1
[20:45:50.334] [ARM] soft reset final verify PASS (issues:2), pose set HOME.
[20:45:50.334] [DONE] final soft_reset PASS; robot returned HOME.
[20:45:50.334] [DONE] OUTPUT_OFF received; target disabled; demo sequence complete.
[20:45:50.334] [JETSON-TX] TARGET_CTRL STOP: AA 01 00 BB
[20:45:50.336] [ARM-TX] laser_off
[20:45:50.397] [ARM] Found handler for 'laser_off', executing...
[20:45:50.397] [ARM] laser_off
[20:45:50.397] [ARM] [JETSON_RX] target_ctrl=0
[20:45:50.413] [JETSON-RX] CC 04 00 DD
[20:45:50.413] [JETSON-STATUS] TARGET_CTRL_OFF func=0x04 value=0x00
[20:45:50.541] [INFO] ports closed.
