[20:23:46.959] [INFO] log file: E:\Renesas\RA6M5-Robot\Robot_FreeRTOS - Arm\DEBUG\target_state_demo_20260630_202346.log
[20:23:46.959] [INFO] ARM=COM7 JETSON=COM14 baud=115200
[20:23:46.959] [INFO] start frame: AA 01 01 BB
[20:23:46.959] [INFO] stop frame: AA 01 00 BB
[20:23:46.959] [INFO] vision sequence: (120,-70)/2.0s -> (60,-35)/2.0s -> (20,-10)/1.0s -> (0,0)/0.0s
[20:23:47.464] [JETSON-TX] TARGET_CTRL STOP: AA 01 00 BB
[20:23:47.514] [ARM] [JETSON_RX] target_ctrl=0
[20:23:47.529] [JETSON-RX] CC 04 00 DD
[20:23:47.529] [JETSON-STATUS] TARGET_CTRL_OFF func=0x04 value=0x00
[20:23:47.730] [ARM-TX] laser_off
[20:23:47.763] [ARM] Found handler for 'laser_off', executing...
[20:23:47.765] [ARM] laser_off
[20:23:47.931] [ARM-TX] soft_reset
[20:23:47.950] [ARM] Found handler for 'soft_reset', executing...
[20:23:47.950] [ARM] ROBOT_SOFT_RESET_EVENT
[20:23:47.950] [ARM] --- Starting soft reset ---
[20:23:48.199] [ARM] Soft reset motors enabled (J1~J5, J6 skipped).
[20:23:48.199] [ARM] Soft resetting joint 4...
[20:23:48.199] [ARM] robot_update_current_angle 4...
[20:23:48.199] [ARM] [4] current:90.00, target:90.00, dir:-1
[20:23:48.323] [ARM] Soft resetting joint 3...
[20:23:48.385] [ARM] robot_update_current_angle 3...
[20:23:48.385] [ARM] [3] current:-0.00, target:0.00, dir:1
[20:23:48.448] [ARM] Soft resetting joint 1...
[20:23:48.510] [ARM] robot_update_current_angle 1...
[20:23:48.510] [ARM] [1] current:90.00, target:90.00, dir:-1
[20:23:48.635] [ARM] Soft resetting joint 2...
[20:23:48.635] [ARM] robot_update_current_angle 2...
[20:23:48.635] [ARM] [2] current:-90.00, target:-90.00, dir:-1
[20:23:48.760] [ARM] Soft resetting joint 0...
[20:23:48.822] [ARM] robot_update_current_angle 0...
[20:23:48.822] [ARM] [0] current:90.00, target:90.00, dir:1
[20:23:49.011] [ARM] soft reset final verify PASS (issues:0), pose set HOME.
[20:23:49.011] [JETSON-TX] TARGET_CTRL START: AA 01 01 BB
[20:23:49.053] [ARM] [JETSON_RX] target_ctrl=1
[20:23:49.053] [ARM] ROBOT_AUTO_EVENT
[20:23:49.053] [ARM] [0] <0.00 0.00 0.00> result: 90.00 90.00 -90.00 0.00 90.00 0.00 
[20:23:49.053] [ARM] [1] <0.00 -0.00 -0.00> result: 90.00 90.00 -90.00 0.00 90.00 0.00 
[20:23:49.053] [ARM] [2] <0.00 -0.00 -0.00> result: 90.00 90.00 -90.00 0.00 90.00 0.00 
[20:23:49.074] [JETSON-RX] CC 04 01 DD
[20:23:49.074] [JETSON-STATUS] TARGET_CTRL_ON func=0x04 value=0x01
[20:23:49.074] [STEP] waiting READY from RA6...
[20:23:49.074] [ARM] [3] <0.00 -0.01 -0.00> result: 90.00 90.00 -90.00 0.00 90.00 0.00 
[20:23:49.074] [ARM] [4] <0.00 -0.02 -0.00> result: 90.00 90.01 -90.00 0.00 90.00 0.00 
[20:23:49.074] [ARM] [5] <0.00 -0.03 -0.00> result: 90.00 90.01 -89.99 0.00 90.00 0.00 
[20:23:49.074] [ARM] [6] <0.00 -0.05 -0.00> result: 90.00 90.02 -89.99 0.00 90.00 0.00 
[20:23:49.097] [ARM] [7] <0.00 -0.07 -0.00> result: 90.00 90.02 -89.98 0.00 90.00 0.00 
[20:23:49.097] [ARM] [8] <0.00 -0.11 -0.00> result: 90.00 90.03 -89.97 0.00 90.00 0.00 
[20:23:49.097] [ARM] [9] <0.00 -0.15 -0.00> result: 90.00 90.05 -89.96 0.00 90.00 0.00 
[20:23:49.119] [ARM] [10] <0.00 -0.20 -0.01> result: 90.00 90.06 -89.94 0.00 90.01 0.00 
[20:23:49.119] [ARM] [11] <0.00 -0.27 -0.01> result: 90.00 90.08 -89.92 0.00 90.01 0.00 
[20:23:49.119] [ARM] [12] <0.00 -0.34 -0.01> result: 90.00 90.11 -89.90 0.00 90.01 0.00 
[20:23:49.119] [ARM] [13] <0.00 -0.43 -0.01> result: 90.00 90.14 -89.88 0.00 90.01 0.00 
[20:23:49.142] [ARM] [14] <0.00 -0.54 -0.01> result: 90.00 90.17 -89.85 0.00 90.02 0.00 
[20:23:49.142] [ARM] [15] <0.00 -0.65 -0.02> result: 90.00 90.20 -89.81 0.00 90.02 0.00 
[20:23:49.142] [ARM] [16] <0.00 -0.79 -0.02> result: 90.00 90.25 -89.78 0.00 90.02 0.00 
[20:23:49.142] [ARM] [17] <0.00 -0.94 -0.02> result: 90.00 90.29 -89.73 0.00 90.03 0.00 
[20:23:49.165] [ARM] [18] <0.00 -1.10 -0.03> result: 90.00 90.34 -89.69 0.00 90.03 0.00 
[20:23:49.165] [ARM] [19] <0.00 -1.29 -0.03> result: 90.00 90.40 -89.63 0.00 90.03 0.00 
[20:23:49.165] [ARM] [20] <0.00 -1.49 -0.04> result: 90.00 90.46 -89.57 0.00 90.04 0.00 
[20:23:49.165] [ARM] [21] <0.00 -1.72 -0.04> result: 90.00 90.53 -89.51 0.00 90.04 0.00 
[20:23:49.189] [ARM] [22] <0.00 -1.97 -0.05> result: 90.00 90.61 -89.44 0.00 90.05 0.00 
[20:23:49.189] [ARM] [23] <0.00 -2.23 -0.06> result: 90.00 90.69 -89.36 0.00 90.05 0.00 
[20:23:49.189] [ARM] [24] <0.00 -2.52 -0.06> result: 90.00 90.77 -89.28 0.00 90.05 0.00 
[20:23:49.222] [ARM] [25] <0.00 -2.84 -0.07> result: 90.00 90.87 -89.19 0.00 90.06 0.00 
[20:23:49.222] [ARM] [26] <0.00 -3.17 -0.08> result: 90.00 90.97 -89.10 0.00 90.06 0.00 
[20:23:49.222] [ARM] [27] <0.00 -3.53 -0.09> result: 90.00 91.07 -88.99 0.00 90.06 0.00 
[20:23:49.223] [ARM] [28] <0.00 -3.92 -0.10> result: 90.00 91.18 -88.88 0.00 90.07 0.00 
[20:23:49.245] [ARM] [29] <0.00 -4.33 -0.11> result: 90.00 91.30 -88.76 0.00 90.07 0.00 
[20:23:49.245] [ARM] [30] <0.00 -4.77 -0.12> result: 90.00 91.43 -88.64 0.00 90.07 0.00 
[20:23:49.245] [ARM] [31] <0.00 -5.23 -0.13> result: 90.00 91.56 -88.51 0.00 90.07 0.00 
[20:23:49.245] [ARM] [32] <0.00 -5.72 -0.14> result: 90.00 91.70 -88.37 0.00 90.07 0.00 
[20:23:49.268] [ARM] [33] <0.00 -6.24 -0.16> result: 90.00 91.85 -88.22 0.00 90.06 0.00 
[20:23:49.268] [ARM] [34] <0.00 -6.79 -0.17> result: 90.00 92.00 -88.06 0.00 90.06 0.00 
[20:23:49.268] [ARM] [35] <0.00 -7.36 -0.18> result: 90.00 92.16 -87.89 0.00 90.05 0.00 
[20:23:49.268] [ARM] [36] <0.00 -7.96 -0.20> result: 90.00 92.32 -87.72 0.00 90.04 0.00 
[20:23:49.292] [ARM] [37] <0.00 -8.60 -0.21> result: 90.00 92.49 -87.54 0.00 90.03 0.00 
[20:23:49.292] [ARM] [38] <0.00 -9.26 -0.23> result: 90.00 92.67 -87.35 0.00 90.02 0.00 
[20:23:49.292] [ARM] [39] <0.00 -9.95 -0.25> result: 90.00 92.85 -87.15 0.00 90.00 0.00 
[20:23:49.315] [ARM] [40] <0.00 -10.67 -0.27> result: 90.00 93.04 -86.94 0.00 89.98 0.00 
[20:23:49.315] [ARM] [41] <0.00 -11.42 -0.29> result: 90.00 93.24 -86.72 0.00 89.96 0.00 
[20:23:49.315] [ARM] [42] <0.00 -12.20 -0.30> result: 90.00 93.44 -86.50 0.00 89.93 0.00 
[20:23:49.315] [ARM] [43] <0.00 -13.01 -0.33> result: 90.00 93.64 -86.26 0.00 89.91 0.00 
[20:23:49.337] [ARM] [44] <0.00 -13.85 -0.35> result: 90.00 93.85 -86.02 0.00 89.87 0.00 
[20:23:49.337] [ARM] [45] <0.00 -14.72 -0.37> result: 90.00 94.07 -85.77 0.00 89.84 0.00 
[20:23:49.337] [ARM] [46] <0.00 -15.62 -0.39> result: 90.00 94.29 -85.51 0.00 89.80 0.00 
[20:23:49.337] [ARM] [47] <0.00 -16.55 -0.41> result: 90.00 94.52 -85.24 0.00 89.75 0.00 
[20:23:49.360] [ARM] [48] <0.00 -17.51 -0.44> result: 90.00 94.75 -84.96 0.00 89.70 0.00 
[20:23:49.360] [ARM] [49] <0.00 -18.49 -0.46> result: 90.00 94.98 -84.67 0.00 89.65 0.00 
[20:23:49.360] [ARM] [50] <0.00 -19.51 -0.49> result: 90.00 95.22 -84.37 0.00 89.59 0.00 
[20:23:49.360] [ARM] [51] <0.00 -20.56 -0.51> result: 90.00 95.47 -84.06 0.00 89.53 0.00 
[20:23:49.383] [ARM] [52] <0.00 -21.64 -0.54> result: 90.00 95.71 -83.75 0.00 89.46 0.00 
[20:23:49.383] [ARM] [53] <0.00 -22.74 -0.57> result: 90.00 95.97 -83.43 0.00 89.39 0.00 
[20:23:49.383] [ARM] [54] <0.00 -23.88 -0.60> result: 90.00 96.22 -83.09 0.00 89.32 0.00 
[20:23:49.417] [ARM] [55] <0.00 -25.04 -0.63> result: 90.00 96.48 -82.75 0.00 89.23 0.00 
[20:23:49.417] [ARM] [56] <0.00 -26.23 -0.66> result: 90.00 96.74 -82.40 0.00 89.15 0.00 
[20:23:49.417] [ARM] [57] <0.00 -27.44 -0.69> result: 90.00 97.01 -82.05 0.00 89.06 0.00 
[20:23:49.417] [ARM] [58] <0.00 -28.68 -0.72> result: 90.00 97.28 -81.68 0.00 88.96 0.00 
[20:23:49.440] [ARM] [59] <0.00 -29.95 -0.75> result: 90.00 97.55 -81.31 0.00 88.86 0.00 
[20:23:49.440] [ARM] [60] <0.00 -31.25 -0.78> result: 90.00 97.83 -80.92 0.00 88.75 0.00 
[20:23:49.440] [ARM] [61] <0.00 -32.57 -0.81> result: 90.00 98.10 -80.53 0.00 88.64 0.00 
[20:23:49.440] [ARM] [62] <0.00 -33.91 -0.85> result: 90.00 98.39 -80.14 0.00 88.52 0.00 
[20:23:49.464] [ARM] [63] <0.00 -35.28 -0.88> result: 90.00 98.67 -79.73 0.00 88.40 0.00 
[20:23:49.464] [ARM] [64] <0.00 -36.67 -0.92> result: 90.00 98.95 -79.32 0.00 88.27 0.00 
[20:23:49.464] [ARM] [65] <0.00 -38.08 -0.95> result: 90.00 99.24 -78.90 0.00 88.14 0.00 
[20:23:49.486] [ARM] [66] <0.00 -39.51 -0.99> result: 90.00 99.53 -78.47 0.00 88.00 0.00 
[20:23:49.486] [ARM] [67] <0.00 -40.97 -1.02> result: 90.00 99.82 -78.04 0.00 87.86 0.00 
[20:23:49.486] [ARM] [68] <0.00 -42.44 -1.06> result: 90.00 100.11 -77.60 0.00 87.71 0.00 
[20:23:49.487] [ARM] [69] <0.00 -43.94 -1.10> result: 90.00 100.41 -77.15 0.00 87.56 0.00 
[20:23:49.510] [ARM] [70] <0.00 -45.45 -1.14> result: 90.00 100.70 -76.70 0.00 87.41 0.00 
[20:23:49.510] [ARM] [71] <0.00 -46.98 -1.17> result: 90.00 101.00 -76.24 0.00 87.25 0.00 
[20:23:49.510] [ARM] [72] <0.00 -48.53 -1.21> result: 90.00 101.30 -75.78 0.00 87.08 0.00 
[20:23:49.510] [ARM] [73] <0.00 -50.09 -1.25> result: 90.00 101.60 -75.31 0.00 86.91 0.00 
[20:23:49.533] [ARM] [74] <0.00 -51.67 -1.29> result: 90.00 101.90 -74.84 0.00 86.74 0.00 
[20:23:49.533] [ARM] [75] <0.00 -53.26 -1.33> result: 90.00 102.20 -74.36 0.00 86.56 0.00 
[20:23:49.533] [ARM] [76] <0.00 -54.86 -1.37> result: 90.00 102.51 -73.87 0.00 86.38 0.00 
[20:23:49.556] [ARM] [77] <0.00 -56.48 -1.41> result: 90.00 102.81 -73.39 0.00 86.20 0.00 
[20:23:49.556] [ARM] [78] <0.00 -58.11 -1.45> result: 90.00 103.11 -72.89 0.00 86.01 0.00 
[20:23:49.556] [ARM] [79] <0.00 -59.75 -1.49> result: 90.00 103.42 -72.40 0.00 85.82 0.00 
[20:23:49.556] [ARM] [80] <0.00 -60.00 -1.50> result: 90.00 103.47 -72.32 0.00 85.79 0.00 
[20:23:49.589] [ARM] [81] <0.00 -60.00 -1.50> result: 90.00 103.47 -72.32 0.00 85.79 0.00 
[20:23:49.589] [ARM] [82] <0.00 -60.00 -1.50> result: 90.00 103.47 -72.32 0.00 85.79 0.00 
[20:23:49.589] [ARM] [83] <0.00 -60.00 -1.50> result: 90.00 103.47 -72.32 0.00 85.79 0.00 
[20:23:49.590] [ARM] [84] <0.00 -60.00 -1.50> result: 90.00 103.47 -72.32 0.00 85.79 0.00 
[20:23:49.612] [ARM] [85] <0.00 -60.00 -1.50> result: 90.00 103.47 -72.32 0.00 85.79 0.00 
[20:23:49.612] [ARM] [86] <0.00 -60.00 -1.50> result: 90.00 103.47 -72.32 0.00 85.79 0.00 
[20:23:49.612] [ARM] [87] <0.00 -60.00 -1.50> result: 90.00 103.47 -72.32 0.00 85.79 0.00 
[20:23:49.635] [ARM] [88] <0.00 -60.00 -1.50> result: 90.00 103.47 -72.32 0.00 85.79 0.00 
[20:23:49.635] [ARM] [89] <0.00 -60.00 -1.50> result: 90.00 103.47 -72.32 0.00 85.79 0.00 
[20:23:49.635] [ARM] [90] <0.00 -60.00 -1.50> result: 90.00 103.47 -72.32 0.00 85.79 0.00 
[20:23:49.635] [ARM] [91] <0.00 -60.00 -1.50> result: 90.00 103.47 -72.32 0.00 85.79 0.00 
[20:23:49.658] [ARM] [92] <0.00 -60.00 -1.50> result: 90.00 103.47 -72.32 0.00 85.79 0.00 
[20:23:49.658] [ARM] [93] <0.00 -60.00 -1.50> result: 90.00 103.47 -72.32 0.00 85.79 0.00 
[20:23:49.658] [ARM] [94] <0.00 -60.00 -1.50> result: 90.00 103.47 -72.32 0.00 85.79 0.00 
[20:23:49.658] [ARM] [95] <0.00 -60.00 -1.50> result: 90.00 103.47 -72.32 0.00 85.79 0.00 
[20:23:49.683] [ARM] [96] <0.00 -60.00 -1.50> result: 90.00 103.47 -72.32 0.00 85.79 0.00 
[20:23:49.683] [ARM] [97] <0.00 -60.00 -1.50> result: 90.00 103.47 -72.32 0.00 85.79 0.00 
[20:23:49.683] [ARM] [98] <0.00 -60.00 -1.50> result: 90.00 103.47 -72.32 0.00 85.79 0.00 
[20:23:49.705] [ARM] [99] <0.00 -60.00 -1.50> result: 90.00 103.47 -72.32 0.00 85.79 0.00 
[20:23:49.705] [ARM] [100] <0.00 -60.00 -1.50> result: 90.00 103.47 -72.32 0.00 85.79 0.00 
[20:23:49.705] [ARM] [101] <0.00 -60.00 -1.50> result: 90.00 103.47 -72.32 0.00 85.79 0.00 
[20:23:49.705] [ARM] [102] <0.00 -60.00 -1.50> result: 90.00 103.47 -72.32 0.00 85.79 0.00 
[20:23:49.726] [ARM] [103] <0.00 -60.00 -1.50> result: 90.00 103.47 -72.32 0.00 85.79 0.00 
[20:23:49.728] [ARM] [104] <0.00 -60.00 -1.50> result: 90.00 103.47 -72.32 0.00 85.79 0.00 
[20:23:49.728] [ARM] [105] <0.00 -60.00 -1.50> result: 90.00 103.47 -72.32 0.00 85.79 0.00 
[20:23:49.728] [ARM] [106] <0.00 -60.00 -1.50> result: 90.00 103.47 -72.32 0.00 85.79 0.00 
[20:23:49.751] [ARM] [107] <0.00 -60.00 -1.50> result: 90.00 103.47 -72.32 0.00 85.79 0.00 
[20:23:49.751] [ARM] [108] <0.00 -60.00 -1.50> result: 90.00 103.47 -72.32 0.00 85.79 0.00 
[20:23:49.751] [ARM] [109] <0.00 -60.00 -1.50> result: 90.00 103.47 -72.32 0.00 85.79 0.00 
[20:23:49.784] [ARM] [110] <0.00 -60.00 -1.50> result: 90.00 103.47 -72.32 0.00 85.79 0.00 
[20:23:49.784] [ARM] [111] <0.00 -60.00 -1.50> result: 90.00 103.47 -72.32 0.00 85.79 0.00 
[20:23:49.785] [ARM] [112] <0.00 -60.00 -1.50> result: 90.00 103.47 -72.32 0.00 85.79 0.00 
[20:23:49.785] [ARM] [113] <0.00 -60.00 -1.50> result: 90.00 103.47 -72.32 0.00 85.79 0.00 
[20:23:49.807] [ARM] [114] <0.00 -60.00 -1.50> result: 90.00 103.47 -72.32 0.00 85.79 0.00 
[20:23:49.808] [ARM] [115] <0.00 -60.00 -1.50> result: 90.00 103.47 -72.32 0.00 85.79 0.00 
[20:23:49.808] [ARM] [116] <0.00 -60.00 -1.50> result: 90.00 103.47 -72.32 0.00 85.79 0.00 
[20:23:49.830] [ARM] [117] <0.00 -60.00 -1.50> result: 90.00 103.47 -72.32 0.00 85.79 0.00 
[20:23:49.831] [ARM] [118] <0.00 -60.00 -1.50> result: 90.00 103.47 -72.32 0.00 85.79 0.00 
[20:23:49.831] [ARM] [119] <0.00 -60.00 -1.50> result: 90.00 103.47 -72.32 0.00 85.79 0.00 
[20:23:49.831] [ARM] [120] <0.00 -60.00 -1.50> result: 90.00 103.47 -72.32 0.00 85.79 0.00 
[20:23:49.853] [ARM] [121] <0.00 -60.00 -1.50> result: 90.00 103.47 -72.32 0.00 85.79 0.00 
[20:23:49.853] [ARM] [122] <0.00 -60.00 -1.50> result: 90.00 103.47 -72.32 0.00 85.79 0.00 
[20:23:49.853] [ARM] [123] <0.00 -60.00 -1.50> result: 90.00 103.47 -72.32 0.00 85.79 0.00 
[20:23:49.853] [ARM] [124] <0.00 -60.00 -1.50> result: 90.00 103.47 -72.32 0.00 85.79 0.00 
[20:23:49.877] [ARM] [125] <0.00 -60.00 -1.50> result: 90.00 103.47 -72.32 0.00 85.79 0.00 
[20:23:49.877] [ARM] [126] <0.00 -60.00 -1.50> result: 90.00 103.47 -72.32 0.00 85.79 0.00 
[20:23:49.877] [ARM] [127] <0.00 -60.00 -1.50> result: 90.00 103.47 -72.32 0.00 85.79 0.00 
[20:23:49.900] [ARM] [128] <0.00 -60.00 -1.50> result: 90.00 103.47 -72.32 0.00 85.79 0.00 
[20:23:49.900] [ARM] [129] <0.00 -60.00 -1.50> result: 90.00 103.47 -72.32 0.00 85.79 0.00 
[20:23:49.900] [ARM] [130] <0.00 -60.00 -1.50> result: 90.00 103.47 -72.32 0.00 85.79 0.00 
[20:23:49.900] [ARM] [131] <0.00 -60.00 -1.50> result: 90.00 103.47 -72.32 0.00 85.79 0.00 
[20:23:49.925] [ARM] [132] <0.00 -60.00 -1.50> result: 90.00 103.47 -72.32 0.00 85.79 0.00 
[20:23:49.925] [ARM] [133] <0.00 -60.00 -1.50> result: 90.00 103.47 -72.32 0.00 85.79 0.00 
[20:23:49.926] [ARM] [134] <0.00 -60.00 -1.50> result: 90.00 103.47 -72.32 0.00 85.79 0.00 
[20:23:49.956] [ARM] [135] <0.00 -60.00 -1.50> result: 90.00 103.47 -72.32 0.00 85.79 0.00 
[20:23:49.957] [ARM] [136] <0.00 -60.00 -1.50> result: 90.00 103.47 -72.32 0.00 85.79 0.00 
[20:23:49.957] [ARM] [137] <0.00 -60.00 -1.50> result: 90.00 103.47 -72.32 0.00 85.79 0.00 
[20:23:49.957] [ARM] [138] <0.00 -60.00 -1.50> result: 90.00 103.47 -72.32 0.00 85.79 0.00 
[20:23:49.980] [ARM] [139] <0.00 -60.00 -1.50> result: 90.00 103.47 -72.32 0.00 85.79 0.00 
[20:23:49.980] [ARM] [140] <0.00 -60.00 -1.50> result: 90.00 103.47 -72.32 0.00 85.79 0.00 
[20:23:49.980] [ARM] [141] <0.00 -60.00 -1.50> result: 90.00 103.47 -72.32 0.00 85.79 0.00 
[20:23:49.980] [ARM] [142] <0.00 -60.00 -1.50> result: 90.00 103.47 -72.32 0.00 85.79 0.00 
[20:23:50.004] [ARM] [143] <0.00 -60.00 -1.50> result: 90.00 103.47 -72.32 0.00 85.79 0.00 
[20:23:50.004] [ARM] [144] <0.00 -60.00 -1.50> result: 90.00 103.47 -72.32 0.00 85.79 0.00 
[20:23:50.004] [ARM] [145] <0.00 -60.00 -1.50> result: 90.00 103.47 -72.32 0.00 85.79 0.00 
[20:23:50.029] [ARM] [146] <0.00 -60.00 -1.50> result: 90.00 103.47 -72.32 0.00 85.79 0.00 
[20:23:50.029] [ARM] [147] <0.00 -60.00 -1.50> result: 90.00 103.47 -72.32 0.00 85.79 0.00 
[20:23:50.029] [ARM] [148] <0.00 -60.00 -1.50> result: 90.00 103.47 -72.32 0.00 85.79 0.00 
[20:23:50.029] [ARM] [149] <0.00 -60.00 -1.50> result: 90.00 103.47 -72.32 0.00 85.79 0.00 
[20:23:50.049] [ARM] [150] <0.00 -60.00 -1.50> result: 90.00 103.47 -72.32 0.00 85.79 0.00 
[20:23:50.049] [ARM] [151] <0.00 -60.00 -1.50> result: 90.00 103.47 -72.32 0.00 85.79 0.00 
[20:23:50.049] [ARM] [152] <0.00 -60.00 -1.50> result: 90.00 103.47 -72.32 0.00 85.79 0.00 
[20:23:50.071] [ARM] [153] <0.00 -60.00 -1.50> result: 90.00 103.47 -72.32 0.00 85.79 0.00 
[20:23:50.071] [ARM] [154] <0.00 -60.00 -1.50> result: 90.00 103.47 -72.32 0.00 85.79 0.00 
[20:23:50.071] [ARM] [155] <0.00 -60.00 -1.50> result: 90.00 103.47 -72.32 0.00 85.79 0.00 
[20:23:50.071] [ARM] [156] <0.00 -60.00 -1.50> result: 90.00 103.47 -72.32 0.00 85.79 0.00 
[20:23:50.094] [ARM] [157] <0.00 -60.00 -1.50> result: 90.00 103.47 -72.32 0.00 85.79 0.00 
[20:23:50.095] [ARM] [158] <0.00 -60.00 -1.50> result: 90.00 103.47 -72.32 0.00 85.79 0.00 
[20:23:50.095] [ARM] [159] <0.00 -60.00 -1.50> result: 90.00 103.47 -72.32 0.00 85.79 0.00 
[20:23:50.095] [ARM] [160] <0.00 -60.00 -1.50> result: 90.00 103.47 -72.32 0.00 85.79 0.00 
[20:23:50.118] [ARM] [161] <0.00 -60.00 -1.50> result: 90.00 103.47 -72.32 0.00 85.79 0.00 
[20:23:50.118] [ARM] [162] <0.00 -60.00 -1.50> result: 90.00 103.47 -72.32 0.00 85.79 0.00 
[20:23:50.118] [ARM] [163] <0.00 -60.00 -1.50> result: 90.00 103.47 -72.32 0.00 85.79 0.00 
[20:23:50.152] [ARM] [164] <0.00 -60.00 -1.50> result: 90.00 103.47 -72.32 0.00 85.79 0.00 
[20:23:50.152] [ARM] [165] <0.00 -60.00 -1.50> result: 90.00 103.47 -72.32 0.00 85.79 0.00 
[20:23:50.152] [ARM] [166] <0.00 -60.00 -1.50> result: 90.00 103.47 -72.32 0.00 85.79 0.00 
[20:23:50.152] [ARM] [167] <0.00 -60.00 -1.50> result: 90.00 103.47 -72.32 0.00 85.79 0.00 
[20:23:50.175] [ARM] [168] <0.00 -60.00 -1.50> result: 90.00 103.47 -72.32 0.00 85.79 0.00 
[20:23:50.175] [ARM] [169] <0.00 -60.00 -1.50> result: 90.00 103.47 -72.32 0.00 85.79 0.00 
[20:23:50.175] [ARM] [170] <0.00 -60.00 -1.50> result: 90.00 103.47 -72.32 0.00 85.79 0.00 
[20:23:50.198] [ARM] [171] <0.00 -60.00 -1.50> result: 90.00 103.47 -72.32 0.00 85.79 0.00 
[20:23:50.198] [ARM] [172] <0.00 -60.00 -1.50> result: 90.00 103.47 -72.32 0.00 85.79 0.00 
[20:23:50.198] [ARM] [173] <0.00 -60.00 -1.50> result: 90.00 103.47 -72.32 0.00 85.79 0.00 
[20:23:50.198] [ARM] [174] <0.00 -60.00 -1.50> result: 90.00 103.47 -72.32 0.00 85.79 0.00 
[20:23:50.257] [ARM] [175] <0.00 -60.00 -1.50> result: 90.00 103.47 -72.32 0.00 85.79 0.00 
[20:23:50.257] [ARM] [176] <0.00 -60.00 -1.50> result: 90.00 103.47 -72.32 0.00 85.79 0.00 
[20:23:52.132] [JETSON-RX] CC 01 01 DD
[20:23:52.132] [ARM] [jpint 1] ave_error:0.00
[20:23:52.132] [ARM] [jpint 2] ave_error:4.00
[20:23:52.132] [JETSON-STATUS] READY func=0x01 value=0x01
[20:23:52.132] [ARM] [jpint 3] ave_error:5.58
[20:23:52.132] [JETSON-TX] vision sender enabled: period=0.200s.
[20:23:52.132] [ARM] [jpint 4] ave_error:0.00
[20:23:52.132] [ARM] [jpint 5] ave_error:6.10
[20:23:52.132] [STEP] sending vision sequence (120,-70)/2.0s -> (60,-35)/2.0s -> (20,-10)/1.0s -> (0,0)/0.0s, waiting ALIGN_DONE...
[20:23:52.132] [ARM] 
[20:23:52.132] [ARM] robot pid run finished!!
[20:23:52.174] [JETSON-TX] vision step 1/4: dcx=120 dcy=-70 hold=2.0s frame=FF 05 03 78 00 BA FF 39 FE
[20:23:52.194] [ARM] [JETSON_RX] vision dcx=120 dcy=-70
[20:23:52.194] [ARM] [TARGET] vision state=WAIT_DETECT enabled=1 dcx=120 dcy=-70 stable=0
[20:23:52.233] [ARM] ROBOT_AUTO_EVENT
[20:23:52.233] [ARM] [0] <0.00 -60.00 -1.50> result: 90.00 103.47 -72.32 0.00 85.79 0.00 
[20:23:52.233] [ARM] [1] <0.00 -60.00 -1.50> result: 90.00 103.47 -72.32 -0.00 85.79 0.00 
[20:23:52.233] [ARM] [2] <0.01 -60.00 -1.51> result: 90.00 103.47 -72.32 -0.00 85.79 0.00 
[20:23:52.256] [ARM] [3] <0.02 -60.00 -1.52> result: 90.01 103.48 -72.32 -0.01 85.80 0.00 
[20:23:52.256] [ARM] [4] <0.05 -60.00 -1.55> result: 90.02 103.49 -72.32 -0.02 85.81 0.00 
[20:23:52.256] [ARM] [5] <0.08 -60.00 -1.58> result: 90.04 103.51 -72.32 -0.04 85.83 0.00 
[20:23:52.256] [ARM] [6] <0.14 -60.00 -1.64> result: 90.07 103.54 -72.33 -0.07 85.86 0.00 
[20:23:52.281] [ARM] [7] <0.21 -60.00 -1.71> result: 90.11 103.57 -72.33 -0.11 85.90 0.00 
[20:23:52.281] [ARM] [8] <0.29 -60.00 -1.79> result: 90.16 103.62 -72.33 -0.16 85.95 0.00 
[20:23:52.281] [ARM] [9] <0.40 -60.00 -1.90> result: 90.21 103.67 -72.34 -0.22 86.01 0.00 
[20:23:52.301] [ARM] [10] <0.53 -60.00 -2.03> result: 90.28 103.74 -72.34 -0.28 86.08 0.00 
[20:23:52.301] [ARM] [11] <0.68 -60.00 -2.18> result: 90.36 103.82 -72.35 -0.36 86.16 0.00 
[20:23:52.301] [ARM] [12] <0.86 -60.00 -2.36> result: 90.46 103.90 -72.35 -0.46 86.26 0.00 
[20:23:52.301] [ARM] [13] <1.05 -60.00 -2.55> result: 90.56 104.00 -72.36 -0.56 86.36 0.00 
[20:23:52.324] [ARM] [14] <1.26 -60.00 -2.76> result: 90.67 104.11 -72.37 -0.67 86.48 0.00 
[20:23:52.324] [ARM] [15] <1.49 -60.00 -2.99> result: 90.79 104.23 -72.37 -0.79 86.60 0.00 
[20:23:52.324] [ARM] [16] <1.74 -60.00 -3.24> result: 90.92 104.36 -72.38 -0.93 86.74 0.00 
[20:23:52.349] [ARM] [17] <2.00 -60.00 -3.50> result: 91.06 104.49 -72.39 -1.06 86.88 0.00 
[20:23:52.349] [ARM] [18] <2.27 -60.00 -3.77> result: 91.21 104.63 -72.40 -1.21 87.03 0.00 
[20:23:52.349] [ARM] [19] <2.50 -60.00 -4.00> result: 91.33 104.75 -72.40 -1.33 87.15 0.00 
[20:23:52.349] [ARM] [20] <2.50 -60.00 -4.00> result: 91.33 104.75 -72.40 -1.33 87.15 0.00 
[20:23:52.371] [ARM] [21] <2.50 -60.00 -4.00> result: 91.33 104.75 -72.40 -1.33 87.15 0.00 
[20:23:52.372] [ARM] [22] <2.50 -60.00 -4.00> result: 91.33 104.75 -72.40 -1.33 87.15 0.00 
[20:23:52.372] [ARM] [23] <2.50 -60.00 -4.00> result: 91.33 104.75 -72.40 -1.33 87.15 0.00 
[20:23:52.372] [ARM] [24] <2.50 -60.00 -4.00> result: 91.33 104.75 -72.40 -1.33 87.15 0.00 
[20:23:52.405] [ARM] [25] <2.50 -60.00 -4.00> result: 91.33 104.75 -72.40 -1.33 87.15 0.00 
[20:23:52.405] [ARM] [26] <2.50 -60.00 -4.00> result: 91.33 104.75 -72.40 -1.33 87.15 0.00 
[20:23:52.405] [ARM] [27] <2.50 -60.00 -4.00> result: 91.33 104.75 -72.40 -1.33 87.15 0.00 
[20:23:52.430] [ARM] [28] <2.50 -60.00 -4.00> result: 91.33 104.75 -72.40 -1.33 87.15 0.00 
[20:23:52.430] [ARM] [29] <2.50 -60.00 -4.00> result: 91.33 104.75 -72.40 -1.33 87.15 0.00 
[20:23:52.430] [ARM] [30] <2.50 -60.00 -4.00> result: 91.33 104.75 -72.40 -1.33 87.15 0.00 
[20:23:52.430] [ARM] [31] <2.50 -60.00 -4.00> result: 91.33 104.75 -72.40 -1.33 87.15 0.00 
[20:23:52.452] [ARM] [32] <2.50 -60.00 -4.00> result: 91.33 104.75 -72.40 -1.33 87.15 0.00 
[20:23:52.452] [ARM] [33] <2.50 -60.00 -4.00> result: 91.33 104.75 -72.40 -1.33 87.15 0.00 
[20:23:52.452] [ARM] [34] <2.50 -60.00 -4.00> result: 91.33 104.75 -72.40 -1.33 87.15 0.00 
[20:23:52.475] [ARM] [35] <2.50 -60.00 -4.00> result: 91.33 104.75 -72.40 -1.33 87.15 0.00 
[20:23:52.475] [ARM] [36] <2.50 -60.00 -4.00> result: 91.33 104.75 -72.40 -1.33 87.15 0.00 
[20:23:52.475] [ARM] [37] <2.50 -60.00 -4.00> result: 91.33 104.75 -72.40 -1.33 87.15 0.00 
[20:23:52.475] [ARM] [38] <2.50 -60.00 -4.00> result: 91.33 104.75 -72.40 -1.33 87.15 0.00 
[20:23:52.498] [ARM] [39] <2.50 -60.00 -4.00> result: 91.33 104.75 -72.40 -1.33 87.15 0.00 
[20:23:52.498] [ARM] [40] <2.50 -60.00 -4.00> result: 91.33 104.75 -72.40 -1.33 87.15 0.00 
[20:23:52.498] [ARM] [41] <2.50 -60.00 -4.00> result: 91.33 104.75 -72.40 -1.33 87.15 0.00 
[20:23:52.498] [ARM] [42] <2.50 -60.00 -4.00> result: 91.33 104.75 -72.40 -1.33 87.15 0.00 
[20:23:52.550] [ARM] [43] <2.50 -60.00 -4.00> result: 91.33 104.75 -72.40 -1.33 87.15 0.00 
[20:23:52.550] [ARM] [TARGET] vision state=ALIGN enabled=1 dcx=120 dcy=-70 stable=0
[20:23:52.550] [ARM] [TARGET] align step dx=2.50 dz=-2.50 target=<2.50 -60.00 -4.00>
[20:23:52.611] [ARM] [JETSON_RX] vision dcx=120 dcy=-70
[20:23:52.611] [ARM] [TARGET] vision state=ALIGN enabled=1 dcx=120 dcy=-70 stable=0
[20:23:52.800] [ARM] [TARGET] align step dx=2.50 dz=-2.50 target=<2.50 -60.00 -4.00>
[20:23:52.863] [ARM] [JETSON_RX] vision dcx=120 dcy=-70
[20:23:52.863] [ARM] [TARGET] vision state=ALIGN enabled=1 dcx=120 dcy=-70 stable=0
[20:23:53.041] [ARM] [JETSON_RX] vision dcx=120 dcy=-70
[20:23:53.041] [ARM] [TARGET] vision state=ALIGN enabled=1 dcx=120 dcy=-70 stable=0
[20:23:53.041] [ARM] [TARGET] align step dx=2.50 dz=-2.50 target=<2.50 -60.00 -4.00>
[20:23:53.042] [ARM] [jpint 1] ave_error:0.22
[20:23:53.042] [ARM] [jpint 2] ave_error:8.01
[20:23:53.042] [ARM] [jpint 3] ave_error:13.85
[20:23:53.096] [ARM] [jpint 4] ave_error:0.22
[20:23:53.096] [ARM] [jpint 5] ave_error:2.04
[20:23:53.096] [ARM] 
[20:23:53.096] [ARM] robot pid run finished!!
[20:23:53.159] [ARM] ROBOT_AUTO_EVENT
[20:23:53.159] [ARM] [0] <2.50 -60.00 -4.00> result: 91.33 104.75 -72.40 -1.33 87.15 0.00 
[20:23:53.220] [ARM] [JETSON_RX] vision dcx=120 dcy=-70
[20:23:53.282] [ARM] [TARGET] vision state=ALIGN enabled=1 dcx=120 dcy=-70 stable=0
[20:23:53.282] [ARM] [jpint 1] ave_error:91.29
[20:23:53.282] [ARM] [jpint 2] ave_error:110.77
[20:23:53.283] [ARM] [jpint 3] ave_error:61.79
[20:23:53.283] [ARM] [jpint 4] ave_error:1.34
[20:23:53.283] [ARM] [jpint 5] ave_error:88.05
[20:23:53.283] [ARM] 
[20:23:53.283] [ARM] robot pid run finished!!
[20:23:53.347] [ARM] [TARGET] align step dx=2.50 dz=-2.50 target=<5.00 -60.00 -6.50>
[20:23:53.410] [ARM] ROBOT_AUTO_EVENT
[20:23:53.410] [ARM] [0] <2.50 -60.00 -4.00> result: 91.33 104.75 -72.40 -1.33 87.15 0.00 
[20:23:53.410] [ARM] [JETSON_RX] vision dcx=120 dcy=-70
[20:23:53.410] [ARM] [TARGET] vision state=ALIGN enabled=1 dcx=120 dcy=-70 stable=0
[20:23:53.534] [ARM] [jpint 1] ave_error:91.16
[20:23:53.534] [ARM] [jpint 2] ave_error:110.70
[20:23:53.534] [ARM] [jpint 3] ave_error:61.67
[20:23:53.534] [ARM] [jpint 4] ave_error:1.21
[20:23:53.534] [ARM] [jpint 5] ave_error:87.81
[20:23:53.534] [ARM] 
[20:23:53.534] [ARM] robot pid run finished!!
[20:23:53.596] [ARM] [TARGET] align step dx=2.50 dz=-2.50 target=<5.00 -60.00 -6.50>
[20:23:53.659] [ARM] [JETSON_RX] vision dcx=120 dcy=-70
[20:23:53.659] [ARM] [TARGET] vision state=ALIGN enabled=1 dcx=120 dcy=-70 stable=0
[20:23:53.659] [ARM] ROBOT_AUTO_EVENT
[20:23:53.659] [ARM] [0] <2.50 -60.00 -4.00> result: 91.33 104.75 -72.40 -1.33 87.15 0.00 
[20:23:53.722] [ARM] [jpint 1] ave_error:91.02
[20:23:53.722] [ARM] [jpint 2] ave_error:110.62
[20:23:53.722] [ARM] [jpint 3] ave_error:61.54
[20:23:53.722] [ARM] [jpint 4] ave_error:1.07
[20:23:53.722] [ARM] [jpint 5] ave_error:87.56
[20:23:53.722] [ARM] 
[20:23:53.722] [ARM] robot pid run finished!!
[20:23:53.830] [ARM] [JETSON_RX] vision dcx=120 dcy=-70
[20:23:53.830] [ARM] [TARGET] vision state=ALIGN enabled=1 dcx=120 dcy=-70 stable=0
[20:23:53.830] [ARM] [TARGET] align step dx=2.50 dz=-2.50 target=<5.00 -60.00 -6.50>
[20:23:53.830] [ARM] ROBOT_AUTO_EVENT
[20:23:53.831] [ARM] [0] <2.50 -60.00 -4.00> result: 91.33 104.75 -72.40 -1.33 87.15 0.00 
[20:23:53.854] [ARM] [1] <2.50 -60.00 -4.00> result: 91.33 104.75 -72.40 -1.33 87.16 0.00 
[20:23:53.854] [ARM] [2] <2.51 -60.00 -4.01> result: 91.33 104.76 -72.40 -1.34 87.16 0.00 
[20:23:53.854] [ARM] [3] <2.52 -60.00 -4.02> result: 91.34 104.76 -72.40 -1.34 87.17 0.00 
[20:23:53.890] [ARM] [4] <2.55 -60.00 -4.05> result: 91.35 104.78 -72.40 -1.36 87.18 0.00 
[20:23:53.890] [ARM] [5] <2.58 -60.00 -4.08> result: 91.37 104.79 -72.40 -1.38 87.20 0.00 
[20:23:53.890] [ARM] [6] <2.64 -60.00 -4.14> result: 91.40 104.82 -72.41 -1.40 87.23 0.00 
[20:23:53.890] [ARM] [7] <2.71 -60.00 -4.21> result: 91.44 104.86 -72.41 -1.44 87.27 0.00 
[20:23:53.911] [ARM] [8] <2.79 -60.00 -4.29> result: 91.49 104.90 -72.41 -1.49 87.31 0.00 
[20:23:53.912] [ARM] [9] <2.90 -60.00 -4.40> result: 91.55 104.96 -72.41 -1.55 87.37 0.00 
[20:23:53.912] [ARM] [10] <3.03 -60.00 -4.53> result: 91.61 105.03 -72.41 -1.62 87.44 0.00 
[20:23:53.912] [ARM] [11] <3.18 -60.00 -4.68> result: 91.69 105.11 -72.42 -1.70 87.53 0.00 
[20:23:53.935] [ARM] [12] <3.36 -60.00 -4.86> result: 91.79 105.20 -72.42 -1.79 87.62 0.00 
[20:23:53.935] [ARM] [13] <3.55 -60.00 -5.05> result: 91.89 105.30 -72.43 -1.89 87.72 0.00 
[20:23:53.935] [ARM] [14] <3.76 -60.00 -5.26> result: 92.00 105.41 -72.43 -2.00 87.84 0.00 
[20:23:53.958] [ARM] [15] <3.99 -60.00 -5.49> result: 92.12 105.53 -72.43 -2.12 87.96 0.00 
[20:23:53.959] [ARM] [16] <4.24 -60.00 -5.74> result: 92.25 105.66 -72.44 -2.26 88.10 0.00 
[20:23:53.959] [ARM] [17] <4.50 -60.00 -6.00> result: 92.39 105.79 -72.44 -2.39 88.24 0.00 
[20:23:53.959] [ARM] [18] <4.77 -60.00 -6.27> result: 92.54 105.94 -72.45 -2.54 88.38 0.00 
[20:23:53.982] [ARM] [19] <5.00 -60.00 -6.50> result: 92.66 106.06 -72.45 -2.66 88.51 0.00 
[20:23:53.982] [ARM] [20] <5.00 -60.00 -6.50> result: 92.66 106.06 -72.45 -2.66 88.51 0.00 
[20:23:53.982] [ARM] [21] <5.00 -60.00 -6.50> result: 92.66 106.06 -72.45 -2.66 88.51 0.00 
[20:23:54.004] [ARM] [22] <5.00 -60.00 -6.50> result: 92.66 106.06 -72.45 -2.66 88.51 0.00 
[20:23:54.004] [ARM] [23] <5.00 -60.00 -6.50> result: 92.66 106.06 -72.45 -2.66 88.51 0.00 
[20:23:54.004] [ARM] [24] <5.00 -60.00 -6.50> result: 92.66 106.06 -72.45 -2.66 88.51 0.00 
[20:23:54.004] [ARM] [25] <5.00 -60.00 -6.50> result: 92.66 106.06 -72.45 -2.66 88.51 0.00 
[20:23:54.028] [ARM] [26] <5.00 -60.00 -6.50> result: 92.66 106.06 -72.45 -2.66 88.51 0.00 
[20:23:54.028] [ARM] [27] <5.00 -60.00 -6.50> result: 92.66 106.06 -72.45 -2.66 88.51 0.00 
[20:23:54.028] [ARM] [28] <5.00 -60.00 -6.50> result: 92.66 106.06 -72.45 -2.66 88.51 0.00 
[20:23:54.028] [ARM] [29] <5.00 -60.00 -6.50> result: 92.66 106.06 -72.45 -2.66 88.51 0.00 
[20:23:54.050] [ARM] [30] <5.00 -60.00 -6.50> result: 92.66 106.06 -72.45 -2.66 88.51 0.00 
[20:23:54.050] [ARM] [31] <5.00 -60.00 -6.50> result: 92.66 106.06 -72.45 -2.66 88.51 0.00 
[20:23:54.050] [ARM] [32] <5.00 -60.00 -6.50> result: 92.66 106.06 -72.45 -2.66 88.51 0.00 
[20:23:54.085] [ARM] [33] <5.00 -60.00 -6.50> result: 92.66 106.06 -72.45 -2.66 88.51 0.00 
[20:23:54.085] [ARM] [34] <5.00 -60.00 -6.50> result: 92.66 106.06 -72.45 -2.66 88.51 0.00 
[20:23:54.085] [ARM] [35] <5.00 -60.00 -6.50> result: 92.66 106.06 -72.45 -2.66 88.51 0.00 
[20:23:54.085] [ARM] [36] <5.00 -60.00 -6.50> result: 92.66 106.06 -72.45 -2.66 88.51 0.00 
[20:23:54.110] [ARM] [37] <5.00 -60.00 -6.50> result: 92.66 106.06 -72.45 -2.66 88.51 0.00 
[20:23:54.110] [ARM] [38] <5.00 -60.00 -6.50> result: 92.66 106.06 -72.45 -2.66 88.51 0.00 
[20:23:54.110] [ARM] [39] <5.00 -60.00 -6.50> result: 92.66 106.06 -72.45 -2.66 88.51 0.00 
[20:23:54.152] [ARM] [40] <5.00 -60.00 -6.50> result: 92.66 106.06 -72.45 -2.66 88.51 0.00 
[20:23:54.152] [ARM] [41] <5.00 -60.00 -6.50> result: 92.66 106.06 -72.45 -2.66 88.51 0.00 
[20:23:54.152] [ARM] [42] <5.00 -60.00 -6.50> result: 92.66 106.06 -72.45 -2.66 88.51 0.00 
[20:23:54.153] [ARM] [43] <5.00 -60.00 -6.50> result: 92.66 106.06 -72.45 -2.66 88.51 0.00 
[20:23:54.179] [JETSON-TX] vision step 2/4: dcx=60 dcy=-35 hold=2.0s frame=FF 05 03 3C 00 DD FF 20 FE
[20:23:54.211] [ARM] [TARGET] vision state=ALIGN enabled=1 dcx=120 dcy=-70 stable=0
[20:23:54.211] [ARM] [TARGET] align step dx=2.50 dz=-2.50 target=<5.00 -60.00 -6.50>
[20:23:54.211] [ARM] [JETSON_RX] vision dcx=60 dcy=-35
[20:23:54.211] [ARM] [TARGET] vision state=ALIGN enabled=1 dcx=60 dcy=-35 stable=0
[20:23:54.398] [ARM] [JETSON_RX] vision dcx=60 dcy=-35
[20:23:54.398] [ARM] [TARGET] vision state=ALIGN enabled=1 dcx=60 dcy=-35 stable=0
[20:23:54.460] [ARM] [TARGET] align step dx=2.50 dz=-2.50 target=<5.00 -60.00 -6.50>
[20:23:54.647] [ARM] [JETSON_RX] vision dcx=60 dcy=-35
[20:23:54.647] [ARM] [TARGET] vision state=ALIGN enabled=1 dcx=60 dcy=-35 stable=0
[20:23:54.710] [ARM] [jpint 1] ave_error:0.53
[20:23:54.710] [ARM] [jpint 2] ave_error:4.05
[20:23:54.710] [ARM] [jpint 3] ave_error:9.50
[20:23:54.710] [ARM] [jpint 4] ave_error:0.47
[20:23:54.710] [ARM] [jpint 5] ave_error:0.37
[20:23:54.710] [ARM] 
[20:23:54.710] [ARM] robot pid run finished!!
[20:23:54.710] [ARM] [TARGET] align step dx=2.50 dz=-2.50 target=<5.00 -60.00 -6.50>
[20:23:54.836] [ARM] ROBOT_AUTO_EVENT
[20:23:54.836] [ARM] [0] <5.00 -60.00 -6.50> result: 92.66 106.06 -72.45 -2.66 88.51 0.00 
[20:23:54.836] [ARM] [JETSON_RX] vision dcx=60 dcy=-35
[20:23:54.836] [ARM] [TARGET] vision state=ALIGN enabled=1 dcx=60 dcy=-35 stable=0
[20:23:54.898] [ARM] [jpint 1] ave_error:92.54
[20:23:54.898] [ARM] [jpint 2] ave_error:108.12
[20:23:54.898] [ARM] [jpint 3] ave_error:66.17
[20:23:54.898] [ARM] [jpint 4] ave_error:2.90
[20:23:54.898] [ARM] [jpint 5] ave_error:88.66
[20:23:54.898] [ARM] 
[20:23:54.898] [ARM] robot pid run finished!!
[20:23:54.960] [ARM] [TARGET] align step dx=2.50 dz=-2.50 target=<7.50 -60.00 -9.00>
[20:23:55.023] [ARM] ROBOT_AUTO_EVENT
[20:23:55.023] [ARM] [0] <5.00 -60.00 -6.50> result: 92.66 106.06 -72.45 -2.66 88.51 0.00 
[20:23:55.023] [ARM] [JETSON_RX] vision dcx=60 dcy=-35
[20:23:55.023] [ARM] [TARGET] vision state=ALIGN enabled=1 dcx=60 dcy=-35 stable=0
[20:23:55.149] [ARM] [jpint 1] ave_error:92.41
[20:23:55.149] [ARM] [jpint 2] ave_error:108.04
[20:23:55.149] [ARM] [jpint 3] ave_error:66.05
[20:23:55.149] [ARM] [jpint 4] ave_error:2.77
[20:23:55.149] [ARM] [jpint 5] ave_error:88.39
[20:23:55.149] [ARM] 
[20:23:55.149] [ARM] robot pid run finished!!
[20:23:55.212] [ARM] [TARGET] align step dx=2.50 dz=-2.50 target=<7.50 -60.00 -9.00>
[20:23:55.213] [ARM] [JETSON_RX] vision dcx=60 dcy=-35
[20:23:55.213] [ARM] [TARGET] vision state=ALIGN enabled=1 dcx=60 dcy=-35 stable=0
[20:23:55.275] [ARM] ROBOT_AUTO_EVENT
[20:23:55.275] [ARM] [0] <5.00 -60.00 -6.50> result: 92.66 106.06 -72.45 -2.66 88.51 0.00 
[20:23:55.337] [ARM] [jpint 1] ave_error:92.28
[20:23:55.337] [ARM] [jpint 2] ave_error:107.97
[20:23:55.337] [ARM] [jpint 3] ave_error:65.92
[20:23:55.337] [ARM] [jpint 4] ave_error:2.63
[20:23:55.399] [ARM] [jpint 5] ave_error:88.12
[20:23:55.399] [ARM] 
[20:23:55.399] [ARM] robot pid run finished!!
[20:23:55.399] [ARM] [JETSON_RX] vision dcx=60 dcy=-35
[20:23:55.399] [ARM] [TARGET] vision state=ALIGN enabled=1 dcx=60 dcy=-35 stable=0
[20:23:55.461] [ARM] [TARGET] align step dx=2.50 dz=-2.50 target=<7.50 -60.00 -9.00>
[20:23:55.461] [ARM] ROBOT_AUTO_EVENT
[20:23:55.461] [ARM] [0] <5.00 -60.00 -6.50> result: 92.66 106.06 -72.45 -2.66 88.51 0.00 
[20:23:55.586] [ARM] [jpint 1] ave_error:92.14
[20:23:55.586] [ARM] [jpint 2] ave_error:107.89
[20:23:55.586] [ARM] [jpint 3] ave_error:65.79
[20:23:55.586] [ARM] [jpint 4] ave_error:2.49
[20:23:55.586] [ARM] [jpint 5] ave_error:87.84
[20:23:55.586] [ARM] 
[20:23:55.586] [ARM] robot pid run finished!!
[20:23:55.648] [ARM] [JETSON_RX] vision dcx=60 dcy=-35
[20:23:55.648] [ARM] [TARGET] vision state=ALIGN enabled=1 dcx=60 dcy=-35 stable=0
[20:23:55.711] [ARM] ROBOT_AUTO_EVENT
[20:23:55.711] [ARM] [0] <5.00 -60.00 -6.50> result: 92.66 106.06 -72.45 -2.66 88.51 0.00 
[20:23:55.711] [ARM] [TARGET] align step dx=2.50 dz=-2.50 target=<7.50 -60.00 -9.00>
[20:23:55.837] [ARM] [jpint 1] ave_error:92.01
[20:23:55.837] [ARM] [jpint 2] ave_error:107.82
[20:23:55.838] [ARM] [jpint 3] ave_error:65.65
[20:23:55.838] [ARM] [jpint 4] ave_error:2.35
[20:23:55.838] [ARM] [jpint 5] ave_error:87.56
[20:23:55.838] [ARM] 
[20:23:55.838] [ARM] robot pid run finished!!
[20:23:55.838] [ARM] [JETSON_RX] vision dcx=60 dcy=-35
[20:23:55.838] [ARM] [TARGET] vision state=ALIGN enabled=1 dcx=60 dcy=-35 stable=0
[20:23:55.899] [ARM] ROBOT_AUTO_EVENT
[20:23:55.899] [ARM] [0] <5.00 -60.00 -6.50> result: 92.66 106.06 -72.45 -2.66 88.51 0.00 
[20:23:55.931] [ARM] [1] <5.00 -60.00 -6.50> result: 92.66 106.06 -72.45 -2.66 88.51 0.00 
[20:23:55.931] [ARM] [2] <5.01 -60.00 -6.51> result: 92.66 106.06 -72.45 -2.66 88.51 0.00 
[20:23:55.933] [ARM] [3] <5.02 -60.00 -6.52> result: 92.67 106.07 -72.45 -2.67 88.52 0.00 
[20:23:55.933] [ARM] [4] <5.05 -60.00 -6.55> result: 92.68 106.08 -72.45 -2.68 88.53 0.00 
[20:23:55.957] [ARM] [5] <5.08 -60.00 -6.58> result: 92.70 106.10 -72.45 -2.70 88.55 0.00 
[20:23:55.957] [ARM] [6] <5.14 -60.00 -6.64> result: 92.73 106.13 -72.45 -2.73 88.58 0.00 
[20:23:55.957] [ARM] [7] <5.21 -60.00 -6.71> result: 92.77 106.17 -72.45 -2.77 88.62 0.00 
[20:23:55.979] [ARM] [8] <5.29 -60.00 -6.79> result: 92.82 106.21 -72.45 -2.82 88.67 0.00 
[20:23:55.979] [ARM] [9] <5.40 -60.00 -6.90> result: 92.87 106.27 -72.45 -2.87 88.72 0.00 
[20:23:55.979] [ARM] [10] <5.53 -60.00 -7.03> result: 92.94 106.34 -72.45 -2.94 88.79 0.00 
[20:23:55.979] [ARM] [11] <5.68 -60.00 -7.18> result: 93.02 106.42 -72.45 -3.02 88.88 0.00 
[20:23:56.002] [ARM] [12] <5.86 -60.00 -7.36> result: 93.11 106.51 -72.46 -3.11 88.97 0.00 
[20:23:56.002] [ARM] [13] <6.05 -60.00 -7.55> result: 93.22 106.61 -72.46 -3.22 89.07 0.00 
[20:23:56.002] [ARM] [14] <6.26 -60.00 -7.76> result: 93.33 106.72 -72.46 -3.33 89.18 0.00 
[20:23:56.002] [ARM] [15] <6.49 -60.00 -7.99> result: 93.45 106.85 -72.46 -3.45 89.31 0.00 
[20:23:56.025] [ARM] [16] <6.74 -60.00 -8.24> result: 93.58 106.98 -72.46 -3.58 89.44 0.00 
[20:23:56.025] [ARM] [17] <7.00 -60.00 -8.50> result: 93.72 107.11 -72.46 -3.72 89.57 0.00 
[20:23:56.025] [ARM] [18] <7.27 -60.00 -8.77> result: 93.86 107.26 -72.46 -3.86 89.72 0.00 
[20:23:56.048] [ARM] [19] <7.50 -60.00 -9.00> result: 93.99 107.38 -72.46 -3.99 89.84 0.00 
[20:23:56.048] [ARM] [20] <7.50 -60.00 -9.00> result: 93.99 107.38 -72.46 -3.99 89.84 0.00 
[20:23:56.048] [ARM] [21] <7.50 -60.00 -9.00> result: 93.99 107.38 -72.46 -3.99 89.84 0.00 
[20:23:56.048] [ARM] [22] <7.50 -60.00 -9.00> result: 93.99 107.38 -72.46 -3.99 89.84 0.00 
[20:23:56.071] [ARM] [23] <7.50 -60.00 -9.00> result: 93.99 107.38 -72.46 -3.99 89.84 0.00 
[20:23:56.071] [ARM] [24] <7.50 -60.00 -9.00> result: 93.99 107.38 -72.46 -3.99 89.84 0.00 
[20:23:56.071] [ARM] [25] <7.50 -60.00 -9.00> result: 93.99 107.38 -72.46 -3.99 89.84 0.00 
[20:23:56.106] [ARM] [26] <7.50 -60.00 -9.00> result: 93.99 107.38 -72.46 -3.99 89.84 0.00 
[20:23:56.106] [ARM] [27] <7.50 -60.00 -9.00> result: 93.99 107.38 -72.46 -3.99 89.84 0.00 
[20:23:56.106] [ARM] [28] <7.50 -60.00 -9.00> result: 93.99 107.38 -72.46 -3.99 89.84 0.00 
[20:23:56.106] [ARM] [29] <7.50 -60.00 -9.00> result: 93.99 107.38 -72.46 -3.99 89.84 0.00 
[20:23:56.129] [ARM] [30] <7.50 -60.00 -9.00> result: 93.99 107.38 -72.46 -3.99 89.84 0.00 
[20:23:56.129] [ARM] [31] <7.50 -60.00 -9.00> result: 93.99 107.38 -72.46 -3.99 89.84 0.00 
[20:23:56.129] [ARM] [32] <7.50 -60.00 -9.00> result: 93.99 107.38 -72.46 -3.99 89.84 0.00 
[20:23:56.129] [ARM] [33] <7.50 -60.00 -9.00> result: 93.99 107.38 -72.46 -3.99 89.84 0.00 
[20:23:56.152] [ARM] [34] <7.50 -60.00 -9.00> result: 93.99 107.38 -72.46 -3.99 89.84 0.00 
[20:23:56.152] [ARM] [35] <7.50 -60.00 -9.00> result: 93.99 107.38 -72.46 -3.99 89.84 0.00 
[20:23:56.153] [ARM] [36] <7.50 -60.00 -9.00> result: 93.99 107.38 -72.46 -3.99 89.84 0.00 
[20:23:56.176] [ARM] [37] <7.50 -60.00 -9.00> result: 93.99 107.38 -72.46 -3.99 89.84 0.00 
[20:23:56.176] [ARM] [38] <7.50 -60.00 -9.00> result: 93.99 107.38 -72.46 -3.99 89.84 0.00 
[20:23:56.176] [ARM] [39] <7.50 -60.00 -9.00> result: 93.99 107.38 -72.46 -3.99 89.84 0.00 
[20:23:56.176] [ARM] [40] <7.50 -60.00 -9.00> result: 93.99 107.38 -72.46 -3.99 89.84 0.00 
[20:23:56.185] [JETSON-TX] vision step 3/4: dcx=20 dcy=-10 hold=1.0s frame=FF 05 03 14 00 F6 FF 11 FE
[20:23:56.200] [ARM] [41] <7.50 -60.00 -9.00> result: 93.99 107.38 -72.46 -3.99 89.84 0.00 
[20:23:56.200] [ARM] [42] <7.50 -60.00 -9.00> result: 93.99 107.38 -72.46 -3.99 89.84 0.00 
[20:23:56.200] [ARM] [43] <7.50 -60.00 -9.00> result: 93.99 107.38 -72.46 -3.99 89.84 0.00 
[20:23:56.254] [ARM] [TARGET] vision state=ALIGN enabled=1 dcx=60 dcy=-35 stable=0
[20:23:56.254] [ARM] [JETSON_RX] vision dcx=20 dcy=-10
[20:23:56.254] [ARM] [TARGET] vision state=ALIGN enabled=1 dcx=20 dcy=-10 stable=0
[20:23:56.254] [ARM] [TARGET] align step dx=2.50 dz=-2.50 target=<7.50 -60.00 -9.00>
[20:23:56.440] [ARM] [JETSON_RX] vision dcx=20 dcy=-10
[20:23:56.440] [ARM] [TARGET] vision state=ALIGN enabled=1 dcx=20 dcy=-10 stable=0
[20:23:56.502] [ARM] [TARGET] align step dx=2.50 dz=-2.50 target=<7.50 -60.00 -9.00>
[20:23:56.628] [ARM] [JETSON_RX] vision dcx=20 dcy=-10
[20:23:56.628] [ARM] [TARGET] vision state=ALIGN enabled=1 dcx=20 dcy=-10 stable=0
[20:23:56.753] [ARM] [TARGET] align step dx=2.50 dz=-2.50 target=<7.50 -60.00 -9.00>
[20:23:56.753] [ARM] [jpint 1] ave_error:0.74
[20:23:56.753] [ARM] [jpint 2] ave_error:0.55
[20:23:56.753] [ARM] [jpint 3] ave_error:5.41
[20:23:56.753] [ARM] [jpint 4] ave_error:0.50
[20:23:56.753] [ARM] [jpint 5] ave_error:0.68
[20:23:56.753] [ARM] 
[20:23:56.753] [ARM] robot pid run finished!!
[20:23:56.816] [ARM] [JETSON_RX] vision dcx=20 dcy=-10
[20:23:56.816] [ARM] [TARGET] vision state=ALIGN enabled=1 dcx=20 dcy=-10 stable=0
[20:23:56.876] [ARM] ROBOT_AUTO_EVENT
[20:23:56.876] [ARM] [0] <7.50 -60.00 -9.00> result: 93.99 107.38 -72.46 -3.99 89.84 0.00 
[20:23:57.001] [ARM] [jpint 1] ave_error:93.86
[20:23:57.001] [ARM] [jpint 2] ave_error:107.14
[20:23:57.001] [ARM] [jpint 3] ave_error:70.29
[20:23:57.001] [ARM] [jpint 4] ave_error:4.21
[20:23:57.001] [ARM] [jpint 5] ave_error:89.83
[20:23:57.001] [ARM] 
[20:23:57.001] [ARM] robot pid run finished!!
[20:23:57.001] [ARM] [TARGET] align step dx=2.50 dz=-2.50 target=<10.00 -60.00 -11.50>
[20:23:57.064] [ARM] [JETSON_RX] vision dcx=20 dcy=-10
[20:23:57.064] [ARM] [TARGET] vision state=ALIGN enabled=1 dcx=20 dcy=-10 stable=0
[20:23:57.127] [ARM] ROBOT_AUTO_EVENT
[20:23:57.127] [ARM] [0] <7.50 -60.00 -9.00> result: 93.99 107.38 -72.46 -3.99 89.84 0.00 
[20:23:57.188] [JETSON-TX] vision step 4/4: dcx=0 dcy=0 hold=0.0s frame=FF 05 03 00 00 00 00 08 FE
[20:23:57.190] [ARM] [jpint 1] ave_error:93.73
[20:23:57.190] [ARM] [jpint 2] ave_error:107.07
[20:23:57.190] [ARM] [jpint 3] ave_error:70.16
[20:23:57.190] [ARM] [jpint 4] ave_error:4.08
[20:23:57.190] [ARM] [jpint 5] ave_error:89.56
[20:23:57.190] [ARM] 
[20:23:57.190] [ARM] robot pid run finished!!
[20:23:57.252] [ARM] [JETSON_RX] vision dcx=0 dcy=0
[20:23:57.253] [ARM] [TARGET] vision state=ALIGN enabled=1 dcx=0 dcy=0 stable=0
[20:23:57.314] [ARM] ROBOT_AUTO_EVENT
[20:23:57.314] [ARM] [0] <7.50 -60.00 -9.00> result: 93.99 107.38 -72.46 -3.99 89.84 0.00 
[20:23:57.438] [ARM] [jpint 1] ave_error:93.59
[20:23:57.438] [ARM] [jpint 2] ave_error:106.99
[20:23:57.438] [ARM] [jpint 3] ave_error:70.04
[20:23:57.438] [ARM] [jpint 4] ave_error:3.94
[20:23:57.438] [ARM] [jpint 5] ave_error:89.29
[20:23:57.438] [ARM] 
[20:23:57.438] [ARM] robot pid run finished!!
[20:23:57.438] [ARM] [JETSON_RX] vision dcx=0 dcy=0
[20:23:57.438] [ARM] [TARGET] vision state=ALIGN enabled=1 dcx=0 dcy=0 stable=1
[20:23:57.563] [ARM] ROBOT_AUTO_EVENT
[20:23:57.563] [ARM] [0] <7.50 -60.00 -9.00> result: 93.99 107.38 -72.46 -3.99 89.84 0.00 
[20:23:57.626] [ARM] [JETSON_RX] vision dcx=0 dcy=0
[20:23:57.626] [ARM] [TARGET] vision state=ALIGN enabled=1 dcx=0 dcy=0 stable=2
[20:23:57.673] [JETSON-RX] CC 02 01 DD
[20:23:57.673] [JETSON-STATUS] ALIGN_DONE func=0x02 value=0x01
[20:23:57.673] [PROMPT] 已对准。请按住 P000 KEY，脚本会自动等待 OUTPUT_ON，不需要按 Enter。
[20:23:57.673] [STEP] waiting OUTPUT_ON from RA6...
[20:23:57.689] [ARM] [jpint 1] ave_error:93.46
[20:23:57.689] [ARM] [jpint 2] ave_error:106.91
[20:23:57.689] [ARM] [jpint 3] ave_error:69.90
[20:23:57.689] [ARM] [jpint 4] ave_error:3.80
[20:23:57.689] [ARM] [jpint 5] ave_error:89.01
[20:23:57.689] [ARM] 
[20:23:57.689] [ARM] robot pid run finished!!
[20:23:57.751] [ARM] ROBOT_AUTO_EVENT
[20:23:57.751] [ARM] [0] <7.50 -60.00 -9.00> result: 93.99 107.38 -72.46 -3.99 89.84 0.00 
[20:23:57.813] [ARM] [JETSON_RX] vision dcx=0 dcy=0
[20:23:57.813] [ARM] [TARGET] vision state=CONFIRM enabled=1 dcx=0 dcy=0 stable=3
[20:23:57.875] [ARM] [jpint 1] ave_error:93.32
[20:23:57.875] [ARM] [jpint 2] ave_error:106.84
[20:23:57.875] [ARM] [jpint 3] ave_error:69.76
[20:23:57.875] [ARM] [jpint 4] ave_error:3.65
[20:23:57.875] [ARM] [jpint 5] ave_error:88.73
[20:23:57.875] [ARM] 
[20:23:57.875] [ARM] robot pid run finished!!
[20:23:58.001] [ARM] ROBOT_AUTO_EVENT
[20:23:58.001] [ARM] [0] <7.50 -60.00 -9.00> result: 93.99 107.38 -72.46 -3.99 89.84 0.00 
[20:23:58.063] [ARM] [JETSON_RX] vision dcx=0 dcy=0
[20:23:58.063] [ARM] [TARGET] vision state=CONFIRM enabled=1 dcx=0 dcy=0 stable=3
[20:23:58.125] [ARM] [jpint 1] ave_error:93.19
[20:23:58.125] [ARM] [jpint 2] ave_error:106.76
[20:23:58.126] [ARM] [jpint 3] ave_error:69.62
[20:23:58.126] [ARM] [jpint 4] ave_error:3.51
[20:23:58.126] [ARM] [jpint 5] ave_error:88.45
[20:23:58.126] [ARM] 
[20:23:58.126] [ARM] robot pid run finished!!
[20:23:58.188] [ARM] ROBOT_AUTO_EVENT
[20:23:58.188] [ARM] [0] <7.50 -60.00 -9.00> result: 93.99 107.38 -72.46 -3.99 89.84 0.00 
[20:23:58.251] [ARM] [JETSON_RX] vision dcx=0 dcy=0
[20:23:58.251] [ARM] [TARGET] vision state=CONFIRM enabled=1 dcx=0 dcy=0 stable=3
[20:23:58.312] [ARM] [jpint 1] ave_error:93.05
[20:23:58.312] [ARM] [jpint 2] ave_error:106.68
[20:23:58.312] [ARM] [jpint 3] ave_error:69.48
[20:23:58.312] [ARM] [jpint 4] ave_error:3.36
[20:23:58.312] [ARM] [jpint 5] ave_error:88.18
[20:23:58.312] [ARM] 
[20:23:58.312] [ARM] robot pid run finished!!
[20:23:58.434] [ARM] [JETSON_RX] vision dcx=0 dcy=0
[20:23:58.434] [ARM] ROBOT_AUTO_EVENT
[20:23:58.434] [ARM] [0] <7.50 -60.00 -9.00> result: 93.99 107.38 -72.46 -3.99 89.84 0.00 
[20:23:58.434] [ARM] [1] <7.50 -60.00 -9.00> result: 93.99 107.38 -72.46 -3.99 89.84 0.00 
[20:23:58.457] [ARM] [2] <7.51 -60.00 -9.01> result: 93.99 107.39 -72.46 -3.99 89.85 0.00 
[20:23:58.457] [ARM] [3] <7.52 -60.00 -9.02> result: 94.00 107.39 -72.46 -4.00 89.85 0.00 
[20:23:58.458] [ARM] [4] <7.55 -60.00 -9.05> result: 94.01 107.41 -72.46 -4.01 89.87 0.00 
[20:23:58.458] [ARM] [5] <7.58 -60.00 -9.08> result: 94.03 107.43 -72.46 -4.03 89.88 0.00 
[20:23:58.482] [ARM] [6] <7.64 -60.00 -9.14> result: 94.06 107.45 -72.46 -4.06 89.91 0.00 
[20:23:58.482] [ARM] [7] <7.71 -60.00 -9.21> result: 94.09 107.49 -72.46 -4.09 89.95 0.00 
[20:23:58.482] [ARM] [8] <7.79 -60.00 -9.29> result: 94.14 107.54 -72.46 -4.14 90.00 0.00 
[20:23:58.482] [ARM] [9] <7.90 -60.00 -9.40> result: 94.20 107.60 -72.46 -4.20 90.05 0.00 
[20:23:58.504] [ARM] [10] <8.03 -60.00 -9.53> result: 94.27 107.67 -72.46 -4.27 90.12 0.00 
[20:23:58.504] [ARM] [11] <8.18 -60.00 -9.68> result: 94.35 107.75 -72.46 -4.35 90.20 0.00 
[20:23:58.504] [ARM] [12] <8.36 -60.00 -9.86> result: 94.44 107.84 -72.45 -4.44 90.29 0.00 
[20:23:58.527] [ARM] [13] <8.55 -60.00 -10.05> result: 94.54 107.94 -72.45 -4.54 90.39 0.00 
[20:23:58.527] [ARM] [14] <8.76 -60.00 -10.26> result: 94.65 108.05 -72.45 -4.65 90.50 0.00 
[20:23:58.527] [ARM] [15] <8.99 -60.00 -10.49> result: 94.77 108.18 -72.45 -4.77 90.62 0.00 
[20:23:58.527] [ARM] [16] <9.24 -60.00 -10.74> result: 94.90 108.31 -72.45 -4.91 90.75 0.00 
[20:23:58.550] [ARM] [17] <9.50 -60.00 -11.00> result: 95.04 108.45 -72.44 -5.04 90.89 0.00 
[20:23:58.550] [ARM] [18] <9.77 -60.00 -11.27> result: 95.19 108.59 -72.44 -5.19 91.03 0.00 
[20:23:58.550] [ARM] [19] <10.00 -60.00 -11.50> result: 95.31 108.72 -72.43 -5.31 91.15 0.00 
[20:23:58.573] [ARM] [20] <10.00 -60.00 -11.50> result: 95.31 108.72 -72.43 -5.31 91.15 0.00 
[20:23:58.573] [ARM] [21] <10.00 -60.00 -11.50> result: 95.31 108.72 -72.43 -5.31 91.15 0.00 
[20:23:58.573] [ARM] [22] <10.00 -60.00 -11.50> result: 95.31 108.72 -72.43 -5.31 91.15 0.00 
[20:23:58.573] [ARM] [23] <10.00 -60.00 -11.50> result: 95.31 108.72 -72.43 -5.31 91.15 0.00 
[20:23:58.607] [ARM] [24] <10.00 -60.00 -11.50> result: 95.31 108.72 -72.43 -5.31 91.15 0.00 
[20:23:58.607] [ARM] [25] <10.00 -60.00 -11.50> result: 95.31 108.72 -72.43 -5.31 91.15 0.00 
[20:23:58.607] [ARM] [26] <10.00 -60.00 -11.50> result: 95.31 108.72 -72.43 -5.31 91.15 0.00 
[20:23:58.631] [ARM] [27] <10.00 -60.00 -11.50> result: 95.31 108.72 -72.43 -5.31 91.15 0.00 
[20:23:58.631] [ARM] [28] <10.00 -60.00 -11.50> result: 95.31 108.72 -72.43 -5.31 91.15 0.00 
[20:23:58.631] [ARM] [29] <10.00 -60.00 -11.50> result: 95.31 108.72 -72.43 -5.31 91.15 0.00 
[20:23:58.631] [ARM] [30] <10.00 -60.00 -11.50> result: 95.31 108.72 -72.43 -5.31 91.15 0.00 
[20:23:58.654] [ARM] [31] <10.00 -60.00 -11.50> result: 95.31 108.72 -72.43 -5.31 91.15 0.00 
[20:23:58.654] [ARM] [32] <10.00 -60.00 -11.50> result: 95.31 108.72 -72.43 -5.31 91.15 0.00 
[20:23:58.654] [ARM] [33] <10.00 -60.00 -11.50> result: 95.31 108.72 -72.43 -5.31 91.15 0.00 
[20:23:58.678] [ARM] [34] <10.00 -60.00 -11.50> result: 95.31 108.72 -72.43 -5.31 91.15 0.00 
[20:23:58.678] [ARM] [35] <10.00 -60.00 -11.50> result: 95.31 108.72 -72.43 -5.31 91.15 0.00 
[20:23:58.678] [ARM] [36] <10.00 -60.00 -11.50> result: 95.31 108.72 -72.43 -5.31 91.15 0.00 
[20:23:58.678] [ARM] [37] <10.00 -60.00 -11.50> result: 95.31 108.72 -72.43 -5.31 91.15 0.00 
[20:23:58.700] [ARM] [38] <10.00 -60.00 -11.50> result: 95.31 108.72 -72.43 -5.31 91.15 0.00 
[20:23:58.700] [ARM] [39] <10.00 -60.00 -11.50> result: 95.31 108.72 -72.43 -5.31 91.15 0.00 
[20:23:58.701] [ARM] [40] <10.00 -60.00 -11.50> result: 95.31 108.72 -72.43 -5.31 91.15 0.00 
[20:23:58.761] [ARM] [41] <10.00 -60.00 -11.50> result: 95.31 108.72 -72.43 -5.31 91.15 0.00 
[20:23:58.761] [ARM] [42] <10.00 -60.00 -11.50> result: 95.31 108.72 -72.43 -5.31 91.15 0.00 
[20:23:58.761] [ARM] [43] <10.00 -60.00 -11.50> result: 95.31 108.72 -72.43 -5.31 91.15 0.00 
[20:23:58.761] [ARM] [TARGET] vision state=CONFIRM enabled=1 dcx=0 dcy=0 stable=3
[20:23:58.824] [ARM] [JETSON_RX] vision dcx=0 dcy=0
[20:23:58.824] [ARM] [TARGET] vision state=CONFIRM enabled=1 dcx=0 dcy=0 stable=3
[20:23:59.073] [ARM] [JETSON_RX] vision dcx=0 dcy=0
[20:23:59.073] [ARM] [TARGET] vision state=CONFIRM enabled=1 dcx=0 dcy=0 stable=3
[20:23:59.259] [ARM] [JETSON_RX] vision dcx=0 dcy=0
[20:23:59.259] [ARM] [TARGET] vision state=CONFIRM enabled=1 dcx=0 dcy=0 stable=3
[20:23:59.259] [ARM] [jpint 1] ave_error:0.94
[20:23:59.259] [ARM] [jpint 2] ave_error:1.02
[20:23:59.259] [ARM] [jpint 3] ave_error:1.81
[20:23:59.259] [ARM] [jpint 4] ave_error:0.71
[20:23:59.259] [ARM] [jpint 5] ave_error:1.17
[20:23:59.259] [ARM] 
[20:23:59.259] [ARM] robot pid run finished!!
[20:23:59.448] [ARM] [JETSON_RX] vision dcx=0 dcy=0
[20:23:59.448] [ARM] [TARGET] vision state=CONFIRM enabled=1 dcx=0 dcy=0 stable=3
[20:23:59.635] [ARM] [JETSON_RX] vision dcx=0 dcy=0
[20:23:59.635] [ARM] [TARGET] vision state=CONFIRM enabled=1 dcx=0 dcy=0 stable=3
[20:23:59.823] [ARM] [JETSON_RX] vision dcx=0 dcy=0
[20:23:59.823] [ARM] [TARGET] vision state=CONFIRM enabled=1 dcx=0 dcy=0 stable=3
[20:24:00.010] [ARM] [JETSON_RX] vision dcx=0 dcy=0
[20:24:00.010] [ARM] [TARGET] vision state=CONFIRM enabled=1 dcx=0 dcy=0 stable=3
[20:24:00.258] [ARM] [JETSON_RX] vision dcx=0 dcy=0
[20:24:00.258] [ARM] [TARGET] vision state=CONFIRM enabled=1 dcx=0 dcy=0 stable=3
[20:24:00.446] [ARM] [JETSON_RX] vision dcx=0 dcy=0
[20:24:00.446] [ARM] [TARGET] vision state=CONFIRM enabled=1 dcx=0 dcy=0 stable=3
[20:24:00.636] [ARM] [JETSON_RX] vision dcx=0 dcy=0
[20:24:00.636] [ARM] [TARGET] vision state=CONFIRM enabled=1 dcx=0 dcy=0 stable=3
[20:24:00.823] [ARM] [JETSON_RX] vision dcx=0 dcy=0
[20:24:00.823] [ARM] [TARGET] vision state=CONFIRM enabled=1 dcx=0 dcy=0 stable=3
[20:24:01.071] [ARM] [JETSON_RX] vision dcx=0 dcy=0
[20:24:01.071] [ARM] [TARGET] vision state=CONFIRM enabled=1 dcx=0 dcy=0 stable=3
[20:24:01.258] [ARM] [JETSON_RX] vision dcx=0 dcy=0
[20:24:01.258] [ARM] [TARGET] vision state=CONFIRM enabled=1 dcx=0 dcy=0 stable=3
[20:24:01.445] [ARM] [JETSON_RX] vision dcx=0 dcy=0
[20:24:01.445] [ARM] [TARGET] vision state=CONFIRM enabled=1 dcx=0 dcy=0 stable=3
[20:24:01.631] [ARM] [JETSON_RX] vision dcx=0 dcy=0
[20:24:01.631] [ARM] [TARGET] vision state=CONFIRM enabled=1 dcx=0 dcy=0 stable=3
[20:24:01.820] [ARM] [JETSON_RX] vision dcx=0 dcy=0
[20:24:01.820] [ARM] [TARGET] vision state=CONFIRM enabled=1 dcx=0 dcy=0 stable=3
[20:24:02.067] [ARM] [JETSON_RX] vision dcx=0 dcy=0
[20:24:02.067] [ARM] [TARGET] vision state=CONFIRM enabled=1 dcx=0 dcy=0 stable=3
[20:24:02.251] [ARM] [JETSON_RX] vision dcx=0 dcy=0
[20:24:02.251] [ARM] [TARGET] vision state=CONFIRM enabled=1 dcx=0 dcy=0 stable=3
[20:24:02.436] [ARM] [JETSON_RX] vision dcx=0 dcy=0
[20:24:02.436] [ARM] [TARGET] vision state=CONFIRM enabled=1 dcx=0 dcy=0 stable=3
[20:24:02.684] [ARM] [JETSON_RX] vision dcx=0 dcy=0
[20:24:02.684] [ARM] [TARGET] vision state=CONFIRM enabled=1 dcx=0 dcy=0 stable=3
[20:24:03.245] [ARM] [JETSON_RX] vision dcx=0 dcy=0
[20:24:03.245] [ARM] [TARGET] vision state=RECOVER enabled=1 dcx=0 dcy=0 stable=3
[20:24:03.432] [ARM] [JETSON_RX] vision dcx=0 dcy=0
[20:24:03.432] [ARM] [TARGET] vision state=ALIGN enabled=1 dcx=0 dcy=0 stable=0
[20:24:03.678] [ARM] [JETSON_RX] vision dcx=0 dcy=0
[20:24:03.678] [ARM] [TARGET] vision state=ALIGN enabled=1 dcx=0 dcy=0 stable=1
[20:24:03.866] [ARM] [JETSON_RX] vision dcx=0 dcy=0
[20:24:03.866] [ARM] [TARGET] vision state=ALIGN enabled=1 dcx=0 dcy=0 stable=2
[20:24:03.882] [JETSON-RX] CC 02 01 DD
[20:24:03.882] [JETSON-STATUS] ALIGN_DONE func=0x02 value=0x01
[20:24:04.053] [ARM] [JETSON_RX] vision dcx=0 dcy=0
[20:24:04.053] [ARM] [TARGET] vision state=CONFIRM enabled=1 dcx=0 dcy=0 stable=3
[20:24:04.243] [ARM] [JETSON_RX] vision dcx=0 dcy=0
[20:24:04.243] [ARM] [TARGET] vision state=CONFIRM enabled=1 dcx=0 dcy=0 stable=3
[20:24:04.431] [ARM] [JETSON_RX] vision dcx=0 dcy=0
[20:24:04.431] [ARM] [TARGET] vision state=CONFIRM enabled=1 dcx=0 dcy=0 stable=3
[20:24:04.683] [ARM] [JETSON_RX] vision dcx=0 dcy=0
[20:24:04.683] [ARM] [TARGET] vision state=CONFIRM enabled=1 dcx=0 dcy=0 stable=3
[20:24:04.869] [ARM] [JETSON_RX] vision dcx=0 dcy=0
[20:24:04.869] [ARM] [TARGET] vision state=CONFIRM enabled=1 dcx=0 dcy=0 stable=3
[20:24:05.056] [ARM] [JETSON_RX] vision dcx=0 dcy=0
[20:24:05.056] [ARM] [TARGET] vision state=CONFIRM enabled=1 dcx=0 dcy=0 stable=3
[20:24:05.244] [ARM] [JETSON_RX] vision dcx=0 dcy=0
[20:24:05.244] [ARM] [TARGET] vision state=CONFIRM enabled=1 dcx=0 dcy=0 stable=3
[20:24:05.431] [ARM] [JETSON_RX] vision dcx=0 dcy=0
[20:24:05.431] [ARM] [TARGET] vision state=CONFIRM enabled=1 dcx=0 dcy=0 stable=3
[20:24:05.680] [ARM] [JETSON_RX] vision dcx=0 dcy=0
[20:24:05.680] [ARM] [TARGET] vision state=CONFIRM enabled=1 dcx=0 dcy=0 stable=3
[20:24:05.868] [ARM] [JETSON_RX] vision dcx=0 dcy=0
[20:24:05.868] [ARM] [TARGET] vision state=CONFIRM enabled=1 dcx=0 dcy=0 stable=3
[20:24:06.054] [ARM] [JETSON_RX] vision dcx=0 dcy=0
[20:24:06.054] [ARM] [TARGET] vision state=CONFIRM enabled=1 dcx=0 dcy=0 stable=3
[20:24:06.239] [ARM] [JETSON_RX] vision dcx=0 dcy=0
[20:24:06.239] [ARM] [TARGET] vision state=CONFIRM enabled=1 dcx=0 dcy=0 stable=3
[20:24:06.488] [ARM] [JETSON_RX] vision dcx=0 dcy=0
[20:24:06.488] [ARM] [TARGET] vision state=CONFIRM enabled=1 dcx=0 dcy=0 stable=3
[20:24:06.676] [ARM] [JETSON_RX] vision dcx=0 dcy=0
[20:24:06.676] [ARM] [TARGET] vision state=CONFIRM enabled=1 dcx=0 dcy=0 stable=3
[20:24:06.865] [ARM] [JETSON_RX] vision dcx=0 dcy=0
[20:24:06.865] [ARM] [TARGET] vision state=CONFIRM enabled=1 dcx=0 dcy=0 stable=3
[20:24:07.050] [ARM] [JETSON_RX] vision dcx=0 dcy=0
[20:24:07.050] [ARM] [TARGET] vision state=CONFIRM enabled=1 dcx=0 dcy=0 stable=3
[20:24:07.237] [ARM] [JETSON_RX] vision dcx=0 dcy=0
[20:24:07.237] [ARM] [TARGET] vision state=CONFIRM enabled=1 dcx=0 dcy=0 stable=3
[20:24:07.486] [ARM] [JETSON_RX] vision dcx=0 dcy=0
[20:24:07.486] [ARM] [TARGET] vision state=CONFIRM enabled=1 dcx=0 dcy=0 stable=3
[20:24:07.672] [ARM] [JETSON_RX] vision dcx=0 dcy=0
[20:24:07.672] [ARM] [TARGET] vision state=CONFIRM enabled=1 dcx=0 dcy=0 stable=3
[20:24:07.719] [FATAL] TimeoutError: timeout waiting for OUTPUT_ON
[20:24:07.719] [JETSON-TX] vision sender disabled after 78 frames.
[20:24:07.719] [JETSON-TX] TARGET_CTRL STOP: AA 01 00 BB
[20:24:07.719] [ARM-TX] laser_off
[20:24:07.719] [STEP] cleanup soft_reset to HOME...
[20:24:07.719] [ARM-TX] soft_reset
[20:24:07.736] [ARM] [JETSON_RX] target_ctrl=0
[20:24:07.736] [ARM] Found handler for 'laser_off', executing...
[20:24:07.736] [ARM] laser_off
[20:24:07.782] [JETSON-RX] CC 04 00 DD
[20:24:07.782] [JETSON-STATUS] TARGET_CTRL_OFF func=0x04 value=0x00
[20:24:07.797] [ARM] Found handler for 'soft_reset', executing...
[20:24:07.797] [ARM] ROBOT_SOFT_RESET_EVENT
[20:24:07.797] [ARM] --- Starting soft reset ---
[20:24:07.985] [ARM] Soft reset motors enabled (J1~J5, J6 skipped).
[20:24:07.985] [ARM] Soft resetting joint 4...
[20:24:07.985] [ARM] robot_update_current_angle 4...
[20:24:07.985] [ARM] [4] current:91.60, target:90.00, dir:-1
[20:24:08.296] [ARM] Soft resetting joint 3...
[20:24:08.358] [ARM] robot_update_current_angle 3...
[20:24:08.358] [ARM] [3] current:-5.77, target:0.00, dir:1
[20:24:09.292] [ARM] Soft resetting joint 1...
[20:24:09.292] [ARM] robot_update_current_angle 1...
[20:24:09.292] [ARM] [1] current:109.01, target:90.00, dir:-1
[20:24:10.969] [ARM] soft reset joint 1 settle timeout, keep going
[20:24:10.969] [ARM] Soft resetting joint 2...
[20:24:10.970] [ARM] robot_update_current_angle 2...
[20:24:10.970] [ARM] [2] current:-73.51, target:-90.00, dir:-1
[20:24:12.592] [ARM] soft reset joint 2 settle timeout, keep going
[20:24:12.592] [ARM] Soft resetting joint 0...
[20:24:12.592] [ARM] robot_update_current_angle 0...
[20:24:12.592] [ARM] [0] current:95.20, target:90.00, dir:-1
[20:24:13.591] [ARM] soft reset final verify PASS (issues:2), pose set HOME.
[20:24:13.591] [DONE] cleanup soft_reset PASS; robot returned HOME.
[20:24:13.797] [INFO] ports closed.
