[20:43:43.349] [INFO] log file: E:\Renesas\RA6M5-Robot\Robot_FreeRTOS - Arm\DEBUG\target_state_demo_20260630_204343.log
[20:43:43.349] [INFO] ARM=COM7 JETSON=COM14 baud=115200
[20:43:43.349] [INFO] start frame: AA 01 01 BB
[20:43:43.349] [INFO] stop frame: AA 01 00 BB
[20:43:43.349] [INFO] vision sequence: (16,-10)/2.0s -> (4,-15)/1.0s -> (0,0)/0.0s
[20:43:43.854] [JETSON-TX] TARGET_CTRL STOP: AA 01 00 BB
[20:43:43.914] [JETSON-RX] CC 04 00 DD
[20:43:43.914] [JETSON-STATUS] TARGET_CTRL_OFF func=0x04 value=0x00
[20:43:44.115] [ARM-TX] laser_off
[20:43:44.315] [ARM-TX] soft_reset
[20:43:44.658] [ARM] [JETSON_RX] target_ctrl=0
[20:43:44.658] [ARM] Found handler for 'laser_off', executing...
[20:43:44.659] [ARM] laser_off
[20:43:44.659] [ARM] Found handler for 'soft_reset', executing...
[20:43:44.659] [ARM] ROBOT_SOFT_RESET_EVENT
[20:43:44.659] [ARM] --- Starting soft reset ---
[20:43:44.659] [ARM] Soft reset motors enabled (J1~J5, J6 skipped).
[20:43:44.659] [ARM] Soft resetting joint 4...
[20:43:44.719] [ARM] Soft resetting joint 3...
[20:43:44.719] [ARM] robot_update_current_angle 3...
[20:43:44.719] [ARM] [3] current:-0.00, target:0.00, dir:1
[20:43:44.844] [ARM] Soft resetting joint 1...
[20:43:44.906] [ARM] robot_update_current_angle 1...
[20:43:44.906] [ARM] [1] current:90.00, target:90.00, dir:-1
[20:43:45.030] [ARM] Soft resetting joint 2...
[20:43:45.030] [ARM] robot_update_current_angle 2...
[20:43:45.030] [ARM] [2] current:-90.14, target:-90.00, dir:1
[20:43:45.153] [ARM] Soft resetting joint 0...
[20:43:45.215] [ARM] robot_update_current_angle 0...
[20:43:45.215] [ARM] [0] current:90.00, target:90.00, dir:1
[20:43:45.401] [ARM] soft reset final verify PASS (issues:0), pose set HOME.
[20:43:45.401] [JETSON-TX] TARGET_CTRL START: AA 01 01 BB
[20:43:45.444] [ARM] [JETSON_RX] target_ctrl=1
[20:43:45.444] [ARM] ROBOT_AUTO_EVENT
[20:43:45.444] [ARM] [0] <0.00 0.00 0.00> result: 90.00 90.00 -90.00 0.00 90.00 0.00 
[20:43:45.444] [ARM] [1] <0.00 -0.00 -0.00> result: 90.00 90.00 -90.00 0.00 90.00 0.00 
[20:43:45.444] [ARM] [2] <0.00 -0.00 -0.00> result: 90.00 90.00 -90.00 0.00 90.00 0.00 
[20:43:45.464] [JETSON-RX] CC 04 01 DD
[20:43:45.464] [JETSON-STATUS] TARGET_CTRL_ON func=0x04 value=0x01
[20:43:45.464] [STEP] waiting READY from RA6...
[20:43:45.467] [ARM] [3] <0.00 -0.01 -0.00> result: 90.00 90.00 -90.00 0.00 90.00 0.00 
[20:43:45.467] [ARM] [4] <0.00 -0.02 -0.00> result: 90.00 90.01 -90.00 0.00 90.00 0.00 
[20:43:45.467] [ARM] [5] <0.00 -0.03 -0.00> result: 90.00 90.01 -89.99 0.00 90.00 0.00 
[20:43:45.467] [ARM] [6] <0.00 -0.05 -0.00> result: 90.00 90.02 -89.99 0.00 90.00 0.00 
[20:43:45.493] [ARM] [7] <0.00 -0.07 -0.00> result: 90.00 90.02 -89.98 0.00 90.00 0.00 
[20:43:45.493] [ARM] [8] <0.00 -0.11 -0.00> result: 90.00 90.03 -89.97 0.00 90.00 0.00 
[20:43:45.493] [ARM] [9] <0.00 -0.15 -0.00> result: 90.00 90.05 -89.96 0.00 90.00 0.00 
[20:43:45.511] [ARM] [10] <0.00 -0.20 -0.01> result: 90.00 90.06 -89.94 0.00 90.01 0.00 
[20:43:45.512] [ARM] [11] <0.00 -0.27 -0.01> result: 90.00 90.08 -89.92 0.00 90.01 0.00 
[20:43:45.512] [ARM] [12] <0.00 -0.34 -0.01> result: 90.00 90.11 -89.90 0.00 90.01 0.00 
[20:43:45.512] [ARM] [13] <0.00 -0.43 -0.01> result: 90.00 90.14 -89.88 0.00 90.01 0.00 
[20:43:45.536] [ARM] [14] <0.00 -0.54 -0.01> result: 90.00 90.17 -89.85 0.00 90.02 0.00 
[20:43:45.536] [ARM] [15] <0.00 -0.65 -0.02> result: 90.00 90.20 -89.81 0.00 90.02 0.00 
[20:43:45.536] [ARM] [16] <0.00 -0.79 -0.02> result: 90.00 90.25 -89.78 0.00 90.02 0.00 
[20:43:45.536] [ARM] [17] <0.00 -0.94 -0.02> result: 90.00 90.29 -89.73 0.00 90.03 0.00 
[20:43:45.557] [ARM] [18] <0.00 -1.10 -0.03> result: 90.00 90.34 -89.69 0.00 90.03 0.00 
[20:43:45.557] [ARM] [19] <0.00 -1.29 -0.03> result: 90.00 90.40 -89.63 0.00 90.03 0.00 
[20:43:45.557] [ARM] [20] <0.00 -1.49 -0.04> result: 90.00 90.46 -89.57 0.00 90.04 0.00 
[20:43:45.557] [ARM] [21] <0.00 -1.72 -0.04> result: 90.00 90.53 -89.51 0.00 90.04 0.00 
[20:43:45.581] [ARM] [22] <0.00 -1.97 -0.05> result: 90.00 90.61 -89.44 0.00 90.05 0.00 
[20:43:45.582] [ARM] [23] <0.00 -2.23 -0.06> result: 90.00 90.69 -89.36 0.00 90.05 0.00 
[20:43:45.582] [ARM] [24] <0.00 -2.52 -0.06> result: 90.00 90.77 -89.28 0.00 90.05 0.00 
[20:43:45.615] [ARM] [25] <0.00 -2.84 -0.07> result: 90.00 90.87 -89.19 0.00 90.06 0.00 
[20:43:45.615] [ARM] [26] <0.00 -3.17 -0.08> result: 90.00 90.97 -89.10 0.00 90.06 0.00 
[20:43:45.615] [ARM] [27] <0.00 -3.53 -0.09> result: 90.00 91.07 -88.99 0.00 90.06 0.00 
[20:43:45.615] [ARM] [28] <0.00 -3.92 -0.10> result: 90.00 91.18 -88.88 0.00 90.07 0.00 
[20:43:45.637] [ARM] [29] <0.00 -4.33 -0.11> result: 90.00 91.30 -88.76 0.00 90.07 0.00 
[20:43:45.637] [ARM] [30] <0.00 -4.77 -0.12> result: 90.00 91.43 -88.64 0.00 90.07 0.00 
[20:43:45.639] [ARM] [31] <0.00 -5.23 -0.13> result: 90.00 91.56 -88.51 0.00 90.07 0.00 
[20:43:45.639] [ARM] [32] <0.00 -5.72 -0.14> result: 90.00 91.70 -88.37 0.00 90.07 0.00 
[20:43:45.661] [ARM] [33] <0.00 -6.24 -0.16> result: 90.00 91.85 -88.22 0.00 90.06 0.00 
[20:43:45.661] [ARM] [34] <0.00 -6.79 -0.17> result: 90.00 92.00 -88.06 0.00 90.06 0.00 
[20:43:45.661] [ARM] [35] <0.00 -7.36 -0.18> result: 90.00 92.16 -87.89 0.00 90.05 0.00 
[20:43:45.661] [ARM] [36] <0.00 -7.96 -0.20> result: 90.00 92.32 -87.72 0.00 90.04 0.00 
[20:43:45.684] [ARM] [37] <0.00 -8.60 -0.21> result: 90.00 92.49 -87.54 0.00 90.03 0.00 
[20:43:45.684] [ARM] [38] <0.00 -9.26 -0.23> result: 90.00 92.67 -87.35 0.00 90.02 0.00 
[20:43:45.684] [ARM] [39] <0.00 -9.95 -0.25> result: 90.00 92.85 -87.15 0.00 90.00 0.00 
[20:43:45.707] [ARM] [40] <0.00 -10.67 -0.27> result: 90.00 93.04 -86.94 0.00 89.98 0.00 
[20:43:45.708] [ARM] [41] <0.00 -11.42 -0.29> result: 90.00 93.24 -86.72 0.00 89.96 0.00 
[20:43:45.708] [ARM] [42] <0.00 -12.20 -0.30> result: 90.00 93.44 -86.50 0.00 89.93 0.00 
[20:43:45.708] [ARM] [43] <0.00 -13.01 -0.33> result: 90.00 93.64 -86.26 0.00 89.91 0.00 
[20:43:45.730] [ARM] [44] <0.00 -13.85 -0.35> result: 90.00 93.85 -86.02 0.00 89.87 0.00 
[20:43:45.730] [ARM] [45] <0.00 -14.72 -0.37> result: 90.00 94.07 -85.77 0.00 89.84 0.00 
[20:43:45.730] [ARM] [46] <0.00 -15.62 -0.39> result: 90.00 94.29 -85.51 0.00 89.80 0.00 
[20:43:45.730] [ARM] [47] <0.00 -16.55 -0.41> result: 90.00 94.52 -85.24 0.00 89.75 0.00 
[20:43:45.753] [ARM] [48] <0.00 -17.51 -0.44> result: 90.00 94.75 -84.96 0.00 89.70 0.00 
[20:43:45.753] [ARM] [49] <0.00 -18.49 -0.46> result: 90.00 94.98 -84.67 0.00 89.65 0.00 
[20:43:45.753] [ARM] [50] <0.00 -19.51 -0.49> result: 90.00 95.22 -84.37 0.00 89.59 0.00 
[20:43:45.753] [ARM] [51] <0.00 -20.56 -0.51> result: 90.00 95.47 -84.06 0.00 89.53 0.00 
[20:43:45.776] [ARM] [52] <0.00 -21.64 -0.54> result: 90.00 95.71 -83.75 0.00 89.46 0.00 
[20:43:45.776] [ARM] [53] <0.00 -22.74 -0.57> result: 90.00 95.97 -83.43 0.00 89.39 0.00 
[20:43:45.776] [ARM] [54] <0.00 -23.88 -0.60> result: 90.00 96.22 -83.09 0.00 89.32 0.00 
[20:43:45.810] [ARM] [55] <0.00 -25.04 -0.63> result: 90.00 96.48 -82.75 0.00 89.23 0.00 
[20:43:45.811] [ARM] [56] <0.00 -26.23 -0.66> result: 90.00 96.74 -82.40 0.00 89.15 0.00 
[20:43:45.811] [ARM] [57] <0.00 -27.44 -0.69> result: 90.00 97.01 -82.05 0.00 89.06 0.00 
[20:43:45.811] [ARM] [58] <0.00 -28.68 -0.72> result: 90.00 97.28 -81.68 0.00 88.96 0.00 
[20:43:45.833] [ARM] [59] <0.00 -29.95 -0.75> result: 90.00 97.55 -81.31 0.00 88.86 0.00 
[20:43:45.833] [ARM] [60] <0.00 -31.25 -0.78> result: 90.00 97.83 -80.92 0.00 88.75 0.00 
[20:43:45.833] [ARM] [61] <0.00 -32.57 -0.81> result: 90.00 98.10 -80.53 0.00 88.64 0.00 
[20:43:45.833] [ARM] [62] <0.00 -33.91 -0.85> result: 90.00 98.39 -80.14 0.00 88.52 0.00 
[20:43:45.856] [ARM] [63] <0.00 -35.28 -0.88> result: 90.00 98.67 -79.73 0.00 88.40 0.00 
[20:43:45.856] [ARM] [64] <0.00 -36.67 -0.92> result: 90.00 98.95 -79.32 0.00 88.27 0.00 
[20:43:45.856] [ARM] [65] <0.00 -38.08 -0.95> result: 90.00 99.24 -78.90 0.00 88.14 0.00 
[20:43:45.879] [ARM] [66] <0.00 -39.51 -0.99> result: 90.00 99.53 -78.47 0.00 88.00 0.00 
[20:43:45.879] [ARM] [67] <0.00 -40.97 -1.02> result: 90.00 99.82 -78.04 0.00 87.86 0.00 
[20:43:45.879] [ARM] [68] <0.00 -42.44 -1.06> result: 90.00 100.11 -77.60 0.00 87.71 0.00 
[20:43:45.879] [ARM] [69] <0.00 -43.94 -1.10> result: 90.00 100.41 -77.15 0.00 87.56 0.00 
[20:43:45.901] [ARM] [70] <0.00 -45.45 -1.14> result: 90.00 100.70 -76.70 0.00 87.41 0.00 
[20:43:45.903] [ARM] [71] <0.00 -46.98 -1.17> result: 90.00 101.00 -76.24 0.00 87.25 0.00 
[20:43:45.903] [ARM] [72] <0.00 -48.53 -1.21> result: 90.00 101.30 -75.78 0.00 87.08 0.00 
[20:43:45.903] [ARM] [73] <0.00 -50.09 -1.25> result: 90.00 101.60 -75.31 0.00 86.91 0.00 
[20:43:45.924] [ARM] [74] <0.00 -51.67 -1.29> result: 90.00 101.90 -74.84 0.00 86.74 0.00 
[20:43:45.925] [ARM] [75] <0.00 -53.26 -1.33> result: 90.00 102.20 -74.36 0.00 86.56 0.00 
[20:43:45.925] [ARM] [76] <0.00 -54.86 -1.37> result: 90.00 102.51 -73.87 0.00 86.38 0.00 
[20:43:45.947] [ARM] [77] <0.00 -56.48 -1.41> result: 90.00 102.81 -73.39 0.00 86.20 0.00 
[20:43:45.947] [ARM] [78] <0.00 -58.11 -1.45> result: 90.00 103.11 -72.89 0.00 86.01 0.00 
[20:43:45.947] [ARM] [79] <0.00 -59.75 -1.49> result: 90.00 103.42 -72.40 0.00 85.82 0.00 
[20:43:45.947] [ARM] [80] <0.00 -60.00 -1.50> result: 90.00 103.47 -72.32 0.00 85.79 0.00 
[20:43:45.982] [ARM] [81] <0.00 -60.00 -1.50> result: 90.00 103.47 -72.32 0.00 85.79 0.00 
[20:43:45.982] [ARM] [82] <0.00 -60.00 -1.50> result: 90.00 103.47 -72.32 0.00 85.79 0.00 
[20:43:45.982] [ARM] [83] <0.00 -60.00 -1.50> result: 90.00 103.47 -72.32 0.00 85.79 0.00 
[20:43:45.982] [ARM] [84] <0.00 -60.00 -1.50> result: 90.00 103.47 -72.32 0.00 85.79 0.00 
[20:43:46.007] [ARM] [85] <0.00 -60.00 -1.50> result: 90.00 103.47 -72.32 0.00 85.79 0.00 
[20:43:46.007] [ARM] [86] <0.00 -60.00 -1.50> result: 90.00 103.47 -72.32 0.00 85.79 0.00 
[20:43:46.007] [ARM] [87] <0.00 -60.00 -1.50> result: 90.00 103.47 -72.32 0.00 85.79 0.00 
[20:43:46.027] [ARM] [88] <0.00 -60.00 -1.50> result: 90.00 103.47 -72.32 0.00 85.79 0.00 
[20:43:46.029] [ARM] [89] <0.00 -60.00 -1.50> result: 90.00 103.47 -72.32 0.00 85.79 0.00 
[20:43:46.029] [ARM] [90] <0.00 -60.00 -1.50> result: 90.00 103.47 -72.32 0.00 85.79 0.00 
[20:43:46.029] [ARM] [91] <0.00 -60.00 -1.50> result: 90.00 103.47 -72.32 0.00 85.79 0.00 
[20:43:46.051] [ARM] [92] <0.00 -60.00 -1.50> result: 90.00 103.47 -72.32 0.00 85.79 0.00 
[20:43:46.051] [ARM] [93] <0.00 -60.00 -1.50> result: 90.00 103.47 -72.32 0.00 85.79 0.00 
[20:43:46.051] [ARM] [94] <0.00 -60.00 -1.50> result: 90.00 103.47 -72.32 0.00 85.79 0.00 
[20:43:46.051] [ARM] [95] <0.00 -60.00 -1.50> result: 90.00 103.47 -72.32 0.00 85.79 0.00 
[20:43:46.073] [ARM] [96] <0.00 -60.00 -1.50> result: 90.00 103.47 -72.32 0.00 85.79 0.00 
[20:43:46.073] [ARM] [97] <0.00 -60.00 -1.50> result: 90.00 103.47 -72.32 0.00 85.79 0.00 
[20:43:46.075] [ARM] [98] <0.00 -60.00 -1.50> result: 90.00 103.47 -72.32 0.00 85.79 0.00 
[20:43:46.096] [ARM] [99] <0.00 -60.00 -1.50> result: 90.00 103.47 -72.32 0.00 85.79 0.00 
[20:43:46.097] [ARM] [100] <0.00 -60.00 -1.50> result: 90.00 103.47 -72.32 0.00 85.79 0.00 
[20:43:46.097] [ARM] [101] <0.00 -60.00 -1.50> result: 90.00 103.47 -72.32 0.00 85.79 0.00 
[20:43:46.097] [ARM] [102] <0.00 -60.00 -1.50> result: 90.00 103.47 -72.32 0.00 85.79 0.00 
[20:43:46.119] [ARM] [103] <0.00 -60.00 -1.50> result: 90.00 103.47 -72.32 0.00 85.79 0.00 
[20:43:46.120] [ARM] [104] <0.00 -60.00 -1.50> result: 90.00 103.47 -72.32 0.00 85.79 0.00 
[20:43:46.120] [ARM] [105] <0.00 -60.00 -1.50> result: 90.00 103.47 -72.32 0.00 85.79 0.00 
[20:43:46.120] [ARM] [106] <0.00 -60.00 -1.50> result: 90.00 103.47 -72.32 0.00 85.79 0.00 
[20:43:46.143] [ARM] [107] <0.00 -60.00 -1.50> result: 90.00 103.47 -72.32 0.00 85.79 0.00 
[20:43:46.143] [ARM] [108] <0.00 -60.00 -1.50> result: 90.00 103.47 -72.32 0.00 85.79 0.00 
[20:43:46.143] [ARM] [109] <0.00 -60.00 -1.50> result: 90.00 103.47 -72.32 0.00 85.79 0.00 
[20:43:46.177] [ARM] [110] <0.00 -60.00 -1.50> result: 90.00 103.47 -72.32 0.00 85.79 0.00 
[20:43:46.177] [ARM] [111] <0.00 -60.00 -1.50> result: 90.00 103.47 -72.32 0.00 85.79 0.00 
[20:43:46.177] [ARM] [112] <0.00 -60.00 -1.50> result: 90.00 103.47 -72.32 0.00 85.79 0.00 
[20:43:46.178] [ARM] [113] <0.00 -60.00 -1.50> result: 90.00 103.47 -72.32 0.00 85.79 0.00 
[20:43:46.200] [ARM] [114] <0.00 -60.00 -1.50> result: 90.00 103.47 -72.32 0.00 85.79 0.00 
[20:43:46.201] [ARM] [115] <0.00 -60.00 -1.50> result: 90.00 103.47 -72.32 0.00 85.79 0.00 
[20:43:46.201] [ARM] [116] <0.00 -60.00 -1.50> result: 90.00 103.47 -72.32 0.00 85.79 0.00 
[20:43:46.223] [ARM] [117] <0.00 -60.00 -1.50> result: 90.00 103.47 -72.32 0.00 85.79 0.00 
[20:43:46.223] [ARM] [118] <0.00 -60.00 -1.50> result: 90.00 103.47 -72.32 0.00 85.79 0.00 
[20:43:46.223] [ARM] [119] <0.00 -60.00 -1.50> result: 90.00 103.47 -72.32 0.00 85.79 0.00 
[20:43:46.223] [ARM] [120] <0.00 -60.00 -1.50> result: 90.00 103.47 -72.32 0.00 85.79 0.00 
[20:43:46.246] [ARM] [121] <0.00 -60.00 -1.50> result: 90.00 103.47 -72.32 0.00 85.79 0.00 
[20:43:46.246] [ARM] [122] <0.00 -60.00 -1.50> result: 90.00 103.47 -72.32 0.00 85.79 0.00 
[20:43:46.246] [ARM] [123] <0.00 -60.00 -1.50> result: 90.00 103.47 -72.32 0.00 85.79 0.00 
[20:43:46.246] [ARM] [124] <0.00 -60.00 -1.50> result: 90.00 103.47 -72.32 0.00 85.79 0.00 
[20:43:46.269] [ARM] [125] <0.00 -60.00 -1.50> result: 90.00 103.47 -72.32 0.00 85.79 0.00 
[20:43:46.269] [ARM] [126] <0.00 -60.00 -1.50> result: 90.00 103.47 -72.32 0.00 85.79 0.00 
[20:43:46.269] [ARM] [127] <0.00 -60.00 -1.50> result: 90.00 103.47 -72.32 0.00 85.79 0.00 
[20:43:46.293] [ARM] [128] <0.00 -60.00 -1.50> result: 90.00 103.47 -72.32 0.00 85.79 0.00 
[20:43:46.293] [ARM] [129] <0.00 -60.00 -1.50> result: 90.00 103.47 -72.32 0.00 85.79 0.00 
[20:43:46.293] [ARM] [130] <0.00 -60.00 -1.50> result: 90.00 103.47 -72.32 0.00 85.79 0.00 
[20:43:46.293] [ARM] [131] <0.00 -60.00 -1.50> result: 90.00 103.47 -72.32 0.00 85.79 0.00 
[20:43:46.317] [ARM] [132] <0.00 -60.00 -1.50> result: 90.00 103.47 -72.32 0.00 85.79 0.00 
[20:43:46.317] [ARM] [133] <0.00 -60.00 -1.50> result: 90.00 103.47 -72.32 0.00 85.79 0.00 
[20:43:46.317] [ARM] [134] <0.00 -60.00 -1.50> result: 90.00 103.47 -72.32 0.00 85.79 0.00 
[20:43:46.349] [ARM] [135] <0.00 -60.00 -1.50> result: 90.00 103.47 -72.32 0.00 85.79 0.00 
[20:43:46.349] [ARM] [136] <0.00 -60.00 -1.50> result: 90.00 103.47 -72.32 0.00 85.79 0.00 
[20:43:46.349] [ARM] [137] <0.00 -60.00 -1.50> result: 90.00 103.47 -72.32 0.00 85.79 0.00 
[20:43:46.349] [ARM] [138] <0.00 -60.00 -1.50> result: 90.00 103.47 -72.32 0.00 85.79 0.00 
[20:43:46.372] [ARM] [139] <0.00 -60.00 -1.50> result: 90.00 103.47 -72.32 0.00 85.79 0.00 
[20:43:46.372] [ARM] [140] <0.00 -60.00 -1.50> result: 90.00 103.47 -72.32 0.00 85.79 0.00 
[20:43:46.372] [ARM] [141] <0.00 -60.00 -1.50> result: 90.00 103.47 -72.32 0.00 85.79 0.00 
[20:43:46.372] [ARM] [142] <0.00 -60.00 -1.50> result: 90.00 103.47 -72.32 0.00 85.79 0.00 
[20:43:46.397] [ARM] [143] <0.00 -60.00 -1.50> result: 90.00 103.47 -72.32 0.00 85.79 0.00 
[20:43:46.397] [ARM] [144] <0.00 -60.00 -1.50> result: 90.00 103.47 -72.32 0.00 85.79 0.00 
[20:43:46.399] [ARM] [145] <0.00 -60.00 -1.50> result: 90.00 103.47 -72.32 0.00 85.79 0.00 
[20:43:46.421] [ARM] [146] <0.00 -60.00 -1.50> result: 90.00 103.47 -72.32 0.00 85.79 0.00 
[20:43:46.421] [ARM] [147] <0.00 -60.00 -1.50> result: 90.00 103.47 -72.32 0.00 85.79 0.00 
[20:43:46.421] [ARM] [148] <0.00 -60.00 -1.50> result: 90.00 103.47 -72.32 0.00 85.79 0.00 
[20:43:46.421] [ARM] [149] <0.00 -60.00 -1.50> result: 90.00 103.47 -72.32 0.00 85.79 0.00 
[20:43:46.441] [ARM] [150] <0.00 -60.00 -1.50> result: 90.00 103.47 -72.32 0.00 85.79 0.00 
[20:43:46.441] [ARM] [151] <0.00 -60.00 -1.50> result: 90.00 103.47 -72.32 0.00 85.79 0.00 
[20:43:46.441] [ARM] [152] <0.00 -60.00 -1.50> result: 90.00 103.47 -72.32 0.00 85.79 0.00 
[20:43:46.464] [ARM] [153] <0.00 -60.00 -1.50> result: 90.00 103.47 -72.32 0.00 85.79 0.00 
[20:43:46.464] [ARM] [154] <0.00 -60.00 -1.50> result: 90.00 103.47 -72.32 0.00 85.79 0.00 
[20:43:46.464] [ARM] [155] <0.00 -60.00 -1.50> result: 90.00 103.47 -72.32 0.00 85.79 0.00 
[20:43:46.464] [ARM] [156] <0.00 -60.00 -1.50> result: 90.00 103.47 -72.32 0.00 85.79 0.00 
[20:43:46.486] [ARM] [157] <0.00 -60.00 -1.50> result: 90.00 103.47 -72.32 0.00 85.79 0.00 
[20:43:46.486] [ARM] [158] <0.00 -60.00 -1.50> result: 90.00 103.47 -72.32 0.00 85.79 0.00 
[20:43:46.487] [ARM] [159] <0.00 -60.00 -1.50> result: 90.00 103.47 -72.32 0.00 85.79 0.00 
[20:43:46.487] [ARM] [160] <0.00 -60.00 -1.50> result: 90.00 103.47 -72.32 0.00 85.79 0.00 
[20:43:46.509] [ARM] [161] <0.00 -60.00 -1.50> result: 90.00 103.47 -72.32 0.00 85.79 0.00 
[20:43:46.510] [ARM] [162] <0.00 -60.00 -1.50> result: 90.00 103.47 -72.32 0.00 85.79 0.00 
[20:43:46.510] [ARM] [163] <0.00 -60.00 -1.50> result: 90.00 103.47 -72.32 0.00 85.79 0.00 
[20:43:46.544] [ARM] [164] <0.00 -60.00 -1.50> result: 90.00 103.47 -72.32 0.00 85.79 0.00 
[20:43:46.544] [ARM] [165] <0.00 -60.00 -1.50> result: 90.00 103.47 -72.32 0.00 85.79 0.00 
[20:43:46.544] [ARM] [166] <0.00 -60.00 -1.50> result: 90.00 103.47 -72.32 0.00 85.79 0.00 
[20:43:46.544] [ARM] [167] <0.00 -60.00 -1.50> result: 90.00 103.47 -72.32 0.00 85.79 0.00 
[20:43:46.567] [ARM] [168] <0.00 -60.00 -1.50> result: 90.00 103.47 -72.32 0.00 85.79 0.00 
[20:43:46.567] [ARM] [169] <0.00 -60.00 -1.50> result: 90.00 103.47 -72.32 0.00 85.79 0.00 
[20:43:46.567] [ARM] [170] <0.00 -60.00 -1.50> result: 90.00 103.47 -72.32 0.00 85.79 0.00 
[20:43:46.590] [ARM] [171] <0.00 -60.00 -1.50> result: 90.00 103.47 -72.32 0.00 85.79 0.00 
[20:43:46.590] [ARM] [172] <0.00 -60.00 -1.50> result: 90.00 103.47 -72.32 0.00 85.79 0.00 
[20:43:46.590] [ARM] [173] <0.00 -60.00 -1.50> result: 90.00 103.47 -72.32 0.00 85.79 0.00 
[20:43:46.590] [ARM] [174] <0.00 -60.00 -1.50> result: 90.00 103.47 -72.32 0.00 85.79 0.00 
[20:43:46.650] [ARM] [175] <0.00 -60.00 -1.50> result: 90.00 103.47 -72.32 0.00 85.79 0.00 
[20:43:46.650] [ARM] [176] <0.00 -60.00 -1.50> result: 90.00 103.47 -72.32 0.00 85.79 0.00 
[20:43:48.523] [ARM] [jpint 1] ave_error:0.00
[20:43:48.523] [ARM] [jpint 2] ave_error:4.00
[20:43:48.523] [ARM] [jpint 3] ave_error:5.57
[20:43:48.523] [ARM] [jpint 4] ave_error:0.00
[20:43:48.523] [ARM] [jpint 5] ave_error:6.10
[20:43:48.523] [ARM] 
[20:43:48.523] [ARM] robot pid run finished!!
[20:43:48.538] [JETSON-RX] CC 01 01 DD
[20:43:48.538] [JETSON-STATUS] READY func=0x01 value=0x01
[20:43:48.538] [JETSON-TX] vision sender enabled: period=0.200s.
[20:43:48.538] [STEP] sending vision sequence (16,-10)/2.0s -> (4,-15)/1.0s -> (0,0)/0.0s, waiting ALIGN_DONE...
[20:43:48.560] [JETSON-TX] vision step 1/3: dcx=16 dcy=-10 hold=2.0s frame=FF 05 03 10 00 F6 FF 0D FE
[20:43:48.584] [ARM] [JETSON_RX] vision dcx=16 dcy=-10
[20:43:48.584] [ARM] [TARGET] vision state=WAIT_DETECT enabled=1 dcx=16 dcy=-10 stable=0
[20:43:48.625] [ARM] ROBOT_AUTO_EVENT
[20:43:48.625] [ARM] [0] <0.00 -60.00 -1.50> result: 90.00 103.47 -72.32 0.00 85.79 0.00 
[20:43:48.625] [ARM] [1] <0.00 -60.00 -1.50> result: 90.00 103.47 -72.32 -0.00 85.79 0.00 
[20:43:48.625] [ARM] [2] <0.01 -60.00 -1.51> result: 90.00 103.47 -72.32 -0.00 85.79 0.00 
[20:43:48.647] [ARM] [3] <0.02 -60.00 -1.52> result: 90.01 103.48 -72.32 -0.01 85.80 0.00 
[20:43:48.647] [ARM] [4] <0.05 -60.00 -1.55> result: 90.02 103.49 -72.32 -0.02 85.81 0.00 
[20:43:48.647] [ARM] [5] <0.08 -60.00 -1.58> result: 90.04 103.51 -72.32 -0.04 85.83 0.00 
[20:43:48.647] [ARM] [6] <0.14 -60.00 -1.64> result: 90.07 103.54 -72.33 -0.07 85.86 0.00 
[20:43:48.671] [ARM] [7] <0.21 -60.00 -1.71> result: 90.11 103.57 -72.33 -0.11 85.90 0.00 
[20:43:48.671] [ARM] [8] <0.29 -60.00 -1.79> result: 90.16 103.62 -72.33 -0.16 85.95 0.00 
[20:43:48.671] [ARM] [9] <0.40 -60.00 -1.90> result: 90.21 103.67 -72.34 -0.22 86.01 0.00 
[20:43:48.693] [ARM] [10] <0.53 -60.00 -2.03> result: 90.28 103.74 -72.34 -0.28 86.08 0.00 
[20:43:48.694] [ARM] [11] <0.68 -60.00 -2.18> result: 90.36 103.82 -72.35 -0.36 86.16 0.00 
[20:43:48.694] [ARM] [12] <0.86 -60.00 -2.36> result: 90.46 103.90 -72.35 -0.46 86.26 0.00 
[20:43:48.694] [ARM] [13] <1.05 -60.00 -2.55> result: 90.56 104.00 -72.36 -0.56 86.36 0.00 
[20:43:48.717] [ARM] [14] <1.26 -60.00 -2.76> result: 90.67 104.11 -72.37 -0.67 86.48 0.00 
[20:43:48.717] [ARM] [15] <1.49 -60.00 -2.99> result: 90.79 104.23 -72.37 -0.79 86.60 0.00 
[20:43:48.718] [ARM] [16] <1.74 -60.00 -3.24> result: 90.92 104.36 -72.38 -0.93 86.74 0.00 
[20:43:48.740] [ARM] [17] <2.00 -60.00 -3.50> result: 91.06 104.49 -72.39 -1.06 86.88 0.00 
[20:43:48.740] [ARM] [18] <2.27 -60.00 -3.77> result: 91.21 104.63 -72.40 -1.21 87.03 0.00 
[20:43:48.740] [ARM] [19] <2.50 -60.00 -4.00> result: 91.33 104.75 -72.40 -1.33 87.15 0.00 
[20:43:48.740] [ARM] [20] <2.50 -60.00 -4.00> result: 91.33 104.75 -72.40 -1.33 87.15 0.00 
[20:43:48.764] [ARM] [21] <2.50 -60.00 -4.00> result: 91.33 104.75 -72.40 -1.33 87.15 0.00 
[20:43:48.764] [ARM] [22] <2.50 -60.00 -4.00> result: 91.33 104.75 -72.40 -1.33 87.15 0.00 
[20:43:48.764] [ARM] [23] <2.50 -60.00 -4.00> result: 91.33 104.75 -72.40 -1.33 87.15 0.00 
[20:43:48.764] [ARM] [24] <2.50 -60.00 -4.00> result: 91.33 104.75 -72.40 -1.33 87.15 0.00 
[20:43:48.797] [ARM] [25] <2.50 -60.00 -4.00> result: 91.33 104.75 -72.40 -1.33 87.15 0.00 
[20:43:48.797] [ARM] [26] <2.50 -60.00 -4.00> result: 91.33 104.75 -72.40 -1.33 87.15 0.00 
[20:43:48.797] [ARM] [27] <2.50 -60.00 -4.00> result: 91.33 104.75 -72.40 -1.33 87.15 0.00 
[20:43:48.822] [ARM] [28] <2.50 -60.00 -4.00> result: 91.33 104.75 -72.40 -1.33 87.15 0.00 
[20:43:48.822] [ARM] [29] <2.50 -60.00 -4.00> result: 91.33 104.75 -72.40 -1.33 87.15 0.00 
[20:43:48.822] [ARM] [30] <2.50 -60.00 -4.00> result: 91.33 104.75 -72.40 -1.33 87.15 0.00 
[20:43:48.822] [ARM] [31] <2.50 -60.00 -4.00> result: 91.33 104.75 -72.40 -1.33 87.15 0.00 
[20:43:48.845] [ARM] [32] <2.50 -60.00 -4.00> result: 91.33 104.75 -72.40 -1.33 87.15 0.00 
[20:43:48.845] [ARM] [33] <2.50 -60.00 -4.00> result: 91.33 104.75 -72.40 -1.33 87.15 0.00 
[20:43:48.845] [ARM] [34] <2.50 -60.00 -4.00> result: 91.33 104.75 -72.40 -1.33 87.15 0.00 
[20:43:48.872] [ARM] [35] <2.50 -60.00 -4.00> result: 91.33 104.75 -72.40 -1.33 87.15 0.00 
[20:43:48.872] [ARM] [36] <2.50 -60.00 -4.00> result: 91.33 104.75 -72.40 -1.33 87.15 0.00 
[20:43:48.872] [ARM] [37] <2.50 -60.00 -4.00> result: 91.33 104.75 -72.40 -1.33 87.15 0.00 
[20:43:48.872] [ARM] [38] <2.50 -60.00 -4.00> result: 91.33 104.75 -72.40 -1.33 87.15 0.00 
[20:43:48.891] [ARM] [39] <2.50 -60.00 -4.00> result: 91.33 104.75 -72.40 -1.33 87.15 0.00 
[20:43:48.891] [ARM] [40] <2.50 -60.00 -4.00> result: 91.33 104.75 -72.40 -1.33 87.15 0.00 
[20:43:48.891] [ARM] [41] <2.50 -60.00 -4.00> result: 91.33 104.75 -72.40 -1.33 87.15 0.00 
[20:43:48.891] [ARM] [42] <2.50 -60.00 -4.00> result: 91.33 104.75 -72.40 -1.33 87.15 0.00 
[20:43:48.957] [ARM] [43] <2.50 -60.00 -4.00> result: 91.33 104.75 -72.40 -1.33 87.15 0.00 
[20:43:48.957] [ARM] [TARGET] vision state=ALIGN enabled=1 dcx=16 dcy=-10 stable=0
[20:43:48.957] [ARM] [TARGET] align step dx=2.50 dz=-2.50 target=<2.50 -60.00 -4.00>
[20:43:49.020] [ARM] [JETSON_RX] vision dcx=16 dcy=-10
[20:43:49.020] [ARM] [TARGET] vision state=ALIGN enabled=1 dcx=16 dcy=-10 stable=0
[20:43:49.206] [ARM] [JETSON_RX] vision dcx=16 dcy=-10
[20:43:49.206] [ARM] [TARGET] vision state=ALIGN enabled=1 dcx=16 dcy=-10 stable=0
[20:43:49.206] [ARM] [TARGET] align step dx=2.50 dz=-2.50 target=<2.50 -60.00 -4.00>
[20:43:49.393] [ARM] [JETSON_RX] vision dcx=16 dcy=-10
[20:43:49.393] [ARM] [TARGET] vision state=ALIGN enabled=1 dcx=16 dcy=-10 stable=0
[20:43:49.456] [ARM] [TARGET] align step dx=2.50 dz=-2.50 target=<2.50 -60.00 -4.00>
[20:43:49.456] [ARM] [jpint 1] ave_error:0.22
[20:43:49.456] [ARM] [jpint 2] ave_error:8.03
[20:43:49.456] [ARM] [jpint 3] ave_error:13.85
[20:43:49.456] [ARM] [jpint 4] ave_error:0.22
[20:43:49.456] [ARM] [jpint 5] ave_error:2.04
[20:43:49.456] [ARM] 
[20:43:49.456] [ARM] robot pid run finished!!
[20:43:49.581] [ARM] ROBOT_AUTO_EVENT
[20:43:49.581] [ARM] [0] <2.50 -60.00 -4.00> result: 91.33 104.75 -72.40 -1.33 87.15 0.00 
[20:43:49.581] [ARM] [JETSON_RX] vision dcx=16 dcy=-10
[20:43:49.644] [ARM] [TARGET] vision state=ALIGN enabled=1 dcx=16 dcy=-10 stable=0
[20:43:49.705] [ARM] [jpint 1] ave_error:91.28
[20:43:49.705] [ARM] [jpint 2] ave_error:110.79
[20:43:49.705] [ARM] [jpint 3] ave_error:61.79
[20:43:49.705] [ARM] [jpint 4] ave_error:1.34
[20:43:49.705] [ARM] [jpint 5] ave_error:88.06
[20:43:49.705] [ARM] 
[20:43:49.705] [ARM] robot pid run finished!!
[20:43:49.705] [ARM] [TARGET] align step dx=2.50 dz=-2.50 target=<5.00 -60.00 -6.50>
[20:43:49.831] [ARM] ROBOT_AUTO_EVENT
[20:43:49.831] [ARM] [0] <2.50 -60.00 -4.00> result: 91.33 104.75 -72.40 -1.33 87.15 0.00 
[20:43:49.831] [ARM] [JETSON_RX] vision dcx=16 dcy=-10
[20:43:49.831] [ARM] [TARGET] vision state=ALIGN enabled=1 dcx=16 dcy=-10 stable=0
[20:43:49.893] [ARM] [jpint 1] ave_error:91.16
[20:43:49.893] [ARM] [jpint 2] ave_error:110.71
[20:43:49.893] [ARM] [jpint 3] ave_error:61.67
[20:43:49.893] [ARM] [jpint 4] ave_error:1.21
[20:43:49.893] [ARM] [jpint 5] ave_error:87.82
[20:43:49.893] [ARM] 
[20:43:49.893] [ARM] robot pid run finished!!
[20:43:49.955] [ARM] [TARGET] align step dx=2.50 dz=-2.50 target=<5.00 -60.00 -6.50>
[20:43:50.017] [ARM] [JETSON_RX] vision dcx=16 dcy=-10
[20:43:50.017] [ARM] [TARGET] vision state=ALIGN enabled=1 dcx=16 dcy=-10 stable=0
[20:43:50.017] [ARM] ROBOT_AUTO_EVENT
[20:43:50.017] [ARM] [0] <2.50 -60.00 -4.00> result: 91.33 104.75 -72.40 -1.33 87.15 0.00 
[20:43:50.141] [ARM] [jpint 1] ave_error:91.02
[20:43:50.141] [ARM] [jpint 2] ave_error:110.64
[20:43:50.141] [ARM] [jpint 3] ave_error:61.54
[20:43:50.141] [ARM] [jpint 4] ave_error:1.07
[20:43:50.141] [ARM] [jpint 5] ave_error:87.56
[20:43:50.141] [ARM] 
[20:43:50.141] [ARM] robot pid run finished!!
[20:43:50.203] [ARM] [JETSON_RX] vision dcx=16 dcy=-10
[20:43:50.203] [ARM] [TARGET] vision state=ALIGN enabled=1 dcx=16 dcy=-10 stable=0
[20:43:50.203] [ARM] [TARGET] align step dx=2.50 dz=-2.50 target=<5.00 -60.00 -6.50>
[20:43:50.246] [ARM] ROBOT_AUTO_EVENT
[20:43:50.246] [ARM] [0] <2.50 -60.00 -4.00> result: 91.33 104.75 -72.40 -1.33 87.15 0.00 
[20:43:50.247] [ARM] [1] <2.50 -60.00 -4.00> result: 91.33 104.75 -72.40 -1.33 87.16 0.00 
[20:43:50.247] [ARM] [2] <2.51 -60.00 -4.01> result: 91.33 104.76 -72.40 -1.34 87.16 0.00 
[20:43:50.267] [ARM] [3] <2.52 -60.00 -4.02> result: 91.34 104.76 -72.40 -1.34 87.17 0.00 
[20:43:50.267] [ARM] [4] <2.55 -60.00 -4.05> result: 91.35 104.78 -72.40 -1.36 87.18 0.00 
[20:43:50.267] [ARM] [5] <2.58 -60.00 -4.08> result: 91.37 104.79 -72.40 -1.38 87.20 0.00 
[20:43:50.267] [ARM] [6] <2.64 -60.00 -4.14> result: 91.40 104.82 -72.41 -1.40 87.23 0.00 
[20:43:50.290] [ARM] [7] <2.71 -60.00 -4.21> result: 91.44 104.86 -72.41 -1.44 87.27 0.00 
[20:43:50.290] [ARM] [8] <2.79 -60.00 -4.29> result: 91.49 104.90 -72.41 -1.49 87.31 0.00 
[20:43:50.290] [ARM] [9] <2.90 -60.00 -4.40> result: 91.55 104.96 -72.41 -1.55 87.37 0.00 
[20:43:50.313] [ARM] [10] <3.03 -60.00 -4.53> result: 91.61 105.03 -72.41 -1.62 87.44 0.00 
[20:43:50.313] [ARM] [11] <3.18 -60.00 -4.68> result: 91.69 105.11 -72.42 -1.70 87.53 0.00 
[20:43:50.313] [ARM] [12] <3.36 -60.00 -4.86> result: 91.79 105.20 -72.42 -1.79 87.62 0.00 
[20:43:50.313] [ARM] [13] <3.55 -60.00 -5.05> result: 91.89 105.30 -72.43 -1.89 87.72 0.00 
[20:43:50.336] [ARM] [14] <3.76 -60.00 -5.26> result: 92.00 105.41 -72.43 -2.00 87.84 0.00 
[20:43:50.336] [ARM] [15] <3.99 -60.00 -5.49> result: 92.12 105.53 -72.43 -2.12 87.96 0.00 
[20:43:50.336] [ARM] [16] <4.24 -60.00 -5.74> result: 92.25 105.66 -72.44 -2.26 88.10 0.00 
[20:43:50.359] [ARM] [17] <4.50 -60.00 -6.00> result: 92.39 105.79 -72.44 -2.39 88.24 0.00 
[20:43:50.359] [ARM] [18] <4.77 -60.00 -6.27> result: 92.54 105.94 -72.45 -2.54 88.38 0.00 
[20:43:50.359] [ARM] [19] <5.00 -60.00 -6.50> result: 92.66 106.06 -72.45 -2.66 88.51 0.00 
[20:43:50.359] [ARM] [20] <5.00 -60.00 -6.50> result: 92.66 106.06 -72.45 -2.66 88.51 0.00 
[20:43:50.381] [ARM] [21] <5.00 -60.00 -6.50> result: 92.66 106.06 -72.45 -2.66 88.51 0.00 
[20:43:50.382] [ARM] [22] <5.00 -60.00 -6.50> result: 92.66 106.06 -72.45 -2.66 88.51 0.00 
[20:43:50.382] [ARM] [23] <5.00 -60.00 -6.50> result: 92.66 106.06 -72.45 -2.66 88.51 0.00 
[20:43:50.382] [ARM] [24] <5.00 -60.00 -6.50> result: 92.66 106.06 -72.45 -2.66 88.51 0.00 
[20:43:50.417] [ARM] [25] <5.00 -60.00 -6.50> result: 92.66 106.06 -72.45 -2.66 88.51 0.00 
[20:43:50.417] [ARM] [26] <5.00 -60.00 -6.50> result: 92.66 106.06 -72.45 -2.66 88.51 0.00 
[20:43:50.417] [ARM] [27] <5.00 -60.00 -6.50> result: 92.66 106.06 -72.45 -2.66 88.51 0.00 
[20:43:50.440] [ARM] [28] <5.00 -60.00 -6.50> result: 92.66 106.06 -72.45 -2.66 88.51 0.00 
[20:43:50.440] [ARM] [29] <5.00 -60.00 -6.50> result: 92.66 106.06 -72.45 -2.66 88.51 0.00 
[20:43:50.440] [ARM] [30] <5.00 -60.00 -6.50> result: 92.66 106.06 -72.45 -2.66 88.51 0.00 
[20:43:50.440] [ARM] [31] <5.00 -60.00 -6.50> result: 92.66 106.06 -72.45 -2.66 88.51 0.00 
[20:43:50.464] [ARM] [32] <5.00 -60.00 -6.50> result: 92.66 106.06 -72.45 -2.66 88.51 0.00 
[20:43:50.464] [ARM] [33] <5.00 -60.00 -6.50> result: 92.66 106.06 -72.45 -2.66 88.51 0.00 
[20:43:50.464] [ARM] [34] <5.00 -60.00 -6.50> result: 92.66 106.06 -72.45 -2.66 88.51 0.00 
[20:43:50.486] [ARM] [35] <5.00 -60.00 -6.50> result: 92.66 106.06 -72.45 -2.66 88.51 0.00 
[20:43:50.488] [ARM] [36] <5.00 -60.00 -6.50> result: 92.66 106.06 -72.45 -2.66 88.51 0.00 
[20:43:50.488] [ARM] [37] <5.00 -60.00 -6.50> result: 92.66 106.06 -72.45 -2.66 88.51 0.00 
[20:43:50.488] [ARM] [38] <5.00 -60.00 -6.50> result: 92.66 106.06 -72.45 -2.66 88.51 0.00 
[20:43:50.510] [ARM] [39] <5.00 -60.00 -6.50> result: 92.66 106.06 -72.45 -2.66 88.51 0.00 
[20:43:50.510] [ARM] [40] <5.00 -60.00 -6.50> result: 92.66 106.06 -72.45 -2.66 88.51 0.00 
[20:43:50.510] [ARM] [41] <5.00 -60.00 -6.50> result: 92.66 106.06 -72.45 -2.66 88.51 0.00 
[20:43:50.510] [ARM] [42] <5.00 -60.00 -6.50> result: 92.66 106.06 -72.45 -2.66 88.51 0.00 
[20:43:50.562] [ARM] [43] <5.00 -60.00 -6.50> result: 92.66 106.06 -72.45 -2.66 88.51 0.00 
[20:43:50.562] [ARM] [TARGET] vision state=ALIGN enabled=1 dcx=16 dcy=-10 stable=0
[20:43:50.562] [ARM] [TARGET] align step dx=2.50 dz=-2.50 target=<5.00 -60.00 -6.50>
[20:43:50.564] [JETSON-TX] vision step 2/3: dcx=4 dcy=-15 hold=1.0s frame=FF 05 03 04 00 F1 FF FC FE
[20:43:50.626] [ARM] [JETSON_RX] vision dcx=4 dcy=-15
[20:43:50.626] [ARM] [TARGET] vision state=ALIGN enabled=1 dcx=4 dcy=-15 stable=0
[20:43:50.812] [ARM] [JETSON_RX] vision dcx=4 dcy=-15
[20:43:50.812] [ARM] [TARGET] vision state=ALIGN enabled=1 dcx=4 dcy=-15 stable=1
[20:43:50.997] [ARM] [JETSON_RX] vision dcx=4 dcy=-15
[20:43:50.997] [ARM] [TARGET] vision state=ALIGN enabled=1 dcx=4 dcy=-15 stable=2
[20:43:51.044] [JETSON-RX] CC 02 01 DD
[20:43:51.044] [JETSON-STATUS] ALIGN_DONE func=0x02 value=0x01
[20:43:51.044] [PROMPT] 已收到 ALIGN_DONE。确认画面和机械臂位置安全后，按 Enter 进入 P000 发射许可步骤。
[20:43:51.060] [ARM] [jpint 1] ave_error:0.53
[20:43:51.060] [ARM] [jpint 2] ave_error:4.07
[20:43:51.060] [ARM] [jpint 3] ave_error:9.50
[20:43:51.060] [ARM] [jpint 4] ave_error:0.47
[20:43:51.060] [ARM] [jpint 5] ave_error:0.37
[20:43:51.060] [ARM] 
[20:43:51.060] [ARM] robot pid run finished!!
[20:43:51.183] [ARM] ROBOT_AUTO_EVENT
[20:43:51.183] [ARM] [0] <5.00 -60.00 -6.50> result: 92.66 106.06 -72.45 -2.66 88.51 0.00 
[20:43:51.183] [ARM] [JETSON_RX] vision dcx=4 dcy=-15
[20:43:51.183] [ARM] [TARGET] vision state=CONFIRM enabled=1 dcx=4 dcy=-15 stable=3
[20:43:51.308] [ARM] [jpint 1] ave_error:92.54
[20:43:51.308] [ARM] [jpint 2] ave_error:108.13
[20:43:51.308] [ARM] [jpint 3] ave_error:66.15
[20:43:51.308] [ARM] [jpint 4] ave_error:2.87
[20:43:51.308] [ARM] [jpint 5] ave_error:88.66
[20:43:51.308] [ARM] 
[20:43:51.308] [ARM] robot pid run finished!!
[20:43:51.431] [ARM] [JETSON_RX] vision dcx=4 dcy=-15
[20:43:51.431] [ARM] ROBOT_AUTO_EVENT
[20:43:51.431] [ARM] [0] <5.00 -60.00 -6.50> result: 92.66 106.06 -72.45 -2.66 88.51 0.00 
[20:43:51.555] [ARM] [TARGET] vision state=CONFIRM enabled=1 dcx=4 dcy=-15 stable=3
[20:43:51.555] [ARM] [jpint 1] ave_error:92.42
[20:43:51.555] [ARM] [jpint 2] ave_error:108.06
[20:43:51.555] [ARM] [jpint 3] ave_error:66.04
[20:43:51.555] [ARM] [jpint 4] ave_error:2.73
[20:43:51.555] [ARM] [jpint 5] ave_error:88.39
[20:43:51.555] [ARM] 
[20:43:51.555] [ARM] robot pid run finished!!
[20:43:51.567] [JETSON-TX] vision step 3/3: dcx=0 dcy=0 hold=0.0s frame=FF 05 03 00 00 00 00 08 FE
[20:43:51.619] [ARM] [JETSON_RX] vision dcx=0 dcy=0
[20:43:51.619] [ARM] [TARGET] vision state=CONFIRM enabled=1 dcx=0 dcy=0 stable=3
[20:43:51.619] [ARM] ROBOT_AUTO_EVENT
[20:43:51.619] [ARM] [0] <5.00 -60.00 -6.50> result: 92.66 106.06 -72.45 -2.66 88.51 0.00 
[20:43:51.743] [ARM] [jpint 1] ave_error:92.28
[20:43:51.743] [ARM] [jpint 2] ave_error:107.98
[20:43:51.743] [ARM] [jpint 3] ave_error:65.90
[20:43:51.743] [ARM] [jpint 4] ave_error:2.60
[20:43:51.743] [ARM] [jpint 5] ave_error:88.12
[20:43:51.743] [ARM] 
[20:43:51.743] [ARM] robot pid run finished!!
[20:43:51.806] [ARM] [JETSON_RX] vision dcx=0 dcy=0
[20:43:51.806] [ARM] [TARGET] vision state=CONFIRM enabled=1 dcx=0 dcy=0 stable=3
[20:43:51.994] [ARM] [JETSON_RX] vision dcx=0 dcy=0
[20:43:51.994] [ARM] [TARGET] vision state=CONFIRM enabled=1 dcx=0 dcy=0 stable=3
[20:43:52.099] [PROMPT] Enter received; console logging resumed.
[20:43:52.099] [PROMPT] 请按住 P000 KEY，脚本会自动等待 OUTPUT_ON，不需要再按 Enter。
[20:43:52.099] [STEP] waiting OUTPUT_ON from RA6...
[20:43:52.241] [ARM] [JETSON_RX] vision dcx=0 dcy=0
[20:43:52.241] [ARM] [TARGET] vision state=CONFIRM enabled=1 dcx=0 dcy=0 stable=3
[20:43:52.319] [JETSON-RX] CC 03 01 DD
[20:43:52.319] [JETSON-STATUS] OUTPUT_ON func=0x03 value=0x01
[20:43:52.319] [PROMPT] 已进入 OUTPUT。请松开 P000 KEY，脚本会自动等待 OUTPUT_OFF，不需要按 Enter。
[20:43:52.319] [STEP] waiting OUTPUT_OFF from RA6...
[20:43:52.427] [ARM] [JETSON_RX] vision dcx=0 dcy=0
[20:43:52.427] [ARM] [TARGET] vision state=OUTPUT enabled=1 dcx=0 dcy=0 stable=3
[20:43:52.616] [ARM] [JETSON_RX] vision dcx=0 dcy=0
[20:43:52.616] [ARM] [TARGET] vision state=OUTPUT enabled=1 dcx=0 dcy=0 stable=3
[20:43:52.803] [ARM] [JETSON_RX] vision dcx=0 dcy=0
[20:43:52.803] [ARM] [TARGET] vision state=OUTPUT enabled=1 dcx=0 dcy=0 stable=3
[20:43:52.989] [ARM] [JETSON_RX] vision dcx=0 dcy=0
[20:43:52.989] [ARM] [TARGET] vision state=OUTPUT enabled=1 dcx=0 dcy=0 stable=3
[20:43:53.238] [ARM] [JETSON_RX] vision dcx=0 dcy=0
[20:43:53.238] [ARM] [TARGET] vision state=OUTPUT enabled=1 dcx=0 dcy=0 stable=3
[20:43:53.425] [ARM] [JETSON_RX] vision dcx=0 dcy=0
[20:43:53.425] [ARM] [TARGET] vision state=OUTPUT enabled=1 dcx=0 dcy=0 stable=3
[20:43:53.611] [ARM] [JETSON_RX] vision dcx=0 dcy=0
[20:43:53.611] [ARM] [TARGET] vision state=OUTPUT enabled=1 dcx=0 dcy=0 stable=3
[20:43:53.797] [ARM] [JETSON_RX] vision dcx=0 dcy=0
[20:43:53.797] [ARM] [TARGET] vision state=OUTPUT enabled=1 dcx=0 dcy=0 stable=3
[20:43:54.047] [ARM] [JETSON_RX] vision dcx=0 dcy=0
[20:43:54.047] [ARM] [TARGET] vision state=OUTPUT enabled=1 dcx=0 dcy=0 stable=3
[20:43:54.236] [ARM] [JETSON_RX] vision dcx=0 dcy=0
[20:43:54.236] [ARM] [TARGET] vision state=OUTPUT enabled=1 dcx=0 dcy=0 stable=3
[20:43:54.423] [ARM] [JETSON_RX] vision dcx=0 dcy=0
[20:43:54.423] [ARM] [TARGET] vision state=OUTPUT enabled=1 dcx=0 dcy=0 stable=3
[20:43:54.609] [ARM] [JETSON_RX] vision dcx=0 dcy=0
[20:43:54.609] [ARM] [TARGET] vision state=OUTPUT enabled=1 dcx=0 dcy=0 stable=3
[20:43:54.796] [ARM] [JETSON_RX] vision dcx=0 dcy=0
[20:43:54.796] [ARM] [TARGET] vision state=OUTPUT enabled=1 dcx=0 dcy=0 stable=3
[20:43:55.044] [ARM] [JETSON_RX] vision dcx=0 dcy=0
[20:43:55.044] [ARM] [TARGET] vision state=OUTPUT enabled=1 dcx=0 dcy=0 stable=3
[20:43:55.232] [ARM] [JETSON_RX] vision dcx=0 dcy=0
[20:43:55.232] [ARM] [TARGET] vision state=OUTPUT enabled=1 dcx=0 dcy=0 stable=3
[20:43:55.419] [ARM] [JETSON_RX] vision dcx=0 dcy=0
[20:43:55.419] [ARM] [TARGET] vision state=OUTPUT enabled=1 dcx=0 dcy=0 stable=3
[20:43:55.605] [ARM] [JETSON_RX] vision dcx=0 dcy=0
[20:43:55.605] [ARM] [TARGET] vision state=OUTPUT enabled=1 dcx=0 dcy=0 stable=3
[20:43:55.792] [ARM] [JETSON_RX] vision dcx=0 dcy=0
[20:43:55.792] [ARM] [TARGET] vision state=OUTPUT enabled=1 dcx=0 dcy=0 stable=3
[20:43:56.042] [ARM] [JETSON_RX] vision dcx=0 dcy=0
[20:43:56.042] [ARM] [TARGET] vision state=OUTPUT enabled=1 dcx=0 dcy=0 stable=3
[20:43:56.105] [JETSON-RX] CC 03 00 DD
[20:43:56.105] [JETSON-STATUS] OUTPUT_OFF func=0x03 value=0x00
[20:43:56.105] [JETSON-TX] vision sender disabled after 38 frames.
[20:43:56.106] [JETSON-TX] TARGET_CTRL STOP: AA 01 00 BB
[20:43:56.168] [ARM] [JETSON_RX] target_ctrl=0
[20:43:56.183] [JETSON-RX] CC 04 00 DD
[20:43:56.183] [JETSON-STATUS] TARGET_CTRL_OFF func=0x04 value=0x00
[20:43:56.384] [ARM-TX] laser_off
[20:43:56.416] [ARM] Found handler for 'laser_off', executing...
[20:43:56.416] [ARM] laser_off
[20:43:56.585] [STEP] final soft_reset to HOME...
[20:43:56.585] [ARM-TX] soft_reset
[20:43:56.602] [ARM] Found handler for 'soft_reset', executing...
[20:43:56.602] [ARM] ROBOT_SOFT_RESET_EVENT
[20:43:56.602] [ARM] --- Starting soft reset ---
[20:43:56.853] [ARM] Soft reset motors enabled (J1~J5, J6 skipped).
[20:43:56.853] [ARM] Soft resetting joint 4...
[20:43:56.853] [ARM] robot_update_current_angle 4...
[20:43:56.853] [ARM] [4] current:87.91, target:90.00, dir:1
[20:43:57.230] [ARM] Soft resetting joint 3...
[20:43:57.230] [ARM] robot_update_current_angle 3...
[20:43:57.230] [ARM] [3] current:-2.49, target:0.00, dir:1
[20:43:57.788] [ARM] Soft resetting joint 1...
[20:43:57.850] [ARM] robot_update_current_angle 1...
[20:43:57.850] [ARM] [1] current:107.93, target:90.00, dir:-1
[20:43:59.530] [ARM] soft reset joint 1 settle timeout, keep going
[20:43:59.530] [ARM] Soft resetting joint 2...
[20:43:59.530] [ARM] robot_update_current_angle 2...
[20:43:59.530] [ARM] [2] current:-65.80, target:-90.00, dir:-1
[20:44:01.332] [ARM] soft reset joint 2 settle timeout, keep going
[20:44:01.332] [ARM] Soft resetting joint 0...
[20:44:01.332] [ARM] robot_update_current_angle 0...
[20:44:01.332] [ARM] [0] current:92.17, target:90.00, dir:-1
[20:44:01.890] [ARM] soft reset final verify PASS (issues:2), pose set HOME.
[20:44:01.890] [DONE] final soft_reset PASS; robot returned HOME.
[20:44:01.890] [DONE] OUTPUT_OFF received; target disabled; demo sequence complete.
[20:44:01.890] [JETSON-TX] TARGET_CTRL STOP: AA 01 00 BB
[20:44:01.890] [ARM-TX] laser_off
[20:44:01.953] [ARM] Found handler for 'laser_off', executing...
[20:44:01.953] [ARM] laser_off
[20:44:01.953] [ARM] [JETSON_RX] target_ctrl=0
[20:44:01.968] [JETSON-RX] CC 04 00 DD
[20:44:01.968] [JETSON-STATUS] TARGET_CTRL_OFF func=0x04 value=0x00
[20:44:02.095] [INFO] ports closed.
