[20:37:02.431] [INFO] log file: E:\Renesas\RA6M5-Robot\Robot_FreeRTOS - Arm\DEBUG\target_state_demo_20260630_203702.log
[20:37:02.431] [INFO] ARM=COM7 JETSON=COM14 baud=115200
[20:37:02.431] [INFO] start frame: AA 01 01 BB
[20:37:02.431] [INFO] stop frame: AA 01 00 BB
[20:37:02.431] [INFO] vision sequence: (60,-35)/2.0s -> (30,-25)/2.0s -> (20,-10)/1.0s -> (0,0)/0.0s
[20:37:02.937] [JETSON-TX] TARGET_CTRL STOP: AA 01 00 BB
[20:37:02.995] [ARM] [JETSON_RX] target_ctrl=0
[20:37:03.011] [JETSON-RX] CC 04 00 DD
[20:37:03.011] [JETSON-STATUS] TARGET_CTRL_OFF func=0x04 value=0x00
[20:37:03.211] [ARM-TX] laser_off
[20:37:03.246] [ARM] Found handler for 'laser_off', executing...
[20:37:03.248] [ARM] laser_off
[20:37:03.412] [ARM-TX] soft_reset
[20:37:03.432] [ARM] Found handler for 'soft_reset', executing...
[20:37:03.432] [ARM] ROBOT_SOFT_RESET_EVENT
[20:37:03.432] [ARM] --- Starting soft reset ---
[20:37:03.681] [ARM] Soft reset motors enabled (J1~J5, J6 skipped).
[20:37:03.681] [ARM] Soft resetting joint 4...
[20:37:03.681] [ARM] robot_update_current_angle 4...
[20:37:03.681] [ARM] [4] current:90.00, target:90.00, dir:-1
[20:37:03.804] [ARM] Soft resetting joint 3...
[20:37:03.867] [ARM] robot_update_current_angle 3...
[20:37:03.867] [ARM] [3] current:-0.00, target:0.00, dir:1
[20:37:03.992] [ARM] Soft resetting joint 1...
[20:37:03.992] [ARM] robot_update_current_angle 1...
[20:37:03.992] [ARM] [1] current:90.00, target:90.00, dir:-1
[20:37:04.118] [ARM] Soft resetting joint 2...
[20:37:04.118] [ARM] robot_update_current_angle 2...
[20:37:04.118] [ARM] [2] current:-90.00, target:-90.00, dir:-1
[20:37:04.242] [ARM] Soft resetting joint 0...
[20:37:04.305] [ARM] robot_update_current_angle 0...
[20:37:04.305] [ARM] [0] current:90.00, target:90.00, dir:-1
[20:37:04.491] [ARM] soft reset final verify PASS (issues:0), pose set HOME.
[20:37:04.491] [JETSON-TX] TARGET_CTRL START: AA 01 01 BB
[20:37:04.530] [ARM] [JETSON_RX] target_ctrl=1
[20:37:04.532] [ARM] ROBOT_AUTO_EVENT
[20:37:04.532] [ARM] [0] <0.00 0.00 0.00> result: 90.00 90.00 -90.00 0.00 90.00 0.00 
[20:37:04.532] [ARM] [1] <0.00 -0.00 -0.00> result: 90.00 90.00 -90.00 0.00 90.00 0.00 
[20:37:04.532] [ARM] [2] <0.00 -0.00 -0.00> result: 90.00 90.00 -90.00 0.00 90.00 0.00 
[20:37:04.554] [JETSON-RX] CC 04 01 DD
[20:37:04.554] [ARM] [3] <0.00 -0.01 -0.00> result: 90.00 90.00 -90.00 0.00 90.00 0.00 
[20:37:04.554] [JETSON-STATUS] TARGET_CTRL_ON func=0x04 value=0x01
[20:37:04.554] [ARM] [4] <0.00 -0.02 -0.00> result: 90.00 90.01 -90.00 0.00 90.00 0.00 
[20:37:04.554] [STEP] waiting READY from RA6...
[20:37:04.554] [ARM] [5] <0.00 -0.03 -0.00> result: 90.00 90.01 -89.99 0.00 90.00 0.00 
[20:37:04.554] [ARM] [6] <0.00 -0.05 -0.00> result: 90.00 90.02 -89.99 0.00 90.00 0.00 
[20:37:04.578] [ARM] [7] <0.00 -0.07 -0.00> result: 90.00 90.02 -89.98 0.00 90.00 0.00 
[20:37:04.578] [ARM] [8] <0.00 -0.11 -0.00> result: 90.00 90.03 -89.97 0.00 90.00 0.00 
[20:37:04.578] [ARM] [9] <0.00 -0.15 -0.00> result: 90.00 90.05 -89.96 0.00 90.00 0.00 
[20:37:04.600] [ARM] [10] <0.00 -0.20 -0.01> result: 90.00 90.06 -89.94 0.00 90.01 0.00 
[20:37:04.600] [ARM] [11] <0.00 -0.27 -0.01> result: 90.00 90.08 -89.92 0.00 90.01 0.00 
[20:37:04.600] [ARM] [12] <0.00 -0.34 -0.01> result: 90.00 90.11 -89.90 0.00 90.01 0.00 
[20:37:04.600] [ARM] [13] <0.00 -0.43 -0.01> result: 90.00 90.14 -89.88 0.00 90.01 0.00 
[20:37:04.623] [ARM] [14] <0.00 -0.54 -0.01> result: 90.00 90.17 -89.85 0.00 90.02 0.00 
[20:37:04.624] [ARM] [15] <0.00 -0.65 -0.02> result: 90.00 90.20 -89.81 0.00 90.02 0.00 
[20:37:04.624] [ARM] [16] <0.00 -0.79 -0.02> result: 90.00 90.25 -89.78 0.00 90.02 0.00 
[20:37:04.624] [ARM] [17] <0.00 -0.94 -0.02> result: 90.00 90.29 -89.73 0.00 90.03 0.00 
[20:37:04.646] [ARM] [18] <0.00 -1.10 -0.03> result: 90.00 90.34 -89.69 0.00 90.03 0.00 
[20:37:04.646] [ARM] [19] <0.00 -1.29 -0.03> result: 90.00 90.40 -89.63 0.00 90.03 0.00 
[20:37:04.646] [ARM] [20] <0.00 -1.49 -0.04> result: 90.00 90.46 -89.57 0.00 90.04 0.00 
[20:37:04.646] [ARM] [21] <0.00 -1.72 -0.04> result: 90.00 90.53 -89.51 0.00 90.04 0.00 
[20:37:04.668] [ARM] [22] <0.00 -1.97 -0.05> result: 90.00 90.61 -89.44 0.00 90.05 0.00 
[20:37:04.669] [ARM] [23] <0.00 -2.23 -0.06> result: 90.00 90.69 -89.36 0.00 90.05 0.00 
[20:37:04.669] [ARM] [24] <0.00 -2.52 -0.06> result: 90.00 90.77 -89.28 0.00 90.05 0.00 
[20:37:04.703] [ARM] [25] <0.00 -2.84 -0.07> result: 90.00 90.87 -89.19 0.00 90.06 0.00 
[20:37:04.703] [ARM] [26] <0.00 -3.17 -0.08> result: 90.00 90.97 -89.10 0.00 90.06 0.00 
[20:37:04.703] [ARM] [27] <0.00 -3.53 -0.09> result: 90.00 91.07 -88.99 0.00 90.06 0.00 
[20:37:04.703] [ARM] [28] <0.00 -3.92 -0.10> result: 90.00 91.18 -88.88 0.00 90.07 0.00 
[20:37:04.726] [ARM] [29] <0.00 -4.33 -0.11> result: 90.00 91.30 -88.76 0.00 90.07 0.00 
[20:37:04.727] [ARM] [30] <0.00 -4.77 -0.12> result: 90.00 91.43 -88.64 0.00 90.07 0.00 
[20:37:04.727] [ARM] [31] <0.00 -5.23 -0.13> result: 90.00 91.56 -88.51 0.00 90.07 0.00 
[20:37:04.727] [ARM] [32] <0.00 -5.72 -0.14> result: 90.00 91.70 -88.37 0.00 90.07 0.00 
[20:37:04.749] [ARM] [33] <0.00 -6.24 -0.16> result: 90.00 91.85 -88.22 0.00 90.06 0.00 
[20:37:04.750] [ARM] [34] <0.00 -6.79 -0.17> result: 90.00 92.00 -88.06 0.00 90.06 0.00 
[20:37:04.750] [ARM] [35] <0.00 -7.36 -0.18> result: 90.00 92.16 -87.89 0.00 90.05 0.00 
[20:37:04.750] [ARM] [36] <0.00 -7.96 -0.20> result: 90.00 92.32 -87.72 0.00 90.04 0.00 
[20:37:04.772] [ARM] [37] <0.00 -8.60 -0.21> result: 90.00 92.49 -87.54 0.00 90.03 0.00 
[20:37:04.772] [ARM] [38] <0.00 -9.26 -0.23> result: 90.00 92.67 -87.35 0.00 90.02 0.00 
[20:37:04.772] [ARM] [39] <0.00 -9.95 -0.25> result: 90.00 92.85 -87.15 0.00 90.00 0.00 
[20:37:04.795] [ARM] [40] <0.00 -10.67 -0.27> result: 90.00 93.04 -86.94 0.00 89.98 0.00 
[20:37:04.795] [ARM] [41] <0.00 -11.42 -0.29> result: 90.00 93.24 -86.72 0.00 89.96 0.00 
[20:37:04.796] [ARM] [42] <0.00 -12.20 -0.30> result: 90.00 93.44 -86.50 0.00 89.93 0.00 
[20:37:04.796] [ARM] [43] <0.00 -13.01 -0.33> result: 90.00 93.64 -86.26 0.00 89.91 0.00 
[20:37:04.817] [ARM] [44] <0.00 -13.85 -0.35> result: 90.00 93.85 -86.02 0.00 89.87 0.00 
[20:37:04.817] [ARM] [45] <0.00 -14.72 -0.37> result: 90.00 94.07 -85.77 0.00 89.84 0.00 
[20:37:04.817] [ARM] [46] <0.00 -15.62 -0.39> result: 90.00 94.29 -85.51 0.00 89.80 0.00 
[20:37:04.817] [ARM] [47] <0.00 -16.55 -0.41> result: 90.00 94.52 -85.24 0.00 89.75 0.00 
[20:37:04.841] [ARM] [48] <0.00 -17.51 -0.44> result: 90.00 94.75 -84.96 0.00 89.70 0.00 
[20:37:04.841] [ARM] [49] <0.00 -18.49 -0.46> result: 90.00 94.98 -84.67 0.00 89.65 0.00 
[20:37:04.841] [ARM] [50] <0.00 -19.51 -0.49> result: 90.00 95.22 -84.37 0.00 89.59 0.00 
[20:37:04.841] [ARM] [51] <0.00 -20.56 -0.51> result: 90.00 95.47 -84.06 0.00 89.53 0.00 
[20:37:04.863] [ARM] [52] <0.00 -21.64 -0.54> result: 90.00 95.71 -83.75 0.00 89.46 0.00 
[20:37:04.863] [ARM] [53] <0.00 -22.74 -0.57> result: 90.00 95.97 -83.43 0.00 89.39 0.00 
[20:37:04.863] [ARM] [54] <0.00 -23.88 -0.60> result: 90.00 96.22 -83.09 0.00 89.32 0.00 
[20:37:04.899] [ARM] [55] <0.00 -25.04 -0.63> result: 90.00 96.48 -82.75 0.00 89.23 0.00 
[20:37:04.899] [ARM] [56] <0.00 -26.23 -0.66> result: 90.00 96.74 -82.40 0.00 89.15 0.00 
[20:37:04.899] [ARM] [57] <0.00 -27.44 -0.69> result: 90.00 97.01 -82.05 0.00 89.06 0.00 
[20:37:04.899] [ARM] [58] <0.00 -28.68 -0.72> result: 90.00 97.28 -81.68 0.00 88.96 0.00 
[20:37:04.923] [ARM] [59] <0.00 -29.95 -0.75> result: 90.00 97.55 -81.31 0.00 88.86 0.00 
[20:37:04.923] [ARM] [60] <0.00 -31.25 -0.78> result: 90.00 97.83 -80.92 0.00 88.75 0.00 
[20:37:04.923] [ARM] [61] <0.00 -32.57 -0.81> result: 90.00 98.10 -80.53 0.00 88.64 0.00 
[20:37:04.923] [ARM] [62] <0.00 -33.91 -0.85> result: 90.00 98.39 -80.14 0.00 88.52 0.00 
[20:37:04.944] [ARM] [63] <0.00 -35.28 -0.88> result: 90.00 98.67 -79.73 0.00 88.40 0.00 
[20:37:04.944] [ARM] [64] <0.00 -36.67 -0.92> result: 90.00 98.95 -79.32 0.00 88.27 0.00 
[20:37:04.944] [ARM] [65] <0.00 -38.08 -0.95> result: 90.00 99.24 -78.90 0.00 88.14 0.00 
[20:37:04.966] [ARM] [66] <0.00 -39.51 -0.99> result: 90.00 99.53 -78.47 0.00 88.00 0.00 
[20:37:04.966] [ARM] [67] <0.00 -40.97 -1.02> result: 90.00 99.82 -78.04 0.00 87.86 0.00 
[20:37:04.966] [ARM] [68] <0.00 -42.44 -1.06> result: 90.00 100.11 -77.60 0.00 87.71 0.00 
[20:37:04.966] [ARM] [69] <0.00 -43.94 -1.10> result: 90.00 100.41 -77.15 0.00 87.56 0.00 
[20:37:04.989] [ARM] [70] <0.00 -45.45 -1.14> result: 90.00 100.70 -76.70 0.00 87.41 0.00 
[20:37:04.989] [ARM] [71] <0.00 -46.98 -1.17> result: 90.00 101.00 -76.24 0.00 87.25 0.00 
[20:37:04.989] [ARM] [72] <0.00 -48.53 -1.21> result: 90.00 101.30 -75.78 0.00 87.08 0.00 
[20:37:04.989] [ARM] [73] <0.00 -50.09 -1.25> result: 90.00 101.60 -75.31 0.00 86.91 0.00 
[20:37:05.012] [ARM] [74] <0.00 -51.67 -1.29> result: 90.00 101.90 -74.84 0.00 86.74 0.00 
[20:37:05.012] [ARM] [75] <0.00 -53.26 -1.33> result: 90.00 102.20 -74.36 0.00 86.56 0.00 
[20:37:05.012] [ARM] [76] <0.00 -54.86 -1.37> result: 90.00 102.51 -73.87 0.00 86.38 0.00 
[20:37:05.035] [ARM] [77] <0.00 -56.48 -1.41> result: 90.00 102.81 -73.39 0.00 86.20 0.00 
[20:37:05.035] [ARM] [78] <0.00 -58.11 -1.45> result: 90.00 103.11 -72.89 0.00 86.01 0.00 
[20:37:05.036] [ARM] [79] <0.00 -59.75 -1.49> result: 90.00 103.42 -72.40 0.00 85.82 0.00 
[20:37:05.036] [ARM] [80] <0.00 -60.00 -1.50> result: 90.00 103.47 -72.32 0.00 85.79 0.00 
[20:37:05.073] [ARM] [81] <0.00 -60.00 -1.50> result: 90.00 103.47 -72.32 0.00 85.79 0.00 
[20:37:05.073] [ARM] [82] <0.00 -60.00 -1.50> result: 90.00 103.47 -72.32 0.00 85.79 0.00 
[20:37:05.073] [ARM] [83] <0.00 -60.00 -1.50> result: 90.00 103.47 -72.32 0.00 85.79 0.00 
[20:37:05.074] [ARM] [84] <0.00 -60.00 -1.50> result: 90.00 103.47 -72.32 0.00 85.79 0.00 
[20:37:05.094] [ARM] [85] <0.00 -60.00 -1.50> result: 90.00 103.47 -72.32 0.00 85.79 0.00 
[20:37:05.094] [ARM] [86] <0.00 -60.00 -1.50> result: 90.00 103.47 -72.32 0.00 85.79 0.00 
[20:37:05.094] [ARM] [87] <0.00 -60.00 -1.50> result: 90.00 103.47 -72.32 0.00 85.79 0.00 
[20:37:05.115] [ARM] [88] <0.00 -60.00 -1.50> result: 90.00 103.47 -72.32 0.00 85.79 0.00 
[20:37:05.115] [ARM] [89] <0.00 -60.00 -1.50> result: 90.00 103.47 -72.32 0.00 85.79 0.00 
[20:37:05.115] [ARM] [90] <0.00 -60.00 -1.50> result: 90.00 103.47 -72.32 0.00 85.79 0.00 
[20:37:05.115] [ARM] [91] <0.00 -60.00 -1.50> result: 90.00 103.47 -72.32 0.00 85.79 0.00 
[20:37:05.140] [ARM] [92] <0.00 -60.00 -1.50> result: 90.00 103.47 -72.32 0.00 85.79 0.00 
[20:37:05.140] [ARM] [93] <0.00 -60.00 -1.50> result: 90.00 103.47 -72.32 0.00 85.79 0.00 
[20:37:05.140] [ARM] [94] <0.00 -60.00 -1.50> result: 90.00 103.47 -72.32 0.00 85.79 0.00 
[20:37:05.140] [ARM] [95] <0.00 -60.00 -1.50> result: 90.00 103.47 -72.32 0.00 85.79 0.00 
[20:37:05.161] [ARM] [96] <0.00 -60.00 -1.50> result: 90.00 103.47 -72.32 0.00 85.79 0.00 
[20:37:05.161] [ARM] [97] <0.00 -60.00 -1.50> result: 90.00 103.47 -72.32 0.00 85.79 0.00 
[20:37:05.161] [ARM] [98] <0.00 -60.00 -1.50> result: 90.00 103.47 -72.32 0.00 85.79 0.00 
[20:37:05.184] [ARM] [99] <0.00 -60.00 -1.50> result: 90.00 103.47 -72.32 0.00 85.79 0.00 
[20:37:05.184] [ARM] [100] <0.00 -60.00 -1.50> result: 90.00 103.47 -72.32 0.00 85.79 0.00 
[20:37:05.184] [ARM] [101] <0.00 -60.00 -1.50> result: 90.00 103.47 -72.32 0.00 85.79 0.00 
[20:37:05.184] [ARM] [102] <0.00 -60.00 -1.50> result: 90.00 103.47 -72.32 0.00 85.79 0.00 
[20:37:05.207] [ARM] [103] <0.00 -60.00 -1.50> result: 90.00 103.47 -72.32 0.00 85.79 0.00 
[20:37:05.207] [ARM] [104] <0.00 -60.00 -1.50> result: 90.00 103.47 -72.32 0.00 85.79 0.00 
[20:37:05.207] [ARM] [105] <0.00 -60.00 -1.50> result: 90.00 103.47 -72.32 0.00 85.79 0.00 
[20:37:05.207] [ARM] [106] <0.00 -60.00 -1.50> result: 90.00 103.47 -72.32 0.00 85.79 0.00 
[20:37:05.230] [ARM] [107] <0.00 -60.00 -1.50> result: 90.00 103.47 -72.32 0.00 85.79 0.00 
[20:37:05.230] [ARM] [108] <0.00 -60.00 -1.50> result: 90.00 103.47 -72.32 0.00 85.79 0.00 
[20:37:05.230] [ARM] [109] <0.00 -60.00 -1.50> result: 90.00 103.47 -72.32 0.00 85.79 0.00 
[20:37:05.266] [ARM] [110] <0.00 -60.00 -1.50> result: 90.00 103.47 -72.32 0.00 85.79 0.00 
[20:37:05.266] [ARM] [111] <0.00 -60.00 -1.50> result: 90.00 103.47 -72.32 0.00 85.79 0.00 
[20:37:05.266] [ARM] [112] <0.00 -60.00 -1.50> result: 90.00 103.47 -72.32 0.00 85.79 0.00 
[20:37:05.266] [ARM] [113] <0.00 -60.00 -1.50> result: 90.00 103.47 -72.32 0.00 85.79 0.00 
[20:37:05.288] [ARM] [114] <0.00 -60.00 -1.50> result: 90.00 103.47 -72.32 0.00 85.79 0.00 
[20:37:05.288] [ARM] [115] <0.00 -60.00 -1.50> result: 90.00 103.47 -72.32 0.00 85.79 0.00 
[20:37:05.288] [ARM] [116] <0.00 -60.00 -1.50> result: 90.00 103.47 -72.32 0.00 85.79 0.00 
[20:37:05.310] [ARM] [117] <0.00 -60.00 -1.50> result: 90.00 103.47 -72.32 0.00 85.79 0.00 
[20:37:05.311] [ARM] [118] <0.00 -60.00 -1.50> result: 90.00 103.47 -72.32 0.00 85.79 0.00 
[20:37:05.311] [ARM] [119] <0.00 -60.00 -1.50> result: 90.00 103.47 -72.32 0.00 85.79 0.00 
[20:37:05.311] [ARM] [120] <0.00 -60.00 -1.50> result: 90.00 103.47 -72.32 0.00 85.79 0.00 
[20:37:05.333] [ARM] [121] <0.00 -60.00 -1.50> result: 90.00 103.47 -72.32 0.00 85.79 0.00 
[20:37:05.333] [ARM] [122] <0.00 -60.00 -1.50> result: 90.00 103.47 -72.32 0.00 85.79 0.00 
[20:37:05.333] [ARM] [123] <0.00 -60.00 -1.50> result: 90.00 103.47 -72.32 0.00 85.79 0.00 
[20:37:05.333] [ARM] [124] <0.00 -60.00 -1.50> result: 90.00 103.47 -72.32 0.00 85.79 0.00 
[20:37:05.361] [ARM] [125] <0.00 -60.00 -1.50> result: 90.00 103.47 -72.32 0.00 85.79 0.00 
[20:37:05.361] [ARM] [126] <0.00 -60.00 -1.50> result: 90.00 103.47 -72.32 0.00 85.79 0.00 
[20:37:05.361] [ARM] [127] <0.00 -60.00 -1.50> result: 90.00 103.47 -72.32 0.00 85.79 0.00 
[20:37:05.380] [ARM] [128] <0.00 -60.00 -1.50> result: 90.00 103.47 -72.32 0.00 85.79 0.00 
[20:37:05.380] [ARM] [129] <0.00 -60.00 -1.50> result: 90.00 103.47 -72.32 0.00 85.79 0.00 
[20:37:05.380] [ARM] [130] <0.00 -60.00 -1.50> result: 90.00 103.47 -72.32 0.00 85.79 0.00 
[20:37:05.380] [ARM] [131] <0.00 -60.00 -1.50> result: 90.00 103.47 -72.32 0.00 85.79 0.00 
[20:37:05.402] [ARM] [132] <0.00 -60.00 -1.50> result: 90.00 103.47 -72.32 0.00 85.79 0.00 
[20:37:05.402] [ARM] [133] <0.00 -60.00 -1.50> result: 90.00 103.47 -72.32 0.00 85.79 0.00 
[20:37:05.403] [ARM] [134] <0.00 -60.00 -1.50> result: 90.00 103.47 -72.32 0.00 85.79 0.00 
[20:37:05.437] [ARM] [135] <0.00 -60.00 -1.50> result: 90.00 103.47 -72.32 0.00 85.79 0.00 
[20:37:05.437] [ARM] [136] <0.00 -60.00 -1.50> result: 90.00 103.47 -72.32 0.00 85.79 0.00 
[20:37:05.437] [ARM] [137] <0.00 -60.00 -1.50> result: 90.00 103.47 -72.32 0.00 85.79 0.00 
[20:37:05.437] [ARM] [138] <0.00 -60.00 -1.50> result: 90.00 103.47 -72.32 0.00 85.79 0.00 
[20:37:05.463] [ARM] [139] <0.00 -60.00 -1.50> result: 90.00 103.47 -72.32 0.00 85.79 0.00 
[20:37:05.463] [ARM] [140] <0.00 -60.00 -1.50> result: 90.00 103.47 -72.32 0.00 85.79 0.00 
[20:37:05.463] [ARM] [141] <0.00 -60.00 -1.50> result: 90.00 103.47 -72.32 0.00 85.79 0.00 
[20:37:05.463] [ARM] [142] <0.00 -60.00 -1.50> result: 90.00 103.47 -72.32 0.00 85.79 0.00 
[20:37:05.483] [ARM] [143] <0.00 -60.00 -1.50> result: 90.00 103.47 -72.32 0.00 85.79 0.00 
[20:37:05.483] [ARM] [144] <0.00 -60.00 -1.50> result: 90.00 103.47 -72.32 0.00 85.79 0.00 
[20:37:05.483] [ARM] [145] <0.00 -60.00 -1.50> result: 90.00 103.47 -72.32 0.00 85.79 0.00 
[20:37:05.506] [ARM] [146] <0.00 -60.00 -1.50> result: 90.00 103.47 -72.32 0.00 85.79 0.00 
[20:37:05.506] [ARM] [147] <0.00 -60.00 -1.50> result: 90.00 103.47 -72.32 0.00 85.79 0.00 
[20:37:05.506] [ARM] [148] <0.00 -60.00 -1.50> result: 90.00 103.47 -72.32 0.00 85.79 0.00 
[20:37:05.506] [ARM] [149] <0.00 -60.00 -1.50> result: 90.00 103.47 -72.32 0.00 85.79 0.00 
[20:37:05.528] [ARM] [150] <0.00 -60.00 -1.50> result: 90.00 103.47 -72.32 0.00 85.79 0.00 
[20:37:05.528] [ARM] [151] <0.00 -60.00 -1.50> result: 90.00 103.47 -72.32 0.00 85.79 0.00 
[20:37:05.528] [ARM] [152] <0.00 -60.00 -1.50> result: 90.00 103.47 -72.32 0.00 85.79 0.00 
[20:37:05.551] [ARM] [153] <0.00 -60.00 -1.50> result: 90.00 103.47 -72.32 0.00 85.79 0.00 
[20:37:05.551] [ARM] [154] <0.00 -60.00 -1.50> result: 90.00 103.47 -72.32 0.00 85.79 0.00 
[20:37:05.551] [ARM] [155] <0.00 -60.00 -1.50> result: 90.00 103.47 -72.32 0.00 85.79 0.00 
[20:37:05.551] [ARM] [156] <0.00 -60.00 -1.50> result: 90.00 103.47 -72.32 0.00 85.79 0.00 
[20:37:05.574] [ARM] [157] <0.00 -60.00 -1.50> result: 90.00 103.47 -72.32 0.00 85.79 0.00 
[20:37:05.574] [ARM] [158] <0.00 -60.00 -1.50> result: 90.00 103.47 -72.32 0.00 85.79 0.00 
[20:37:05.575] [ARM] [159] <0.00 -60.00 -1.50> result: 90.00 103.47 -72.32 0.00 85.79 0.00 
[20:37:05.575] [ARM] [160] <0.00 -60.00 -1.50> result: 90.00 103.47 -72.32 0.00 85.79 0.00 
[20:37:05.597] [ARM] [161] <0.00 -60.00 -1.50> result: 90.00 103.47 -72.32 0.00 85.79 0.00 
[20:37:05.597] [ARM] [162] <0.00 -60.00 -1.50> result: 90.00 103.47 -72.32 0.00 85.79 0.00 
[20:37:05.597] [ARM] [163] <0.00 -60.00 -1.50> result: 90.00 103.47 -72.32 0.00 85.79 0.00 
[20:37:05.632] [ARM] [164] <0.00 -60.00 -1.50> result: 90.00 103.47 -72.32 0.00 85.79 0.00 
[20:37:05.632] [ARM] [165] <0.00 -60.00 -1.50> result: 90.00 103.47 -72.32 0.00 85.79 0.00 
[20:37:05.632] [ARM] [166] <0.00 -60.00 -1.50> result: 90.00 103.47 -72.32 0.00 85.79 0.00 
[20:37:05.632] [ARM] [167] <0.00 -60.00 -1.50> result: 90.00 103.47 -72.32 0.00 85.79 0.00 
[20:37:05.655] [ARM] [168] <0.00 -60.00 -1.50> result: 90.00 103.47 -72.32 0.00 85.79 0.00 
[20:37:05.655] [ARM] [169] <0.00 -60.00 -1.50> result: 90.00 103.47 -72.32 0.00 85.79 0.00 
[20:37:05.655] [ARM] [170] <0.00 -60.00 -1.50> result: 90.00 103.47 -72.32 0.00 85.79 0.00 
[20:37:05.677] [ARM] [171] <0.00 -60.00 -1.50> result: 90.00 103.47 -72.32 0.00 85.79 0.00 
[20:37:05.677] [ARM] [172] <0.00 -60.00 -1.50> result: 90.00 103.47 -72.32 0.00 85.79 0.00 
[20:37:05.677] [ARM] [173] <0.00 -60.00 -1.50> result: 90.00 103.47 -72.32 0.00 85.79 0.00 
[20:37:05.677] [ARM] [174] <0.00 -60.00 -1.50> result: 90.00 103.47 -72.32 0.00 85.79 0.00 
[20:37:05.737] [ARM] [175] <0.00 -60.00 -1.50> result: 90.00 103.47 -72.32 0.00 85.79 0.00 
[20:37:05.737] [ARM] [176] <0.00 -60.00 -1.50> result: 90.00 103.47 -72.32 0.00 85.79 0.00 
[20:37:07.617] [JETSON-RX] CC 01 01 DD
[20:37:07.617] [JETSON-STATUS] READY func=0x01 value=0x01
[20:37:07.617] [JETSON-TX] vision sender enabled: period=0.200s.
[20:37:07.617] [STEP] sending vision sequence (60,-35)/2.0s -> (30,-25)/2.0s -> (20,-10)/1.0s -> (0,0)/0.0s, waiting ALIGN_DONE...
[20:37:07.645] [JETSON-TX] vision step 1/4: dcx=60 dcy=-35 hold=2.0s frame=FF 05 03 3C 00 DD FF 20 FE
[20:37:07.663] [ARM] [jpint 1] ave_error:0.00
[20:37:07.663] [ARM] [jpint 2] ave_error:4.00
[20:37:07.663] [ARM] [jpint 3] ave_error:5.56
[20:37:07.663] [ARM] [jpint 4] ave_error:0.00
[20:37:07.663] [ARM] [jpint 5] ave_error:6.10
[20:37:07.663] [ARM] 
[20:37:07.663] [ARM] robot pid run finished!!
[20:37:07.663] [ARM] [JETSON_RX] vision dcx=60 dcy=-35
[20:37:07.663] [ARM] [TARGET] vision state=WAIT_DETECT enabled=1 dcx=60 dcy=-35 stable=0
[20:37:07.702] [ARM] ROBOT_AUTO_EVENT
[20:37:07.702] [ARM] [0] <0.00 -60.00 -1.50> result: 90.00 103.47 -72.32 0.00 85.79 0.00 
[20:37:07.702] [ARM] [1] <0.00 -60.00 -1.50> result: 90.00 103.47 -72.32 -0.00 85.79 0.00 
[20:37:07.702] [ARM] [2] <0.01 -60.00 -1.51> result: 90.00 103.47 -72.32 -0.00 85.79 0.00 
[20:37:07.726] [ARM] [3] <0.02 -60.00 -1.52> result: 90.01 103.48 -72.32 -0.01 85.80 0.00 
[20:37:07.726] [ARM] [4] <0.05 -60.00 -1.55> result: 90.02 103.49 -72.32 -0.02 85.81 0.00 
[20:37:07.726] [ARM] [5] <0.08 -60.00 -1.58> result: 90.04 103.51 -72.32 -0.04 85.83 0.00 
[20:37:07.726] [ARM] [6] <0.14 -60.00 -1.64> result: 90.07 103.54 -72.33 -0.07 85.86 0.00 
[20:37:07.749] [ARM] [7] <0.21 -60.00 -1.71> result: 90.11 103.57 -72.33 -0.11 85.90 0.00 
[20:37:07.749] [ARM] [8] <0.29 -60.00 -1.79> result: 90.16 103.62 -72.33 -0.16 85.95 0.00 
[20:37:07.749] [ARM] [9] <0.40 -60.00 -1.90> result: 90.21 103.67 -72.34 -0.22 86.01 0.00 
[20:37:07.773] [ARM] [10] <0.53 -60.00 -2.03> result: 90.28 103.74 -72.34 -0.28 86.08 0.00 
[20:37:07.773] [ARM] [11] <0.68 -60.00 -2.18> result: 90.36 103.82 -72.35 -0.36 86.16 0.00 
[20:37:07.773] [ARM] [12] <0.86 -60.00 -2.36> result: 90.46 103.90 -72.35 -0.46 86.26 0.00 
[20:37:07.773] [ARM] [13] <1.05 -60.00 -2.55> result: 90.56 104.00 -72.36 -0.56 86.36 0.00 
[20:37:07.795] [ARM] [14] <1.26 -60.00 -2.76> result: 90.67 104.11 -72.37 -0.67 86.48 0.00 
[20:37:07.795] [ARM] [15] <1.49 -60.00 -2.99> result: 90.79 104.23 -72.37 -0.79 86.60 0.00 
[20:37:07.795] [ARM] [16] <1.74 -60.00 -3.24> result: 90.92 104.36 -72.38 -0.93 86.74 0.00 
[20:37:07.818] [ARM] [17] <2.00 -60.00 -3.50> result: 91.06 104.49 -72.39 -1.06 86.88 0.00 
[20:37:07.818] [ARM] [18] <2.27 -60.00 -3.77> result: 91.21 104.63 -72.40 -1.21 87.03 0.00 
[20:37:07.819] [ARM] [19] <2.50 -60.00 -4.00> result: 91.33 104.75 -72.40 -1.33 87.15 0.00 
[20:37:07.819] [ARM] [20] <2.50 -60.00 -4.00> result: 91.33 104.75 -72.40 -1.33 87.15 0.00 
[20:37:07.842] [ARM] [21] <2.50 -60.00 -4.00> result: 91.33 104.75 -72.40 -1.33 87.15 0.00 
[20:37:07.842] [ARM] [22] <2.50 -60.00 -4.00> result: 91.33 104.75 -72.40 -1.33 87.15 0.00 
[20:37:07.842] [ARM] [23] <2.50 -60.00 -4.00> result: 91.33 104.75 -72.40 -1.33 87.15 0.00 
[20:37:07.842] [ARM] [24] <2.50 -60.00 -4.00> result: 91.33 104.75 -72.40 -1.33 87.15 0.00 
[20:37:07.879] [ARM] [25] <2.50 -60.00 -4.00> result: 91.33 104.75 -72.40 -1.33 87.15 0.00 
[20:37:07.879] [ARM] [26] <2.50 -60.00 -4.00> result: 91.33 104.75 -72.40 -1.33 87.15 0.00 
[20:37:07.879] [ARM] [27] <2.50 -60.00 -4.00> result: 91.33 104.75 -72.40 -1.33 87.15 0.00 
[20:37:07.899] [ARM] [28] <2.50 -60.00 -4.00> result: 91.33 104.75 -72.40 -1.33 87.15 0.00 
[20:37:07.899] [ARM] [29] <2.50 -60.00 -4.00> result: 91.33 104.75 -72.40 -1.33 87.15 0.00 
[20:37:07.899] [ARM] [30] <2.50 -60.00 -4.00> result: 91.33 104.75 -72.40 -1.33 87.15 0.00 
[20:37:07.899] [ARM] [31] <2.50 -60.00 -4.00> result: 91.33 104.75 -72.40 -1.33 87.15 0.00 
[20:37:07.923] [ARM] [32] <2.50 -60.00 -4.00> result: 91.33 104.75 -72.40 -1.33 87.15 0.00 
[20:37:07.923] [ARM] [33] <2.50 -60.00 -4.00> result: 91.33 104.75 -72.40 -1.33 87.15 0.00 
[20:37:07.923] [ARM] [34] <2.50 -60.00 -4.00> result: 91.33 104.75 -72.40 -1.33 87.15 0.00 
[20:37:07.945] [ARM] [35] <2.50 -60.00 -4.00> result: 91.33 104.75 -72.40 -1.33 87.15 0.00 
[20:37:07.945] [ARM] [36] <2.50 -60.00 -4.00> result: 91.33 104.75 -72.40 -1.33 87.15 0.00 
[20:37:07.945] [ARM] [37] <2.50 -60.00 -4.00> result: 91.33 104.75 -72.40 -1.33 87.15 0.00 
[20:37:07.945] [ARM] [38] <2.50 -60.00 -4.00> result: 91.33 104.75 -72.40 -1.33 87.15 0.00 
[20:37:07.969] [ARM] [39] <2.50 -60.00 -4.00> result: 91.33 104.75 -72.40 -1.33 87.15 0.00 
[20:37:07.969] [ARM] [40] <2.50 -60.00 -4.00> result: 91.33 104.75 -72.40 -1.33 87.15 0.00 
[20:37:07.969] [ARM] [41] <2.50 -60.00 -4.00> result: 91.33 104.75 -72.40 -1.33 87.15 0.00 
[20:37:07.969] [ARM] [42] <2.50 -60.00 -4.00> result: 91.33 104.75 -72.40 -1.33 87.15 0.00 
[20:37:08.020] [ARM] [43] <2.50 -60.00 -4.00> result: 91.33 104.75 -72.40 -1.33 87.15 0.00 
[20:37:08.020] [ARM] [TARGET] vision state=ALIGN enabled=1 dcx=60 dcy=-35 stable=0
[20:37:08.020] [ARM] [TARGET] align step dx=2.50 dz=-2.50 target=<2.50 -60.00 -4.00>
[20:37:08.083] [ARM] [JETSON_RX] vision dcx=60 dcy=-35
[20:37:08.083] [ARM] [TARGET] vision state=ALIGN enabled=1 dcx=60 dcy=-35 stable=0
[20:37:08.272] [ARM] [TARGET] align step dx=2.50 dz=-2.50 target=<2.50 -60.00 -4.00>
[20:37:08.334] [ARM] [JETSON_RX] vision dcx=60 dcy=-35
[20:37:08.334] [ARM] [TARGET] vision state=ALIGN enabled=1 dcx=60 dcy=-35 stable=0
[20:37:08.512] [ARM] [JETSON_RX] vision dcx=60 dcy=-35
[20:37:08.512] [ARM] [TARGET] vision state=ALIGN enabled=1 dcx=60 dcy=-35 stable=0
[20:37:08.512] [ARM] [TARGET] align step dx=2.50 dz=-2.50 target=<2.50 -60.00 -4.00>
[20:37:08.512] [ARM] [jpint 1] ave_error:0.22
[20:37:08.512] [ARM] [jpint 2] ave_error:8.03
[20:37:08.512] [ARM] [jpint 3] ave_error:13.79
[20:37:08.567] [ARM] [jpint 4] ave_error:0.21
[20:37:08.567] [ARM] [jpint 5] ave_error:2.05
[20:37:08.567] [ARM] 
[20:37:08.567] [ARM] robot pid run finished!!
[20:37:08.629] [ARM] ROBOT_AUTO_EVENT
[20:37:08.629] [ARM] [0] <2.50 -60.00 -4.00> result: 91.33 104.75 -72.40 -1.33 87.15 0.00 
[20:37:08.691] [ARM] [JETSON_RX] vision dcx=60 dcy=-35
[20:37:08.691] [ARM] [TARGET] vision state=ALIGN enabled=1 dcx=60 dcy=-35 stable=0
[20:37:08.753] [ARM] [jpint 1] ave_error:91.29
[20:37:08.753] [ARM] [jpint 2] ave_error:110.79
[20:37:08.753] [ARM] [jpint 3] ave_error:61.85
[20:37:08.753] [ARM] [jpint 4] ave_error:1.34
[20:37:08.753] [ARM] [jpint 5] ave_error:88.10
[20:37:08.753] [ARM] 
[20:37:08.753] [ARM] robot pid run finished!!
[20:37:08.815] [ARM] [TARGET] align step dx=2.50 dz=-2.50 target=<5.00 -60.00 -6.50>
[20:37:08.877] [ARM] ROBOT_AUTO_EVENT
[20:37:08.877] [ARM] [0] <2.50 -60.00 -4.00> result: 91.33 104.75 -72.40 -1.33 87.15 0.00 
[20:37:08.877] [ARM] [JETSON_RX] vision dcx=60 dcy=-35
[20:37:08.877] [ARM] [TARGET] vision state=ALIGN enabled=1 dcx=60 dcy=-35 stable=0
[20:37:09.002] [ARM] [jpint 1] ave_error:91.16
[20:37:09.002] [ARM] [jpint 2] ave_error:110.72
[20:37:09.002] [ARM] [jpint 3] ave_error:61.73
[20:37:09.002] [ARM] [jpint 4] ave_error:1.21
[20:37:09.002] [ARM] [jpint 5] ave_error:87.86
[20:37:09.002] [ARM] 
[20:37:09.002] [ARM] robot pid run finished!!
[20:37:09.065] [ARM] [TARGET] align step dx=2.50 dz=-2.50 target=<5.00 -60.00 -6.50>
[20:37:09.127] [ARM] [JETSON_RX] vision dcx=60 dcy=-35
[20:37:09.127] [ARM] [TARGET] vision state=ALIGN enabled=1 dcx=60 dcy=-35 stable=0
[20:37:09.128] [ARM] ROBOT_AUTO_EVENT
[20:37:09.128] [ARM] [0] <2.50 -60.00 -4.00> result: 91.33 104.75 -72.40 -1.33 87.15 0.00 
[20:37:09.189] [ARM] [jpint 1] ave_error:91.02
[20:37:09.189] [ARM] [jpint 2] ave_error:110.64
[20:37:09.189] [ARM] [jpint 3] ave_error:61.60
[20:37:09.189] [ARM] [jpint 4] ave_error:1.07
[20:37:09.189] [ARM] [jpint 5] ave_error:87.61
[20:37:09.189] [ARM] 
[20:37:09.189] [ARM] robot pid run finished!!
[20:37:09.300] [ARM] [JETSON_RX] vision dcx=60 dcy=-35
[20:37:09.300] [ARM] [TARGET] vision state=ALIGN enabled=1 dcx=60 dcy=-35 stable=0
[20:37:09.300] [ARM] [TARGET] align step dx=2.50 dz=-2.50 target=<5.00 -60.00 -6.50>
[20:37:09.300] [ARM] ROBOT_AUTO_EVENT
[20:37:09.300] [ARM] [0] <2.50 -60.00 -4.00> result: 91.33 104.75 -72.40 -1.33 87.15 0.00 
[20:37:09.322] [ARM] [1] <2.50 -60.00 -4.00> result: 91.33 104.75 -72.40 -1.33 87.16 0.00 
[20:37:09.322] [ARM] [2] <2.51 -60.00 -4.01> result: 91.33 104.76 -72.40 -1.34 87.16 0.00 
[20:37:09.322] [ARM] [3] <2.52 -60.00 -4.02> result: 91.34 104.76 -72.40 -1.34 87.17 0.00 
[20:37:09.357] [ARM] [4] <2.55 -60.00 -4.05> result: 91.35 104.78 -72.40 -1.36 87.18 0.00 
[20:37:09.358] [ARM] [5] <2.58 -60.00 -4.08> result: 91.37 104.79 -72.40 -1.38 87.20 0.00 
[20:37:09.358] [ARM] [6] <2.64 -60.00 -4.14> result: 91.40 104.82 -72.41 -1.40 87.23 0.00 
[20:37:09.358] [ARM] [7] <2.71 -60.00 -4.21> result: 91.44 104.86 -72.41 -1.44 87.27 0.00 
[20:37:09.380] [ARM] [8] <2.79 -60.00 -4.29> result: 91.49 104.90 -72.41 -1.49 87.31 0.00 
[20:37:09.380] [ARM] [9] <2.90 -60.00 -4.40> result: 91.55 104.96 -72.41 -1.55 87.37 0.00 
[20:37:09.380] [ARM] [10] <3.03 -60.00 -4.53> result: 91.61 105.03 -72.41 -1.62 87.44 0.00 
[20:37:09.380] [ARM] [11] <3.18 -60.00 -4.68> result: 91.69 105.11 -72.42 -1.70 87.53 0.00 
[20:37:09.403] [ARM] [12] <3.36 -60.00 -4.86> result: 91.79 105.20 -72.42 -1.79 87.62 0.00 
[20:37:09.403] [ARM] [13] <3.55 -60.00 -5.05> result: 91.89 105.30 -72.43 -1.89 87.72 0.00 
[20:37:09.403] [ARM] [14] <3.76 -60.00 -5.26> result: 92.00 105.41 -72.43 -2.00 87.84 0.00 
[20:37:09.428] [ARM] [15] <3.99 -60.00 -5.49> result: 92.12 105.53 -72.43 -2.12 87.96 0.00 
[20:37:09.428] [ARM] [16] <4.24 -60.00 -5.74> result: 92.25 105.66 -72.44 -2.26 88.10 0.00 
[20:37:09.428] [ARM] [17] <4.50 -60.00 -6.00> result: 92.39 105.79 -72.44 -2.39 88.24 0.00 
[20:37:09.428] [ARM] [18] <4.77 -60.00 -6.27> result: 92.54 105.94 -72.45 -2.54 88.38 0.00 
[20:37:09.450] [ARM] [19] <5.00 -60.00 -6.50> result: 92.66 106.06 -72.45 -2.66 88.51 0.00 
[20:37:09.450] [ARM] [20] <5.00 -60.00 -6.50> result: 92.66 106.06 -72.45 -2.66 88.51 0.00 
[20:37:09.450] [ARM] [21] <5.00 -60.00 -6.50> result: 92.66 106.06 -72.45 -2.66 88.51 0.00 
[20:37:09.473] [ARM] [22] <5.00 -60.00 -6.50> result: 92.66 106.06 -72.45 -2.66 88.51 0.00 
[20:37:09.473] [ARM] [23] <5.00 -60.00 -6.50> result: 92.66 106.06 -72.45 -2.66 88.51 0.00 
[20:37:09.473] [ARM] [24] <5.00 -60.00 -6.50> result: 92.66 106.06 -72.45 -2.66 88.51 0.00 
[20:37:09.473] [ARM] [25] <5.00 -60.00 -6.50> result: 92.66 106.06 -72.45 -2.66 88.51 0.00 
[20:37:09.496] [ARM] [26] <5.00 -60.00 -6.50> result: 92.66 106.06 -72.45 -2.66 88.51 0.00 
[20:37:09.496] [ARM] [27] <5.00 -60.00 -6.50> result: 92.66 106.06 -72.45 -2.66 88.51 0.00 
[20:37:09.496] [ARM] [28] <5.00 -60.00 -6.50> result: 92.66 106.06 -72.45 -2.66 88.51 0.00 
[20:37:09.498] [ARM] [29] <5.00 -60.00 -6.50> result: 92.66 106.06 -72.45 -2.66 88.51 0.00 
[20:37:09.520] [ARM] [30] <5.00 -60.00 -6.50> result: 92.66 106.06 -72.45 -2.66 88.51 0.00 
[20:37:09.520] [ARM] [31] <5.00 -60.00 -6.50> result: 92.66 106.06 -72.45 -2.66 88.51 0.00 
[20:37:09.520] [ARM] [32] <5.00 -60.00 -6.50> result: 92.66 106.06 -72.45 -2.66 88.51 0.00 
[20:37:09.559] [ARM] [33] <5.00 -60.00 -6.50> result: 92.66 106.06 -72.45 -2.66 88.51 0.00 
[20:37:09.559] [ARM] [34] <5.00 -60.00 -6.50> result: 92.66 106.06 -72.45 -2.66 88.51 0.00 
[20:37:09.559] [ARM] [35] <5.00 -60.00 -6.50> result: 92.66 106.06 -72.45 -2.66 88.51 0.00 
[20:37:09.559] [ARM] [36] <5.00 -60.00 -6.50> result: 92.66 106.06 -72.45 -2.66 88.51 0.00 
[20:37:09.577] [ARM] [37] <5.00 -60.00 -6.50> result: 92.66 106.06 -72.45 -2.66 88.51 0.00 
[20:37:09.577] [ARM] [38] <5.00 -60.00 -6.50> result: 92.66 106.06 -72.45 -2.66 88.51 0.00 
[20:37:09.577] [ARM] [39] <5.00 -60.00 -6.50> result: 92.66 106.06 -72.45 -2.66 88.51 0.00 
[20:37:09.600] [ARM] [40] <5.00 -60.00 -6.50> result: 92.66 106.06 -72.45 -2.66 88.51 0.00 
[20:37:09.600] [ARM] [41] <5.00 -60.00 -6.50> result: 92.66 106.06 -72.45 -2.66 88.51 0.00 
[20:37:09.600] [ARM] [42] <5.00 -60.00 -6.50> result: 92.66 106.06 -72.45 -2.66 88.51 0.00 
[20:37:09.600] [ARM] [43] <5.00 -60.00 -6.50> result: 92.66 106.06 -72.45 -2.66 88.51 0.00 
[20:37:09.651] [JETSON-TX] vision step 2/4: dcx=30 dcy=-25 hold=2.0s frame=FF 05 03 1E 00 E7 FF 0C FE
[20:37:09.656] [ARM] [TARGET] vision state=ALIGN enabled=1 dcx=60 dcy=-35 stable=0
[20:37:09.656] [ARM] [TARGET] align step dx=2.50 dz=-2.50 target=<5.00 -60.00 -6.50>
[20:37:09.719] [ARM] [JETSON_RX] vision dcx=30 dcy=-25
[20:37:09.719] [ARM] [TARGET] vision state=ALIGN enabled=1 dcx=30 dcy=-25 stable=0
[20:37:09.906] [ARM] [JETSON_RX] vision dcx=30 dcy=-25
[20:37:09.906] [ARM] [TARGET] vision state=ALIGN enabled=1 dcx=30 dcy=-25 stable=0
[20:37:09.906] [ARM] [TARGET] align step dx=2.50 dz=-2.50 target=<5.00 -60.00 -6.50>
[20:37:10.156] [ARM] [jpint 1] ave_error:0.53
[20:37:10.156] [ARM] [jpint 2] ave_error:4.07
[20:37:10.156] [ARM] [jpint 3] ave_error:9.44
[20:37:10.156] [ARM] [jpint 4] ave_error:0.47
[20:37:10.156] [ARM] [jpint 5] ave_error:0.39
[20:37:10.156] [ARM] 
[20:37:10.156] [ARM] robot pid run finished!!
[20:37:10.156] [ARM] [TARGET] align step dx=2.50 dz=-2.50 target=<5.00 -60.00 -6.50>
[20:37:10.281] [ARM] ROBOT_AUTO_EVENT
[20:37:10.281] [ARM] [0] <5.00 -60.00 -6.50> result: 92.66 106.06 -72.45 -2.66 88.51 0.00 
[20:37:10.408] [ARM] [jpint 1] ave_error:92.54
[20:37:10.408] [ARM] [jpint 2] ave_error:108.14
[20:37:10.408] [ARM] [jpint 3] ave_error:66.22
[20:37:10.408] [ARM] [jpint 4] ave_error:2.87
[20:37:10.408] [ARM] [jpint 5] ave_error:88.68
[20:37:10.408] [ARM] 
[20:37:10.408] [ARM] robot pid run finished!!
[20:37:10.469] [ARM] ROBOT_AUTO_EVENT
[20:37:10.469] [ARM] [0] <5.00 -60.00 -6.50> result: 92.66 106.06 -72.45 -2.66 88.51 0.00 
[20:37:10.531] [ARM] [JETSON_RX] vision dcx=30 dcy=-25
[20:37:10.531] [ARM] [TARGET] vision state=RECOVER enabled=1 dcx=30 dcy=-25 stable=0
[20:37:10.593] [ARM] [jpint 1] ave_error:92.41
[20:37:10.593] [ARM] [jpint 2] ave_error:108.07
[20:37:10.593] [ARM] [jpint 3] ave_error:66.10
[20:37:10.593] [ARM] [jpint 4] ave_error:2.73
[20:37:10.593] [ARM] [jpint 5] ave_error:88.41
[20:37:10.594] [ARM] 
[20:37:10.594] [ARM] robot pid run finished!!
[20:37:10.654] [ARM] [TARGET] align step dx=2.50 dz=-2.50 target=<7.50 -60.00 -9.00>
[20:37:10.717] [ARM] [JETSON_RX] vision dcx=30 dcy=-25
[20:37:10.717] [ARM] [TARGET] vision state=ALIGN enabled=1 dcx=30 dcy=-25 stable=0
[20:37:10.717] [ARM] ROBOT_AUTO_EVENT
[20:37:10.717] [ARM] [0] <5.00 -60.00 -6.50> result: 92.66 106.06 -72.45 -2.66 88.51 0.00 
[20:37:10.842] [ARM] [jpint 1] ave_error:92.28
[20:37:10.843] [ARM] [jpint 2] ave_error:107.99
[20:37:10.843] [ARM] [jpint 3] ave_error:65.97
[20:37:10.843] [ARM] [jpint 4] ave_error:2.59
[20:37:10.843] [ARM] [jpint 5] ave_error:88.14
[20:37:10.843] [ARM] 
[20:37:10.843] [ARM] robot pid run finished!!
[20:37:10.903] [ARM] [JETSON_RX] vision dcx=30 dcy=-25
[20:37:10.903] [ARM] [TARGET] vision state=ALIGN enabled=1 dcx=30 dcy=-25 stable=0
[20:37:10.903] [ARM] [TARGET] align step dx=2.50 dz=-2.50 target=<7.50 -60.00 -9.00>
[20:37:10.965] [ARM] ROBOT_AUTO_EVENT
[20:37:10.965] [ARM] [0] <5.00 -60.00 -6.50> result: 92.66 106.06 -72.45 -2.66 88.51 0.00 
[20:37:11.089] [ARM] [jpint 1] ave_error:92.14
[20:37:11.089] [ARM] [jpint 2] ave_error:107.91
[20:37:11.089] [ARM] [jpint 3] ave_error:65.84
[20:37:11.089] [ARM] [jpint 4] ave_error:2.45
[20:37:11.089] [ARM] [jpint 5] ave_error:87.86
[20:37:11.089] [ARM] 
[20:37:11.089] [ARM] robot pid run finished!!
[20:37:11.089] [ARM] [JETSON_RX] vision dcx=30 dcy=-25
[20:37:11.089] [ARM] [TARGET] vision state=ALIGN enabled=1 dcx=30 dcy=-25 stable=0
[20:37:11.152] [ARM] ROBOT_AUTO_EVENT
[20:37:11.152] [ARM] [0] <5.00 -60.00 -6.50> result: 92.66 106.06 -72.45 -2.66 88.51 0.00 
[20:37:11.152] [ARM] [TARGET] align step dx=2.50 dz=-2.50 target=<7.50 -60.00 -9.00>
[20:37:11.276] [ARM] [jpint 1] ave_error:92.00
[20:37:11.276] [ARM] [jpint 2] ave_error:107.84
[20:37:11.276] [ARM] [jpint 3] ave_error:65.70
[20:37:11.276] [ARM] [jpint 4] ave_error:2.31
[20:37:11.276] [ARM] [jpint 5] ave_error:87.58
[20:37:11.276] [ARM] 
[20:37:11.276] [ARM] robot pid run finished!!
[20:37:11.276] [ARM] [JETSON_RX] vision dcx=30 dcy=-25
[20:37:11.276] [ARM] [TARGET] vision state=ALIGN enabled=1 dcx=30 dcy=-25 stable=0
[20:37:11.389] [ARM] ROBOT_AUTO_EVENT
[20:37:11.389] [ARM] [0] <5.00 -60.00 -6.50> result: 92.66 106.06 -72.45 -2.66 88.51 0.00 
[20:37:11.389] [ARM] [1] <5.00 -60.00 -6.50> result: 92.66 106.06 -72.45 -2.66 88.51 0.00 
[20:37:11.389] [ARM] [2] <5.01 -60.00 -6.51> result: 92.66 106.06 -72.45 -2.66 88.51 0.00 
[20:37:11.412] [ARM] [3] <5.02 -60.00 -6.52> result: 92.67 106.07 -72.45 -2.67 88.52 0.00 
[20:37:11.412] [ARM] [4] <5.05 -60.00 -6.55> result: 92.68 106.08 -72.45 -2.68 88.53 0.00 
[20:37:11.412] [ARM] [5] <5.08 -60.00 -6.58> result: 92.70 106.10 -72.45 -2.70 88.55 0.00 
[20:37:11.412] [ARM] [6] <5.14 -60.00 -6.64> result: 92.73 106.13 -72.45 -2.73 88.58 0.00 
[20:37:11.436] [ARM] [7] <5.21 -60.00 -6.71> result: 92.77 106.17 -72.45 -2.77 88.62 0.00 
[20:37:11.436] [ARM] [8] <5.29 -60.00 -6.79> result: 92.82 106.21 -72.45 -2.82 88.67 0.00 
[20:37:11.436] [ARM] [9] <5.40 -60.00 -6.90> result: 92.87 106.27 -72.45 -2.87 88.72 0.00 
[20:37:11.463] [ARM] [10] <5.53 -60.00 -7.03> result: 92.94 106.34 -72.45 -2.94 88.79 0.00 
[20:37:11.463] [ARM] [11] <5.68 -60.00 -7.18> result: 93.02 106.42 -72.45 -3.02 88.88 0.00 
[20:37:11.463] [ARM] [12] <5.86 -60.00 -7.36> result: 93.11 106.51 -72.46 -3.11 88.97 0.00 
[20:37:11.463] [ARM] [13] <6.05 -60.00 -7.55> result: 93.22 106.61 -72.46 -3.22 89.07 0.00 
[20:37:11.483] [ARM] [14] <6.26 -60.00 -7.76> result: 93.33 106.72 -72.46 -3.33 89.18 0.00 
[20:37:11.483] [ARM] [15] <6.49 -60.00 -7.99> result: 93.45 106.85 -72.46 -3.45 89.31 0.00 
[20:37:11.483] [ARM] [16] <6.74 -60.00 -8.24> result: 93.58 106.98 -72.46 -3.58 89.44 0.00 
[20:37:11.505] [ARM] [17] <7.00 -60.00 -8.50> result: 93.72 107.11 -72.46 -3.72 89.57 0.00 
[20:37:11.505] [ARM] [18] <7.27 -60.00 -8.77> result: 93.86 107.26 -72.46 -3.86 89.72 0.00 
[20:37:11.506] [ARM] [19] <7.50 -60.00 -9.00> result: 93.99 107.38 -72.46 -3.99 89.84 0.00 
[20:37:11.506] [ARM] [20] <7.50 -60.00 -9.00> result: 93.99 107.38 -72.46 -3.99 89.84 0.00 
[20:37:11.528] [ARM] [21] <7.50 -60.00 -9.00> result: 93.99 107.38 -72.46 -3.99 89.84 0.00 
[20:37:11.528] [ARM] [22] <7.50 -60.00 -9.00> result: 93.99 107.38 -72.46 -3.99 89.84 0.00 
[20:37:11.528] [ARM] [23] <7.50 -60.00 -9.00> result: 93.99 107.38 -72.46 -3.99 89.84 0.00 
[20:37:11.528] [ARM] [24] <7.50 -60.00 -9.00> result: 93.99 107.38 -72.46 -3.99 89.84 0.00 
[20:37:11.565] [ARM] [25] <7.50 -60.00 -9.00> result: 93.99 107.38 -72.46 -3.99 89.84 0.00 
[20:37:11.565] [ARM] [26] <7.50 -60.00 -9.00> result: 93.99 107.38 -72.46 -3.99 89.84 0.00 
[20:37:11.565] [ARM] [27] <7.50 -60.00 -9.00> result: 93.99 107.38 -72.46 -3.99 89.84 0.00 
[20:37:11.586] [ARM] [28] <7.50 -60.00 -9.00> result: 93.99 107.38 -72.46 -3.99 89.84 0.00 
[20:37:11.586] [ARM] [29] <7.50 -60.00 -9.00> result: 93.99 107.38 -72.46 -3.99 89.84 0.00 
[20:37:11.586] [ARM] [30] <7.50 -60.00 -9.00> result: 93.99 107.38 -72.46 -3.99 89.84 0.00 
[20:37:11.586] [ARM] [31] <7.50 -60.00 -9.00> result: 93.99 107.38 -72.46 -3.99 89.84 0.00 
[20:37:11.610] [ARM] [32] <7.50 -60.00 -9.00> result: 93.99 107.38 -72.46 -3.99 89.84 0.00 
[20:37:11.610] [ARM] [33] <7.50 -60.00 -9.00> result: 93.99 107.38 -72.46 -3.99 89.84 0.00 
[20:37:11.611] [ARM] [34] <7.50 -60.00 -9.00> result: 93.99 107.38 -72.46 -3.99 89.84 0.00 
[20:37:11.632] [ARM] [35] <7.50 -60.00 -9.00> result: 93.99 107.38 -72.46 -3.99 89.84 0.00 
[20:37:11.632] [ARM] [36] <7.50 -60.00 -9.00> result: 93.99 107.38 -72.46 -3.99 89.84 0.00 
[20:37:11.632] [ARM] [37] <7.50 -60.00 -9.00> result: 93.99 107.38 -72.46 -3.99 89.84 0.00 
[20:37:11.632] [ARM] [38] <7.50 -60.00 -9.00> result: 93.99 107.38 -72.46 -3.99 89.84 0.00 
[20:37:11.656] [JETSON-TX] vision step 3/4: dcx=20 dcy=-10 hold=1.0s frame=FF 05 03 14 00 F6 FF 11 FE
[20:37:11.657] [ARM] [39] <7.50 -60.00 -9.00> result: 93.99 107.38 -72.46 -3.99 89.84 0.00 
[20:37:11.657] [ARM] [40] <7.50 -60.00 -9.00> result: 93.99 107.38 -72.46 -3.99 89.84 0.00 
[20:37:11.657] [ARM] [41] <7.50 -60.00 -9.00> result: 93.99 107.38 -72.46 -3.99 89.84 0.00 
[20:37:11.657] [ARM] [42] <7.50 -60.00 -9.00> result: 93.99 107.38 -72.46 -3.99 89.84 0.00 
[20:37:11.698] [ARM] [43] <7.50 -60.00 -9.00> result: 93.99 107.38 -72.46 -3.99 89.84 0.00 
[20:37:11.698] [ARM] [TARGET] vision state=ALIGN enabled=1 dcx=30 dcy=-25 stable=0
[20:37:11.698] [ARM] [JETSON_RX] vision dcx=20 dcy=-10
[20:37:11.698] [ARM] [TARGET] vision state=ALIGN enabled=1 dcx=20 dcy=-10 stable=0
[20:37:11.758] [ARM] [TARGET] align step dx=2.50 dz=-2.50 target=<7.50 -60.00 -9.00>
[20:37:11.883] [ARM] [JETSON_RX] vision dcx=20 dcy=-10
[20:37:11.883] [ARM] [TARGET] vision state=ALIGN enabled=1 dcx=20 dcy=-10 stable=0
[20:37:11.945] [ARM] [TARGET] align step dx=2.50 dz=-2.50 target=<7.50 -60.00 -9.00>
[20:37:12.131] [ARM] [JETSON_RX] vision dcx=20 dcy=-10
[20:37:12.131] [ARM] [TARGET] vision state=ALIGN enabled=1 dcx=20 dcy=-10 stable=0
[20:37:12.256] [ARM] [TARGET] align step dx=2.50 dz=-2.50 target=<7.50 -60.00 -9.00>
[20:37:12.256] [ARM] [jpint 1] ave_error:0.75
[20:37:12.256] [ARM] [jpint 2] ave_error:0.56
[20:37:12.256] [ARM] [jpint 3] ave_error:5.37
[20:37:12.256] [ARM] [jpint 4] ave_error:0.52
[20:37:12.256] [ARM] [jpint 5] ave_error:0.67
[20:37:12.256] [ARM] 
[20:37:12.256] [ARM] robot pid run finished!!
[20:37:12.319] [ARM] [JETSON_RX] vision dcx=20 dcy=-10
[20:37:12.319] [ARM] [TARGET] vision state=ALIGN enabled=1 dcx=20 dcy=-10 stable=0
[20:37:12.319] [ARM] ROBOT_AUTO_EVENT
[20:37:12.319] [ARM] [0] <7.50 -60.00 -9.00> result: 93.99 107.38 -72.46 -3.99 89.84 0.00 
[20:37:12.444] [ARM] [jpint 1] ave_error:93.86
[20:37:12.444] [ARM] [jpint 2] ave_error:107.16
[20:37:12.444] [ARM] [jpint 3] ave_error:70.33
[20:37:12.444] [ARM] [jpint 4] ave_error:4.24
[20:37:12.444] [ARM] [jpint 5] ave_error:89.84
[20:37:12.444] [ARM] 
[20:37:12.444] [ARM] robot pid run finished!!
[20:37:12.507] [ARM] [TARGET] align step dx=2.50 dz=-2.50 target=<10.00 -60.00 -11.50>
[20:37:12.507] [ARM] [JETSON_RX] vision dcx=20 dcy=-10
[20:37:12.507] [ARM] [TARGET] vision state=ALIGN enabled=1 dcx=20 dcy=-10 stable=0
[20:37:12.570] [ARM] ROBOT_AUTO_EVENT
[20:37:12.570] [ARM] [0] <7.50 -60.00 -9.00> result: 93.99 107.38 -72.46 -3.99 89.84 0.00 
[20:37:12.659] [JETSON-TX] vision step 4/4: dcx=0 dcy=0 hold=0.0s frame=FF 05 03 00 00 00 00 08 FE
[20:37:12.697] [ARM] [jpint 1] ave_error:93.73
[20:37:12.697] [ARM] [jpint 2] ave_error:107.08
[20:37:12.697] [ARM] [jpint 3] ave_error:70.21
[20:37:12.697] [ARM] [jpint 4] ave_error:4.10
[20:37:12.697] [ARM] [jpint 5] ave_error:89.57
[20:37:12.697] [ARM] 
[20:37:12.697] [ARM] robot pid run finished!!
[20:37:12.697] [ARM] [JETSON_RX] vision dcx=0 dcy=0
[20:37:12.697] [ARM] [TARGET] vision state=ALIGN enabled=1 dcx=0 dcy=0 stable=0
[20:37:12.820] [ARM] ROBOT_AUTO_EVENT
[20:37:12.820] [ARM] [0] <7.50 -60.00 -9.00> result: 93.99 107.38 -72.46 -3.99 89.84 0.00 
[20:37:12.883] [ARM] [jpint 1] ave_error:93.59
[20:37:12.883] [ARM] [jpint 2] ave_error:107.00
[20:37:12.883] [ARM] [jpint 3] ave_error:70.08
[20:37:12.883] [ARM] [jpint 4] ave_error:3.96
[20:37:12.883] [ARM] [jpint 5] ave_error:89.30
[20:37:12.883] [ARM] 
[20:37:12.883] [ARM] robot pid run finished!!
[20:37:12.883] [ARM] [JETSON_RX] vision dcx=0 dcy=0
[20:37:12.946] [ARM] [TARGET] vision state=ALIGN enabled=1 dcx=0 dcy=0 stable=1
[20:37:13.009] [ARM] ROBOT_AUTO_EVENT
[20:37:13.009] [ARM] [0] <7.50 -60.00 -9.00> result: 93.99 107.38 -72.46 -3.99 89.84 0.00 
[20:37:13.133] [JETSON-RX] CC 02 01 DD
[20:37:13.133] [ARM] [JETSON_RX] vision dcx=0 dcy=0
[20:37:13.133] [JETSON-STATUS] ALIGN_DONE func=0x02 value=0x01
[20:37:13.133] [ARM] [TARGET] vision state=ALIGN enabled=1 dcx=0 dcy=0 stable=2
[20:37:13.133] [PROMPT] 已收到 ALIGN_DONE。确认画面和机械臂位置安全后，按 Enter 进入 P000 发射许可步骤。
[20:37:13.133] [ARM] [jpint 1] ave_error:93.46
[20:37:13.133] [ARM] [jpint 2] ave_error:106.93
[20:37:13.133] [ARM] [jpint 3] ave_error:69.95
[20:37:13.133] [ARM] [jpint 4] ave_error:3.82
[20:37:13.133] [ARM] [jpint 5] ave_error:89.02
[20:37:13.133] [ARM] 
[20:37:13.133] [ARM] robot pid run finished!!
[20:37:13.258] [ARM] ROBOT_AUTO_EVENT
[20:37:13.258] [ARM] [0] <7.50 -60.00 -9.00> result: 93.99 107.38 -72.46 -3.99 89.84 0.00 
[20:37:13.319] [ARM] [JETSON_RX] vision dcx=0 dcy=0
[20:37:13.319] [ARM] [TARGET] vision state=CONFIRM enabled=1 dcx=0 dcy=0 stable=3
[20:37:13.381] [ARM] [jpint 1] ave_error:93.32
[20:37:13.381] [ARM] [jpint 2] ave_error:106.85
[20:37:13.381] [ARM] [jpint 3] ave_error:69.81
[20:37:13.381] [ARM] [jpint 4] ave_error:3.68
[20:37:13.381] [ARM] [jpint 5] ave_error:88.74
[20:37:13.381] [ARM] 
[20:37:13.381] [ARM] robot pid run finished!!
[20:37:13.443] [ARM] ROBOT_AUTO_EVENT
[20:37:13.443] [ARM] [0] <7.50 -60.00 -9.00> result: 93.99 107.38 -72.46 -3.99 89.84 0.00 
[20:37:13.505] [ARM] [JETSON_RX] vision dcx=0 dcy=0
[20:37:13.505] [ARM] [TARGET] vision state=CONFIRM enabled=1 dcx=0 dcy=0 stable=3
[20:37:13.569] [ARM] [jpint 1] ave_error:93.18
[20:37:13.571] [ARM] [jpint 2] ave_error:106.77
[20:37:13.571] [ARM] [jpint 3] ave_error:69.67
[20:37:13.571] [ARM] [jpint 4] ave_error:3.53
[20:37:13.571] [ARM] [jpint 5] ave_error:88.46
[20:37:13.571] [ARM] 
[20:37:13.571] [ARM] robot pid run finished!!
[20:37:13.681] [ARM] ROBOT_AUTO_EVENT
[20:37:13.681] [ARM] [0] <7.50 -60.00 -9.00> result: 93.99 107.38 -72.46 -3.99 89.84 0.00 
[20:37:13.681] [ARM] [1] <7.50 -60.00 -9.00> result: 93.99 107.38 -72.46 -3.99 89.84 0.00 
[20:37:13.681] [ARM] [2] <7.51 -60.00 -9.01> result: 93.99 107.39 -72.46 -3.99 89.85 0.00 
[20:37:13.705] [ARM] [3] <7.52 -60.00 -9.02> result: 94.00 107.39 -72.46 -4.00 89.85 0.00 
[20:37:13.705] [ARM] [4] <7.55 -60.00 -9.05> result: 94.01 107.41 -72.46 -4.01 89.87 0.00 
[20:37:13.705] [ARM] [5] <7.58 -60.00 -9.08> result: 94.03 107.43 -72.46 -4.03 89.88 0.00 
[20:37:13.705] [ARM] [6] <7.64 -60.00 -9.14> result: 94.06 107.45 -72.46 -4.06 89.91 0.00 
[20:37:13.728] [ARM] [7] <7.71 -60.00 -9.21> result: 94.09 107.49 -72.46 -4.09 89.95 0.00 
[20:37:13.728] [ARM] [8] <7.79 -60.00 -9.29> result: 94.14 107.54 -72.46 -4.14 90.00 0.00 
[20:37:13.728] [ARM] [9] <7.90 -60.00 -9.40> result: 94.20 107.60 -72.46 -4.20 90.05 0.00 
[20:37:13.751] [ARM] [10] <8.03 -60.00 -9.53> result: 94.27 107.67 -72.46 -4.27 90.12 0.00 
[20:37:13.751] [ARM] [11] <8.18 -60.00 -9.68> result: 94.35 107.75 -72.46 -4.35 90.20 0.00 
[20:37:13.751] [ARM] [12] <8.36 -60.00 -9.86> result: 94.44 107.84 -72.45 -4.44 90.29 0.00 
[20:37:13.751] [ARM] [13] <8.55 -60.00 -10.05> result: 94.54 107.94 -72.45 -4.54 90.39 0.00 
[20:37:13.774] [ARM] [14] <8.76 -60.00 -10.26> result: 94.65 108.05 -72.45 -4.65 90.50 0.00 
[20:37:13.774] [ARM] [15] <8.99 -60.00 -10.49> result: 94.77 108.18 -72.45 -4.77 90.62 0.00 
[20:37:13.774] [ARM] [16] <9.24 -60.00 -10.74> result: 94.90 108.31 -72.45 -4.91 90.75 0.00 
[20:37:13.797] [ARM] [17] <9.50 -60.00 -11.00> result: 95.04 108.45 -72.44 -5.04 90.89 0.00 
[20:37:13.797] [ARM] [18] <9.77 -60.00 -11.27> result: 95.19 108.59 -72.44 -5.19 91.03 0.00 
[20:37:13.797] [ARM] [19] <10.00 -60.00 -11.50> result: 95.31 108.72 -72.43 -5.31 91.15 0.00 
[20:37:13.797] [ARM] [20] <10.00 -60.00 -11.50> result: 95.31 108.72 -72.43 -5.31 91.15 0.00 
[20:37:13.820] [ARM] [21] <10.00 -60.00 -11.50> result: 95.31 108.72 -72.43 -5.31 91.15 0.00 
[20:37:13.820] [ARM] [22] <10.00 -60.00 -11.50> result: 95.31 108.72 -72.43 -5.31 91.15 0.00 
[20:37:13.820] [ARM] [23] <10.00 -60.00 -11.50> result: 95.31 108.72 -72.43 -5.31 91.15 0.00 
[20:37:13.859] [ARM] [24] <10.00 -60.00 -11.50> result: 95.31 108.72 -72.43 -5.31 91.15 0.00 
[20:37:13.859] [ARM] [25] <10.00 -60.00 -11.50> result: 95.31 108.72 -72.43 -5.31 91.15 0.00 
[20:37:13.859] [ARM] [26] <10.00 -60.00 -11.50> result: 95.31 108.72 -72.43 -5.31 91.15 0.00 
[20:37:13.859] [ARM] [27] <10.00 -60.00 -11.50> result: 95.31 108.72 -72.43 -5.31 91.15 0.00 
[20:37:13.877] [ARM] [28] <10.00 -60.00 -11.50> result: 95.31 108.72 -72.43 -5.31 91.15 0.00 
[20:37:13.877] [ARM] [29] <10.00 -60.00 -11.50> result: 95.31 108.72 -72.43 -5.31 91.15 0.00 
[20:37:13.877] [ARM] [30] <10.00 -60.00 -11.50> result: 95.31 108.72 -72.43 -5.31 91.15 0.00 
[20:37:13.902] [ARM] [31] <10.00 -60.00 -11.50> result: 95.31 108.72 -72.43 -5.31 91.15 0.00 
[20:37:13.902] [ARM] [32] <10.00 -60.00 -11.50> result: 95.31 108.72 -72.43 -5.31 91.15 0.00 
[20:37:13.902] [ARM] [33] <10.00 -60.00 -11.50> result: 95.31 108.72 -72.43 -5.31 91.15 0.00 
[20:37:13.902] [ARM] [34] <10.00 -60.00 -11.50> result: 95.31 108.72 -72.43 -5.31 91.15 0.00 
[20:37:13.924] [ARM] [35] <10.00 -60.00 -11.50> result: 95.31 108.72 -72.43 -5.31 91.15 0.00 
[20:37:13.924] [ARM] [36] <10.00 -60.00 -11.50> result: 95.31 108.72 -72.43 -5.31 91.15 0.00 
[20:37:13.924] [ARM] [37] <10.00 -60.00 -11.50> result: 95.31 108.72 -72.43 -5.31 91.15 0.00 
[20:37:13.947] [ARM] [38] <10.00 -60.00 -11.50> result: 95.31 108.72 -72.43 -5.31 91.15 0.00 
[20:37:13.947] [ARM] [39] <10.00 -60.00 -11.50> result: 95.31 108.72 -72.43 -5.31 91.15 0.00 
[20:37:13.947] [ARM] [40] <10.00 -60.00 -11.50> result: 95.31 108.72 -72.43 -5.31 91.15 0.00 
[20:37:13.947] [ARM] [41] <10.00 -60.00 -11.50> result: 95.31 108.72 -72.43 -5.31 91.15 0.00 
[20:37:14.009] [ARM] [42] <10.00 -60.00 -11.50> result: 95.31 108.72 -72.43 -5.31 91.15 0.00 
[20:37:14.009] [ARM] [43] <10.00 -60.00 -11.50> result: 95.31 108.72 -72.43 -5.31 91.15 0.00 
[20:37:14.009] [ARM] [JETSON_RX] vision dcx=0 dcy=0
[20:37:14.009] [ARM] [TARGET] vision state=CONFIRM enabled=1 dcx=0 dcy=0 stable=3
[20:37:14.132] [ARM] [JETSON_RX] vision dcx=0 dcy=0
[20:37:14.132] [ARM] [TARGET] vision state=CONFIRM enabled=1 dcx=0 dcy=0 stable=3
[20:37:14.321] [ARM] [JETSON_RX] vision dcx=0 dcy=0
[20:37:14.321] [ARM] [TARGET] vision state=CONFIRM enabled=1 dcx=0 dcy=0 stable=3
[20:37:14.509] [ARM] [JETSON_RX] vision dcx=0 dcy=0
[20:37:14.509] [ARM] [TARGET] vision state=CONFIRM enabled=1 dcx=0 dcy=0 stable=3
[20:37:14.509] [ARM] [jpint 1] ave_error:0.84
[20:37:14.509] [ARM] [jpint 2] ave_error:0.94
[20:37:14.509] [ARM] [jpint 3] ave_error:1.68
[20:37:14.509] [ARM] [jpint 4] ave_error:0.59
[20:37:14.509] [ARM] [jpint 5] ave_error:0.95
[20:37:14.509] [ARM] 
[20:37:14.509] [ARM] robot pid run finished!!
[20:37:14.698] [ARM] [JETSON_RX] vision dcx=0 dcy=0
[20:37:14.698] [ARM] [TARGET] vision state=CONFIRM enabled=1 dcx=0 dcy=0 stable=3
[20:37:14.886] [ARM] [JETSON_RX] vision dcx=0 dcy=0
[20:37:14.886] [ARM] [TARGET] vision state=CONFIRM enabled=1 dcx=0 dcy=0 stable=3
[20:37:15.135] [ARM] [JETSON_RX] vision dcx=0 dcy=0
[20:37:15.135] [ARM] [TARGET] vision state=CONFIRM enabled=1 dcx=0 dcy=0 stable=3
[20:37:15.321] [ARM] [JETSON_RX] vision dcx=0 dcy=0
[20:37:15.321] [ARM] [TARGET] vision state=CONFIRM enabled=1 dcx=0 dcy=0 stable=3
[20:37:15.508] [ARM] [JETSON_RX] vision dcx=0 dcy=0
[20:37:15.508] [ARM] [TARGET] vision state=CONFIRM enabled=1 dcx=0 dcy=0 stable=3
[20:37:15.694] [ARM] [JETSON_RX] vision dcx=0 dcy=0
[20:37:15.694] [ARM] [TARGET] vision state=CONFIRM enabled=1 dcx=0 dcy=0 stable=3
[20:37:15.880] [PROMPT] Enter received; console logging resumed.
[20:37:15.880] [PROMPT] 请按住 P000 KEY，脚本会自动等待 OUTPUT_ON，不需要再按 Enter。
[20:37:15.880] [STEP] waiting OUTPUT_ON from RA6...
[20:37:15.940] [ARM] [JETSON_RX] vision dcx=0 dcy=0
[20:37:15.940] [ARM] [TARGET] vision state=CONFIRM enabled=1 dcx=0 dcy=0 stable=3
[20:37:16.125] [ARM] [JETSON_RX] vision dcx=0 dcy=0
[20:37:16.126] [ARM] [TARGET] vision state=CONFIRM enabled=1 dcx=0 dcy=0 stable=3
[20:37:16.235] [JETSON-RX] CC 03 01 DD
[20:37:16.235] [JETSON-STATUS] OUTPUT_ON func=0x03 value=0x01
[20:37:16.235] [PROMPT] 已进入 OUTPUT。请松开 P000 KEY，脚本会自动等待 OUTPUT_OFF，不需要按 Enter。
[20:37:16.235] [STEP] waiting OUTPUT_OFF from RA6...
[20:37:16.313] [ARM] [JETSON_RX] vision dcx=0 dcy=0
[20:37:16.313] [ARM] [TARGET] vision state=OUTPUT enabled=1 dcx=0 dcy=0 stable=3
[20:37:16.502] [ARM] [JETSON_RX] vision dcx=0 dcy=0
[20:37:16.502] [ARM] [TARGET] vision state=OUTPUT enabled=1 dcx=0 dcy=0 stable=3
[20:37:16.689] [ARM] [JETSON_RX] vision dcx=0 dcy=0
[20:37:16.689] [ARM] [TARGET] vision state=OUTPUT enabled=1 dcx=0 dcy=0 stable=3
[20:37:16.939] [ARM] [JETSON_RX] vision dcx=0 dcy=0
[20:37:16.939] [ARM] [TARGET] vision state=OUTPUT enabled=1 dcx=0 dcy=0 stable=3
[20:37:17.124] [ARM] [JETSON_RX] vision dcx=0 dcy=0
[20:37:17.124] [ARM] [TARGET] vision state=OUTPUT enabled=1 dcx=0 dcy=0 stable=3
[20:37:17.311] [ARM] [JETSON_RX] vision dcx=0 dcy=0
[20:37:17.311] [ARM] [TARGET] vision state=OUTPUT enabled=1 dcx=0 dcy=0 stable=3
[20:37:17.498] [ARM] [JETSON_RX] vision dcx=0 dcy=0
[20:37:17.498] [ARM] [TARGET] vision state=OUTPUT enabled=1 dcx=0 dcy=0 stable=3
[20:37:17.745] [ARM] [JETSON_RX] vision dcx=0 dcy=0
[20:37:17.745] [ARM] [TARGET] vision state=OUTPUT enabled=1 dcx=0 dcy=0 stable=3
[20:37:17.932] [ARM] [JETSON_RX] vision dcx=0 dcy=0
[20:37:17.932] [ARM] [TARGET] vision state=OUTPUT enabled=1 dcx=0 dcy=0 stable=3
[20:37:18.117] [ARM] [JETSON_RX] vision dcx=0 dcy=0
[20:37:18.117] [ARM] [TARGET] vision state=OUTPUT enabled=1 dcx=0 dcy=0 stable=3
[20:37:18.306] [ARM] [JETSON_RX] vision dcx=0 dcy=0
[20:37:18.306] [ARM] [TARGET] vision state=OUTPUT enabled=1 dcx=0 dcy=0 stable=3
[20:37:18.493] [ARM] [JETSON_RX] vision dcx=0 dcy=0
[20:37:18.493] [ARM] [TARGET] vision state=OUTPUT enabled=1 dcx=0 dcy=0 stable=3
[20:37:18.743] [ARM] [JETSON_RX] vision dcx=0 dcy=0
[20:37:18.743] [ARM] [TARGET] vision state=OUTPUT enabled=1 dcx=0 dcy=0 stable=3
[20:37:18.931] [ARM] [JETSON_RX] vision dcx=0 dcy=0
[20:37:18.931] [ARM] [TARGET] vision state=OUTPUT enabled=1 dcx=0 dcy=0 stable=3
[20:37:19.119] [ARM] [JETSON_RX] vision dcx=0 dcy=0
[20:37:19.119] [ARM] [TARGET] vision state=OUTPUT enabled=1 dcx=0 dcy=0 stable=3
[20:37:19.308] [ARM] [JETSON_RX] vision dcx=0 dcy=0
[20:37:19.308] [ARM] [TARGET] vision state=OUTPUT enabled=1 dcx=0 dcy=0 stable=3
[20:37:19.496] [ARM] [JETSON_RX] vision dcx=0 dcy=0
[20:37:19.496] [ARM] [TARGET] vision state=OUTPUT enabled=1 dcx=0 dcy=0 stable=3
[20:37:19.747] [ARM] [JETSON_RX] vision dcx=0 dcy=0
[20:37:19.747] [ARM] [TARGET] vision state=OUTPUT enabled=1 dcx=0 dcy=0 stable=3
[20:37:19.935] [ARM] [JETSON_RX] vision dcx=0 dcy=0
[20:37:19.935] [ARM] [TARGET] vision state=OUTPUT enabled=1 dcx=0 dcy=0 stable=3
[20:37:20.120] [ARM] [JETSON_RX] vision dcx=0 dcy=0
[20:37:20.120] [ARM] [TARGET] vision state=OUTPUT enabled=1 dcx=0 dcy=0 stable=3
[20:37:20.308] [ARM] [JETSON_RX] vision dcx=0 dcy=0
[20:37:20.308] [ARM] [TARGET] vision state=OUTPUT enabled=1 dcx=0 dcy=0 stable=3
[20:37:20.559] [ARM] [JETSON_RX] vision dcx=0 dcy=0
[20:37:20.559] [ARM] [TARGET] vision state=OUTPUT enabled=1 dcx=0 dcy=0 stable=3
[20:37:20.745] [ARM] [JETSON_RX] vision dcx=0 dcy=0
[20:37:20.745] [ARM] [TARGET] vision state=OUTPUT enabled=1 dcx=0 dcy=0 stable=3
[20:37:20.839] [JETSON-RX] CC 03 00 DD
[20:37:20.839] [JETSON-STATUS] OUTPUT_OFF func=0x03 value=0x00
[20:37:20.839] [JETSON-TX] vision sender disabled after 66 frames.
[20:37:20.839] [JETSON-TX] TARGET_CTRL STOP: AA 01 00 BB
[20:37:20.870] [ARM] [JETSON_RX] target_ctrl=0
[20:37:20.901] [JETSON-RX] CC 04 00 DD
[20:37:20.901] [JETSON-STATUS] TARGET_CTRL_OFF func=0x04 value=0x00
[20:37:21.102] [ARM-TX] laser_off
[20:37:21.119] [ARM] Found handler for 'laser_off', executing...
[20:37:21.119] [ARM] laser_off
[20:37:21.303] [STEP] final soft_reset to HOME...
[20:37:21.303] [ARM-TX] soft_reset
[20:37:21.367] [ARM] Found handler for 'soft_reset', executing...
[20:37:21.367] [ARM] ROBOT_SOFT_RESET_EVENT
[20:37:21.367] [ARM] --- Starting soft reset ---
[20:37:21.554] [ARM] Soft reset motors enabled (J1~J5, J6 skipped).
[20:37:21.554] [ARM] Soft resetting joint 4...
[20:37:21.554] [ARM] robot_update_current_angle 4...
[20:37:21.554] [ARM] [4] current:91.32, target:90.00, dir:-1
[20:37:21.804] [ARM] Soft resetting joint 3...
[20:37:21.867] [ARM] robot_update_current_angle 3...
[20:37:21.867] [ARM] [3] current:-5.64, target:0.00, dir:1
[20:37:22.799] [ARM] Soft resetting joint 1...
[20:37:22.863] [ARM] robot_update_current_angle 1...
[20:37:22.863] [ARM] [1] current:109.08, target:90.00, dir:-1
[20:37:24.544] [ARM] soft reset joint 1 settle timeout, keep going
[20:37:24.544] [ARM] Soft resetting joint 2...
[20:37:24.544] [ARM] robot_update_current_angle 2...
[20:37:24.544] [ARM] [2] current:-73.62, target:-90.00, dir:-1
[20:37:26.097] [ARM] soft reset joint 2 settle timeout, keep going
[20:37:26.097] [ARM] Soft resetting joint 0...
[20:37:26.097] [ARM] robot_update_current_angle 0...
[20:37:26.097] [ARM] [0] current:95.19, target:90.00, dir:-1
[20:37:27.093] [ARM] soft reset final verify PASS (issues:2), pose set HOME.
[20:37:27.093] [DONE] final soft_reset PASS; robot returned HOME.
[20:37:27.093] [DONE] OUTPUT_OFF received; target disabled; demo sequence complete.
[20:37:27.093] [JETSON-TX] TARGET_CTRL STOP: AA 01 00 BB
[20:37:27.093] [ARM-TX] laser_off
[20:37:27.155] [JETSON-RX] CC 04 00 DD
[20:37:27.155] [ARM] Found handler for 'laser_off', executing...
[20:37:27.155] [JETSON-STATUS] TARGET_CTRL_OFF func=0x04 value=0x00
[20:37:27.155] [ARM] laser_off
[20:37:27.155] [ARM] [JETSON_RX] target_ctrl=0
[20:37:27.297] [INFO] ports closed.
