[20:19:09.345] [INFO] log file: E:\Renesas\RA6M5-Robot\Robot_FreeRTOS - Arm\DEBUG\target_state_demo_20260630_201909.log
[20:19:09.346] [INFO] ARM=COM7 JETSON=COM14 baud=115200
[20:19:09.346] [INFO] start frame: AA 01 01 BB
[20:19:09.346] [INFO] stop frame: AA 01 00 BB
[20:19:09.346] [INFO] vision sequence: (220,-120)/1.8s -> (170,-95)/1.8s -> (120,-70)/1.8s -> (80,-45)/1.8s -> (45,-25)/1.4s -> (20,-10)/1.0s -> (0,0)/0.0s
[20:19:09.851] [JETSON-TX] TARGET_CTRL STOP: AA 01 00 BB
[20:19:09.906] [ARM] [JETSON_RX] target_ctrl=0
[20:19:09.922] [JETSON-RX] CC 04 00 DD
[20:19:09.922] [JETSON-STATUS] TARGET_CTRL_OFF func=0x04 value=0x00
[20:19:10.122] [ARM-TX] laser_off
[20:19:10.154] [ARM] Found handler for 'laser_off', executing...
[20:19:10.155] [ARM] laser_off
[20:19:10.323] [ARM-TX] soft_reset
[20:19:10.341] [ARM] Found handler for 'soft_reset', executing...
[20:19:10.341] [ARM] ROBOT_SOFT_RESET_EVENT
[20:19:10.341] [ARM] --- Starting soft reset ---
[20:19:10.591] [ARM] Soft reset motors enabled (J1~J5, J6 skipped).
[20:19:10.591] [ARM] Soft resetting joint 4...
[20:19:10.591] [ARM] robot_update_current_angle 4...
[20:19:10.591] [ARM] [4] current:90.00, target:90.00, dir:1
[20:19:10.716] [ARM] Soft resetting joint 3...
[20:19:10.779] [ARM] robot_update_current_angle 3...
[20:19:10.779] [ARM] [3] current:-0.00, target:0.00, dir:1
[20:19:10.841] [ARM] Soft resetting joint 1...
[20:19:10.903] [ARM] robot_update_current_angle 1...
[20:19:10.903] [ARM] [1] current:90.00, target:90.00, dir:-1
[20:19:11.027] [ARM] Soft resetting joint 2...
[20:19:11.027] [ARM] robot_update_current_angle 2...
[20:19:11.027] [ARM] [2] current:-90.14, target:-90.00, dir:1
[20:19:11.153] [ARM] Soft resetting joint 0...
[20:19:11.216] [ARM] robot_update_current_angle 0...
[20:19:11.216] [ARM] [0] current:90.00, target:90.00, dir:1
[20:19:11.405] [ARM] soft reset final verify PASS (issues:0), pose set HOME.
[20:19:11.405] [JETSON-TX] TARGET_CTRL START: AA 01 01 BB
[20:19:11.452] [ARM] [JETSON_RX] target_ctrl=1
[20:19:11.452] [ARM] ROBOT_AUTO_EVENT
[20:19:11.452] [ARM] [0] <0.00 0.00 0.00> result: 90.00 90.00 -90.00 0.00 90.00 0.00 
[20:19:11.452] [ARM] [1] <0.00 -0.00 -0.00> result: 90.00 90.00 -90.00 0.00 90.00 0.00 
[20:19:11.452] [ARM] [2] <0.00 -0.00 -0.00> result: 90.00 90.00 -90.00 0.00 90.00 0.00 
[20:19:11.472] [ARM] [3] <0.00 -0.01 -0.00> result: 90.00 90.00 -90.00 0.00 90.00 0.00 
[20:19:11.472] [ARM] [4] <0.00 -0.02 -0.00> result: 90.00 90.01 -90.00 0.00 90.00 0.00 
[20:19:11.472] [ARM] [5] <0.00 -0.03 -0.00> result: 90.00 90.01 -89.99 0.00 90.00 0.00 
[20:19:11.472] [ARM] [6] <0.00 -0.05 -0.00> result: 90.00 90.02 -89.99 0.00 90.00 0.00 
[20:19:11.483] [JETSON-RX] CC 04 01 DD
[20:19:11.483] [JETSON-STATUS] TARGET_CTRL_ON func=0x04 value=0x01
[20:19:11.483] [STEP] waiting READY from RA6...
[20:19:11.495] [ARM] [7] <0.00 -0.07 -0.00> result: 90.00 90.02 -89.98 0.00 90.00 0.00 
[20:19:11.496] [ARM] [8] <0.00 -0.11 -0.00> result: 90.00 90.03 -89.97 0.00 90.00 0.00 
[20:19:11.496] [ARM] [9] <0.00 -0.15 -0.00> result: 90.00 90.05 -89.96 0.00 90.00 0.00 
[20:19:11.518] [ARM] [10] <0.00 -0.20 -0.01> result: 90.00 90.06 -89.94 0.00 90.01 0.00 
[20:19:11.519] [ARM] [11] <0.00 -0.27 -0.01> result: 90.00 90.08 -89.92 0.00 90.01 0.00 
[20:19:11.519] [ARM] [12] <0.00 -0.34 -0.01> result: 90.00 90.11 -89.90 0.00 90.01 0.00 
[20:19:11.519] [ARM] [13] <0.00 -0.43 -0.01> result: 90.00 90.14 -89.88 0.00 90.01 0.00 
[20:19:11.541] [ARM] [14] <0.00 -0.54 -0.01> result: 90.00 90.17 -89.85 0.00 90.02 0.00 
[20:19:11.541] [ARM] [15] <0.00 -0.65 -0.02> result: 90.00 90.20 -89.81 0.00 90.02 0.00 
[20:19:11.542] [ARM] [16] <0.00 -0.79 -0.02> result: 90.00 90.25 -89.78 0.00 90.02 0.00 
[20:19:11.542] [ARM] [17] <0.00 -0.94 -0.02> result: 90.00 90.29 -89.73 0.00 90.03 0.00 
[20:19:11.566] [ARM] [18] <0.00 -1.10 -0.03> result: 90.00 90.34 -89.69 0.00 90.03 0.00 
[20:19:11.566] [ARM] [19] <0.00 -1.29 -0.03> result: 90.00 90.40 -89.63 0.00 90.03 0.00 
[20:19:11.566] [ARM] [20] <0.00 -1.49 -0.04> result: 90.00 90.46 -89.57 0.00 90.04 0.00 
[20:19:11.566] [ARM] [21] <0.00 -1.72 -0.04> result: 90.00 90.53 -89.51 0.00 90.04 0.00 
[20:19:11.587] [ARM] [22] <0.00 -1.97 -0.05> result: 90.00 90.61 -89.44 0.00 90.05 0.00 
[20:19:11.587] [ARM] [23] <0.00 -2.23 -0.06> result: 90.00 90.69 -89.36 0.00 90.05 0.00 
[20:19:11.587] [ARM] [24] <0.00 -2.52 -0.06> result: 90.00 90.77 -89.28 0.00 90.05 0.00 
[20:19:11.622] [ARM] [25] <0.00 -2.84 -0.07> result: 90.00 90.87 -89.19 0.00 90.06 0.00 
[20:19:11.622] [ARM] [26] <0.00 -3.17 -0.08> result: 90.00 90.97 -89.10 0.00 90.06 0.00 
[20:19:11.622] [ARM] [27] <0.00 -3.53 -0.09> result: 90.00 91.07 -88.99 0.00 90.06 0.00 
[20:19:11.622] [ARM] [28] <0.00 -3.92 -0.10> result: 90.00 91.18 -88.88 0.00 90.07 0.00 
[20:19:11.644] [ARM] [29] <0.00 -4.33 -0.11> result: 90.00 91.30 -88.76 0.00 90.07 0.00 
[20:19:11.645] [ARM] [30] <0.00 -4.77 -0.12> result: 90.00 91.43 -88.64 0.00 90.07 0.00 
[20:19:11.645] [ARM] [31] <0.00 -5.23 -0.13> result: 90.00 91.56 -88.51 0.00 90.07 0.00 
[20:19:11.645] [ARM] [32] <0.00 -5.72 -0.14> result: 90.00 91.70 -88.37 0.00 90.07 0.00 
[20:19:11.667] [ARM] [33] <0.00 -6.24 -0.16> result: 90.00 91.85 -88.22 0.00 90.06 0.00 
[20:19:11.668] [ARM] [34] <0.00 -6.79 -0.17> result: 90.00 92.00 -88.06 0.00 90.06 0.00 
[20:19:11.668] [ARM] [35] <0.00 -7.36 -0.18> result: 90.00 92.16 -87.89 0.00 90.05 0.00 
[20:19:11.668] [ARM] [36] <0.00 -7.96 -0.20> result: 90.00 92.32 -87.72 0.00 90.04 0.00 
[20:19:11.690] [ARM] [37] <0.00 -8.60 -0.21> result: 90.00 92.49 -87.54 0.00 90.03 0.00 
[20:19:11.691] [ARM] [38] <0.00 -9.26 -0.23> result: 90.00 92.67 -87.35 0.00 90.02 0.00 
[20:19:11.691] [ARM] [39] <0.00 -9.95 -0.25> result: 90.00 92.85 -87.15 0.00 90.00 0.00 
[20:19:11.713] [ARM] [40] <0.00 -10.67 -0.27> result: 90.00 93.04 -86.94 0.00 89.98 0.00 
[20:19:11.713] [ARM] [41] <0.00 -11.42 -0.29> result: 90.00 93.24 -86.72 0.00 89.96 0.00 
[20:19:11.714] [ARM] [42] <0.00 -12.20 -0.30> result: 90.00 93.44 -86.50 0.00 89.93 0.00 
[20:19:11.714] [ARM] [43] <0.00 -13.01 -0.33> result: 90.00 93.64 -86.26 0.00 89.91 0.00 
[20:19:11.735] [ARM] [44] <0.00 -13.85 -0.35> result: 90.00 93.85 -86.02 0.00 89.87 0.00 
[20:19:11.736] [ARM] [45] <0.00 -14.72 -0.37> result: 90.00 94.07 -85.77 0.00 89.84 0.00 
[20:19:11.736] [ARM] [46] <0.00 -15.62 -0.39> result: 90.00 94.29 -85.51 0.00 89.80 0.00 
[20:19:11.736] [ARM] [47] <0.00 -16.55 -0.41> result: 90.00 94.52 -85.24 0.00 89.75 0.00 
[20:19:11.758] [ARM] [48] <0.00 -17.51 -0.44> result: 90.00 94.75 -84.96 0.00 89.70 0.00 
[20:19:11.758] [ARM] [49] <0.00 -18.49 -0.46> result: 90.00 94.98 -84.67 0.00 89.65 0.00 
[20:19:11.758] [ARM] [50] <0.00 -19.51 -0.49> result: 90.00 95.22 -84.37 0.00 89.59 0.00 
[20:19:11.758] [ARM] [51] <0.00 -20.56 -0.51> result: 90.00 95.47 -84.06 0.00 89.53 0.00 
[20:19:11.782] [ARM] [52] <0.00 -21.64 -0.54> result: 90.00 95.71 -83.75 0.00 89.46 0.00 
[20:19:11.782] [ARM] [53] <0.00 -22.74 -0.57> result: 90.00 95.97 -83.43 0.00 89.39 0.00 
[20:19:11.782] [ARM] [54] <0.00 -23.88 -0.60> result: 90.00 96.22 -83.09 0.00 89.32 0.00 
[20:19:11.816] [ARM] [55] <0.00 -25.04 -0.63> result: 90.00 96.48 -82.75 0.00 89.23 0.00 
[20:19:11.816] [ARM] [56] <0.00 -26.23 -0.66> result: 90.00 96.74 -82.40 0.00 89.15 0.00 
[20:19:11.816] [ARM] [57] <0.00 -27.44 -0.69> result: 90.00 97.01 -82.05 0.00 89.06 0.00 
[20:19:11.816] [ARM] [58] <0.00 -28.68 -0.72> result: 90.00 97.28 -81.68 0.00 88.96 0.00 
[20:19:11.838] [ARM] [59] <0.00 -29.95 -0.75> result: 90.00 97.55 -81.31 0.00 88.86 0.00 
[20:19:11.838] [ARM] [60] <0.00 -31.25 -0.78> result: 90.00 97.83 -80.92 0.00 88.75 0.00 
[20:19:11.838] [ARM] [61] <0.00 -32.57 -0.81> result: 90.00 98.10 -80.53 0.00 88.64 0.00 
[20:19:11.838] [ARM] [62] <0.00 -33.91 -0.85> result: 90.00 98.39 -80.14 0.00 88.52 0.00 
[20:19:11.862] [ARM] [63] <0.00 -35.28 -0.88> result: 90.00 98.67 -79.73 0.00 88.40 0.00 
[20:19:11.862] [ARM] [64] <0.00 -36.67 -0.92> result: 90.00 98.95 -79.32 0.00 88.27 0.00 
[20:19:11.863] [ARM] [65] <0.00 -38.08 -0.95> result: 90.00 99.24 -78.90 0.00 88.14 0.00 
[20:19:11.886] [ARM] [66] <0.00 -39.51 -0.99> result: 90.00 99.53 -78.47 0.00 88.00 0.00 
[20:19:11.886] [ARM] [67] <0.00 -40.97 -1.02> result: 90.00 99.82 -78.04 0.00 87.86 0.00 
[20:19:11.886] [ARM] [68] <0.00 -42.44 -1.06> result: 90.00 100.11 -77.60 0.00 87.71 0.00 
[20:19:11.886] [ARM] [69] <0.00 -43.94 -1.10> result: 90.00 100.41 -77.15 0.00 87.56 0.00 
[20:19:11.912] [ARM] [70] <0.00 -45.45 -1.14> result: 90.00 100.70 -76.70 0.00 87.41 0.00 
[20:19:11.912] [ARM] [71] <0.00 -46.98 -1.17> result: 90.00 101.00 -76.24 0.00 87.25 0.00 
[20:19:11.912] [ARM] [72] <0.00 -48.53 -1.21> result: 90.00 101.30 -75.78 0.00 87.08 0.00 
[20:19:11.912] [ARM] [73] <0.00 -50.09 -1.25> result: 90.00 101.60 -75.31 0.00 86.91 0.00 
[20:19:11.931] [ARM] [74] <0.00 -51.67 -1.29> result: 90.00 101.90 -74.84 0.00 86.74 0.00 
[20:19:11.931] [ARM] [75] <0.00 -53.26 -1.33> result: 90.00 102.20 -74.36 0.00 86.56 0.00 
[20:19:11.931] [ARM] [76] <0.00 -54.86 -1.37> result: 90.00 102.51 -73.87 0.00 86.38 0.00 
[20:19:11.953] [ARM] [77] <0.00 -56.48 -1.41> result: 90.00 102.81 -73.39 0.00 86.20 0.00 
[20:19:11.953] [ARM] [78] <0.00 -58.11 -1.45> result: 90.00 103.11 -72.89 0.00 86.01 0.00 
[20:19:11.953] [ARM] [79] <0.00 -59.75 -1.49> result: 90.00 103.42 -72.40 0.00 85.82 0.00 
[20:19:11.953] [ARM] [80] <0.00 -60.00 -1.50> result: 90.00 103.47 -72.32 0.00 85.79 0.00 
[20:19:11.988] [ARM] [81] <0.00 -60.00 -1.50> result: 90.00 103.47 -72.32 0.00 85.79 0.00 
[20:19:11.988] [ARM] [82] <0.00 -60.00 -1.50> result: 90.00 103.47 -72.32 0.00 85.79 0.00 
[20:19:11.988] [ARM] [83] <0.00 -60.00 -1.50> result: 90.00 103.47 -72.32 0.00 85.79 0.00 
[20:19:11.988] [ARM] [84] <0.00 -60.00 -1.50> result: 90.00 103.47 -72.32 0.00 85.79 0.00 
[20:19:12.014] [ARM] [85] <0.00 -60.00 -1.50> result: 90.00 103.47 -72.32 0.00 85.79 0.00 
[20:19:12.014] [ARM] [86] <0.00 -60.00 -1.50> result: 90.00 103.47 -72.32 0.00 85.79 0.00 
[20:19:12.014] [ARM] [87] <0.00 -60.00 -1.50> result: 90.00 103.47 -72.32 0.00 85.79 0.00 
[20:19:12.033] [ARM] [88] <0.00 -60.00 -1.50> result: 90.00 103.47 -72.32 0.00 85.79 0.00 
[20:19:12.033] [ARM] [89] <0.00 -60.00 -1.50> result: 90.00 103.47 -72.32 0.00 85.79 0.00 
[20:19:12.033] [ARM] [90] <0.00 -60.00 -1.50> result: 90.00 103.47 -72.32 0.00 85.79 0.00 
[20:19:12.034] [ARM] [91] <0.00 -60.00 -1.50> result: 90.00 103.47 -72.32 0.00 85.79 0.00 
[20:19:12.057] [ARM] [92] <0.00 -60.00 -1.50> result: 90.00 103.47 -72.32 0.00 85.79 0.00 
[20:19:12.057] [ARM] [93] <0.00 -60.00 -1.50> result: 90.00 103.47 -72.32 0.00 85.79 0.00 
[20:19:12.057] [ARM] [94] <0.00 -60.00 -1.50> result: 90.00 103.47 -72.32 0.00 85.79 0.00 
[20:19:12.057] [ARM] [95] <0.00 -60.00 -1.50> result: 90.00 103.47 -72.32 0.00 85.79 0.00 
[20:19:12.078] [ARM] [96] <0.00 -60.00 -1.50> result: 90.00 103.47 -72.32 0.00 85.79 0.00 
[20:19:12.080] [ARM] [97] <0.00 -60.00 -1.50> result: 90.00 103.47 -72.32 0.00 85.79 0.00 
[20:19:12.080] [ARM] [98] <0.00 -60.00 -1.50> result: 90.00 103.47 -72.32 0.00 85.79 0.00 
[20:19:12.102] [ARM] [99] <0.00 -60.00 -1.50> result: 90.00 103.47 -72.32 0.00 85.79 0.00 
[20:19:12.102] [ARM] [100] <0.00 -60.00 -1.50> result: 90.00 103.47 -72.32 0.00 85.79 0.00 
[20:19:12.102] [ARM] [101] <0.00 -60.00 -1.50> result: 90.00 103.47 -72.32 0.00 85.79 0.00 
[20:19:12.102] [ARM] [102] <0.00 -60.00 -1.50> result: 90.00 103.47 -72.32 0.00 85.79 0.00 
[20:19:12.126] [ARM] [103] <0.00 -60.00 -1.50> result: 90.00 103.47 -72.32 0.00 85.79 0.00 
[20:19:12.126] [ARM] [104] <0.00 -60.00 -1.50> result: 90.00 103.47 -72.32 0.00 85.79 0.00 
[20:19:12.126] [ARM] [105] <0.00 -60.00 -1.50> result: 90.00 103.47 -72.32 0.00 85.79 0.00 
[20:19:12.126] [ARM] [106] <0.00 -60.00 -1.50> result: 90.00 103.47 -72.32 0.00 85.79 0.00 
[20:19:12.149] [ARM] [107] <0.00 -60.00 -1.50> result: 90.00 103.47 -72.32 0.00 85.79 0.00 
[20:19:12.149] [ARM] [108] <0.00 -60.00 -1.50> result: 90.00 103.47 -72.32 0.00 85.79 0.00 
[20:19:12.149] [ARM] [109] <0.00 -60.00 -1.50> result: 90.00 103.47 -72.32 0.00 85.79 0.00 
[20:19:12.183] [ARM] [110] <0.00 -60.00 -1.50> result: 90.00 103.47 -72.32 0.00 85.79 0.00 
[20:19:12.183] [ARM] [111] <0.00 -60.00 -1.50> result: 90.00 103.47 -72.32 0.00 85.79 0.00 
[20:19:12.183] [ARM] [112] <0.00 -60.00 -1.50> result: 90.00 103.47 -72.32 0.00 85.79 0.00 
[20:19:12.183] [ARM] [113] <0.00 -60.00 -1.50> result: 90.00 103.47 -72.32 0.00 85.79 0.00 
[20:19:12.206] [ARM] [114] <0.00 -60.00 -1.50> result: 90.00 103.47 -72.32 0.00 85.79 0.00 
[20:19:12.206] [ARM] [115] <0.00 -60.00 -1.50> result: 90.00 103.47 -72.32 0.00 85.79 0.00 
[20:19:12.206] [ARM] [116] <0.00 -60.00 -1.50> result: 90.00 103.47 -72.32 0.00 85.79 0.00 
[20:19:12.228] [ARM] [117] <0.00 -60.00 -1.50> result: 90.00 103.47 -72.32 0.00 85.79 0.00 
[20:19:12.230] [ARM] [118] <0.00 -60.00 -1.50> result: 90.00 103.47 -72.32 0.00 85.79 0.00 
[20:19:12.230] [ARM] [119] <0.00 -60.00 -1.50> result: 90.00 103.47 -72.32 0.00 85.79 0.00 
[20:19:12.230] [ARM] [120] <0.00 -60.00 -1.50> result: 90.00 103.47 -72.32 0.00 85.79 0.00 
[20:19:12.251] [ARM] [121] <0.00 -60.00 -1.50> result: 90.00 103.47 -72.32 0.00 85.79 0.00 
[20:19:12.252] [ARM] [122] <0.00 -60.00 -1.50> result: 90.00 103.47 -72.32 0.00 85.79 0.00 
[20:19:12.252] [ARM] [123] <0.00 -60.00 -1.50> result: 90.00 103.47 -72.32 0.00 85.79 0.00 
[20:19:12.252] [ARM] [124] <0.00 -60.00 -1.50> result: 90.00 103.47 -72.32 0.00 85.79 0.00 
[20:19:12.274] [ARM] [125] <0.00 -60.00 -1.50> result: 90.00 103.47 -72.32 0.00 85.79 0.00 
[20:19:12.274] [ARM] [126] <0.00 -60.00 -1.50> result: 90.00 103.47 -72.32 0.00 85.79 0.00 
[20:19:12.275] [ARM] [127] <0.00 -60.00 -1.50> result: 90.00 103.47 -72.32 0.00 85.79 0.00 
[20:19:12.297] [ARM] [128] <0.00 -60.00 -1.50> result: 90.00 103.47 -72.32 0.00 85.79 0.00 
[20:19:12.297] [ARM] [129] <0.00 -60.00 -1.50> result: 90.00 103.47 -72.32 0.00 85.79 0.00 
[20:19:12.297] [ARM] [130] <0.00 -60.00 -1.50> result: 90.00 103.47 -72.32 0.00 85.79 0.00 
[20:19:12.297] [ARM] [131] <0.00 -60.00 -1.50> result: 90.00 103.47 -72.32 0.00 85.79 0.00 
[20:19:12.322] [ARM] [132] <0.00 -60.00 -1.50> result: 90.00 103.47 -72.32 0.00 85.79 0.00 
[20:19:12.322] [ARM] [133] <0.00 -60.00 -1.50> result: 90.00 103.47 -72.32 0.00 85.79 0.00 
[20:19:12.322] [ARM] [134] <0.00 -60.00 -1.50> result: 90.00 103.47 -72.32 0.00 85.79 0.00 
[20:19:12.355] [ARM] [135] <0.00 -60.00 -1.50> result: 90.00 103.47 -72.32 0.00 85.79 0.00 
[20:19:12.355] [ARM] [136] <0.00 -60.00 -1.50> result: 90.00 103.47 -72.32 0.00 85.79 0.00 
[20:19:12.355] [ARM] [137] <0.00 -60.00 -1.50> result: 90.00 103.47 -72.32 0.00 85.79 0.00 
[20:19:12.355] [ARM] [138] <0.00 -60.00 -1.50> result: 90.00 103.47 -72.32 0.00 85.79 0.00 
[20:19:12.378] [ARM] [139] <0.00 -60.00 -1.50> result: 90.00 103.47 -72.32 0.00 85.79 0.00 
[20:19:12.378] [ARM] [140] <0.00 -60.00 -1.50> result: 90.00 103.47 -72.32 0.00 85.79 0.00 
[20:19:12.378] [ARM] [141] <0.00 -60.00 -1.50> result: 90.00 103.47 -72.32 0.00 85.79 0.00 
[20:19:12.378] [ARM] [142] <0.00 -60.00 -1.50> result: 90.00 103.47 -72.32 0.00 85.79 0.00 
[20:19:12.400] [ARM] [143] <0.00 -60.00 -1.50> result: 90.00 103.47 -72.32 0.00 85.79 0.00 
[20:19:12.400] [ARM] [144] <0.00 -60.00 -1.50> result: 90.00 103.47 -72.32 0.00 85.79 0.00 
[20:19:12.400] [ARM] [145] <0.00 -60.00 -1.50> result: 90.00 103.47 -72.32 0.00 85.79 0.00 
[20:19:12.424] [ARM] [146] <0.00 -60.00 -1.50> result: 90.00 103.47 -72.32 0.00 85.79 0.00 
[20:19:12.424] [ARM] [147] <0.00 -60.00 -1.50> result: 90.00 103.47 -72.32 0.00 85.79 0.00 
[20:19:12.424] [ARM] [148] <0.00 -60.00 -1.50> result: 90.00 103.47 -72.32 0.00 85.79 0.00 
[20:19:12.424] [ARM] [149] <0.00 -60.00 -1.50> result: 90.00 103.47 -72.32 0.00 85.79 0.00 
[20:19:12.448] [ARM] [150] <0.00 -60.00 -1.50> result: 90.00 103.47 -72.32 0.00 85.79 0.00 
[20:19:12.448] [ARM] [151] <0.00 -60.00 -1.50> result: 90.00 103.47 -72.32 0.00 85.79 0.00 
[20:19:12.448] [ARM] [152] <0.00 -60.00 -1.50> result: 90.00 103.47 -72.32 0.00 85.79 0.00 
[20:19:12.472] [ARM] [153] <0.00 -60.00 -1.50> result: 90.00 103.47 -72.32 0.00 85.79 0.00 
[20:19:12.472] [ARM] [154] <0.00 -60.00 -1.50> result: 90.00 103.47 -72.32 0.00 85.79 0.00 
[20:19:12.473] [ARM] [155] <0.00 -60.00 -1.50> result: 90.00 103.47 -72.32 0.00 85.79 0.00 
[20:19:12.473] [ARM] [156] <0.00 -60.00 -1.50> result: 90.00 103.47 -72.32 0.00 85.79 0.00 
[20:19:12.493] [ARM] [157] <0.00 -60.00 -1.50> result: 90.00 103.47 -72.32 0.00 85.79 0.00 
[20:19:12.493] [ARM] [158] <0.00 -60.00 -1.50> result: 90.00 103.47 -72.32 0.00 85.79 0.00 
[20:19:12.493] [ARM] [159] <0.00 -60.00 -1.50> result: 90.00 103.47 -72.32 0.00 85.79 0.00 
[20:19:12.493] [ARM] [160] <0.00 -60.00 -1.50> result: 90.00 103.47 -72.32 0.00 85.79 0.00 
[20:19:12.515] [ARM] [161] <0.00 -60.00 -1.50> result: 90.00 103.47 -72.32 0.00 85.79 0.00 
[20:19:12.515] [ARM] [162] <0.00 -60.00 -1.50> result: 90.00 103.47 -72.32 0.00 85.79 0.00 
[20:19:12.515] [ARM] [163] <0.00 -60.00 -1.50> result: 90.00 103.47 -72.32 0.00 85.79 0.00 
[20:19:12.552] [ARM] [164] <0.00 -60.00 -1.50> result: 90.00 103.47 -72.32 0.00 85.79 0.00 
[20:19:12.552] [ARM] [165] <0.00 -60.00 -1.50> result: 90.00 103.47 -72.32 0.00 85.79 0.00 
[20:19:12.553] [ARM] [166] <0.00 -60.00 -1.50> result: 90.00 103.47 -72.32 0.00 85.79 0.00 
[20:19:12.553] [ARM] [167] <0.00 -60.00 -1.50> result: 90.00 103.47 -72.32 0.00 85.79 0.00 
[20:19:12.573] [ARM] [168] <0.00 -60.00 -1.50> result: 90.00 103.47 -72.32 0.00 85.79 0.00 
[20:19:12.573] [ARM] [169] <0.00 -60.00 -1.50> result: 90.00 103.47 -72.32 0.00 85.79 0.00 
[20:19:12.573] [ARM] [170] <0.00 -60.00 -1.50> result: 90.00 103.47 -72.32 0.00 85.79 0.00 
[20:19:12.595] [ARM] [171] <0.00 -60.00 -1.50> result: 90.00 103.47 -72.32 0.00 85.79 0.00 
[20:19:12.595] [ARM] [172] <0.00 -60.00 -1.50> result: 90.00 103.47 -72.32 0.00 85.79 0.00 
[20:19:12.595] [ARM] [173] <0.00 -60.00 -1.50> result: 90.00 103.47 -72.32 0.00 85.79 0.00 
[20:19:12.595] [ARM] [174] <0.00 -60.00 -1.50> result: 90.00 103.47 -72.32 0.00 85.79 0.00 
[20:19:12.650] [ARM] [175] <0.00 -60.00 -1.50> result: 90.00 103.47 -72.32 0.00 85.79 0.00 
[20:19:12.650] [ARM] [176] <0.00 -60.00 -1.50> result: 90.00 103.47 -72.32 0.00 85.79 0.00 
[20:19:14.521] [ARM] [jpint 1] ave_error:0.00
[20:19:14.521] [ARM] [jpint 2] ave_error:3.99
[20:19:14.521] [ARM] [jpint 3] ave_error:5.55
[20:19:14.521] [ARM] [jpint 4] ave_error:0.00
[20:19:14.521] [ARM] [jpint 5] ave_error:6.11
[20:19:14.521] [ARM] 
[20:19:14.521] [ARM] robot pid run finished!!
[20:19:14.536] [JETSON-RX] CC 01 01 DD
[20:19:14.536] [JETSON-STATUS] READY func=0x01 value=0x01
[20:19:14.536] [JETSON-TX] vision sender enabled: period=0.200s.
[20:19:14.536] [STEP] sending vision sequence (220,-120)/1.8s -> (170,-95)/1.8s -> (120,-70)/1.8s -> (80,-45)/1.8s -> (45,-25)/1.4s -> (20,-10)/1.0s -> (0,0)/0.0s, waiting ALIGN_DONE...
[20:19:14.558] [JETSON-TX] vision step 1/7: dcx=220 dcy=-120 hold=1.8s frame=FF 05 03 DC 00 88 FF 6B FE
[20:19:14.583] [ARM] [JETSON_RX] vision dcx=220 dcy=-120
[20:19:14.583] [ARM] [TARGET] vision state=WAIT_DETECT enabled=1 dcx=220 dcy=-120 stable=0
[20:19:14.627] [ARM] ROBOT_AUTO_EVENT
[20:19:14.627] [ARM] [0] <0.00 -60.00 -1.50> result: 90.00 103.47 -72.32 0.00 85.79 0.00 
[20:19:14.627] [ARM] [1] <0.00 -60.00 -1.50> result: 90.00 103.47 -72.32 -0.00 85.79 0.00 
[20:19:14.627] [ARM] [2] <0.01 -60.00 -1.51> result: 90.00 103.47 -72.32 -0.00 85.79 0.00 
[20:19:14.644] [ARM] [3] <0.02 -60.00 -1.52> result: 90.01 103.48 -72.32 -0.01 85.80 0.00 
[20:19:14.644] [ARM] [4] <0.05 -60.00 -1.55> result: 90.02 103.49 -72.32 -0.02 85.81 0.00 
[20:19:14.645] [ARM] [5] <0.08 -60.00 -1.58> result: 90.04 103.51 -72.32 -0.04 85.83 0.00 
[20:19:14.645] [ARM] [6] <0.14 -60.00 -1.64> result: 90.07 103.54 -72.33 -0.07 85.86 0.00 
[20:19:14.667] [ARM] [7] <0.21 -60.00 -1.71> result: 90.11 103.57 -72.33 -0.11 85.90 0.00 
[20:19:14.667] [ARM] [8] <0.29 -60.00 -1.79> result: 90.16 103.62 -72.33 -0.16 85.95 0.00 
[20:19:14.667] [ARM] [9] <0.40 -60.00 -1.90> result: 90.21 103.67 -72.34 -0.22 86.01 0.00 
[20:19:14.690] [ARM] [10] <0.53 -60.00 -2.03> result: 90.28 103.74 -72.34 -0.28 86.08 0.00 
[20:19:14.690] [ARM] [11] <0.68 -60.00 -2.18> result: 90.36 103.82 -72.35 -0.36 86.16 0.00 
[20:19:14.690] [ARM] [12] <0.86 -60.00 -2.36> result: 90.46 103.90 -72.35 -0.46 86.26 0.00 
[20:19:14.690] [ARM] [13] <1.05 -60.00 -2.55> result: 90.56 104.00 -72.36 -0.56 86.36 0.00 
[20:19:14.713] [ARM] [14] <1.26 -60.00 -2.76> result: 90.67 104.11 -72.37 -0.67 86.48 0.00 
[20:19:14.713] [ARM] [15] <1.49 -60.00 -2.99> result: 90.79 104.23 -72.37 -0.79 86.60 0.00 
[20:19:14.713] [ARM] [16] <1.74 -60.00 -3.24> result: 90.92 104.36 -72.38 -0.93 86.74 0.00 
[20:19:14.735] [ARM] [17] <2.00 -60.00 -3.50> result: 91.06 104.49 -72.39 -1.06 86.88 0.00 
[20:19:14.735] [ARM] [18] <2.27 -60.00 -3.77> result: 91.21 104.63 -72.40 -1.21 87.03 0.00 
[20:19:14.737] [ARM] [19] <2.50 -60.00 -4.00> result: 91.33 104.75 -72.40 -1.33 87.15 0.00 
[20:19:14.737] [ARM] [20] <2.50 -60.00 -4.00> result: 91.33 104.75 -72.40 -1.33 87.15 0.00 
[20:19:14.759] [ARM] [21] <2.50 -60.00 -4.00> result: 91.33 104.75 -72.40 -1.33 87.15 0.00 
[20:19:14.760] [ARM] [22] <2.50 -60.00 -4.00> result: 91.33 104.75 -72.40 -1.33 87.15 0.00 
[20:19:14.760] [ARM] [23] <2.50 -60.00 -4.00> result: 91.33 104.75 -72.40 -1.33 87.15 0.00 
[20:19:14.760] [ARM] [24] <2.50 -60.00 -4.00> result: 91.33 104.75 -72.40 -1.33 87.15 0.00 
[20:19:14.795] [ARM] [25] <2.50 -60.00 -4.00> result: 91.33 104.75 -72.40 -1.33 87.15 0.00 
[20:19:14.795] [ARM] [26] <2.50 -60.00 -4.00> result: 91.33 104.75 -72.40 -1.33 87.15 0.00 
[20:19:14.795] [ARM] [27] <2.50 -60.00 -4.00> result: 91.33 104.75 -72.40 -1.33 87.15 0.00 
[20:19:14.817] [ARM] [28] <2.50 -60.00 -4.00> result: 91.33 104.75 -72.40 -1.33 87.15 0.00 
[20:19:14.817] [ARM] [29] <2.50 -60.00 -4.00> result: 91.33 104.75 -72.40 -1.33 87.15 0.00 
[20:19:14.817] [ARM] [30] <2.50 -60.00 -4.00> result: 91.33 104.75 -72.40 -1.33 87.15 0.00 
[20:19:14.818] [ARM] [31] <2.50 -60.00 -4.00> result: 91.33 104.75 -72.40 -1.33 87.15 0.00 
[20:19:14.842] [ARM] [32] <2.50 -60.00 -4.00> result: 91.33 104.75 -72.40 -1.33 87.15 0.00 
[20:19:14.842] [ARM] [33] <2.50 -60.00 -4.00> result: 91.33 104.75 -72.40 -1.33 87.15 0.00 
[20:19:14.842] [ARM] [34] <2.50 -60.00 -4.00> result: 91.33 104.75 -72.40 -1.33 87.15 0.00 
[20:19:14.865] [ARM] [35] <2.50 -60.00 -4.00> result: 91.33 104.75 -72.40 -1.33 87.15 0.00 
[20:19:14.865] [ARM] [36] <2.50 -60.00 -4.00> result: 91.33 104.75 -72.40 -1.33 87.15 0.00 
[20:19:14.865] [ARM] [37] <2.50 -60.00 -4.00> result: 91.33 104.75 -72.40 -1.33 87.15 0.00 
[20:19:14.865] [ARM] [38] <2.50 -60.00 -4.00> result: 91.33 104.75 -72.40 -1.33 87.15 0.00 
[20:19:14.887] [ARM] [39] <2.50 -60.00 -4.00> result: 91.33 104.75 -72.40 -1.33 87.15 0.00 
[20:19:14.887] [ARM] [40] <2.50 -60.00 -4.00> result: 91.33 104.75 -72.40 -1.33 87.15 0.00 
[20:19:14.887] [ARM] [41] <2.50 -60.00 -4.00> result: 91.33 104.75 -72.40 -1.33 87.15 0.00 
[20:19:14.887] [ARM] [42] <2.50 -60.00 -4.00> result: 91.33 104.75 -72.40 -1.33 87.15 0.00 
[20:19:14.940] [ARM] [43] <2.50 -60.00 -4.00> result: 91.33 104.75 -72.40 -1.33 87.15 0.00 
[20:19:14.940] [ARM] [TARGET] vision state=ALIGN enabled=1 dcx=220 dcy=-120 stable=0
[20:19:14.940] [ARM] [TARGET] align step dx=2.50 dz=-2.50 target=<2.50 -60.00 -4.00>
[20:19:15.002] [ARM] [JETSON_RX] vision dcx=220 dcy=-120
[20:19:15.002] [ARM] [TARGET] vision state=ALIGN enabled=1 dcx=220 dcy=-120 stable=0
[20:19:15.190] [ARM] [JETSON_RX] vision dcx=220 dcy=-120
[20:19:15.190] [ARM] [TARGET] vision state=ALIGN enabled=1 dcx=220 dcy=-120 stable=0
[20:19:15.190] [ARM] [TARGET] align step dx=2.50 dz=-2.50 target=<2.50 -60.00 -4.00>
[20:19:15.430] [ARM] [JETSON_RX] vision dcx=220 dcy=-120
[20:19:15.431] [ARM] [TARGET] vision state=ALIGN enabled=1 dcx=220 dcy=-120 stable=0
[20:19:15.431] [ARM] [TARGET] align step dx=2.50 dz=-2.50 target=<2.50 -60.00 -4.00>
[20:19:15.431] [ARM] [jpint 1] ave_error:0.22
[20:19:15.431] [ARM] [jpint 2] ave_error:8.01
[20:19:15.431] [ARM] [jpint 3] ave_error:13.77
[20:19:15.484] [ARM] [jpint 4] ave_error:0.22
[20:19:15.484] [ARM] [jpint 5] ave_error:2.05
[20:19:15.484] [ARM] 
[20:19:15.484] [ARM] robot pid run finished!!
[20:19:15.547] [ARM] ROBOT_AUTO_EVENT
[20:19:15.547] [ARM] [0] <2.50 -60.00 -4.00> result: 91.33 104.75 -72.40 -1.33 87.15 0.00 
[20:19:15.611] [ARM] [JETSON_RX] vision dcx=220 dcy=-120
[20:19:15.611] [ARM] [TARGET] vision state=ALIGN enabled=1 dcx=220 dcy=-120 stable=0
[20:19:15.674] [ARM] [jpint 1] ave_error:91.28
[20:19:15.674] [ARM] [jpint 2] ave_error:110.77
[20:19:15.674] [ARM] [jpint 3] ave_error:61.86
[20:19:15.674] [ARM] [jpint 4] ave_error:1.34
[20:19:15.674] [ARM] [jpint 5] ave_error:88.10
[20:19:15.674] [ARM] 
[20:19:15.674] [ARM] robot pid run finished!!
[20:19:15.674] [ARM] [TARGET] align step dx=2.50 dz=-2.50 target=<5.00 -60.00 -6.50>
[20:19:15.800] [ARM] ROBOT_AUTO_EVENT
[20:19:15.800] [ARM] [0] <2.50 -60.00 -4.00> result: 91.33 104.75 -72.40 -1.33 87.15 0.00 
[20:19:15.800] [ARM] [JETSON_RX] vision dcx=220 dcy=-120
[20:19:15.800] [ARM] [TARGET] vision state=ALIGN enabled=1 dcx=220 dcy=-120 stable=0
[20:19:15.923] [ARM] [jpint 1] ave_error:91.16
[20:19:15.923] [ARM] [jpint 2] ave_error:110.69
[20:19:15.923] [ARM] [jpint 3] ave_error:61.75
[20:19:15.923] [ARM] [jpint 4] ave_error:1.21
[20:19:15.923] [ARM] [jpint 5] ave_error:87.86
[20:19:15.923] [ARM] 
[20:19:15.923] [ARM] robot pid run finished!!
[20:19:15.984] [ARM] [TARGET] align step dx=2.50 dz=-2.50 target=<5.00 -60.00 -6.50>
[20:19:15.984] [ARM] [JETSON_RX] vision dcx=220 dcy=-120
[20:19:15.984] [ARM] [TARGET] vision state=ALIGN enabled=1 dcx=220 dcy=-120 stable=0
[20:19:16.046] [ARM] ROBOT_AUTO_EVENT
[20:19:16.046] [ARM] [0] <2.50 -60.00 -4.00> result: 91.33 104.75 -72.40 -1.33 87.15 0.00 
[20:19:16.109] [ARM] [jpint 1] ave_error:91.02
[20:19:16.109] [ARM] [jpint 2] ave_error:110.62
[20:19:16.109] [ARM] [jpint 3] ave_error:61.62
[20:19:16.109] [ARM] [jpint 4] ave_error:1.07
[20:19:16.172] [ARM] [jpint 5] ave_error:87.60
[20:19:16.172] [ARM] 
[20:19:16.172] [ARM] robot pid run finished!!
[20:19:16.216] [ARM] [JETSON_RX] vision dcx=220 dcy=-120
[20:19:16.216] [ARM] [TARGET] vision state=ALIGN enabled=1 dcx=220 dcy=-120 stable=0
[20:19:16.217] [ARM] [TARGET] align step dx=2.50 dz=-2.50 target=<5.00 -60.00 -6.50>
[20:19:16.217] [ARM] ROBOT_AUTO_EVENT
[20:19:16.217] [ARM] [0] <2.50 -60.00 -4.00> result: 91.33 104.75 -72.40 -1.33 87.15 0.00 
[20:19:16.239] [ARM] [1] <2.50 -60.00 -4.00> result: 91.33 104.75 -72.40 -1.33 87.16 0.00 
[20:19:16.239] [ARM] [2] <2.51 -60.00 -4.01> result: 91.33 104.76 -72.40 -1.34 87.16 0.00 
[20:19:16.239] [ARM] [3] <2.52 -60.00 -4.02> result: 91.34 104.76 -72.40 -1.34 87.17 0.00 
[20:19:16.275] [ARM] [4] <2.55 -60.00 -4.05> result: 91.35 104.78 -72.40 -1.36 87.18 0.00 
[20:19:16.275] [ARM] [5] <2.58 -60.00 -4.08> result: 91.37 104.79 -72.40 -1.38 87.20 0.00 
[20:19:16.275] [ARM] [6] <2.64 -60.00 -4.14> result: 91.40 104.82 -72.41 -1.40 87.23 0.00 
[20:19:16.276] [ARM] [7] <2.71 -60.00 -4.21> result: 91.44 104.86 -72.41 -1.44 87.27 0.00 
[20:19:16.297] [ARM] [8] <2.79 -60.00 -4.29> result: 91.49 104.90 -72.41 -1.49 87.31 0.00 
[20:19:16.297] [ARM] [9] <2.90 -60.00 -4.40> result: 91.55 104.96 -72.41 -1.55 87.37 0.00 
[20:19:16.297] [ARM] [10] <3.03 -60.00 -4.53> result: 91.61 105.03 -72.41 -1.62 87.44 0.00 
[20:19:16.320] [ARM] [11] <3.18 -60.00 -4.68> result: 91.69 105.11 -72.42 -1.70 87.53 0.00 
[20:19:16.321] [ARM] [12] <3.36 -60.00 -4.86> result: 91.79 105.20 -72.42 -1.79 87.62 0.00 
[20:19:16.321] [ARM] [13] <3.55 -60.00 -5.05> result: 91.89 105.30 -72.43 -1.89 87.72 0.00 
[20:19:16.321] [ARM] [14] <3.76 -60.00 -5.26> result: 92.00 105.41 -72.43 -2.00 87.84 0.00 
[20:19:16.343] [ARM] [15] <3.99 -60.00 -5.49> result: 92.12 105.53 -72.43 -2.12 87.96 0.00 
[20:19:16.343] [ARM] [16] <4.24 -60.00 -5.74> result: 92.25 105.66 -72.44 -2.26 88.10 0.00 
[20:19:16.343] [ARM] [17] <4.50 -60.00 -6.00> result: 92.39 105.79 -72.44 -2.39 88.24 0.00 
[20:19:16.343] [ARM] [18] <4.77 -60.00 -6.27> result: 92.54 105.94 -72.45 -2.54 88.38 0.00 
[20:19:16.363] [JETSON-TX] vision step 2/7: dcx=170 dcy=-95 hold=1.8s frame=FF 05 03 AA 00 A1 FF 52 FE
[20:19:16.368] [ARM] [19] <5.00 -60.00 -6.50> result: 92.66 106.06 -72.45 -2.66 88.51 0.00 
[20:19:16.368] [ARM] [20] <5.00 -60.00 -6.50> result: 92.66 106.06 -72.45 -2.66 88.51 0.00 
[20:19:16.368] [ARM] [21] <5.00 -60.00 -6.50> result: 92.66 106.06 -72.45 -2.66 88.51 0.00 
[20:19:16.391] [ARM] [22] <5.00 -60.00 -6.50> result: 92.66 106.06 -72.45 -2.66 88.51 0.00 
[20:19:16.391] [ARM] [23] <5.00 -60.00 -6.50> result: 92.66 106.06 -72.45 -2.66 88.51 0.00 
[20:19:16.391] [ARM] [24] <5.00 -60.00 -6.50> result: 92.66 106.06 -72.45 -2.66 88.51 0.00 
[20:19:16.391] [ARM] [25] <5.00 -60.00 -6.50> result: 92.66 106.06 -72.45 -2.66 88.51 0.00 
[20:19:16.418] [ARM] [26] <5.00 -60.00 -6.50> result: 92.66 106.06 -72.45 -2.66 88.51 0.00 
[20:19:16.418] [ARM] [27] <5.00 -60.00 -6.50> result: 92.66 106.06 -72.45 -2.66 88.51 0.00 
[20:19:16.418] [ARM] [28] <5.00 -60.00 -6.50> result: 92.66 106.06 -72.45 -2.66 88.51 0.00 
[20:19:16.418] [ARM] [29] <5.00 -60.00 -6.50> result: 92.66 106.06 -72.45 -2.66 88.51 0.00 
[20:19:16.436] [ARM] [30] <5.00 -60.00 -6.50> result: 92.66 106.06 -72.45 -2.66 88.51 0.00 
[20:19:16.436] [ARM] [31] <5.00 -60.00 -6.50> result: 92.66 106.06 -72.45 -2.66 88.51 0.00 
[20:19:16.436] [ARM] [32] <5.00 -60.00 -6.50> result: 92.66 106.06 -72.45 -2.66 88.51 0.00 
[20:19:16.471] [ARM] [33] <5.00 -60.00 -6.50> result: 92.66 106.06 -72.45 -2.66 88.51 0.00 
[20:19:16.471] [ARM] [34] <5.00 -60.00 -6.50> result: 92.66 106.06 -72.45 -2.66 88.51 0.00 
[20:19:16.471] [ARM] [35] <5.00 -60.00 -6.50> result: 92.66 106.06 -72.45 -2.66 88.51 0.00 
[20:19:16.472] [ARM] [36] <5.00 -60.00 -6.50> result: 92.66 106.06 -72.45 -2.66 88.51 0.00 
[20:19:16.494] [ARM] [37] <5.00 -60.00 -6.50> result: 92.66 106.06 -72.45 -2.66 88.51 0.00 
[20:19:16.494] [ARM] [38] <5.00 -60.00 -6.50> result: 92.66 106.06 -72.45 -2.66 88.51 0.00 
[20:19:16.494] [ARM] [39] <5.00 -60.00 -6.50> result: 92.66 106.06 -72.45 -2.66 88.51 0.00 
[20:19:16.536] [ARM] [40] <5.00 -60.00 -6.50> result: 92.66 106.06 -72.45 -2.66 88.51 0.00 
[20:19:16.538] [ARM] [41] <5.00 -60.00 -6.50> result: 92.66 106.06 -72.45 -2.66 88.51 0.00 
[20:19:16.538] [ARM] [42] <5.00 -60.00 -6.50> result: 92.66 106.06 -72.45 -2.66 88.51 0.00 
[20:19:16.538] [ARM] [43] <5.00 -60.00 -6.50> result: 92.66 106.06 -72.45 -2.66 88.51 0.00 
[20:19:16.591] [ARM] [TARGET] vision state=ALIGN enabled=1 dcx=170 dcy=-95 stable=0
[20:19:16.591] [ARM] [TARGET] align step dx=2.50 dz=-2.50 target=<5.00 -60.00 -6.50>
[20:19:16.591] [ARM] [JETSON_RX] vision dcx=170 dcy=-95
[20:19:16.591] [ARM] [TARGET] vision state=ALIGN enabled=1 dcx=170 dcy=-95 stable=0
[20:19:16.841] [ARM] [JETSON_RX] vision dcx=170 dcy=-95
[20:19:16.841] [ARM] [TARGET] vision state=ALIGN enabled=1 dcx=170 dcy=-95 stable=0
[20:19:16.841] [ARM] [TARGET] align step dx=2.50 dz=-2.50 target=<5.00 -60.00 -6.50>
[20:19:17.028] [ARM] [JETSON_RX] vision dcx=170 dcy=-95
[20:19:17.028] [ARM] [TARGET] vision state=ALIGN enabled=1 dcx=170 dcy=-95 stable=0
[20:19:17.091] [ARM] [jpint 1] ave_error:0.53
[20:19:17.091] [ARM] [jpint 2] ave_error:4.05
[20:19:17.091] [ARM] [jpint 3] ave_error:9.43
[20:19:17.091] [ARM] [jpint 4] ave_error:0.47
[20:19:17.091] [ARM] [jpint 5] ave_error:0.39
[20:19:17.091] [ARM] 
[20:19:17.091] [ARM] robot pid run finished!!
[20:19:17.091] [ARM] [TARGET] align step dx=2.50 dz=-2.50 target=<5.00 -60.00 -6.50>
[20:19:17.215] [ARM] ROBOT_AUTO_EVENT
[20:19:17.215] [ARM] [0] <5.00 -60.00 -6.50> result: 92.66 106.06 -72.45 -2.66 88.51 0.00 
[20:19:17.215] [ARM] [JETSON_RX] vision dcx=170 dcy=-95
[20:19:17.277] [ARM] [TARGET] vision state=ALIGN enabled=1 dcx=170 dcy=-95 stable=0
[20:19:17.277] [ARM] [jpint 1] ave_error:92.54
[20:19:17.277] [ARM] [jpint 2] ave_error:108.11
[20:19:17.277] [ARM] [jpint 3] ave_error:66.23
[20:19:17.277] [ARM] [jpint 4] ave_error:2.90
[20:19:17.277] [ARM] [jpint 5] ave_error:88.68
[20:19:17.277] [ARM] 
[20:19:17.277] [ARM] robot pid run finished!!
[20:19:17.339] [ARM] [TARGET] align step dx=2.50 dz=-2.50 target=<7.50 -60.00 -9.00>
[20:19:17.402] [ARM] [JETSON_RX] vision dcx=170 dcy=-95
[20:19:17.402] [ARM] [TARGET] vision state=ALIGN enabled=1 dcx=170 dcy=-95 stable=0
[20:19:17.402] [ARM] ROBOT_AUTO_EVENT
[20:19:17.402] [ARM] [0] <5.00 -60.00 -6.50> result: 92.66 106.06 -72.45 -2.66 88.51 0.00 
[20:19:17.527] [ARM] [jpint 1] ave_error:92.42
[20:19:17.527] [ARM] [jpint 2] ave_error:108.04
[20:19:17.527] [ARM] [jpint 3] ave_error:66.11
[20:19:17.527] [ARM] [jpint 4] ave_error:2.77
[20:19:17.527] [ARM] [jpint 5] ave_error:88.41
[20:19:17.527] [ARM] 
[20:19:17.527] [ARM] robot pid run finished!!
[20:19:17.591] [ARM] [TARGET] align step dx=2.50 dz=-2.50 target=<7.50 -60.00 -9.00>
[20:19:17.591] [ARM] [JETSON_RX] vision dcx=170 dcy=-95
[20:19:17.591] [ARM] [TARGET] vision state=ALIGN enabled=1 dcx=170 dcy=-95 stable=0
[20:19:17.653] [ARM] ROBOT_AUTO_EVENT
[20:19:17.653] [ARM] [0] <5.00 -60.00 -6.50> result: 92.66 106.06 -72.45 -2.66 88.51 0.00 
[20:19:17.778] [ARM] [jpint 1] ave_error:92.28
[20:19:17.778] [ARM] [jpint 2] ave_error:107.96
[20:19:17.778] [ARM] [jpint 3] ave_error:65.98
[20:19:17.778] [ARM] [jpint 4] ave_error:2.63
[20:19:17.778] [ARM] [jpint 5] ave_error:88.13
[20:19:17.778] [ARM] 
[20:19:17.778] [ARM] robot pid run finished!!
[20:19:17.842] [ARM] [JETSON_RX] vision dcx=170 dcy=-95
[20:19:17.842] [ARM] [TARGET] vision state=ALIGN enabled=1 dcx=170 dcy=-95 stable=0
[20:19:17.842] [ARM] [TARGET] align step dx=2.50 dz=-2.50 target=<7.50 -60.00 -9.00>
[20:19:17.842] [ARM] ROBOT_AUTO_EVENT
[20:19:17.842] [ARM] [0] <5.00 -60.00 -6.50> result: 92.66 106.06 -72.45 -2.66 88.51 0.00 
[20:19:17.966] [ARM] [jpint 1] ave_error:92.15
[20:19:17.966] [ARM] [jpint 2] ave_error:107.89
[20:19:17.966] [ARM] [jpint 3] ave_error:65.84
[20:19:17.966] [ARM] [jpint 4] ave_error:2.49
[20:19:17.966] [ARM] [jpint 5] ave_error:87.85
[20:19:17.966] [ARM] 
[20:19:17.966] [ARM] robot pid run finished!!
[20:19:18.028] [ARM] [JETSON_RX] vision dcx=170 dcy=-95
[20:19:18.028] [ARM] [TARGET] vision state=ALIGN enabled=1 dcx=170 dcy=-95 stable=0
[20:19:18.090] [ARM] ROBOT_AUTO_EVENT
[20:19:18.090] [ARM] [0] <5.00 -60.00 -6.50> result: 92.66 106.06 -72.45 -2.66 88.51 0.00 
[20:19:18.090] [ARM] [TARGET] align step dx=2.50 dz=-2.50 target=<7.50 -60.00 -9.00>
[20:19:18.167] [JETSON-TX] vision step 3/7: dcx=120 dcy=-70 hold=1.8s frame=FF 05 03 78 00 BA FF 39 FE
[20:19:18.184] [ARM] [jpint 1] ave_error:92.01
[20:19:18.184] [ARM] [jpint 2] ave_error:107.81
[20:19:18.184] [ARM] [jpint 3] ave_error:65.71
[20:19:18.184] [ARM] [jpint 4] ave_error:2.35
[20:19:18.184] [ARM] [jpint 5] ave_error:87.57
[20:19:18.184] [ARM] 
[20:19:18.184] [ARM] robot pid run finished!!
[20:19:18.184] [ARM] [JETSON_RX] vision dcx=120 dcy=-70
[20:19:18.184] [ARM] [TARGET] vision state=ALIGN enabled=1 dcx=120 dcy=-70 stable=0
[20:19:18.309] [ARM] ROBOT_AUTO_EVENT
[20:19:18.309] [ARM] [0] <5.00 -60.00 -6.50> result: 92.66 106.06 -72.45 -2.66 88.51 0.00 
[20:19:18.309] [ARM] [1] <5.00 -60.00 -6.50> result: 92.66 106.06 -72.45 -2.66 88.51 0.00 
[20:19:18.309] [ARM] [2] <5.01 -60.00 -6.51> result: 92.66 106.06 -72.45 -2.66 88.51 0.00 
[20:19:18.331] [ARM] [3] <5.02 -60.00 -6.52> result: 92.67 106.07 -72.45 -2.67 88.52 0.00 
[20:19:18.331] [ARM] [4] <5.05 -60.00 -6.55> result: 92.68 106.08 -72.45 -2.68 88.53 0.00 
[20:19:18.331] [ARM] [5] <5.08 -60.00 -6.58> result: 92.70 106.10 -72.45 -2.70 88.55 0.00 
[20:19:18.354] [ARM] [6] <5.14 -60.00 -6.64> result: 92.73 106.13 -72.45 -2.73 88.58 0.00 
[20:19:18.354] [ARM] [7] <5.21 -60.00 -6.71> result: 92.77 106.17 -72.45 -2.77 88.62 0.00 
[20:19:18.354] [ARM] [8] <5.29 -60.00 -6.79> result: 92.82 106.21 -72.45 -2.82 88.67 0.00 
[20:19:18.354] [ARM] [9] <5.40 -60.00 -6.90> result: 92.87 106.27 -72.45 -2.87 88.72 0.00 
[20:19:18.378] [ARM] [10] <5.53 -60.00 -7.03> result: 92.94 106.34 -72.45 -2.94 88.79 0.00 
[20:19:18.379] [ARM] [11] <5.68 -60.00 -7.18> result: 93.02 106.42 -72.45 -3.02 88.88 0.00 
[20:19:18.379] [ARM] [12] <5.86 -60.00 -7.36> result: 93.11 106.51 -72.46 -3.11 88.97 0.00 
[20:19:18.379] [ARM] [13] <6.05 -60.00 -7.55> result: 93.22 106.61 -72.46 -3.22 89.07 0.00 
[20:19:18.401] [ARM] [14] <6.26 -60.00 -7.76> result: 93.33 106.72 -72.46 -3.33 89.18 0.00 
[20:19:18.401] [ARM] [15] <6.49 -60.00 -7.99> result: 93.45 106.85 -72.46 -3.45 89.31 0.00 
[20:19:18.401] [ARM] [16] <6.74 -60.00 -8.24> result: 93.58 106.98 -72.46 -3.58 89.44 0.00 
[20:19:18.425] [ARM] [17] <7.00 -60.00 -8.50> result: 93.72 107.11 -72.46 -3.72 89.57 0.00 
[20:19:18.425] [ARM] [18] <7.27 -60.00 -8.77> result: 93.86 107.26 -72.46 -3.86 89.72 0.00 
[20:19:18.425] [ARM] [19] <7.50 -60.00 -9.00> result: 93.99 107.38 -72.46 -3.99 89.84 0.00 
[20:19:18.425] [ARM] [20] <7.50 -60.00 -9.00> result: 93.99 107.38 -72.46 -3.99 89.84 0.00 
[20:19:18.447] [ARM] [21] <7.50 -60.00 -9.00> result: 93.99 107.38 -72.46 -3.99 89.84 0.00 
[20:19:18.447] [ARM] [22] <7.50 -60.00 -9.00> result: 93.99 107.38 -72.46 -3.99 89.84 0.00 
[20:19:18.448] [ARM] [23] <7.50 -60.00 -9.00> result: 93.99 107.38 -72.46 -3.99 89.84 0.00 
[20:19:18.471] [ARM] [24] <7.50 -60.00 -9.00> result: 93.99 107.38 -72.46 -3.99 89.84 0.00 
[20:19:18.471] [ARM] [25] <7.50 -60.00 -9.00> result: 93.99 107.38 -72.46 -3.99 89.84 0.00 
[20:19:18.471] [ARM] [26] <7.50 -60.00 -9.00> result: 93.99 107.38 -72.46 -3.99 89.84 0.00 
[20:19:18.471] [ARM] [27] <7.50 -60.00 -9.00> result: 93.99 107.38 -72.46 -3.99 89.84 0.00 
[20:19:18.505] [ARM] [28] <7.50 -60.00 -9.00> result: 93.99 107.38 -72.46 -3.99 89.84 0.00 
[20:19:18.505] [ARM] [29] <7.50 -60.00 -9.00> result: 93.99 107.38 -72.46 -3.99 89.84 0.00 
[20:19:18.505] [ARM] [30] <7.50 -60.00 -9.00> result: 93.99 107.38 -72.46 -3.99 89.84 0.00 
[20:19:18.505] [ARM] [31] <7.50 -60.00 -9.00> result: 93.99 107.38 -72.46 -3.99 89.84 0.00 
[20:19:18.528] [ARM] [32] <7.50 -60.00 -9.00> result: 93.99 107.38 -72.46 -3.99 89.84 0.00 
[20:19:18.529] [ARM] [33] <7.50 -60.00 -9.00> result: 93.99 107.38 -72.46 -3.99 89.84 0.00 
[20:19:18.529] [ARM] [34] <7.50 -60.00 -9.00> result: 93.99 107.38 -72.46 -3.99 89.84 0.00 
[20:19:18.551] [ARM] [35] <7.50 -60.00 -9.00> result: 93.99 107.38 -72.46 -3.99 89.84 0.00 
[20:19:18.551] [ARM] [36] <7.50 -60.00 -9.00> result: 93.99 107.38 -72.46 -3.99 89.84 0.00 
[20:19:18.551] [ARM] [37] <7.50 -60.00 -9.00> result: 93.99 107.38 -72.46 -3.99 89.84 0.00 
[20:19:18.551] [ARM] [38] <7.50 -60.00 -9.00> result: 93.99 107.38 -72.46 -3.99 89.84 0.00 
[20:19:18.575] [ARM] [39] <7.50 -60.00 -9.00> result: 93.99 107.38 -72.46 -3.99 89.84 0.00 
[20:19:18.575] [ARM] [40] <7.50 -60.00 -9.00> result: 93.99 107.38 -72.46 -3.99 89.84 0.00 
[20:19:18.575] [ARM] [41] <7.50 -60.00 -9.00> result: 93.99 107.38 -72.46 -3.99 89.84 0.00 
[20:19:18.616] [ARM] [42] <7.50 -60.00 -9.00> result: 93.99 107.38 -72.46 -3.99 89.84 0.00 
[20:19:18.616] [ARM] [43] <7.50 -60.00 -9.00> result: 93.99 107.38 -72.46 -3.99 89.84 0.00 
[20:19:18.617] [ARM] [TARGET] vision state=ALIGN enabled=1 dcx=120 dcy=-70 stable=0
[20:19:18.617] [ARM] [JETSON_RX] vision dcx=120 dcy=-70
[20:19:18.617] [ARM] [TARGET] vision state=ALIGN enabled=1 dcx=120 dcy=-70 stable=0
[20:19:18.682] [ARM] [TARGET] align step dx=2.50 dz=-2.50 target=<7.50 -60.00 -9.00>
[20:19:18.808] [ARM] [JETSON_RX] vision dcx=120 dcy=-70
[20:19:18.808] [ARM] [TARGET] vision state=ALIGN enabled=1 dcx=120 dcy=-70 stable=0
[20:19:18.870] [ARM] [TARGET] align step dx=2.50 dz=-2.50 target=<7.50 -60.00 -9.00>
[20:19:18.995] [ARM] [JETSON_RX] vision dcx=120 dcy=-70
[20:19:18.995] [ARM] [TARGET] vision state=ALIGN enabled=1 dcx=120 dcy=-70 stable=0
[20:19:19.118] [ARM] [TARGET] align step dx=2.50 dz=-2.50 target=<7.50 -60.00 -9.00>
[20:19:19.181] [ARM] [jpint 1] ave_error:0.74
[20:19:19.181] [ARM] [jpint 2] ave_error:0.54
[20:19:19.181] [ARM] [jpint 3] ave_error:5.36
[20:19:19.181] [ARM] [jpint 4] ave_error:0.50
[20:19:19.181] [ARM] [jpint 5] ave_error:0.68
[20:19:19.181] [ARM] 
[20:19:19.181] [ARM] robot pid run finished!!
[20:19:19.243] [ARM] [JETSON_RX] vision dcx=120 dcy=-70
[20:19:19.243] [ARM] [TARGET] vision state=ALIGN enabled=1 dcx=120 dcy=-70 stable=0
[20:19:19.243] [ARM] ROBOT_AUTO_EVENT
[20:19:19.243] [ARM] [0] <7.50 -60.00 -9.00> result: 93.99 107.38 -72.46 -3.99 89.84 0.00 
[20:19:19.369] [ARM] [jpint 1] ave_error:93.86
[20:19:19.369] [ARM] [jpint 2] ave_error:107.16
[20:19:19.369] [ARM] [jpint 3] ave_error:70.33
[20:19:19.369] [ARM] [jpint 4] ave_error:4.21
[20:19:19.369] [ARM] [jpint 5] ave_error:89.84
[20:19:19.369] [ARM] 
[20:19:19.369] [ARM] robot pid run finished!!
[20:19:19.369] [ARM] [TARGET] align step dx=2.50 dz=-2.50 target=<10.00 -60.00 -11.50>
[20:19:19.431] [ARM] [JETSON_RX] vision dcx=120 dcy=-70
[20:19:19.431] [ARM] [TARGET] vision state=ALIGN enabled=1 dcx=120 dcy=-70 stable=0
[20:19:19.494] [ARM] ROBOT_AUTO_EVENT
[20:19:19.494] [ARM] [0] <7.50 -60.00 -9.00> result: 93.99 107.38 -72.46 -3.99 89.84 0.00 
[20:19:19.593] [ARM] [jpint 1] ave_error:93.73
[20:19:19.593] [ARM] [jpint 2] ave_error:107.09
[20:19:19.593] [ARM] [jpint 3] ave_error:70.21
[20:19:19.593] [ARM] [jpint 4] ave_error:4.08
[20:19:19.593] [ARM] [jpint 5] ave_error:89.57
[20:19:19.593] [ARM] 
[20:19:19.593] [ARM] robot pid run finished!!
[20:19:19.593] [ARM] [JETSON_RX] vision dcx=120 dcy=-70
[20:19:19.593] [ARM] [TARGET] vision state=ALIGN enabled=1 dcx=120 dcy=-70 stable=0
[20:19:19.650] [ARM] [TARGET] align step dx=2.50 dz=-2.50 target=<10.00 -60.00 -11.50>
[20:19:19.712] [ARM] ROBOT_AUTO_EVENT
[20:19:19.712] [ARM] [0] <7.50 -60.00 -9.00> result: 93.99 107.38 -72.46 -3.99 89.84 0.00 
[20:19:19.801] [ARM] [jpint 1] ave_error:93.59
[20:19:19.801] [ARM] [jpint 2] ave_error:107.01
[20:19:19.801] [ARM] [jpint 3] ave_error:70.09
[20:19:19.801] [ARM] [jpint 4] ave_error:3.94
[20:19:19.801] [ARM] [jpint 5] ave_error:89.30
[20:19:19.801] [ARM] 
[20:19:19.801] [ARM] robot pid run finished!!
[20:19:19.801] [ARM] [JETSON_RX] vision dcx=120 dcy=-70
[20:19:19.801] [ARM] [TARGET] vision state=ALIGN enabled=1 dcx=120 dcy=-70 stable=0
[20:19:19.915] [ARM] [TARGET] align step dx=2.50 dz=-2.50 target=<10.00 -60.00 -11.50>
[20:19:19.915] [ARM] ROBOT_AUTO_EVENT
[20:19:19.915] [ARM] [0] <7.50 -60.00 -9.00> result: 93.99 107.38 -72.46 -3.99 89.84 0.00 
[20:19:20.017] [ARM] [JETSON_RX] vision dcx=120 dcy=-70
[20:19:20.017] [ARM] [TARGET] vision state=ALIGN enabled=1 dcx=120 dcy=-70 stable=0
[20:19:20.017] [ARM] [jpint 1] ave_error:93.46
[20:19:20.017] [ARM] [jpint 2] ave_error:106.93
[20:19:20.017] [ARM] [jpint 3] ave_error:69.95
[20:19:20.017] [ARM] [jpint 4] ave_error:3.80
[20:19:20.017] [ARM] [jpint 5] ave_error:89.02
[20:19:20.017] [ARM] 
[20:19:20.017] [ARM] robot pid run finished!!
[20:19:20.134] [ARM] [TARGET] align step dx=2.50 dz=-2.50 target=<10.00 -60.00 -11.50>
[20:19:20.134] [ARM] ROBOT_AUTO_EVENT
[20:19:20.134] [ARM] [0] <7.50 -60.00 -9.00> result: 93.99 107.38 -72.46 -3.99 89.84 0.00 
[20:19:20.173] [JETSON-TX] vision step 4/7: dcx=80 dcy=-45 hold=1.8s frame=FF 05 03 50 00 D3 FF 2A FE
[20:19:20.196] [ARM] [JETSON_RX] vision dcx=80 dcy=-45
[20:19:20.196] [ARM] [TARGET] vision state=ALIGN enabled=1 dcx=80 dcy=-45 stable=0
[20:19:20.259] [ARM] [jpint 1] ave_error:93.32
[20:19:20.259] [ARM] [jpint 2] ave_error:106.86
[20:19:20.259] [ARM] [jpint 3] ave_error:69.82
[20:19:20.259] [ARM] [jpint 4] ave_error:3.65
[20:19:20.259] [ARM] [jpint 5] ave_error:88.74
[20:19:20.259] [ARM] 
[20:19:20.259] [ARM] robot pid run finished!!
[20:19:20.383] [ARM] ROBOT_AUTO_EVENT
[20:19:20.383] [ARM] [0] <7.50 -60.00 -9.00> result: 93.99 107.38 -72.46 -3.99 89.84 0.00 
[20:19:20.383] [ARM] [TARGET] align step dx=2.50 dz=-2.50 target=<10.00 -60.00 -11.50>
[20:19:20.446] [ARM] [JETSON_RX] vision dcx=80 dcy=-45
[20:19:20.446] [ARM] [TARGET] vision state=ALIGN enabled=1 dcx=80 dcy=-45 stable=0
[20:19:20.509] [ARM] [jpint 1] ave_error:93.19
[20:19:20.509] [ARM] [jpint 2] ave_error:106.78
[20:19:20.509] [ARM] [jpint 3] ave_error:69.67
[20:19:20.509] [ARM] [jpint 4] ave_error:3.51
[20:19:20.509] [ARM] [jpint 5] ave_error:88.46
[20:19:20.509] [ARM] 
[20:19:20.509] [ARM] robot pid run finished!!
[20:19:20.633] [ARM] ROBOT_AUTO_EVENT
[20:19:20.633] [ARM] [0] <7.50 -60.00 -9.00> result: 93.99 107.38 -72.46 -3.99 89.84 0.00 
[20:19:20.633] [ARM] [JETSON_RX] vision dcx=80 dcy=-45
[20:19:20.633] [ARM] [TARGET] vision state=ALIGN enabled=1 dcx=80 dcy=-45 stable=0
[20:19:20.633] [ARM] [TARGET] align step dx=2.50 dz=-2.50 target=<10.00 -60.00 -11.50>
[20:19:20.696] [ARM] [jpint 1] ave_error:93.05
[20:19:20.696] [ARM] [jpint 2] ave_error:106.70
[20:19:20.696] [ARM] [jpint 3] ave_error:69.53
[20:19:20.696] [ARM] [jpint 4] ave_error:3.36
[20:19:20.696] [ARM] [jpint 5] ave_error:88.18
[20:19:20.696] [ARM] 
[20:19:20.696] [ARM] robot pid run finished!!
[20:19:20.815] [ARM] [JETSON_RX] vision dcx=80 dcy=-45
[20:19:20.816] [ARM] [TARGET] vision state=ALIGN enabled=1 dcx=80 dcy=-45 stable=0
[20:19:20.816] [ARM] ROBOT_AUTO_EVENT
[20:19:20.816] [ARM] [0] <7.50 -60.00 -9.00> result: 93.99 107.38 -72.46 -3.99 89.84 0.00 
[20:19:20.816] [ARM] [1] <7.50 -60.00 -9.00> result: 93.99 107.38 -72.46 -3.99 89.84 0.00 
[20:19:20.838] [ARM] [2] <7.51 -60.00 -9.01> result: 93.99 107.39 -72.46 -3.99 89.85 0.00 
[20:19:20.838] [ARM] [3] <7.52 -60.00 -9.02> result: 94.00 107.39 -72.46 -4.00 89.85 0.00 
[20:19:20.838] [ARM] [4] <7.55 -60.00 -9.05> result: 94.01 107.41 -72.46 -4.01 89.87 0.00 
[20:19:20.862] [ARM] [5] <7.58 -60.00 -9.08> result: 94.03 107.43 -72.46 -4.03 89.88 0.00 
[20:19:20.862] [ARM] [6] <7.64 -60.00 -9.14> result: 94.06 107.45 -72.46 -4.06 89.91 0.00 
[20:19:20.862] [ARM] [7] <7.71 -60.00 -9.21> result: 94.09 107.49 -72.46 -4.09 89.95 0.00 
[20:19:20.862] [ARM] [8] <7.79 -60.00 -9.29> result: 94.14 107.54 -72.46 -4.14 90.00 0.00 
[20:19:20.885] [ARM] [9] <7.90 -60.00 -9.40> result: 94.20 107.60 -72.46 -4.20 90.05 0.00 
[20:19:20.885] [ARM] [10] <8.03 -60.00 -9.53> result: 94.27 107.67 -72.46 -4.27 90.12 0.00 
[20:19:20.885] [ARM] [11] <8.18 -60.00 -9.68> result: 94.35 107.75 -72.46 -4.35 90.20 0.00 
[20:19:20.908] [ARM] [12] <8.36 -60.00 -9.86> result: 94.44 107.84 -72.45 -4.44 90.29 0.00 
[20:19:20.908] [ARM] [13] <8.55 -60.00 -10.05> result: 94.54 107.94 -72.45 -4.54 90.39 0.00 
[20:19:20.908] [ARM] [14] <8.76 -60.00 -10.26> result: 94.65 108.05 -72.45 -4.65 90.50 0.00 
[20:19:20.908] [ARM] [15] <8.99 -60.00 -10.49> result: 94.77 108.18 -72.45 -4.77 90.62 0.00 
[20:19:20.931] [ARM] [16] <9.24 -60.00 -10.74> result: 94.90 108.31 -72.45 -4.91 90.75 0.00 
[20:19:20.931] [ARM] [17] <9.50 -60.00 -11.00> result: 95.04 108.45 -72.44 -5.04 90.89 0.00 
[20:19:20.931] [ARM] [18] <9.77 -60.00 -11.27> result: 95.19 108.59 -72.44 -5.19 91.03 0.00 
[20:19:20.931] [ARM] [19] <10.00 -60.00 -11.50> result: 95.31 108.72 -72.43 -5.31 91.15 0.00 
[20:19:20.966] [ARM] [20] <10.00 -60.00 -11.50> result: 95.31 108.72 -72.43 -5.31 91.15 0.00 
[20:19:20.966] [ARM] [21] <10.00 -60.00 -11.50> result: 95.31 108.72 -72.43 -5.31 91.15 0.00 
[20:19:20.967] [ARM] [22] <10.00 -60.00 -11.50> result: 95.31 108.72 -72.43 -5.31 91.15 0.00 
[20:19:20.990] [ARM] [23] <10.00 -60.00 -11.50> result: 95.31 108.72 -72.43 -5.31 91.15 0.00 
[20:19:20.990] [ARM] [24] <10.00 -60.00 -11.50> result: 95.31 108.72 -72.43 -5.31 91.15 0.00 
[20:19:20.990] [ARM] [25] <10.00 -60.00 -11.50> result: 95.31 108.72 -72.43 -5.31 91.15 0.00 
[20:19:20.990] [ARM] [26] <10.00 -60.00 -11.50> result: 95.31 108.72 -72.43 -5.31 91.15 0.00 
[20:19:21.012] [ARM] [27] <10.00 -60.00 -11.50> result: 95.31 108.72 -72.43 -5.31 91.15 0.00 
[20:19:21.013] [ARM] [28] <10.00 -60.00 -11.50> result: 95.31 108.72 -72.43 -5.31 91.15 0.00 
[20:19:21.013] [ARM] [29] <10.00 -60.00 -11.50> result: 95.31 108.72 -72.43 -5.31 91.15 0.00 
[20:19:21.035] [ARM] [30] <10.00 -60.00 -11.50> result: 95.31 108.72 -72.43 -5.31 91.15 0.00 
[20:19:21.036] [ARM] [31] <10.00 -60.00 -11.50> result: 95.31 108.72 -72.43 -5.31 91.15 0.00 
[20:19:21.036] [ARM] [32] <10.00 -60.00 -11.50> result: 95.31 108.72 -72.43 -5.31 91.15 0.00 
[20:19:21.036] [ARM] [33] <10.00 -60.00 -11.50> result: 95.31 108.72 -72.43 -5.31 91.15 0.00 
[20:19:21.059] [ARM] [34] <10.00 -60.00 -11.50> result: 95.31 108.72 -72.43 -5.31 91.15 0.00 
[20:19:21.059] [ARM] [35] <10.00 -60.00 -11.50> result: 95.31 108.72 -72.43 -5.31 91.15 0.00 
[20:19:21.059] [ARM] [36] <10.00 -60.00 -11.50> result: 95.31 108.72 -72.43 -5.31 91.15 0.00 
[20:19:21.082] [ARM] [37] <10.00 -60.00 -11.50> result: 95.31 108.72 -72.43 -5.31 91.15 0.00 
[20:19:21.082] [ARM] [38] <10.00 -60.00 -11.50> result: 95.31 108.72 -72.43 -5.31 91.15 0.00 
[20:19:21.082] [ARM] [39] <10.00 -60.00 -11.50> result: 95.31 108.72 -72.43 -5.31 91.15 0.00 
[20:19:21.082] [ARM] [40] <10.00 -60.00 -11.50> result: 95.31 108.72 -72.43 -5.31 91.15 0.00 
[20:19:21.111] [ARM] [41] <10.00 -60.00 -11.50> result: 95.31 108.72 -72.43 -5.31 91.15 0.00 
[20:19:21.111] [ARM] [42] <10.00 -60.00 -11.50> result: 95.31 108.72 -72.43 -5.31 91.15 0.00 
[20:19:21.111] [ARM] [43] <10.00 -60.00 -11.50> result: 95.31 108.72 -72.43 -5.31 91.15 0.00 
[20:19:21.162] [ARM] [TARGET] vision state=ALIGN enabled=1 dcx=80 dcy=-45 stable=0
[20:19:21.162] [ARM] [TARGET] align step dx=2.50 dz=-2.50 target=<10.00 -60.00 -11.50>
[20:19:21.225] [ARM] [JETSON_RX] vision dcx=80 dcy=-45
[20:19:21.225] [ARM] [TARGET] vision state=ALIGN enabled=1 dcx=80 dcy=-45 stable=0
[20:19:21.414] [ARM] [JETSON_RX] vision dcx=80 dcy=-45
[20:19:21.414] [ARM] [TARGET] vision state=ALIGN enabled=1 dcx=80 dcy=-45 stable=0
[20:19:21.414] [ARM] [TARGET] align step dx=2.50 dz=-2.50 target=<10.00 -60.00 -11.50>
[20:19:21.601] [ARM] [JETSON_RX] vision dcx=80 dcy=-45
[20:19:21.601] [ARM] [TARGET] vision state=ALIGN enabled=1 dcx=80 dcy=-45 stable=0
[20:19:21.664] [ARM] [jpint 1] ave_error:0.94
[20:19:21.664] [ARM] [jpint 2] ave_error:1.00
[20:19:21.664] [ARM] [jpint 3] ave_error:1.78
[20:19:21.664] [ARM] [jpint 4] ave_error:0.71
[20:19:21.664] [ARM] [jpint 5] ave_error:1.15
[20:19:21.664] [ARM] 
[20:19:21.664] [ARM] robot pid run finished!!
[20:19:21.664] [ARM] [TARGET] align step dx=2.50 dz=-2.50 target=<10.00 -60.00 -11.50>
[20:19:21.787] [ARM] ROBOT_AUTO_EVENT
[20:19:21.787] [ARM] [0] <10.00 -60.00 -11.50> result: 95.31 108.72 -72.43 -5.31 91.15 0.00 
[20:19:21.787] [ARM] [JETSON_RX] vision dcx=80 dcy=-45
[20:19:21.850] [ARM] [TARGET] vision state=ALIGN enabled=1 dcx=80 dcy=-45 stable=0
[20:19:21.913] [ARM] [jpint 1] ave_error:95.18
[20:19:21.913] [ARM] [jpint 2] ave_error:109.03
[20:19:21.913] [ARM] [jpint 3] ave_error:73.55
[20:19:21.913] [ARM] [jpint 4] ave_error:5.75
[20:19:21.913] [ARM] [jpint 5] ave_error:91.49
[20:19:21.913] [ARM] 
[20:19:21.913] [ARM] robot pid run finished!!
[20:19:21.913] [ARM] [TARGET] align step dx=2.50 dz=-2.50 target=<12.50 -60.00 -14.00>
[20:19:21.977] [JETSON-TX] vision step 5/7: dcx=45 dcy=-25 hold=1.4s frame=FF 05 03 2D 00 E7 FF 1B FE
[20:19:22.037] [ARM] ROBOT_AUTO_EVENT
[20:19:22.037] [ARM] [0] <10.00 -60.00 -11.50> result: 95.31 108.72 -72.43 -5.31 91.15 0.00 
[20:19:22.037] [ARM] [JETSON_RX] vision dcx=45 dcy=-25
[20:19:22.037] [ARM] [TARGET] vision state=ALIGN enabled=1 dcx=45 dcy=-25 stable=0
[20:19:22.099] [ARM] [jpint 1] ave_error:95.05
[20:19:22.099] [ARM] [jpint 2] ave_error:108.97
[20:19:22.099] [ARM] [jpint 3] ave_error:73.43
[20:19:22.100] [ARM] [jpint 4] ave_error:5.61
[20:19:22.100] [ARM] [jpint 5] ave_error:91.22
[20:19:22.100] [ARM] 
[20:19:22.101] [ARM] robot pid run finished!!
[20:19:22.161] [ARM] [TARGET] align step dx=2.50 dz=-2.50 target=<12.50 -60.00 -14.00>
[20:19:22.224] [ARM] [JETSON_RX] vision dcx=45 dcy=-25
[20:19:22.224] [ARM] [TARGET] vision state=ALIGN enabled=1 dcx=45 dcy=-25 stable=0
[20:19:22.224] [ARM] ROBOT_AUTO_EVENT
[20:19:22.224] [ARM] [0] <10.00 -60.00 -11.50> result: 95.31 108.72 -72.43 -5.31 91.15 0.00 
[20:19:22.347] [ARM] [jpint 1] ave_error:94.92
[20:19:22.347] [ARM] [jpint 2] ave_error:108.90
[20:19:22.347] [ARM] [jpint 3] ave_error:73.30
[20:19:22.347] [ARM] [jpint 4] ave_error:5.48
[20:19:22.347] [ARM] [jpint 5] ave_error:90.96
[20:19:22.347] [ARM] 
[20:19:22.347] [ARM] robot pid run finished!!
[20:19:22.409] [ARM] [JETSON_RX] vision dcx=45 dcy=-25
[20:19:22.409] [ARM] [TARGET] vision state=ALIGN enabled=1 dcx=45 dcy=-25 stable=0
[20:19:22.471] [ARM] [TARGET] align step dx=2.50 dz=-2.50 target=<12.50 -60.00 -14.00>
[20:19:22.471] [ARM] ROBOT_AUTO_EVENT
[20:19:22.471] [ARM] [0] <10.00 -60.00 -11.50> result: 95.31 108.72 -72.43 -5.31 91.15 0.00 
[20:19:22.595] [ARM] [jpint 1] ave_error:94.79
[20:19:22.595] [ARM] [jpint 2] ave_error:108.83
[20:19:22.595] [ARM] [jpint 3] ave_error:73.17
[20:19:22.595] [ARM] [jpint 4] ave_error:5.33
[20:19:22.595] [ARM] [jpint 5] ave_error:90.69
[20:19:22.595] [ARM] 
[20:19:22.595] [ARM] robot pid run finished!!
[20:19:22.595] [ARM] [JETSON_RX] vision dcx=45 dcy=-25
[20:19:22.595] [ARM] [TARGET] vision state=ALIGN enabled=1 dcx=45 dcy=-25 stable=0
[20:19:22.657] [ARM] ROBOT_AUTO_EVENT
[20:19:22.657] [ARM] [0] <10.00 -60.00 -11.50> result: 95.31 108.72 -72.43 -5.31 91.15 0.00 
[20:19:22.719] [ARM] [TARGET] align step dx=2.50 dz=-2.50 target=<12.50 -60.00 -14.00>
[20:19:22.781] [ARM] [jpint 1] ave_error:94.65
[20:19:22.781] [ARM] [jpint 2] ave_error:108.77
[20:19:22.781] [ARM] [jpint 3] ave_error:73.03
[20:19:22.781] [ARM] [jpint 4] ave_error:5.19
[20:19:22.781] [ARM] [jpint 5] ave_error:90.42
[20:19:22.781] [ARM] 
[20:19:22.781] [ARM] robot pid run finished!!
[20:19:22.844] [ARM] [JETSON_RX] vision dcx=45 dcy=-25
[20:19:22.844] [ARM] [TARGET] vision state=ALIGN enabled=1 dcx=45 dcy=-25 stable=0
[20:19:22.907] [ARM] ROBOT_AUTO_EVENT
[20:19:22.907] [ARM] [0] <10.00 -60.00 -11.50> result: 95.31 108.72 -72.43 -5.31 91.15 0.00 
[20:19:22.970] [ARM] [TARGET] align step dx=2.50 dz=-2.50 target=<12.50 -60.00 -14.00>
[20:19:23.032] [ARM] [jpint 1] ave_error:94.51
[20:19:23.032] [ARM] [jpint 2] ave_error:108.69
[20:19:23.032] [ARM] [jpint 3] ave_error:72.89
[20:19:23.032] [ARM] [jpint 4] ave_error:5.05
[20:19:23.032] [ARM] [jpint 5] ave_error:90.14
[20:19:23.032] [ARM] 
[20:19:23.032] [ARM] robot pid run finished!!
[20:19:23.032] [ARM] [JETSON_RX] vision dcx=45 dcy=-25
[20:19:23.032] [ARM] [TARGET] vision state=ALIGN enabled=1 dcx=45 dcy=-25 stable=0
[20:19:23.156] [ARM] ROBOT_AUTO_EVENT
[20:19:23.156] [ARM] [0] <10.00 -60.00 -11.50> result: 95.31 108.72 -72.43 -5.31 91.15 0.00 
[20:19:23.216] [ARM] [TARGET] align step dx=2.50 dz=-2.50 target=<12.50 -60.00 -14.00>
[20:19:23.216] [ARM] [JETSON_RX] vision dcx=45 dcy=-25
[20:19:23.216] [ARM] [TARGET] vision state=ALIGN enabled=1 dcx=45 dcy=-25 stable=0
[20:19:23.217] [ARM] [jpint 1] ave_error:94.37
[20:19:23.217] [ARM] [jpint 2] ave_error:108.62
[20:19:23.217] [ARM] [jpint 3] ave_error:72.75
[20:19:23.282] [ARM] [jpint 4] ave_error:4.90
[20:19:23.282] [ARM] [jpint 5] ave_error:89.87
[20:19:23.282] [ARM] 
[20:19:23.282] [ARM] robot pid run finished!!
[20:19:23.344] [ARM] ROBOT_AUTO_EVENT
[20:19:23.344] [ARM] [0] <10.00 -60.00 -11.50> result: 95.31 108.72 -72.43 -5.31 91.15 0.00 
[20:19:23.406] [ARM] [JETSON_RX] vision dcx=45 dcy=-25
[20:19:23.406] [ARM] [TARGET] vision state=ALIGN enabled=1 dcx=45 dcy=-25 stable=0
[20:19:23.469] [ARM] [jpint 1] ave_error:94.23
[20:19:23.469] [ARM] [jpint 2] ave_error:108.55
[20:19:23.469] [ARM] [jpint 3] ave_error:72.60
[20:19:23.469] [ARM] [jpint 4] ave_error:4.75
[20:19:23.469] [ARM] [jpint 5] ave_error:89.59
[20:19:23.469] [ARM] 
[20:19:23.469] [ARM] robot pid run finished!!
[20:19:23.469] [ARM] [TARGET] align step dx=2.50 dz=-2.50 target=<12.50 -60.00 -14.00>
[20:19:23.581] [JETSON-TX] vision step 6/7: dcx=20 dcy=-10 hold=1.0s frame=FF 05 03 14 00 F6 FF 11 FE
[20:19:23.593] [ARM] ROBOT_AUTO_EVENT
[20:19:23.593] [ARM] [0] <10.00 -60.00 -11.50> result: 95.31 108.72 -72.43 -5.31 91.15 0.00 
[20:19:23.593] [ARM] [JETSON_RX] vision dcx=20 dcy=-10
[20:19:23.655] [ARM] [TARGET] vision state=ALIGN enabled=1 dcx=20 dcy=-10 stable=0
[20:19:23.716] [ARM] [jpint 1] ave_error:94.08
[20:19:23.716] [ARM] [jpint 2] ave_error:108.48
[20:19:23.716] [ARM] [jpint 3] ave_error:72.45
[20:19:23.716] [ARM] [jpint 4] ave_error:4.61
[20:19:23.716] [ARM] [jpint 5] ave_error:89.31
[20:19:23.716] [ARM] 
[20:19:23.716] [ARM] robot pid run finished!!
[20:19:23.716] [ARM] [TARGET] align step dx=2.50 dz=-2.50 target=<12.50 -60.00 -14.00>
[20:19:23.778] [ARM] ROBOT_AUTO_EVENT
[20:19:23.778] [ARM] [0] <10.00 -60.00 -11.50> result: 95.31 108.72 -72.43 -5.31 91.15 0.00 
[20:19:23.811] [ARM] [1] <10.00 -60.00 -11.50> result: 95.31 108.72 -72.43 -5.31 91.15 0.00 
[20:19:23.811] [ARM] [2] <10.01 -60.00 -11.51> result: 95.31 108.72 -72.43 -5.31 91.15 0.00 
[20:19:23.811] [ARM] [3] <10.02 -60.00 -11.52> result: 95.32 108.73 -72.43 -5.32 91.16 0.00 
[20:19:23.835] [ARM] [4] <10.05 -60.00 -11.55> result: 95.33 108.74 -72.43 -5.33 91.17 0.00 
[20:19:23.835] [ARM] [5] <10.08 -60.00 -11.58> result: 95.35 108.76 -72.43 -5.35 91.19 0.00 
[20:19:23.835] [ARM] [6] <10.14 -60.00 -11.64> result: 95.38 108.79 -72.43 -5.38 91.22 0.00 
[20:19:23.835] [ARM] [7] <10.21 -60.00 -11.71> result: 95.42 108.83 -72.43 -5.42 91.25 0.00 
[20:19:23.858] [ARM] [8] <10.29 -60.00 -11.79> result: 95.46 108.88 -72.43 -5.46 91.30 0.00 
[20:19:23.858] [ARM] [9] <10.40 -60.00 -11.90> result: 95.52 108.94 -72.43 -5.52 91.36 0.00 
[20:19:23.858] [ARM] [10] <10.53 -60.00 -12.03> result: 95.59 109.01 -72.42 -5.59 91.42 0.00 
[20:19:23.858] [ARM] [11] <10.68 -60.00 -12.18> result: 95.67 109.09 -72.42 -5.67 91.50 0.00 
[20:19:23.881] [ARM] [12] <10.86 -60.00 -12.36> result: 95.76 109.18 -72.42 -5.76 91.59 0.00 
[20:19:23.881] [ARM] [13] <11.05 -60.00 -12.55> result: 95.86 109.28 -72.41 -5.86 91.69 0.00 
[20:19:23.881] [ARM] [14] <11.26 -60.00 -12.76> result: 95.97 109.40 -72.41 -5.98 91.79 0.00 
[20:19:23.905] [ARM] [15] <11.49 -60.00 -12.99> result: 96.09 109.52 -72.40 -6.10 91.91 0.00 
[20:19:23.905] [ARM] robot_auto_move_interpolation robot kinematics inverse failed
[20:19:23.905] [ARM] ROBOT_AUTO_EVENT
[20:19:23.905] [ARM] [0] <10.00 -60.00 -11.50> result: 95.31 108.72 -72.43 -5.31 91.15 0.00 
[20:19:23.905] [ARM] [1] <10.00 -60.00 -11.50> result: 95.31 108.72 -72.43 -5.31 91.15 0.00 
[20:19:23.927] [ARM] [2] <10.01 -60.00 -11.51> result: 95.31 108.72 -72.43 -5.31 91.15 0.00 
[20:19:23.927] [ARM] [3] <10.02 -60.00 -11.52> result: 95.32 108.73 -72.43 -5.32 91.16 0.00 
[20:19:23.928] [ARM] [4] <10.05 -60.00 -11.55> result: 95.33 108.74 -72.43 -5.33 91.17 0.00 
[20:19:23.951] [ARM] [5] <10.08 -60.00 -11.58> result: 95.35 108.76 -72.43 -5.35 91.19 0.00 
[20:19:23.951] [ARM] [6] <10.14 -60.00 -11.64> result: 95.38 108.79 -72.43 -5.38 91.22 0.00 
[20:19:23.951] [ARM] [7] <10.21 -60.00 -11.71> result: 95.42 108.83 -72.43 -5.42 91.25 0.00 
[20:19:23.951] [ARM] [8] <10.29 -60.00 -11.79> result: 95.46 108.88 -72.43 -5.46 91.30 0.00 
[20:19:23.985] [ARM] [9] <10.40 -60.00 -11.90> result: 95.52 108.94 -72.43 -5.52 91.36 0.00 
[20:19:23.985] [ARM] [10] <10.53 -60.00 -12.03> result: 95.59 109.01 -72.42 -5.59 91.42 0.00 
[20:19:23.985] [ARM] [11] <10.68 -60.00 -12.18> result: 95.67 109.09 -72.42 -5.67 91.50 0.00 
[20:19:24.007] [ARM] [12] <10.86 -60.00 -12.36> result: 95.76 109.18 -72.42 -5.76 91.59 0.00 
[20:19:24.007] [ARM] [13] <11.05 -60.00 -12.55> result: 95.86 109.28 -72.41 -5.86 91.69 0.00 
[20:19:24.007] [ARM] [14] <11.26 -60.00 -12.76> result: 95.97 109.40 -72.41 -5.98 91.79 0.00 
[20:19:24.007] [ARM] [15] <11.49 -60.00 -12.99> result: 96.09 109.52 -72.40 -6.10 91.91 0.00 
[20:19:24.031] [ARM] robot_auto_move_interpolation robot kinematics inverse failed
[20:19:24.031] [ARM] ROBOT_AUTO_EVENT
[20:19:24.031] [ARM] [0] <10.00 -60.00 -11.50> result: 95.31 108.72 -72.43 -5.31 91.15 0.00 
[20:19:24.031] [ARM] [1] <10.00 -60.00 -11.50> result: 95.31 108.72 -72.43 -5.31 91.15 0.00 
[20:19:24.054] [ARM] [2] <10.01 -60.00 -11.51> result: 95.31 108.72 -72.43 -5.31 91.15 0.00 
[20:19:24.055] [ARM] [3] <10.02 -60.00 -11.52> result: 95.32 108.73 -72.43 -5.32 91.16 0.00 
[20:19:24.055] [ARM] [4] <10.05 -60.00 -11.55> result: 95.33 108.74 -72.43 -5.33 91.17 0.00 
[20:19:24.055] [ARM] [5] <10.08 -60.00 -11.58> result: 95.35 108.76 -72.43 -5.35 91.19 0.00 
[20:19:24.077] [ARM] [6] <10.14 -60.00 -11.64> result: 95.38 108.79 -72.43 -5.38 91.22 0.00 
[20:19:24.077] [ARM] [7] <10.21 -60.00 -11.71> result: 95.42 108.83 -72.43 -5.42 91.25 0.00 
[20:19:24.078] [ARM] [8] <10.29 -60.00 -11.79> result: 95.46 108.88 -72.43 -5.46 91.30 0.00 
[20:19:24.101] [ARM] [9] <10.40 -60.00 -11.90> result: 95.52 108.94 -72.43 -5.52 91.36 0.00 
[20:19:24.101] [ARM] [10] <10.53 -60.00 -12.03> result: 95.59 109.01 -72.42 -5.59 91.42 0.00 
[20:19:24.101] [ARM] [11] <10.68 -60.00 -12.18> result: 95.67 109.09 -72.42 -5.67 91.50 0.00 
[20:19:24.101] [ARM] [12] <10.86 -60.00 -12.36> result: 95.76 109.18 -72.42 -5.76 91.59 0.00 
[20:19:24.124] [ARM] [13] <11.05 -60.00 -12.55> result: 95.86 109.28 -72.41 -5.86 91.69 0.00 
[20:19:24.124] [ARM] [14] <11.26 -60.00 -12.76> result: 95.97 109.40 -72.41 -5.98 91.79 0.00 
[20:19:24.124] [ARM] [15] <11.49 -60.00 -12.99> result: 96.09 109.52 -72.40 -6.10 91.91 0.00 
[20:19:24.146] [ARM] robot_auto_move_interpolation robot kinematics inverse failed
[20:19:24.146] [ARM] ROBOT_AUTO_EVENT
[20:19:24.147] [ARM] [0] <10.00 -60.00 -11.50> result: 95.31 108.72 -72.43 -5.31 91.15 0.00 
[20:19:24.147] [ARM] [1] <10.00 -60.00 -11.50> result: 95.31 108.72 -72.43 -5.31 91.15 0.00 
[20:19:24.147] [ARM] [2] <10.01 -60.00 -11.51> result: 95.31 108.72 -72.43 -5.31 91.15 0.00 
[20:19:24.181] [ARM] [3] <10.02 -60.00 -11.52> result: 95.32 108.73 -72.43 -5.32 91.16 0.00 
[20:19:24.181] [ARM] [4] <10.05 -60.00 -11.55> result: 95.33 108.74 -72.43 -5.33 91.17 0.00 
[20:19:24.181] [ARM] [5] <10.08 -60.00 -11.58> result: 95.35 108.76 -72.43 -5.35 91.19 0.00 
[20:19:24.203] [ARM] [6] <10.14 -60.00 -11.64> result: 95.38 108.79 -72.43 -5.38 91.22 0.00 
[20:19:24.203] [ARM] [7] <10.21 -60.00 -11.71> result: 95.42 108.83 -72.43 -5.42 91.25 0.00 
[20:19:24.203] [ARM] [8] <10.29 -60.00 -11.79> result: 95.46 108.88 -72.43 -5.46 91.30 0.00 
[20:19:24.203] [ARM] [9] <10.40 -60.00 -11.90> result: 95.52 108.94 -72.43 -5.52 91.36 0.00 
[20:19:24.227] [ARM] [10] <10.53 -60.00 -12.03> result: 95.59 109.01 -72.42 -5.59 91.42 0.00 
[20:19:24.228] [ARM] [11] <10.68 -60.00 -12.18> result: 95.67 109.09 -72.42 -5.67 91.50 0.00 
[20:19:24.228] [ARM] [12] <10.86 -60.00 -12.36> result: 95.76 109.18 -72.42 -5.76 91.59 0.00 
[20:19:24.251] [ARM] [13] <11.05 -60.00 -12.55> result: 95.86 109.28 -72.41 -5.86 91.69 0.00 
[20:19:24.251] [ARM] [14] <11.26 -60.00 -12.76> result: 95.97 109.40 -72.41 -5.98 91.79 0.00 
[20:19:24.251] [ARM] [15] <11.49 -60.00 -12.99> result: 96.09 109.52 -72.40 -6.10 91.91 0.00 
[20:19:24.252] [ARM] robot_auto_move_interpolation robot kinematics inverse failed
[20:19:24.252] [ARM] ROBOT_AUTO_EVENT
[20:19:24.273] [ARM] [0] <10.00 -60.00 -11.50> result: 95.31 108.72 -72.43 -5.31 91.15 0.00 
[20:19:24.273] [ARM] [1] <10.00 -60.00 -11.50> result: 95.31 108.72 -72.43 -5.31 91.15 0.00 
[20:19:24.274] [ARM] [2] <10.01 -60.00 -11.51> result: 95.31 108.72 -72.43 -5.31 91.15 0.00 
[20:19:24.296] [ARM] [3] <10.02 -60.00 -11.52> result: 95.32 108.73 -72.43 -5.32 91.16 0.00 
[20:19:24.296] [ARM] [4] <10.05 -60.00 -11.55> result: 95.33 108.74 -72.43 -5.33 91.17 0.00 
[20:19:24.296] [ARM] [5] <10.08 -60.00 -11.58> result: 95.35 108.76 -72.43 -5.35 91.19 0.00 
[20:19:24.296] [ARM] [6] <10.14 -60.00 -11.64> result: 95.38 108.79 -72.43 -5.38 91.22 0.00 
[20:19:24.320] [ARM] [7] <10.21 -60.00 -11.71> result: 95.42 108.83 -72.43 -5.42 91.25 0.00 
[20:19:24.320] [ARM] [8] <10.29 -60.00 -11.79> result: 95.46 108.88 -72.43 -5.46 91.30 0.00 
[20:19:24.320] [ARM] [9] <10.40 -60.00 -11.90> result: 95.52 108.94 -72.43 -5.52 91.36 0.00 
[20:19:24.354] [ARM] [10] <10.53 -60.00 -12.03> result: 95.59 109.01 -72.42 -5.59 91.42 0.00 
[20:19:24.354] [ARM] [11] <10.68 -60.00 -12.18> result: 95.67 109.09 -72.42 -5.67 91.50 0.00 
[20:19:24.354] [ARM] [12] <10.86 -60.00 -12.36> result: 95.76 109.18 -72.42 -5.76 91.59 0.00 
[20:19:24.354] [ARM] [13] <11.05 -60.00 -12.55> result: 95.86 109.28 -72.41 -5.86 91.69 0.00 
[20:19:24.377] [ARM] [14] <11.26 -60.00 -12.76> result: 95.97 109.40 -72.41 -5.98 91.79 0.00 
[20:19:24.377] [ARM] [15] <11.49 -60.00 -12.99> result: 96.09 109.52 -72.40 -6.10 91.91 0.00 
[20:19:24.377] [ARM] robot_auto_move_interpolation robot kinematics inverse failed
[20:19:24.377] [ARM] ROBOT_AUTO_EVENT
[20:19:24.406] [ARM] [0] <10.00 -60.00 -11.50> result: 95.31 108.72 -72.43 -5.31 91.15 0.00 
[20:19:24.406] [ARM] [1] <10.00 -60.00 -11.50> result: 95.31 108.72 -72.43 -5.31 91.15 0.00 
[20:19:24.406] [ARM] [2] <10.01 -60.00 -11.51> result: 95.31 108.72 -72.43 -5.31 91.15 0.00 
[20:19:24.406] [ARM] [3] <10.02 -60.00 -11.52> result: 95.32 108.73 -72.43 -5.32 91.16 0.00 
[20:19:24.424] [ARM] [4] <10.05 -60.00 -11.55> result: 95.33 108.74 -72.43 -5.33 91.17 0.00 
[20:19:24.424] [ARM] [5] <10.08 -60.00 -11.58> result: 95.35 108.76 -72.43 -5.35 91.19 0.00 
[20:19:24.424] [ARM] [6] <10.14 -60.00 -11.64> result: 95.38 108.79 -72.43 -5.38 91.22 0.00 
[20:19:24.448] [ARM] [7] <10.21 -60.00 -11.71> result: 95.42 108.83 -72.43 -5.42 91.25 0.00 
[20:19:24.448] [ARM] [8] <10.29 -60.00 -11.79> result: 95.46 108.88 -72.43 -5.46 91.30 0.00 
[20:19:24.448] [ARM] [9] <10.40 -60.00 -11.90> result: 95.52 108.94 -72.43 -5.52 91.36 0.00 
[20:19:24.450] [ARM] [10] <10.53 -60.00 -12.03> result: 95.59 109.01 -72.42 -5.59 91.42 0.00 
[20:19:24.470] [ARM] [11] <10.68 -60.00 -12.18> result: 95.67 109.09 -72.42 -5.67 91.50 0.00 
[20:19:24.470] [ARM] [12] <10.86 -60.00 -12.36> result: 95.76 109.18 -72.42 -5.76 91.59 0.00 
[20:19:24.470] [ARM] [13] <11.05 -60.00 -12.55> result: 95.86 109.28 -72.41 -5.86 91.69 0.00 
[20:19:24.470] [ARM] [14] <11.26 -60.00 -12.76> result: 95.97 109.40 -72.41 -5.98 91.79 0.00 
[20:19:24.494] [ARM] [15] <11.49 -60.00 -12.99> result: 96.09 109.52 -72.40 -6.10 91.91 0.00 
[20:19:24.494] [ARM] robot_auto_move_interpolation robot kinematics inverse failed
[20:19:24.494] [ARM] ROBOT_AUTO_EVENT
[20:19:24.494] [ARM] [0] <10.00 -60.00 -11.50> result: 95.31 108.72 -72.43 -5.31 91.15 0.00 
[20:19:24.516] [ARM] [1] <10.00 -60.00 -11.50> result: 95.31 108.72 -72.43 -5.31 91.15 0.00 
[20:19:24.516] [ARM] [2] <10.01 -60.00 -11.51> result: 95.31 108.72 -72.43 -5.31 91.15 0.00 
[20:19:24.517] [ARM] [3] <10.02 -60.00 -11.52> result: 95.32 108.73 -72.43 -5.32 91.16 0.00 
[20:19:24.517] [ARM] [4] <10.05 -60.00 -11.55> result: 95.33 108.74 -72.43 -5.33 91.17 0.00 
[20:19:24.551] [ARM] [5] <10.08 -60.00 -11.58> result: 95.35 108.76 -72.43 -5.35 91.19 0.00 
[20:19:24.552] [ARM] [6] <10.14 -60.00 -11.64> result: 95.38 108.79 -72.43 -5.38 91.22 0.00 
[20:19:24.552] [ARM] [7] <10.21 -60.00 -11.71> result: 95.42 108.83 -72.43 -5.42 91.25 0.00 
[20:19:24.576] [ARM] [8] <10.29 -60.00 -11.79> result: 95.46 108.88 -72.43 -5.46 91.30 0.00 
[20:19:24.576] [ARM] [9] <10.40 -60.00 -11.90> result: 95.52 108.94 -72.43 -5.52 91.36 0.00 
[20:19:24.576] [ARM] [10] <10.53 -60.00 -12.03> result: 95.59 109.01 -72.42 -5.59 91.42 0.00 
[20:19:24.576] [ARM] [11] <10.68 -60.00 -12.18> result: 95.67 109.09 -72.42 -5.67 91.50 0.00 
[20:19:24.583] [JETSON-TX] vision step 7/7: dcx=0 dcy=0 hold=0.0s frame=FF 05 03 00 00 00 00 08 FE
[20:19:24.596] [ARM] [12] <10.86 -60.00 -12.36> result: 95.76 109.18 -72.42 -5.76 91.59 0.00 
[20:19:24.596] [ARM] [13] <11.05 -60.00 -12.55> result: 95.86 109.28 -72.41 -5.86 91.69 0.00 
[20:19:24.596] [ARM] [14] <11.26 -60.00 -12.76> result: 95.97 109.40 -72.41 -5.98 91.79 0.00 
[20:19:24.613] [FATAL] TimeoutError: timeout waiting for ALIGN_DONE
[20:19:24.613] [JETSON-TX] vision sender disabled after 51 frames.
[20:19:24.613] [JETSON-TX] TARGET_CTRL STOP: AA 01 00 BB
[20:19:24.613] [ARM-TX] laser_off
[20:19:24.613] [STEP] cleanup soft_reset to HOME...
[20:19:24.613] [ARM-TX] soft_reset
[20:19:24.619] [ARM] [15] <11.49 -60.00 -12.99> result: 96.09 109.52 -72.40 -6.10 91.91 0.00 
[20:19:24.619] [ARM] robot_auto_move_interpolation robot kinematics inverse failed
[20:19:24.619] [ARM] ROBOT_AUTO_EVENT
[20:19:24.619] [ARM] [0] <10.00 -60.00 -11.50> result: 95.31 108.72 -72.43 -5.31 91.15 0.00 
[20:19:24.619] [ARM] [1] <10.00 -60.00 -11.50> result: 95.31 108.72 -72.43 -5.31 91.15 0.00 
[20:19:24.643] [ARM] [2] <10.01 -60.00 -11.51> result: 95.31 108.72 -72.43 -5.31 91.15 0.00 
[20:19:24.643] [ARM] [3] <10.02 -60.00 -11.52> result: 95.32 108.73 -72.43 -5.32 91.16 0.00 
[20:19:24.644] [ARM] [4] <10.05 -60.00 -11.55> result: 95.33 108.74 -72.43 -5.33 91.17 0.00 
[20:19:24.666] [ARM] [5] <10.08 -60.00 -11.58> result: 95.35 108.76 -72.43 -5.35 91.19 0.00 
[20:19:24.666] [ARM] [6] <10.14 -60.00 -11.64> result: 95.38 108.79 -72.43 -5.38 91.22 0.00 
[20:19:24.666] [ARM] [7] <10.21 -60.00 -11.71> result: 95.42 108.83 -72.43 -5.42 91.25 0.00 
[20:19:24.666] [ARM] [8] <10.29 -60.00 -11.79> result: 95.46 108.88 -72.43 -5.46 91.30 0.00 
[20:19:24.691] [ARM] [9] <10.40 -60.00 -11.90> result: 95.52 108.94 -72.43 -5.52 91.36 0.00 
[20:19:24.692] [ARM] [10] <10.53 -60.00 -12.03> result: 95.59 109.01 -72.42 -5.59 91.42 0.00 
[20:19:24.692] [ARM] [11] <10.68 -60.00 -12.18> result: 95.67 109.09 -72.42 -5.67 91.50 0.00 
[20:19:24.723] [ARM] [12] <10.86 -60.00 -12.36> result: 95.76 109.18 -72.42 -5.76 91.59 0.00 
[20:19:24.723] [ARM] [13] <11.05 -60.00 -12.55> result: 95.86 109.28 -72.41 -5.86 91.69 0.00 
[20:19:24.723] [ARM] [14] <11.26 -60.00 -12.76> result: 95.97 109.40 -72.41 -5.98 91.79 0.00 
[20:19:24.723] [ARM] [15] <11.49 -60.00 -12.99> result: 96.09 109.52 -72.40 -6.10 91.91 0.00 
[20:19:24.746] [ARM] robot_auto_move_interpolation robot kinematics inverse failed
[20:19:24.746] [ARM] ROBOT_AUTO_EVENT
[20:19:24.746] [ARM] [0] <10.00 -60.00 -11.50> result: 95.31 108.72 -72.43 -5.31 91.15 0.00 
[20:19:24.746] [ARM] [1] <10.00 -60.00 -11.50> result: 95.31 108.72 -72.43 -5.31 91.15 0.00 
[20:19:24.770] [ARM] [2] <10.01 -60.00 -11.51> result: 95.31 108.72 -72.43 -5.31 91.15 0.00 
[20:19:24.770] [ARM] [3] <10.02 -60.00 -11.52> result: 95.32 108.73 -72.43 -5.32 91.16 0.00 
[20:19:24.770] [ARM] [4] <10.05 -60.00 -11.55> result: 95.33 108.74 -72.43 -5.33 91.17 0.00 
[20:19:24.771] [ARM] [5] <10.08 -60.00 -11.58> result: 95.35 108.76 -72.43 -5.35 91.19 0.00 
[20:19:24.794] [ARM] [6] <10.14 -60.00 -11.64> result: 95.38 108.79 -72.43 -5.38 91.22 0.00 
[20:19:24.794] [ARM] [7] <10.21 -60.00 -11.71> result: 95.42 108.83 -72.43 -5.42 91.25 0.00 
[20:19:24.794] [ARM] [8] <10.29 -60.00 -11.79> result: 95.46 108.88 -72.43 -5.46 91.30 0.00 
[20:19:24.816] [ARM] [9] <10.40 -60.00 -11.90> result: 95.52 108.94 -72.43 -5.52 91.36 0.00 
[20:19:24.816] [ARM] [10] <10.53 -60.00 -12.03> result: 95.59 109.01 -72.42 -5.59 91.42 0.00 
[20:19:24.816] [ARM] [11] <10.68 -60.00 -12.18> result: 95.67 109.09 -72.42 -5.67 91.50 0.00 
[20:19:24.816] [ARM] [12] <10.86 -60.00 -12.36> result: 95.76 109.18 -72.42 -5.76 91.59 0.00 
[20:19:24.840] [ARM] [13] <11.05 -60.00 -12.55> result: 95.86 109.28 -72.41 -5.86 91.69 0.00 
[20:19:24.840] [ARM] [14] <11.26 -60.00 -12.76> result: 95.97 109.40 -72.41 -5.98 91.79 0.00 
[20:19:24.840] [ARM] [15] <11.49 -60.00 -12.99> result: 96.09 109.52 -72.40 -6.10 91.91 0.00 
[20:19:24.862] [ARM] robot_auto_move_interpolation robot kinematics inverse failed
[20:19:24.863] [ARM] ROBOT_AUTO_EVENT
[20:19:24.863] [ARM] [0] <10.00 -60.00 -11.50> result: 95.31 108.72 -72.43 -5.31 91.15 0.00 
[20:19:24.863] [ARM] [1] <10.00 -60.00 -11.50> result: 95.31 108.72 -72.43 -5.31 91.15 0.00 
[20:19:24.863] [ARM] [2] <10.01 -60.00 -11.51> result: 95.31 108.72 -72.43 -5.31 91.15 0.00 
[20:19:24.885] [ARM] [3] <10.02 -60.00 -11.52> result: 95.32 108.73 -72.43 -5.32 91.16 0.00 
[20:19:24.885] [ARM] [4] <10.05 -60.00 -11.55> result: 95.33 108.74 -72.43 -5.33 91.17 0.00 
[20:19:24.885] [ARM] [5] <10.08 -60.00 -11.58> result: 95.35 108.76 -72.43 -5.35 91.19 0.00 
[20:19:24.919] [ARM] [6] <10.14 -60.00 -11.64> result: 95.38 108.79 -72.43 -5.38 91.22 0.00 
[20:19:24.921] [ARM] [7] <10.21 -60.00 -11.71> result: 95.42 108.83 -72.43 -5.42 91.25 0.00 
[20:19:24.921] [ARM] [8] <10.29 -60.00 -11.79> result: 95.46 108.88 -72.43 -5.46 91.30 0.00 
[20:19:24.921] [ARM] [9] <10.40 -60.00 -11.90> result: 95.52 108.94 -72.43 -5.52 91.36 0.00 
[20:19:24.943] [ARM] [10] <10.53 -60.00 -12.03> result: 95.59 109.01 -72.42 -5.59 91.42 0.00 
[20:19:24.943] [ARM] [11] <10.68 -60.00 -12.18> result: 95.67 109.09 -72.42 -5.67 91.50 0.00 
[20:19:24.943] [ARM] [12] <10.86 -60.00 -12.36> result: 95.76 109.18 -72.42 -5.76 91.59 0.00 
[20:19:24.965] [ARM] [13] <11.05 -60.00 -12.55> result: 95.86 109.28 -72.41 -5.86 91.69 0.00 
[20:19:24.965] [ARM] [14] <11.26 -60.00 -12.76> result: 95.97 109.40 -72.41 -5.98 91.79 0.00 
[20:19:24.965] [ARM] [15] <11.49 -60.00 -12.99> result: 96.09 109.52 -72.40 -6.10 91.91 0.00 
[20:19:24.965] [ARM] robot_auto_move_interpolation robot kinematics inverse failed
[20:19:24.965] [ARM] ROBOT_SOFT_RESET_EVENT
[20:19:24.978] [JETSON-RX] CC 04 00 DD
[20:19:24.978] [JETSON-STATUS] TARGET_CTRL_OFF func=0x04 value=0x00
[20:19:25.023] [ARM] --- Starting soft reset ---
[20:19:25.023] [ARM] [TARGET] vision state=ALIGN enabled=0 dcx=0 dcy=0 stable=0
[20:19:25.210] [ARM] Soft reset motors enabled (J1~J5, J6 skipped).
[20:19:25.210] [ARM] Soft resetting joint 4...
[20:19:25.210] [ARM] robot_update_current_angle 4...
[20:19:25.210] [ARM] [4] current:89.10, target:90.00, dir:1
[20:19:25.334] [ARM] Soft resetting joint 3...
[20:19:25.396] [ARM] robot_update_current_angle 3...
[20:19:25.396] [ARM] [3] current:-4.49, target:0.00, dir:1
[20:19:26.204] [ARM] Soft resetting joint 1...
[20:19:26.266] [ARM] robot_update_current_angle 1...
[20:19:26.266] [ARM] [1] current:108.42, target:90.00, dir:-1
[20:19:27.883] [ARM] soft reset joint 1 settle timeout, keep going
[20:19:27.883] [ARM] Soft resetting joint 2...
[20:19:27.883] [ARM] robot_update_current_angle 2...
[20:19:27.883] [ARM] [2] current:-72.35, target:-90.00, dir:-1
[20:19:29.629] [ARM] soft reset joint 2 settle timeout, keep going
[20:19:29.629] [ARM] Soft resetting joint 0...
[20:19:29.629] [ARM] robot_update_current_angle 0...
[20:19:29.629] [ARM] [0] current:93.97, target:90.00, dir:-1
[20:19:30.378] [ARM] soft reset final verify PASS (issues:2), pose set HOME.
[20:19:30.378] [DONE] cleanup soft_reset PASS; robot returned HOME.
[20:19:30.583] [INFO] ports closed.
