19:48:15.299] [INFO] log file: E:\Renesas\RA6M5-Robot\Robot_FreeRTOS - Arm\DEBUG\target_state_demo_20260629_194815.log
[19:48:15.301] [INFO] ARM=COM7 JETSON=COM14 baud=115200
[19:48:15.301] [INFO] start frame: AA 01 01 BB
[19:48:15.301] [INFO] stop frame: AA 01 00 BB
[19:48:15.301] [INFO] vision frame dcx=90 dcy=-90: FF 05 03 5A 00 A6 FF 07 FE
[19:48:15.805] [JETSON-TX] TARGET_CTRL STOP: AA 01 00 BB
[19:48:15.868] [JETSON-RX] CC 04 00 DD
[19:48:15.868] [JETSON-STATUS] TARGET_CTRL_OFF func=0x04 value=0x00
[19:48:16.069] [ARM-TX] laser_off
[19:48:16.099] [ARM] Found handler for 'laser_off', executing...
[19:48:16.099] [ARM] laser_off
[19:48:16.271] [ARM-TX] soft_reset
[19:48:16.345] [ARM] Found handler for 'soft_reset', executing...
[19:48:16.345] [ARM] ROBOT_SOFT_RESET_EVENT
[19:48:16.345] [ARM] --- Starting soft reset ---
[19:48:16.531] [ARM] Soft reset motors enabled (J1~J5, J6 skipped).
[19:48:16.531] [ARM] Soft resetting joint 4...
[19:48:16.531] [ARM] robot_update_current_angle 4...
[19:48:16.531] [ARM] [4] current:90.00, target:90.00, dir:-1
[19:48:16.655] [ARM] Soft resetting joint 3...
[19:48:16.716] [ARM] robot_update_current_angle 3...
[19:48:16.716] [ARM] [3] current:-0.00, target:0.00, dir:1
[19:48:16.839] [ARM] Soft resetting joint 1...
[19:48:16.839] [ARM] robot_update_current_angle 1...
[19:48:16.839] [ARM] [1] current:89.96, target:90.00, dir:1
[19:48:16.963] [ARM] Soft resetting joint 2...
[19:48:17.025] [ARM] robot_update_current_angle 2...
[19:48:17.025] [ARM] [2] current:-90.00, target:-90.00, dir:-1
[19:48:17.148] [ARM] Soft resetting joint 0...
[19:48:17.148] [ARM] robot_update_current_angle 0...
[19:48:17.148] [ARM] [0] current:90.00, target:90.00, dir:1
[19:48:17.393] [ARM] soft reset final verify PASS (issues:0), pose set HOME.
[19:48:17.393] [JETSON-TX] TARGET_CTRL START: AA 01 01 BB
[19:48:17.433] [ARM] ROBOT_AUTO_EVENT
[19:48:17.434] [ARM] [0] <0.00 0.00 0.00> result: 90.00 90.00 -90.00 0.00 90.00 0.00 
[19:48:17.434] [ARM] [1] <0.00 -0.00 0.00> result: 90.00 90.00 -90.00 0.00 90.00 0.00 
[19:48:17.434] [ARM] [2] <0.00 -0.00 0.00> result: 90.00 90.00 -90.00 0.00 90.00 0.00 
[19:48:17.455] [JETSON-RX] CC 04 01 DD
[19:48:17.455] [JETSON-STATUS] TARGET_CTRL_ON func=0x04 value=0x01
[19:48:17.455] [STEP] waiting READY from RA6...
[19:48:17.456] [ARM] [3] <0.00 -0.01 0.00> result: 90.00 90.00 -90.00 0.00 90.00 0.00 
[19:48:17.456] [ARM] [4] <0.00 -0.02 0.00> result: 90.00 90.00 -89.99 0.00 90.00 0.00 
[19:48:17.456] [ARM] [5] <0.00 -0.03 0.00> result: 90.00 90.01 -89.99 0.00 90.00 0.00 
[19:48:17.456] [ARM] [6] <0.00 -0.05 0.00> result: 90.00 90.02 -89.98 0.00 90.00 0.00 
[19:48:17.479] [ARM] [7] <0.00 -0.08 0.00> result: 90.00 90.02 -89.98 0.00 90.00 0.00 
[19:48:17.479] [ARM] [8] <0.00 -0.12 0.00> result: 90.00 90.03 -89.97 0.00 90.00 0.00 
[19:48:17.479] [ARM] [9] <0.00 -0.17 0.00> result: 90.00 90.05 -89.95 0.00 90.00 0.00 
[19:48:17.479] [ARM] [10] <0.00 -0.22 0.00> result: 90.00 90.06 -89.94 0.00 90.00 0.00 
[19:48:17.503] [ARM] [11] <0.00 -0.29 0.00> result: 90.00 90.08 -89.92 0.00 90.00 0.00 
[19:48:17.503] [ARM] [12] <0.00 -0.38 0.00> result: 90.00 90.11 -89.89 0.00 90.00 0.00 
[19:48:17.503] [ARM] [13] <0.00 -0.47 0.00> result: 90.00 90.14 -89.86 0.00 90.00 0.00 
[19:48:17.503] [ARM] [14] <0.00 -0.59 0.00> result: 90.00 90.17 -89.83 0.00 90.00 0.00 
[19:48:17.525] [ARM] [15] <0.00 -0.71 0.00> result: 90.00 90.20 -89.80 0.00 90.00 0.00 
[19:48:17.525] [ARM] [16] <0.00 -0.86 0.00> result: 90.00 90.24 -89.75 0.00 90.00 0.00 
[19:48:17.525] [ARM] [17] <0.00 -1.02 0.00> result: 90.00 90.29 -89.71 0.00 90.00 0.00 
[19:48:17.525] [ARM] [18] <0.00 -1.20 0.00> result: 90.00 90.34 -89.65 0.00 90.00 0.00 
[19:48:17.547] [ARM] [19] <0.00 -1.41 0.00> result: 90.00 90.40 -89.60 0.00 89.99 0.00 
[19:48:17.548] [ARM] [20] <0.00 -1.63 0.00> result: 90.00 90.46 -89.53 0.00 89.99 0.00 
[19:48:17.548] [ARM] [21] <0.00 -1.87 0.00> result: 90.00 90.53 -89.46 0.00 89.99 0.00 
[19:48:17.573] [ARM] [22] <0.00 -2.14 0.00> result: 90.00 90.60 -89.39 0.00 89.99 0.00 
[19:48:17.573] [ARM] [23] <0.00 -2.43 0.00> result: 90.00 90.68 -89.30 0.00 89.98 0.00 
[19:48:17.573] [ARM] [24] <0.00 -2.74 0.00> result: 90.00 90.77 -89.21 0.00 89.98 0.00 
[19:48:17.573] [ARM] [25] <0.00 -3.08 0.00> result: 90.00 90.86 -89.11 0.00 89.97 0.00 
[19:48:17.605] [ARM] [26] <0.00 -3.45 0.00> result: 90.00 90.96 -89.01 0.00 89.97 0.00 
[19:48:17.606] [ARM] [27] <0.00 -3.83 0.00> result: 90.00 91.06 -88.90 0.00 89.96 0.00 
[19:48:17.606] [ARM] [28] <0.00 -4.25 0.00> result: 90.00 91.17 -88.78 0.00 89.95 0.00 
[19:48:17.606] [ARM] [29] <0.00 -4.69 0.00> result: 90.00 91.29 -88.65 0.00 89.94 0.00 
[19:48:17.627] [ARM] [30] <0.00 -5.16 0.00> result: 90.00 91.41 -88.52 0.00 89.93 0.00 
[19:48:17.627] [ARM] [31] <0.00 -5.66 0.00> result: 90.00 91.54 -88.37 0.00 89.91 0.00 
[19:48:17.627] [ARM] [32] <0.00 -6.19 0.00> result: 90.00 91.68 -88.22 0.00 89.90 0.00 
[19:48:17.627] [ARM] [33] <0.00 -6.74 0.00> result: 90.00 91.82 -88.06 0.00 89.88 0.00 
[19:48:17.651] [ARM] [34] <0.00 -7.33 0.00> result: 90.00 91.97 -87.89 0.00 89.86 0.00 
[19:48:17.651] [ARM] [35] <0.00 -7.94 0.00> result: 90.00 92.12 -87.71 0.00 89.84 0.00 
[19:48:17.651] [ARM] [36] <0.00 -8.58 0.00> result: 90.00 92.28 -87.53 0.00 89.81 0.00 
[19:48:17.651] [ARM] [37] <0.00 -9.25 0.00> result: 90.00 92.45 -87.33 0.00 89.78 0.00 
[19:48:17.675] [ARM] [38] <0.00 -9.95 0.00> result: 90.00 92.62 -87.13 0.00 89.75 0.00 
[19:48:17.675] [ARM] [39] <0.00 -10.69 0.00> result: 90.00 92.80 -86.92 0.00 89.72 0.00 
[19:48:17.675] [ARM] [40] <0.00 -11.45 0.00> result: 90.00 92.98 -86.69 0.00 89.68 0.00 
[19:48:17.696] [ARM] [41] <0.00 -12.24 0.00> result: 90.00 93.17 -86.46 0.00 89.64 0.00 
[19:48:17.697] [ARM] [42] <0.00 -13.06 0.00> result: 90.00 93.37 -86.22 0.00 89.59 0.00 
[19:48:17.697] [ARM] [43] <0.00 -13.91 0.00> result: 90.00 93.57 -85.98 0.00 89.54 0.00 
[19:48:17.698] [ARM] [44] <0.00 -14.80 0.00> result: 90.00 93.77 -85.72 0.00 89.49 0.00 
[19:48:17.719] [ARM] [45] <0.00 -15.71 0.00> result: 90.00 93.98 -85.45 0.00 89.43 0.00 
[19:48:17.720] [ARM] [46] <0.00 -16.65 0.00> result: 90.00 94.19 -85.18 0.00 89.37 0.00 
[19:48:17.720] [ARM] [47] <0.00 -17.62 0.00> result: 90.00 94.41 -84.89 0.00 89.30 0.00 
[19:48:17.720] [ARM] [48] <0.00 -18.62 0.00> result: 90.00 94.63 -84.60 0.00 89.23 0.00 
[19:48:17.742] [ARM] [49] <0.00 -19.64 0.00> result: 90.00 94.86 -84.30 0.00 89.16 0.00 
[19:48:17.742] [ARM] [50] <0.00 -20.70 0.00> result: 90.00 95.09 -83.99 0.00 89.08 0.00 
[19:48:17.742] [ARM] [51] <0.00 -21.78 0.00> result: 90.00 95.32 -83.67 0.00 89.00 0.00 
[19:48:17.742] [ARM] [52] <0.00 -22.89 0.00> result: 90.00 95.56 -83.35 0.00 88.91 0.00 
[19:48:17.765] [ARM] [53] <0.00 -24.02 0.00> result: 90.00 95.80 -83.01 0.00 88.81 0.00 
[19:48:17.765] [ARM] [54] <0.00 -25.19 0.00> result: 90.00 96.05 -82.67 0.00 88.72 0.00 
[19:48:17.765] [ARM] [55] <0.00 -26.37 0.00> result: 90.00 96.29 -82.32 0.00 88.61 0.00 
[19:48:17.799] [ARM] [56] <0.00 -27.59 0.00> result: 90.00 96.54 -81.96 0.00 88.51 0.00 
[19:48:17.799] [ARM] [57] <0.00 -28.82 0.00> result: 90.00 96.80 -81.60 0.00 88.40 0.00 
[19:48:17.799] [ARM] [58] <0.00 -30.08 0.00> result: 90.00 97.05 -81.22 0.00 88.28 0.00 
[19:48:17.799] [ARM] [59] <0.00 -31.36 0.00> result: 90.00 97.31 -80.84 0.00 88.16 0.00 
[19:48:17.822] [ARM] [60] <0.00 -32.67 0.00> result: 90.00 97.57 -80.46 0.00 88.03 0.00 
[19:48:17.822] [ARM] [61] <0.00 -33.99 0.00> result: 90.00 97.84 -80.06 0.00 87.90 0.00 
[19:48:17.822] [ARM] [62] <0.00 -35.34 0.00> result: 90.00 98.10 -79.66 0.00 87.77 0.00 
[19:48:17.822] [ARM] [63] <0.00 -36.70 0.00> result: 90.00 98.37 -79.26 0.00 87.63 0.00 
[19:48:17.845] [ARM] [64] <0.00 -38.09 0.00> result: 90.00 98.64 -78.85 0.00 87.48 0.00 
[19:48:17.845] [ARM] [65] <0.00 -39.49 0.00> result: 90.00 98.91 -78.43 0.00 87.34 0.00 
[19:48:17.845] [ARM] [66] <0.00 -40.91 0.00> result: 90.00 99.18 -78.01 0.00 87.19 0.00 
[19:48:17.845] [ARM] [67] <0.00 -42.34 0.00> result: 90.00 99.45 -77.58 0.00 87.03 0.00 
[19:48:17.867] [ARM] [68] <0.00 -43.78 0.00> result: 90.00 99.73 -77.15 0.00 86.87 0.00 
[19:48:17.867] [ARM] [69] <0.00 -45.25 0.00> result: 90.00 100.00 -76.71 0.00 86.71 0.00 
[19:48:17.867] [ARM] [70] <0.00 -46.72 0.00> result: 90.00 100.28 -76.27 0.00 86.54 0.00 
[19:48:17.890] [ARM] [71] <0.00 -48.20 0.00> result: 90.00 100.55 -75.82 0.00 86.37 0.00 
[19:48:17.890] [ARM] [72] <0.00 -49.70 0.00> result: 90.00 100.83 -75.37 0.00 86.20 0.00 
[19:48:17.890] [ARM] [73] <0.00 -50.00 0.00> result: 90.00 100.89 -75.28 0.00 86.17 0.00 
[19:48:17.890] [ARM] [74] <0.00 -50.00 0.00> result: 90.00 100.89 -75.28 0.00 86.17 0.00 
[19:48:17.913] [ARM] [75] <0.00 -50.00 0.00> result: 90.00 100.89 -75.28 0.00 86.17 0.00 
[19:48:17.913] [ARM] [76] <0.00 -50.00 0.00> result: 90.00 100.89 -75.28 0.00 86.17 0.00 
[19:48:17.913] [ARM] [77] <0.00 -50.00 0.00> result: 90.00 100.89 -75.28 0.00 86.17 0.00 
[19:48:17.913] [ARM] [78] <0.00 -50.00 0.00> result: 90.00 100.89 -75.28 0.00 86.17 0.00 
[19:48:17.936] [ARM] [79] <0.00 -50.00 0.00> result: 90.00 100.89 -75.28 0.00 86.17 0.00 
[19:48:17.937] [ARM] [80] <0.00 -50.00 0.00> result: 90.00 100.89 -75.28 0.00 86.17 0.00 
[19:48:17.937] [ARM] [81] <0.00 -50.00 0.00> result: 90.00 100.89 -75.28 0.00 86.17 0.00 
[19:48:17.937] [ARM] [82] <0.00 -50.00 0.00> result: 90.00 100.89 -75.28 0.00 86.17 0.00 
[19:48:17.971] [ARM] [83] <0.00 -50.00 0.00> result: 90.00 100.89 -75.28 0.00 86.17 0.00 
[19:48:17.971] [ARM] [84] <0.00 -50.00 0.00> result: 90.00 100.89 -75.28 0.00 86.17 0.00 
[19:48:17.971] [ARM] [85] <0.00 -50.00 0.00> result: 90.00 100.89 -75.28 0.00 86.17 0.00 
[19:48:17.993] [ARM] [86] <0.00 -50.00 0.00> result: 90.00 100.89 -75.28 0.00 86.17 0.00 
[19:48:17.994] [ARM] [87] <0.00 -50.00 0.00> result: 90.00 100.89 -75.28 0.00 86.17 0.00 
[19:48:17.994] [ARM] [88] <0.00 -50.00 0.00> result: 90.00 100.89 -75.28 0.00 86.17 0.00 
[19:48:17.994] [ARM] [89] <0.00 -50.00 0.00> result: 90.00 100.89 -75.28 0.00 86.17 0.00 
[19:48:18.017] [ARM] [90] <0.00 -50.00 0.00> result: 90.00 100.89 -75.28 0.00 86.17 0.00 
[19:48:18.018] [ARM] [91] <0.00 -50.00 0.00> result: 90.00 100.89 -75.28 0.00 86.17 0.00 
[19:48:18.018] [ARM] [92] <0.00 -50.00 0.00> result: 90.00 100.89 -75.28 0.00 86.17 0.00 
[19:48:18.018] [ARM] [93] <0.00 -50.00 0.00> result: 90.00 100.89 -75.28 0.00 86.17 0.00 
[19:48:18.038] [ARM] [94] <0.00 -50.00 0.00> result: 90.00 100.89 -75.28 0.00 86.17 0.00 
[19:48:18.039] [ARM] [95] <0.00 -50.00 0.00> result: 90.00 100.89 -75.28 0.00 86.17 0.00 
[19:48:18.039] [ARM] [96] <0.00 -50.00 0.00> result: 90.00 100.89 -75.28 0.00 86.17 0.00 
[19:48:18.061] [ARM] [97] <0.00 -50.00 0.00> result: 90.00 100.89 -75.28 0.00 86.17 0.00 
[19:48:18.061] [ARM] [98] <0.00 -50.00 0.00> result: 90.00 100.89 -75.28 0.00 86.17 0.00 
[19:48:18.062] [ARM] [99] <0.00 -50.00 0.00> result: 90.00 100.89 -75.28 0.00 86.17 0.00 
[19:48:18.062] [ARM] [100] <0.00 -50.00 0.00> result: 90.00 100.89 -75.28 0.00 86.17 0.00 
[19:48:18.085] [ARM] [101] <0.00 -50.00 0.00> result: 90.00 100.89 -75.28 0.00 86.17 0.00 
[19:48:18.085] [ARM] [102] <0.00 -50.00 0.00> result: 90.00 100.89 -75.28 0.00 86.17 0.00 
[19:48:18.085] [ARM] [103] <0.00 -50.00 0.00> result: 90.00 100.89 -75.28 0.00 86.17 0.00 
[19:48:18.085] [ARM] [104] <0.00 -50.00 0.00> result: 90.00 100.89 -75.28 0.00 86.17 0.00 
[19:48:18.107] [ARM] [105] <0.00 -50.00 0.00> result: 90.00 100.89 -75.28 0.00 86.17 0.00 
[19:48:18.107] [ARM] [106] <0.00 -50.00 0.00> result: 90.00 100.89 -75.28 0.00 86.17 0.00 
[19:48:18.107] [ARM] [107] <0.00 -50.00 0.00> result: 90.00 100.89 -75.28 0.00 86.17 0.00 
[19:48:18.131] [ARM] [108] <0.00 -50.00 0.00> result: 90.00 100.89 -75.28 0.00 86.17 0.00 
[19:48:18.131] [ARM] [109] <0.00 -50.00 0.00> result: 90.00 100.89 -75.28 0.00 86.17 0.00 
[19:48:18.131] [ARM] [110] <0.00 -50.00 0.00> result: 90.00 100.89 -75.28 0.00 86.17 0.00 
[19:48:18.131] [ARM] [111] <0.00 -50.00 0.00> result: 90.00 100.89 -75.28 0.00 86.17 0.00 
[19:48:18.165] [ARM] [112] <0.00 -50.00 0.00> result: 90.00 100.89 -75.28 0.00 86.17 0.00 
[19:48:18.165] [ARM] [113] <0.00 -50.00 0.00> result: 90.00 100.89 -75.28 0.00 86.17 0.00 
[19:48:18.165] [ARM] [114] <0.00 -50.00 0.00> result: 90.00 100.89 -75.28 0.00 86.17 0.00 
[19:48:18.165] [ARM] [115] <0.00 -50.00 0.00> result: 90.00 100.89 -75.28 0.00 86.17 0.00 
[19:48:18.187] [ARM] [116] <0.00 -50.00 0.00> result: 90.00 100.89 -75.28 0.00 86.17 0.00 
[19:48:18.188] [ARM] [117] <0.00 -50.00 0.00> result: 90.00 100.89 -75.28 0.00 86.17 0.00 
[19:48:18.188] [ARM] [118] <0.00 -50.00 0.00> result: 90.00 100.89 -75.28 0.00 86.17 0.00 
[19:48:18.210] [ARM] [119] <0.00 -50.00 0.00> result: 90.00 100.89 -75.28 0.00 86.17 0.00 
[19:48:18.211] [ARM] [120] <0.00 -50.00 0.00> result: 90.00 100.89 -75.28 0.00 86.17 0.00 
[19:48:18.211] [ARM] [121] <0.00 -50.00 0.00> result: 90.00 100.89 -75.28 0.00 86.17 0.00 
[19:48:18.211] [ARM] [122] <0.00 -50.00 0.00> result: 90.00 100.89 -75.28 0.00 86.17 0.00 
[19:48:18.233] [ARM] [123] <0.00 -50.00 0.00> result: 90.00 100.89 -75.28 0.00 86.17 0.00 
[19:48:18.233] [ARM] [124] <0.00 -50.00 0.00> result: 90.00 100.89 -75.28 0.00 86.17 0.00 
[19:48:18.233] [ARM] [125] <0.00 -50.00 0.00> result: 90.00 100.89 -75.28 0.00 86.17 0.00 
[19:48:18.233] [ARM] [126] <0.00 -50.00 0.00> result: 90.00 100.89 -75.28 0.00 86.17 0.00 
[19:48:18.255] [ARM] [127] <0.00 -50.00 0.00> result: 90.00 100.89 -75.28 0.00 86.17 0.00 
[19:48:18.255] [ARM] [128] <0.00 -50.00 0.00> result: 90.00 100.89 -75.28 0.00 86.17 0.00 
[19:48:18.255] [ARM] [129] <0.00 -50.00 0.00> result: 90.00 100.89 -75.28 0.00 86.17 0.00 
[19:48:18.278] [ARM] [130] <0.00 -50.00 0.00> result: 90.00 100.89 -75.28 0.00 86.17 0.00 
[19:48:18.278] [ARM] [131] <0.00 -50.00 0.00> result: 90.00 100.89 -75.28 0.00 86.17 0.00 
[19:48:18.279] [ARM] [132] <0.00 -50.00 0.00> result: 90.00 100.89 -75.28 0.00 86.17 0.00 
[19:48:18.279] [ARM] [133] <0.00 -50.00 0.00> result: 90.00 100.89 -75.28 0.00 86.17 0.00 
[19:48:18.302] [ARM] [134] <0.00 -50.00 0.00> result: 90.00 100.89 -75.28 0.00 86.17 0.00 
[19:48:18.302] [ARM] [135] <0.00 -50.00 0.00> result: 90.00 100.89 -75.28 0.00 86.17 0.00 
[19:48:18.302] [ARM] [136] <0.00 -50.00 0.00> result: 90.00 100.89 -75.28 0.00 86.17 0.00 
[19:48:18.302] [ARM] [137] <0.00 -50.00 0.00> result: 90.00 100.89 -75.28 0.00 86.17 0.00 
[19:48:18.336] [ARM] [138] <0.00 -50.00 0.00> result: 90.00 100.89 -75.28 0.00 86.17 0.00 
[19:48:18.336] [ARM] [139] <0.00 -50.00 0.00> result: 90.00 100.89 -75.28 0.00 86.17 0.00 
[19:48:18.336] [ARM] [140] <0.00 -50.00 0.00> result: 90.00 100.89 -75.28 0.00 86.17 0.00 
[19:48:18.358] [ARM] [141] <0.00 -50.00 0.00> result: 90.00 100.89 -75.28 0.00 86.17 0.00 
[19:48:18.359] [ARM] [142] <0.00 -50.00 0.00> result: 90.00 100.89 -75.28 0.00 86.17 0.00 
[19:48:18.359] [ARM] [143] <0.00 -50.00 0.00> result: 90.00 100.89 -75.28 0.00 86.17 0.00 
[19:48:18.359] [ARM] [144] <0.00 -50.00 0.00> result: 90.00 100.89 -75.28 0.00 86.17 0.00 
[19:48:18.381] [ARM] [145] <0.00 -50.00 0.00> result: 90.00 100.89 -75.28 0.00 86.17 0.00 
[19:48:18.381] [ARM] [146] <0.00 -50.00 0.00> result: 90.00 100.89 -75.28 0.00 86.17 0.00 
[19:48:18.381] [ARM] [147] <0.00 -50.00 0.00> result: 90.00 100.89 -75.28 0.00 86.17 0.00 
[19:48:18.381] [ARM] [148] <0.00 -50.00 0.00> result: 90.00 100.89 -75.28 0.00 86.17 0.00 
[19:48:18.405] [ARM] [149] <0.00 -50.00 0.00> result: 90.00 100.89 -75.28 0.00 86.17 0.00 
[19:48:18.405] [ARM] [150] <0.00 -50.00 0.00> result: 90.00 100.89 -75.28 0.00 86.17 0.00 
[19:48:18.405] [ARM] [151] <0.00 -50.00 0.00> result: 90.00 100.89 -75.28 0.00 86.17 0.00 
[19:48:18.428] [ARM] [152] <0.00 -50.00 0.00> result: 90.00 100.89 -75.28 0.00 86.17 0.00 
[19:48:18.428] [ARM] [153] <0.00 -50.00 0.00> result: 90.00 100.89 -75.28 0.00 86.17 0.00 
[19:48:18.428] [ARM] [154] <0.00 -50.00 0.00> result: 90.00 100.89 -75.28 0.00 86.17 0.00 
[19:48:18.428] [ARM] [155] <0.00 -50.00 0.00> result: 90.00 100.89 -75.28 0.00 86.17 0.00 
[19:48:18.450] [ARM] [156] <0.00 -50.00 0.00> result: 90.00 100.89 -75.28 0.00 86.17 0.00 
[19:48:18.450] [ARM] [157] <0.00 -50.00 0.00> result: 90.00 100.89 -75.28 0.00 86.17 0.00 
[19:48:18.450] [ARM] [158] <0.00 -50.00 0.00> result: 90.00 100.89 -75.28 0.00 86.17 0.00 
[19:48:18.450] [ARM] [159] <0.00 -50.00 0.00> result: 90.00 100.89 -75.28 0.00 86.17 0.00 
[19:48:18.504] [ARM] [160] <0.00 -50.00 0.00> result: 90.00 100.89 -75.28 0.00 86.17 0.00 
[19:48:18.505] [ARM] [161] <0.00 -50.00 0.00> result: 90.00 100.89 -75.28 0.00 86.17 0.00 
[19:48:20.224] [ARM] [jpint 1] ave_error:0.00
[19:48:20.224] [ARM] [jpint 2] ave_error:3.27
[19:48:20.224] [ARM] [jpint 3] ave_error:4.77
[19:48:20.224] [ARM] [jpint 4] ave_error:0.00
[19:48:20.225] [ARM] [jpint 5] ave_error:7.71
[19:48:20.225] [ARM] 
[19:48:20.225] [ARM] robot pid run finished!!
[19:48:20.254] [JETSON-RX] CC 01 01 DD
[19:48:20.254] [JETSON-STATUS] READY func=0x01 value=0x01
[19:48:20.254] [JETSON-TX] vision sender enabled: period=0.200s.
[19:48:20.254] [STEP] sending vision frames dcx=90 dcy=-90, waiting ALIGN_DONE...
[19:48:20.577] [JETSON-RX] CC 02 01 DD
[19:48:20.577] [JETSON-STATUS] ALIGN_DONE func=0x02 value=0x01
[19:48:20.577] [PROMPT] 已对准。请按住 P000 KEY，脚本会自动等待 OUTPUT_ON，不需要按 Enter。
[19:48:20.577] [STEP] waiting OUTPUT_ON from RA6...
[19:48:24.787] [JETSON-RX] CC 03 01 DD
[19:48:24.787] [JETSON-STATUS] OUTPUT_ON func=0x03 value=0x01
[19:48:24.787] [PROMPT] 已进入 OUTPUT。请松开 P000 KEY，脚本会自动等待 OUTPUT_OFF，不需要按 Enter。
[19:48:24.787] [STEP] waiting OUTPUT_OFF from RA6...
[19:48:34.866] [FATAL] TimeoutError: timeout waiting for OUTPUT_OFF
[19:48:35.066] [JETSON-TX] TARGET_CTRL STOP: AA 01 00 BB
[19:48:35.067] [ARM-TX] laser_off
[19:48:35.073] [INFO] ports closed.
