[15:53:25.277] [INFO] log file: E:\Renesas\RA6M5-Robot\Robot_FreeRTOS - Arm\DEBUG\target_state_demo_20260629_155325.log
[15:53:25.277] [INFO] ARM=COM7 JETSON=COM14 baud=115200
[15:53:25.277] [INFO] aligned frame: FF 05 03 00 00 00 00 08 FE
[15:53:25.783] [ARM-TX] target_disable
[15:53:25.819] [ARM] Found handler for 'target_disable', executing...
[15:53:25.819] [ARM] target_disable
[15:53:25.984] [ARM-TX] laser_off
[15:53:26.052] [ARM] Found handler for 'laser_off', executing...
[15:53:26.052] [ARM] laser_off
[15:53:26.185] [ARM-TX] soft_reset
[15:53:26.229] [ARM] Found handler for 'soft_reset', executing...
[15:53:26.229] [ARM] ROBOT_SOFT_RESET_EVENT
[15:53:26.229] [ARM] --- Starting soft reset ---
[15:53:26.411] [ARM] Soft reset motors enabled (J1~J5, J6 skipped).
[15:53:26.411] [ARM] Soft resetting joint 4...
[15:53:26.470] [ARM] robot_update_current_angle 4...
[15:53:26.470] [ARM] [4] current:90.00, target:90.00, dir:1
[15:53:26.586] [ARM] Soft resetting joint 3...
[15:53:26.586] [ARM] robot_update_current_angle 3...
[15:53:26.586] [ARM] [3] current:-0.00, target:0.00, dir:1
[15:53:26.704] [ARM] Soft resetting joint 1...
[15:53:26.766] [ARM] robot_update_current_angle 1...
[15:53:26.766] [ARM] [1] current:89.96, target:90.00, dir:1
[15:53:26.883] [ARM] Soft resetting joint 2...
[15:53:26.883] [ARM] robot_update_current_angle 2...
[15:53:26.883] [ARM] [2] current:-90.00, target:-90.00, dir:-1
[15:53:27.001] [ARM] Soft resetting joint 0...
[15:53:27.062] [ARM] robot_update_current_angle 0...
[15:53:27.062] [ARM] [0] current:90.00, target:90.00, dir:1
[15:53:27.304] [ARM] soft reset final verify PASS (issues:0), pose set HOME.
[15:53:27.304] [ARM-TX] target_enable
[15:53:27.343] [ARM] Found handler for 'target_enable', executing...
[15:53:27.343] [ARM] target_enable
[15:53:27.343] [ARM] ROBOT_AUTO_EVENT
[15:53:27.343] [STEP] waiting READY from RA6...
[15:53:27.343] [ARM] [0] <0.00 0.00 0.00> result: 90.00 90.00 -90.00 0.00 90.00 0.00 
[15:53:27.343] [ARM] [1] <0.00 -0.00 0.00> result: 90.00 90.00 -90.00 0.00 90.00 0.00 
[15:53:27.367] [ARM] [2] <0.00 -0.00 0.00> result: 90.00 90.00 -90.00 0.00 90.00 0.00 
[15:53:27.367] [ARM] [3] <0.00 -0.01 0.00> result: 90.00 90.00 -90.00 0.00 90.00 0.00 
[15:53:27.367] [ARM] [4] <0.00 -0.02 0.00> result: 90.00 90.00 -89.99 0.00 90.00 0.00 
[15:53:27.367] [ARM] [5] <0.00 -0.03 0.00> result: 90.00 90.01 -89.99 0.00 90.00 0.00 
[15:53:27.395] [ARM] [6] <0.00 -0.05 0.00> result: 90.00 90.02 -89.98 0.00 90.00 0.00 
[15:53:27.395] [ARM] [7] <0.00 -0.08 0.00> result: 90.00 90.02 -89.98 0.00 90.00 0.00 
[15:53:27.396] [ARM] [8] <0.00 -0.12 0.00> result: 90.00 90.03 -89.97 0.00 90.00 0.00 
[15:53:27.396] [ARM] [9] <0.00 -0.17 0.00> result: 90.00 90.05 -89.95 0.00 90.00 0.00 
[15:53:27.423] [ARM] [10] <0.00 -0.22 0.00> result: 90.00 90.06 -89.94 0.00 90.00 0.00 
[15:53:27.423] [ARM] [11] <0.00 -0.29 0.00> result: 90.00 90.08 -89.92 0.00 90.00 0.00 
[15:53:27.423] [ARM] [12] <0.00 -0.38 0.00> result: 90.00 90.11 -89.89 0.00 90.00 0.00 
[15:53:27.423] [ARM] [13] <0.00 -0.47 0.00> result: 90.00 90.14 -89.86 0.00 90.00 0.00 
[15:53:27.446] [ARM] [14] <0.00 -0.59 0.00> result: 90.00 90.17 -89.83 0.00 90.00 0.00 
[15:53:27.446] [ARM] [15] <0.00 -0.71 0.00> result: 90.00 90.20 -89.80 0.00 90.00 0.00 
[15:53:27.446] [ARM] [16] <0.00 -0.86 0.00> result: 90.00 90.24 -89.75 0.00 90.00 0.00 
[15:53:27.446] [ARM] [17] <0.00 -1.02 0.00> result: 90.00 90.29 -89.71 0.00 90.00 0.00 
[15:53:27.470] [ARM] [18] <0.00 -1.20 0.00> result: 90.00 90.34 -89.65 0.00 90.00 0.00 
[15:53:27.470] [ARM] [19] <0.00 -1.41 0.00> result: 90.00 90.40 -89.60 0.00 89.99 0.00 
[15:53:27.470] [ARM] [20] <0.00 -1.63 0.00> result: 90.00 90.46 -89.53 0.00 89.99 0.00 
[15:53:27.498] [ARM] [21] <0.00 -1.87 0.00> result: 90.00 90.53 -89.46 0.00 89.99 0.00 
[15:53:27.498] [ARM] [22] <0.00 -2.14 0.00> result: 90.00 90.60 -89.39 0.00 89.99 0.00 
[15:53:27.498] [ARM] [23] <0.00 -2.43 0.00> result: 90.00 90.68 -89.30 0.00 89.98 0.00 
[15:53:27.498] [ARM] [24] <0.00 -2.74 0.00> result: 90.00 90.77 -89.21 0.00 89.98 0.00 
[15:53:27.516] [ARM] [25] <0.00 -3.08 0.00> result: 90.00 90.86 -89.11 0.00 89.97 0.00 
[15:53:27.516] [ARM] [26] <0.00 -3.45 0.00> result: 90.00 90.96 -89.01 0.00 89.97 0.00 
[15:53:27.516] [ARM] [27] <0.00 -3.83 0.00> result: 90.00 91.06 -88.90 0.00 89.96 0.00 
[15:53:27.516] [ARM] [28] <0.00 -4.25 0.00> result: 90.00 91.17 -88.78 0.00 89.95 0.00 
[15:53:27.538] [ARM] [29] <0.00 -4.69 0.00> result: 90.00 91.29 -88.65 0.00 89.94 0.00 
[15:53:27.538] [ARM] [30] <0.00 -5.16 0.00> result: 90.00 91.41 -88.52 0.00 89.93 0.00 
[15:53:27.538] [ARM] [31] <0.00 -5.66 0.00> result: 90.00 91.54 -88.37 0.00 89.91 0.00 
[15:53:27.538] [ARM] [32] <0.00 -6.19 0.00> result: 90.00 91.68 -88.22 0.00 89.90 0.00 
[15:53:27.560] [ARM] [33] <0.00 -6.74 0.00> result: 90.00 91.82 -88.06 0.00 89.88 0.00 
[15:53:27.560] [ARM] [34] <0.00 -7.33 0.00> result: 90.00 91.97 -87.89 0.00 89.86 0.00 
[15:53:27.560] [ARM] [35] <0.00 -7.94 0.00> result: 90.00 92.12 -87.71 0.00 89.84 0.00 
[15:53:27.560] [ARM] [36] <0.00 -8.58 0.00> result: 90.00 92.28 -87.53 0.00 89.81 0.00 
[15:53:27.582] [ARM] [37] <0.00 -9.25 0.00> result: 90.00 92.45 -87.33 0.00 89.78 0.00 
[15:53:27.582] [ARM] [38] <0.00 -9.95 0.00> result: 90.00 92.62 -87.13 0.00 89.75 0.00 
[15:53:27.582] [ARM] [39] <0.00 -10.69 0.00> result: 90.00 92.80 -86.92 0.00 89.72 0.00 
[15:53:27.617] [ARM] [40] <0.00 -11.45 0.00> result: 90.00 92.98 -86.69 0.00 89.68 0.00 
[15:53:27.617] [ARM] [41] <0.00 -12.24 0.00> result: 90.00 93.17 -86.46 0.00 89.64 0.00 
[15:53:27.618] [ARM] [42] <0.00 -13.06 0.00> result: 90.00 93.37 -86.22 0.00 89.59 0.00 
[15:53:27.618] [ARM] [43] <0.00 -13.91 0.00> result: 90.00 93.57 -85.98 0.00 89.54 0.00 
[15:53:27.640] [ARM] [44] <0.00 -14.80 0.00> result: 90.00 93.77 -85.72 0.00 89.49 0.00 
[15:53:27.640] [ARM] [45] <0.00 -15.71 0.00> result: 90.00 93.98 -85.45 0.00 89.43 0.00 
[15:53:27.640] [ARM] [46] <0.00 -16.65 0.00> result: 90.00 94.19 -85.18 0.00 89.37 0.00 
[15:53:27.640] [ARM] [47] <0.00 -17.62 0.00> result: 90.00 94.41 -84.89 0.00 89.30 0.00 
[15:53:27.664] [ARM] [48] <0.00 -18.62 0.00> result: 90.00 94.63 -84.60 0.00 89.23 0.00 
[15:53:27.664] [ARM] [49] <0.00 -19.64 0.00> result: 90.00 94.86 -84.30 0.00 89.16 0.00 
[15:53:27.664] [ARM] [50] <0.00 -20.70 0.00> result: 90.00 95.09 -83.99 0.00 89.08 0.00 
[15:53:27.664] [ARM] [51] <0.00 -21.78 0.00> result: 90.00 95.32 -83.67 0.00 89.00 0.00 
[15:53:27.687] [ARM] [52] <0.00 -22.89 0.00> result: 90.00 95.56 -83.35 0.00 88.91 0.00 
[15:53:27.687] [ARM] [53] <0.00 -24.02 0.00> result: 90.00 95.80 -83.01 0.00 88.81 0.00 
[15:53:27.687] [ARM] [54] <0.00 -25.19 0.00> result: 90.00 96.05 -82.67 0.00 88.72 0.00 
[15:53:27.687] [ARM] [55] <0.00 -26.37 0.00> result: 90.00 96.29 -82.32 0.00 88.61 0.00 
[15:53:27.710] [ARM] [56] <0.00 -27.59 0.00> result: 90.00 96.54 -81.96 0.00 88.51 0.00 
[15:53:27.710] [ARM] [57] <0.00 -28.82 0.00> result: 90.00 96.80 -81.60 0.00 88.40 0.00 
[15:53:27.710] [ARM] [58] <0.00 -30.08 0.00> result: 90.00 97.05 -81.22 0.00 88.28 0.00 
[15:53:27.733] [ARM] [59] <0.00 -31.36 0.00> result: 90.00 97.31 -80.84 0.00 88.16 0.00 
[15:53:27.733] [ARM] [60] <0.00 -32.67 0.00> result: 90.00 97.57 -80.46 0.00 88.03 0.00 
[15:53:27.733] [ARM] [61] <0.00 -33.99 0.00> result: 90.00 97.84 -80.06 0.00 87.90 0.00 
[15:53:27.733] [ARM] [62] <0.00 -35.34 0.00> result: 90.00 98.10 -79.66 0.00 87.77 0.00 
[15:53:27.755] [ARM] [63] <0.00 -36.70 0.00> result: 90.00 98.37 -79.26 0.00 87.63 0.00 
[15:53:27.756] [ARM] [64] <0.00 -38.09 0.00> result: 90.00 98.64 -78.85 0.00 87.48 0.00 
[15:53:27.756] [ARM] [65] <0.00 -39.49 0.00> result: 90.00 98.91 -78.43 0.00 87.34 0.00 
[15:53:27.756] [ARM] [66] <0.00 -40.91 0.00> result: 90.00 99.18 -78.01 0.00 87.19 0.00 
[15:53:27.789] [ARM] [67] <0.00 -42.34 0.00> result: 90.00 99.45 -77.58 0.00 87.03 0.00 
[15:53:27.789] [ARM] [68] <0.00 -43.78 0.00> result: 90.00 99.73 -77.15 0.00 86.87 0.00 
[15:53:27.790] [ARM] [69] <0.00 -45.25 0.00> result: 90.00 100.00 -76.71 0.00 86.71 0.00 
[15:53:27.790] [ARM] [70] <0.00 -46.72 0.00> result: 90.00 100.28 -76.27 0.00 86.54 0.00 
[15:53:27.812] [ARM] [71] <0.00 -48.20 0.00> result: 90.00 100.55 -75.82 0.00 86.37 0.00 
[15:53:27.812] [ARM] [72] <0.00 -49.70 0.00> result: 90.00 100.83 -75.37 0.00 86.20 0.00 
[15:53:27.812] [ARM] [73] <0.00 -50.00 0.00> result: 90.00 100.89 -75.28 0.00 86.17 0.00 
[15:53:27.835] [ARM] [74] <0.00 -50.00 0.00> result: 90.00 100.89 -75.28 0.00 86.17 0.00 
[15:53:27.835] [ARM] [75] <0.00 -50.00 0.00> result: 90.00 100.89 -75.28 0.00 86.17 0.00 
[15:53:27.835] [ARM] [76] <0.00 -50.00 0.00> result: 90.00 100.89 -75.28 0.00 86.17 0.00 
[15:53:27.835] [ARM] [77] <0.00 -50.00 0.00> result: 90.00 100.89 -75.28 0.00 86.17 0.00 
[15:53:27.857] [ARM] [78] <0.00 -50.00 0.00> result: 90.00 100.89 -75.28 0.00 86.17 0.00 
[15:53:27.858] [ARM] [79] <0.00 -50.00 0.00> result: 90.00 100.89 -75.28 0.00 86.17 0.00 
[15:53:27.858] [ARM] [80] <0.00 -50.00 0.00> result: 90.00 100.89 -75.28 0.00 86.17 0.00 
[15:53:27.858] [ARM] [81] <0.00 -50.00 0.00> result: 90.00 100.89 -75.28 0.00 86.17 0.00 
[15:53:27.880] [ARM] [82] <0.00 -50.00 0.00> result: 90.00 100.89 -75.28 0.00 86.17 0.00 
[15:53:27.880] [ARM] [83] <0.00 -50.00 0.00> result: 90.00 100.89 -75.28 0.00 86.17 0.00 
[15:53:27.880] [ARM] [84] <0.00 -50.00 0.00> result: 90.00 100.89 -75.28 0.00 86.17 0.00 
[15:53:27.907] [ARM] [85] <0.00 -50.00 0.00> result: 90.00 100.89 -75.28 0.00 86.17 0.00 
[15:53:27.907] [ARM] [86] <0.00 -50.00 0.00> result: 90.00 100.89 -75.28 0.00 86.17 0.00 
[15:53:27.907] [ARM] [87] <0.00 -50.00 0.00> result: 90.00 100.89 -75.28 0.00 86.17 0.00 
[15:53:27.907] [ARM] [88] <0.00 -50.00 0.00> result: 90.00 100.89 -75.28 0.00 86.17 0.00 
[15:53:27.927] [ARM] [89] <0.00 -50.00 0.00> result: 90.00 100.89 -75.28 0.00 86.17 0.00 
[15:53:27.927] [ARM] [90] <0.00 -50.00 0.00> result: 90.00 100.89 -75.28 0.00 86.17 0.00 
[15:53:27.928] [ARM] [91] <0.00 -50.00 0.00> result: 90.00 100.89 -75.28 0.00 86.17 0.00 
[15:53:27.928] [ARM] [92] <0.00 -50.00 0.00> result: 90.00 100.89 -75.28 0.00 86.17 0.00 
[15:53:27.949] [ARM] [93] <0.00 -50.00 0.00> result: 90.00 100.89 -75.28 0.00 86.17 0.00 
[15:53:27.949] [ARM] [94] <0.00 -50.00 0.00> result: 90.00 100.89 -75.28 0.00 86.17 0.00 
[15:53:27.949] [ARM] [95] <0.00 -50.00 0.00> result: 90.00 100.89 -75.28 0.00 86.17 0.00 
[15:53:27.949] [ARM] [96] <0.00 -50.00 0.00> result: 90.00 100.89 -75.28 0.00 86.17 0.00 
[15:53:27.983] [ARM] [97] <0.00 -50.00 0.00> result: 90.00 100.89 -75.28 0.00 86.17 0.00 
[15:53:27.983] [ARM] [98] <0.00 -50.00 0.00> result: 90.00 100.89 -75.28 0.00 86.17 0.00 
[15:53:27.983] [ARM] [99] <0.00 -50.00 0.00> result: 90.00 100.89 -75.28 0.00 86.17 0.00 
[15:53:28.009] [ARM] [100] <0.00 -50.00 0.00> result: 90.00 100.89 -75.28 0.00 86.17 0.00 
[15:53:28.009] [ARM] [101] <0.00 -50.00 0.00> result: 90.00 100.89 -75.28 0.00 86.17 0.00 
[15:53:28.010] [ARM] [102] <0.00 -50.00 0.00> result: 90.00 100.89 -75.28 0.00 86.17 0.00 
[15:53:28.010] [ARM] [103] <0.00 -50.00 0.00> result: 90.00 100.89 -75.28 0.00 86.17 0.00 
[15:53:28.029] [ARM] [104] <0.00 -50.00 0.00> result: 90.00 100.89 -75.28 0.00 86.17 0.00 
[15:53:28.030] [ARM] [105] <0.00 -50.00 0.00> result: 90.00 100.89 -75.28 0.00 86.17 0.00 
[15:53:28.030] [ARM] [106] <0.00 -50.00 0.00> result: 90.00 100.89 -75.28 0.00 86.17 0.00 
[15:53:28.030] [ARM] [107] <0.00 -50.00 0.00> result: 90.00 100.89 -75.28 0.00 86.17 0.00 
[15:53:28.053] [ARM] [108] <0.00 -50.00 0.00> result: 90.00 100.89 -75.28 0.00 86.17 0.00 
[15:53:28.053] [ARM] [109] <0.00 -50.00 0.00> result: 90.00 100.89 -75.28 0.00 86.17 0.00 
[15:53:28.053] [ARM] [110] <0.00 -50.00 0.00> result: 90.00 100.89 -75.28 0.00 86.17 0.00 
[15:53:28.076] [ARM] [111] <0.00 -50.00 0.00> result: 90.00 100.89 -75.28 0.00 86.17 0.00 
[15:53:28.076] [ARM] [112] <0.00 -50.00 0.00> result: 90.00 100.89 -75.28 0.00 86.17 0.00 
[15:53:28.076] [ARM] [113] <0.00 -50.00 0.00> result: 90.00 100.89 -75.28 0.00 86.17 0.00 
[15:53:28.076] [ARM] [114] <0.00 -50.00 0.00> result: 90.00 100.89 -75.28 0.00 86.17 0.00 
[15:53:28.097] [ARM] [115] <0.00 -50.00 0.00> result: 90.00 100.89 -75.28 0.00 86.17 0.00 
[15:53:28.097] [ARM] [116] <0.00 -50.00 0.00> result: 90.00 100.89 -75.28 0.00 86.17 0.00 
[15:53:28.098] [ARM] [117] <0.00 -50.00 0.00> result: 90.00 100.89 -75.28 0.00 86.17 0.00 
[15:53:28.098] [ARM] [118] <0.00 -50.00 0.00> result: 90.00 100.89 -75.28 0.00 86.17 0.00 
[15:53:28.121] [ARM] [119] <0.00 -50.00 0.00> result: 90.00 100.89 -75.28 0.00 86.17 0.00 
[15:53:28.121] [ARM] [120] <0.00 -50.00 0.00> result: 90.00 100.89 -75.28 0.00 86.17 0.00 
[15:53:28.121] [ARM] [121] <0.00 -50.00 0.00> result: 90.00 100.89 -75.28 0.00 86.17 0.00 
[15:53:28.156] [ARM] [122] <0.00 -50.00 0.00> result: 90.00 100.89 -75.28 0.00 86.17 0.00 
[15:53:28.156] [ARM] [123] <0.00 -50.00 0.00> result: 90.00 100.89 -75.28 0.00 86.17 0.00 
[15:53:28.156] [ARM] [124] <0.00 -50.00 0.00> result: 90.00 100.89 -75.28 0.00 86.17 0.00 
[15:53:28.156] [ARM] [125] <0.00 -50.00 0.00> result: 90.00 100.89 -75.28 0.00 86.17 0.00 
[15:53:28.178] [ARM] [126] <0.00 -50.00 0.00> result: 90.00 100.89 -75.28 0.00 86.17 0.00 
[15:53:28.178] [ARM] [127] <0.00 -50.00 0.00> result: 90.00 100.89 -75.28 0.00 86.17 0.00 
[15:53:28.178] [ARM] [128] <0.00 -50.00 0.00> result: 90.00 100.89 -75.28 0.00 86.17 0.00 
[15:53:28.200] [ARM] [129] <0.00 -50.00 0.00> result: 90.00 100.89 -75.28 0.00 86.17 0.00 
[15:53:28.200] [ARM] [130] <0.00 -50.00 0.00> result: 90.00 100.89 -75.28 0.00 86.17 0.00 
[15:53:28.200] [ARM] [131] <0.00 -50.00 0.00> result: 90.00 100.89 -75.28 0.00 86.17 0.00 
[15:53:28.200] [ARM] [132] <0.00 -50.00 0.00> result: 90.00 100.89 -75.28 0.00 86.17 0.00 
[15:53:28.222] [ARM] [133] <0.00 -50.00 0.00> result: 90.00 100.89 -75.28 0.00 86.17 0.00 
[15:53:28.222] [ARM] [134] <0.00 -50.00 0.00> result: 90.00 100.89 -75.28 0.00 86.17 0.00 
[15:53:28.222] [ARM] [135] <0.00 -50.00 0.00> result: 90.00 100.89 -75.28 0.00 86.17 0.00 
[15:53:28.222] [ARM] [136] <0.00 -50.00 0.00> result: 90.00 100.89 -75.28 0.00 86.17 0.00 
[15:53:28.247] [ARM] [137] <0.00 -50.00 0.00> result: 90.00 100.89 -75.28 0.00 86.17 0.00 
[15:53:28.247] [ARM] [138] <0.00 -50.00 0.00> result: 90.00 100.89 -75.28 0.00 86.17 0.00 
[15:53:28.247] [ARM] [139] <0.00 -50.00 0.00> result: 90.00 100.89 -75.28 0.00 86.17 0.00 
[15:53:28.270] [ARM] [140] <0.00 -50.00 0.00> result: 90.00 100.89 -75.28 0.00 86.17 0.00 
[15:53:28.270] [ARM] [141] <0.00 -50.00 0.00> result: 90.00 100.89 -75.28 0.00 86.17 0.00 
[15:53:28.270] [ARM] [142] <0.00 -50.00 0.00> result: 90.00 100.89 -75.28 0.00 86.17 0.00 
[15:53:28.270] [ARM] [143] <0.00 -50.00 0.00> result: 90.00 100.89 -75.28 0.00 86.17 0.00 
[15:53:28.292] [ARM] [144] <0.00 -50.00 0.00> result: 90.00 100.89 -75.28 0.00 86.17 0.00 
[15:53:28.292] [ARM] [145] <0.00 -50.00 0.00> result: 90.00 100.89 -75.28 0.00 86.17 0.00 
[15:53:28.292] [ARM] [146] <0.00 -50.00 0.00> result: 90.00 100.89 -75.28 0.00 86.17 0.00 
[15:53:28.292] [ARM] [147] <0.00 -50.00 0.00> result: 90.00 100.89 -75.28 0.00 86.17 0.00 
[15:53:28.316] [ARM] [148] <0.00 -50.00 0.00> result: 90.00 100.89 -75.28 0.00 86.17 0.00 
[15:53:28.317] [ARM] [149] <0.00 -50.00 0.00> result: 90.00 100.89 -75.28 0.00 86.17 0.00 
[15:53:28.317] [ARM] [150] <0.00 -50.00 0.00> result: 90.00 100.89 -75.28 0.00 86.17 0.00 
[15:53:28.349] [ARM] [151] <0.00 -50.00 0.00> result: 90.00 100.89 -75.28 0.00 86.17 0.00 
[15:53:28.349] [ARM] [152] <0.00 -50.00 0.00> result: 90.00 100.89 -75.28 0.00 86.17 0.00 
[15:53:28.349] [ARM] [153] <0.00 -50.00 0.00> result: 90.00 100.89 -75.28 0.00 86.17 0.00 
[15:53:28.349] [ARM] [154] <0.00 -50.00 0.00> result: 90.00 100.89 -75.28 0.00 86.17 0.00 
[15:53:28.373] [ARM] [155] <0.00 -50.00 0.00> result: 90.00 100.89 -75.28 0.00 86.17 0.00 
[15:53:28.373] [ARM] [156] <0.00 -50.00 0.00> result: 90.00 100.89 -75.28 0.00 86.17 0.00 
[15:53:28.373] [ARM] [157] <0.00 -50.00 0.00> result: 90.00 100.89 -75.28 0.00 86.17 0.00 
[15:53:28.373] [ARM] [158] <0.00 -50.00 0.00> result: 90.00 100.89 -75.28 0.00 86.17 0.00 
[15:53:28.424] [ARM] [159] <0.00 -50.00 0.00> result: 90.00 100.89 -75.28 0.00 86.17 0.00 
[15:53:28.424] [ARM] [160] <0.00 -50.00 0.00> result: 90.00 100.89 -75.28 0.00 86.17 0.00 
[15:53:28.424] [ARM] [161] <0.00 -50.00 0.00> result: 90.00 100.89 -75.28 0.00 86.17 0.00 
[15:53:30.110] [ARM] [jpint 1] ave_error:0.00
[15:53:30.110] [ARM] [jpint 2] ave_error:3.27
[15:53:30.110] [ARM] [jpint 3] ave_error:4.78
[15:53:30.110] [ARM] [jpint 4] ave_error:0.00
[15:53:30.170] [JETSON-RX] CC 01 01 DD
[15:53:30.170] [ARM] [jpint 5] ave_error:7.85
[15:53:30.170] [JETSON-STATUS] READY func=0x01 value=0x01
[15:53:30.170] [ARM] 
[15:53:30.170] [JETSON-TX] vision sender enabled: period=0.200s.
[15:53:30.170] [ARM] robot pid run finished!!
[15:53:30.170] [STEP] sending aligned vision frames, waiting ALIGN_DONE...
[15:53:30.971] [JETSON-RX] CC 02 01 DD
[15:53:30.971] [JETSON-STATUS] ALIGN_DONE func=0x02 value=0x01
[15:53:30.971] [PROMPT] 已对准。请按住 P000 KEY，脚本会自动等待 OUTPUT_ON，不需要按 Enter。
[15:53:30.971] [STEP] waiting OUTPUT_ON from RA6...
[15:53:32.522] [JETSON-RX] CC 03 01 DD
[15:53:32.522] [JETSON-STATUS] OUTPUT_ON func=0x03 value=0x01
[15:53:32.522] [PROMPT] 已进入 OUTPUT。请松开 P000 KEY，脚本会自动等待 OUTPUT_OFF，不需要按 Enter。
[15:53:32.522] [STEP] waiting OUTPUT_OFF from RA6...
[15:53:36.158] [JETSON-RX] CC 03 00 DD
[15:53:36.158] [JETSON-STATUS] OUTPUT_OFF func=0x03 value=0x00
[15:53:36.158] [JETSON-TX] vision sender disabled after 30 frames.
[15:53:36.158] [ARM-TX] target_disable
[15:53:36.246] [ARM] Found handler for 'target_disable', executing...
[15:53:36.246] [ARM] target_disable
[15:53:36.359] [ARM-TX] laser_off
[15:53:36.429] [ARM] Found handler for 'laser_off', executing...
[15:53:36.429] [ARM] laser_off
[15:53:36.560] [STEP] final soft_reset to HOME...
[15:53:36.560] [ARM-TX] soft_reset
[15:53:36.607] [ARM] Found handler for 'soft_reset', executing...
[15:53:36.607] [ARM] ROBOT_SOFT_RESET_EVENT
[15:53:36.607] [ARM] --- Starting soft reset ---
[15:53:36.787] [ARM] Soft reset motors enabled (J1~J5, J6 skipped).
[15:53:36.787] [ARM] Soft resetting joint 4...
[15:53:36.848] [ARM] robot_update_current_angle 4...
[15:53:36.848] [ARM] [4] current:77.43, target:90.00, dir:1
[15:53:37.564] [ARM] soft reset joint 4 settle timeout, keep going
[15:53:37.564] [ARM] Soft resetting joint 3...
[15:53:37.564] [ARM] robot_update_current_angle 3...
[15:53:37.564] [ARM] [3] current:-0.00, target:0.00, dir:1
[15:53:37.681] [ARM] Soft resetting joint 1...
[15:53:37.742] [ARM] robot_update_current_angle 1...
[15:53:37.742] [ARM] [1] current:109.11, target:90.00, dir:-1
[15:53:38.644] [ARM] soft reset joint 1 settle timeout, keep going
[15:53:38.644] [ARM] Soft resetting joint 2...
[15:53:38.644] [ARM] robot_update_current_angle 2...
[15:53:38.645] [ARM] [2] current:-62.25, target:-90.00, dir:-1
[15:53:39.858] [ARM] soft reset joint 2 settle timeout, keep going
[15:53:39.858] [ARM] Soft resetting joint 0...
[15:53:39.858] [ARM] robot_update_current_angle 0...
[15:53:39.858] [ARM] [0] current:90.00, target:90.00, dir:1
[15:53:40.033] [ARM] soft reset verify not pass, start refine loop...
[15:53:40.096] [ARM] soft reset refine joint 1 round 1: cur=92.63 target=90.00 err=2.63 dir=-1
[15:53:40.697] [ARM] soft reset refine joint 1 round 2: cur=91.43 target=90.00 err=1.43 dir=-1
[15:53:41.360] [ARM] soft reset refine pass 1 success.
[15:53:41.360] [ARM] soft reset final verify PASS (issues:3), pose set HOME.
[15:53:41.360] [DONE] final soft_reset PASS; robot returned HOME.
[15:53:41.360] [DONE] OUTPUT_OFF received; target disabled; demo sequence complete.
[15:53:41.561] [ARM-TX] target_disable
[15:53:41.564] [INFO] ports closed.
