[19:12:30.900] [INFO] log file: E:\Renesas\RA6M5-Robot\Robot_FreeRTOS - Arm\DEBUG\target_state_demo_20260629_191230.log
[19:12:30.900] [INFO] ARM=COM7 JETSON=COM14 baud=115200
[19:12:30.900] [INFO] start frame: AA 01 01 BB
[19:12:30.900] [INFO] stop frame: AA 01 00 BB
[19:12:30.900] [INFO] vision frame dcx=80 dcy=-80: FF 05 03 50 00 B0 FF 07 FE
[19:12:31.405] [JETSON-TX] TARGET_CTRL STOP: AA 01 00 BB
[19:12:31.477] [JETSON-RX] CC 04 00 DD
[19:12:31.477] [JETSON-STATUS] TARGET_CTRL_OFF func=0x04 value=0x00
[19:12:31.677] [ARM-TX] laser_off
[19:12:31.709] [ARM] Found handler for 'laser_off', executing...
[19:12:31.709] [ARM] laser_off
[19:12:31.878] [ARM-TX] soft_reset
[19:12:32.139] [ARM] Found handler for 'soft_reset', executing...
[19:12:32.139] [ARM] ROBOT_SOFT_RESET_EVSoft reset motors enabled (J1~J5, J6 skipped).
[19:12:32.139] [ARM] Soft resetting joint 4...
[19:12:32.139] [ARM] robot_update_current_angle 4...
[19:12:32.140] [ARM] [4] current:90.00, target:90.00, dir:-1
[19:12:32.263] [ARM] Soft resetting joint 3...
[19:12:32.324] [ARM] robot_update_current_angle 3...
[19:12:32.324] [ARM] [3] current:0.00, target:0.00, dir:-1
[19:12:32.448] [ARM] Soft resetting joint 1...
[19:12:32.448] [ARM] robot_update_current_angle 1...
[19:12:32.448] [ARM] [1] current:89.96, target:90.00, dir:1
[19:12:32.571] [ARM] Soft resetting joint 2...
[19:12:32.632] [ARM] robot_update_current_angle 2...
[19:12:32.632] [ARM] [2] current:-90.00, target:-90.00, dir:1
[19:12:32.694] [ARM] Soft resetting joint 0...
[19:12:32.756] [ARM] robot_update_current_angle 0...
[19:12:32.756] [ARM] [0] current:90.00, target:90.00, dir:-1
[19:12:33.001] [ARM] soft reset final verify PASS (issues:0), pose set HOME.
[19:12:33.001] [JETSON-TX] TARGET_CTRL START: AA 01 01 BB
[19:12:33.039] [ARM] ROBOT_AUTO_EVENT
[19:12:33.039] [ARM] [0] <0.00 0.00 0.00> result: 90.00 90.00 -90.00 0.00 90.00 0.00 
[19:12:33.039] [ARM] [1] <0.00 -0.00 0.00> result: 90.00 90.00 -90.00 0.00 90.00 0.00 
[19:12:33.039] [ARM] [2] <0.00 -0.00 0.00> result: 90.00 90.00 -90.00 0.00 90.00 0.00 
[19:12:33.061] [ARM] [3] <0.00 -0.01 0.00> result: 90.00 90.00 -90.00 0.00 90.00 0.00 
[19:12:33.062] [ARM] [4] <0.00 -0.02 0.00> result: 90.00 90.00 -89.99 0.00 90.00 0.00 
[19:12:33.062] [ARM] [5] <0.00 -0.03 0.00> result: 90.00 90.01 -89.99 0.00 90.00 0.00 
[19:12:33.062] [ARM] [6] <0.00 -0.05 0.00> result: 90.00 90.02 -89.98 0.00 90.00 0.00 
[19:12:33.063] [JETSON-RX] CC 04 01 DD
[19:12:33.063] [JETSON-STATUS] TARGET_CTRL_ON func=0x04 value=0x01
[19:12:33.063] [STEP] waiting READY from RA6...
[19:12:33.084] [ARM] [7] <0.00 -0.08 0.00> result: 90.00 90.02 -89.98 0.00 90.00 0.00 
[19:12:33.084] [ARM] [8] <0.00 -0.12 0.00> result: 90.00 90.03 -89.97 0.00 90.00 0.00 
[19:12:33.084] [ARM] [9] <0.00 -0.17 0.00> result: 90.00 90.05 -89.95 0.00 90.00 0.00 
[19:12:33.084] [ARM] [10] <0.00 -0.22 0.00> result: 90.00 90.06 -89.94 0.00 90.00 0.00 
[19:12:33.107] [ARM] [11] <0.00 -0.29 0.00> result: 90.00 90.08 -89.92 0.00 90.00 0.00 
[19:12:33.107] [ARM] [12] <0.00 -0.38 0.00> result: 90.00 90.11 -89.89 0.00 90.00 0.00 
[19:12:33.107] [ARM] [13] <0.00 -0.47 0.00> result: 90.00 90.14 -89.86 0.00 90.00 0.00 
[19:12:33.107] [ARM] [14] <0.00 -0.59 0.00> result: 90.00 90.17 -89.83 0.00 90.00 0.00 
[19:12:33.132] [ARM] [15] <0.00 -0.71 0.00> result: 90.00 90.20 -89.80 0.00 90.00 0.00 
[19:12:33.132] [ARM] [16] <0.00 -0.86 0.00> result: 90.00 90.24 -89.75 0.00 90.00 0.00 
[19:12:33.132] [ARM] [17] <0.00 -1.02 0.00> result: 90.00 90.29 -89.71 0.00 90.00 0.00 
[19:12:33.132] [ARM] [18] <0.00 -1.20 0.00> result: 90.00 90.34 -89.65 0.00 90.00 0.00 
[19:12:33.153] [ARM] [19] <0.00 -1.41 0.00> result: 90.00 90.40 -89.60 0.00 89.99 0.00 
[19:12:33.153] [ARM] [20] <0.00 -1.63 0.00> result: 90.00 90.46 -89.53 0.00 89.99 0.00 
[19:12:33.154] [ARM] [21] <0.00 -1.87 0.00> result: 90.00 90.53 -89.46 0.00 89.99 0.00 
[19:12:33.176] [ARM] [22] <0.00 -2.14 0.00> result: 90.00 90.60 -89.39 0.00 89.99 0.00 
[19:12:33.177] [ARM] [23] <0.00 -2.43 0.00> result: 90.00 90.68 -89.30 0.00 89.98 0.00 
[19:12:33.177] [ARM] [24] <0.00 -2.74 0.00> result: 90.00 90.77 -89.21 0.00 89.98 0.00 
[19:12:33.177] [ARM] [25] <0.00 -3.08 0.00> result: 90.00 90.86 -89.11 0.00 89.97 0.00 
[19:12:33.210] [ARM] [26] <0.00 -3.45 0.00> result: 90.00 90.96 -89.01 0.00 89.97 0.00 
[19:12:33.210] [ARM] [27] <0.00 -3.83 0.00> result: 90.00 91.06 -88.90 0.00 89.96 0.00 
[19:12:33.210] [ARM] [28] <0.00 -4.25 0.00> result: 90.00 91.17 -88.78 0.00 89.95 0.00 
[19:12:33.210] [ARM] [29] <0.00 -4.69 0.00> result: 90.00 91.29 -88.65 0.00 89.94 0.00 
[19:12:33.233] [ARM] [30] <0.00 -5.16 0.00> result: 90.00 91.41 -88.52 0.00 89.93 0.00 
[19:12:33.233] [ARM] [31] <0.00 -5.66 0.00> result: 90.00 91.54 -88.37 0.00 89.91 0.00 
[19:12:33.233] [ARM] [32] <0.00 -6.19 0.00> result: 90.00 91.68 -88.22 0.00 89.90 0.00 
[19:12:33.233] [ARM] [33] <0.00 -6.74 0.00> result: 90.00 91.82 -88.06 0.00 89.88 0.00 
[19:12:33.255] [ARM] [34] <0.00 -7.33 0.00> result: 90.00 91.97 -87.89 0.00 89.86 0.00 
[19:12:33.255] [ARM] [35] <0.00 -7.94 0.00> result: 90.00 92.12 -87.71 0.00 89.84 0.00 
[19:12:33.255] [ARM] [36] <0.00 -8.58 0.00> result: 90.00 92.28 -87.53 0.00 89.81 0.00 
[19:12:33.256] [ARM] [37] <0.00 -9.25 0.00> result: 90.00 92.45 -87.33 0.00 89.78 0.00 
[19:12:33.278] [ARM] [38] <0.00 -9.95 0.00> result: 90.00 92.62 -87.13 0.00 89.75 0.00 
[19:12:33.278] [ARM] [39] <0.00 -10.69 0.00> result: 90.00 92.80 -86.92 0.00 89.72 0.00 
[19:12:33.278] [ARM] [40] <0.00 -11.45 0.00> result: 90.00 92.98 -86.69 0.00 89.68 0.00 
[19:12:33.301] [ARM] [41] <0.00 -12.24 0.00> result: 90.00 93.17 -86.46 0.00 89.64 0.00 
[19:12:33.301] [ARM] [42] <0.00 -13.06 0.00> result: 90.00 93.37 -86.22 0.00 89.59 0.00 
[19:12:33.301] [ARM] [43] <0.00 -13.91 0.00> result: 90.00 93.57 -85.98 0.00 89.54 0.00 
[19:12:33.301] [ARM] [44] <0.00 -14.80 0.00> result: 90.00 93.77 -85.72 0.00 89.49 0.00 
[19:12:33.324] [ARM] [45] <0.00 -15.71 0.00> result: 90.00 93.98 -85.45 0.00 89.43 0.00 
[19:12:33.324] [ARM] [46] <0.00 -16.65 0.00> result: 90.00 94.19 -85.18 0.00 89.37 0.00 
[19:12:33.324] [ARM] [47] <0.00 -17.62 0.00> result: 90.00 94.41 -84.89 0.00 89.30 0.00 
[19:12:33.324] [ARM] [48] <0.00 -18.62 0.00> result: 90.00 94.63 -84.60 0.00 89.23 0.00 
[19:12:33.348] [ARM] [49] <0.00 -19.64 0.00> result: 90.00 94.86 -84.30 0.00 89.16 0.00 
[19:12:33.348] [ARM] [50] <0.00 -20.70 0.00> result: 90.00 95.09 -83.99 0.00 89.08 0.00 
[19:12:33.348] [ARM] [51] <0.00 -21.78 0.00> result: 90.00 95.32 -83.67 0.00 89.00 0.00 
[19:12:33.349] [ARM] [52] <0.00 -22.89 0.00> result: 90.00 95.56 -83.35 0.00 88.91 0.00 
[19:12:33.371] [ARM] [53] <0.00 -24.02 0.00> result: 90.00 95.80 -83.01 0.00 88.81 0.00 
[19:12:33.371] [ARM] [54] <0.00 -25.19 0.00> result: 90.00 96.05 -82.67 0.00 88.72 0.00 
[19:12:33.371] [ARM] [55] <0.00 -26.37 0.00> result: 90.00 96.29 -82.32 0.00 88.61 0.00 
[19:12:33.404] [ARM] [56] <0.00 -27.59 0.00> result: 90.00 96.54 -81.96 0.00 88.51 0.00 
[19:12:33.404] [ARM] [57] <0.00 -28.82 0.00> result: 90.00 96.80 -81.60 0.00 88.40 0.00 
[19:12:33.404] [ARM] [58] <0.00 -30.08 0.00> result: 90.00 97.05 -81.22 0.00 88.28 0.00 
[19:12:33.404] [ARM] [59] <0.00 -31.36 0.00> result: 90.00 97.31 -80.84 0.00 88.16 0.00 
[19:12:33.427] [ARM] [60] <0.00 -32.67 0.00> result: 90.00 97.57 -80.46 0.00 88.03 0.00 
[19:12:33.427] [ARM] [61] <0.00 -33.99 0.00> result: 90.00 97.84 -80.06 0.00 87.90 0.00 
[19:12:33.427] [ARM] [62] <0.00 -35.34 0.00> result: 90.00 98.10 -79.66 0.00 87.77 0.00 
[19:12:33.427] [ARM] [63] <0.00 -36.70 0.00> result: 90.00 98.37 -79.26 0.00 87.63 0.00 
[19:12:33.450] [ARM] [64] <0.00 -38.09 0.00> result: 90.00 98.64 -78.85 0.00 87.48 0.00 
[19:12:33.450] [ARM] [65] <0.00 -39.49 0.00> result: 90.00 98.91 -78.43 0.00 87.34 0.00 
[19:12:33.450] [ARM] [66] <0.00 -40.91 0.00> result: 90.00 99.18 -78.01 0.00 87.19 0.00 
[19:12:33.450] [ARM] [67] <0.00 -42.34 0.00> result: 90.00 99.45 -77.58 0.00 87.03 0.00 
[19:12:33.472] [ARM] [68] <0.00 -43.78 0.00> result: 90.00 99.73 -77.15 0.00 86.87 0.00 
[19:12:33.472] [ARM] [69] <0.00 -45.25 0.00> result: 90.00 100.00 -76.71 0.00 86.71 0.00 
[19:12:33.472] [ARM] [70] <0.00 -46.72 0.00> result: 90.00 100.28 -76.27 0.00 86.54 0.00 
[19:12:33.494] [ARM] [71] <0.00 -48.20 0.00> result: 90.00 100.55 -75.82 0.00 86.37 0.00 
[19:12:33.495] [ARM] [72] <0.00 -49.70 0.00> result: 90.00 100.83 -75.37 0.00 86.20 0.00 
[19:12:33.495] [ARM] [73] <0.00 -50.00 0.00> result: 90.00 100.89 -75.28 0.00 86.17 0.00 
[19:12:33.495] [ARM] [74] <0.00 -50.00 0.00> result: 90.00 100.89 -75.28 0.00 86.17 0.00 
[19:12:33.518] [ARM] [75] <0.00 -50.00 0.00> result: 90.00 100.89 -75.28 0.00 86.17 0.00 
[19:12:33.518] [ARM] [76] <0.00 -50.00 0.00> result: 90.00 100.89 -75.28 0.00 86.17 0.00 
[19:12:33.518] [ARM] [77] <0.00 -50.00 0.00> result: 90.00 100.89 -75.28 0.00 86.17 0.00 
[19:12:33.518] [ARM] [78] <0.00 -50.00 0.00> result: 90.00 100.89 -75.28 0.00 86.17 0.00 
[19:12:33.541] [ARM] [79] <0.00 -50.00 0.00> result: 90.00 100.89 -75.28 0.00 86.17 0.00 
[19:12:33.541] [ARM] [80] <0.00 -50.00 0.00> result: 90.00 100.89 -75.28 0.00 86.17 0.00 
[19:12:33.541] [ARM] [81] <0.00 -50.00 0.00> result: 90.00 100.89 -75.28 0.00 86.17 0.00 
[19:12:33.541] [ARM] [82] <0.00 -50.00 0.00> result: 90.00 100.89 -75.28 0.00 86.17 0.00 
[19:12:33.575] [ARM] [83] <0.00 -50.00 0.00> result: 90.00 100.89 -75.28 0.00 86.17 0.00 
[19:12:33.575] [ARM] [84] <0.00 -50.00 0.00> result: 90.00 100.89 -75.28 0.00 86.17 0.00 
[19:12:33.575] [ARM] [85] <0.00 -50.00 0.00> result: 90.00 100.89 -75.28 0.00 86.17 0.00 
[19:12:33.598] [ARM] [86] <0.00 -50.00 0.00> result: 90.00 100.89 -75.28 0.00 86.17 0.00 
[19:12:33.598] [ARM] [87] <0.00 -50.00 0.00> result: 90.00 100.89 -75.28 0.00 86.17 0.00 
[19:12:33.598] [ARM] [88] <0.00 -50.00 0.00> result: 90.00 100.89 -75.28 0.00 86.17 0.00 
[19:12:33.598] [ARM] [89] <0.00 -50.00 0.00> result: 90.00 100.89 -75.28 0.00 86.17 0.00 
[19:12:33.621] [ARM] [90] <0.00 -50.00 0.00> result: 90.00 100.89 -75.28 0.00 86.17 0.00 
[19:12:33.621] [ARM] [91] <0.00 -50.00 0.00> result: 90.00 100.89 -75.28 0.00 86.17 0.00 
[19:12:33.621] [ARM] [92] <0.00 -50.00 0.00> result: 90.00 100.89 -75.28 0.00 86.17 0.00 
[19:12:33.621] [ARM] [93] <0.00 -50.00 0.00> result: 90.00 100.89 -75.28 0.00 86.17 0.00 
[19:12:33.644] [ARM] [94] <0.00 -50.00 0.00> result: 90.00 100.89 -75.28 0.00 86.17 0.00 
[19:12:33.645] [ARM] [95] <0.00 -50.00 0.00> result: 90.00 100.89 -75.28 0.00 86.17 0.00 
[19:12:33.645] [ARM] [96] <0.00 -50.00 0.00> result: 90.00 100.89 -75.28 0.00 86.17 0.00 
[19:12:33.667] [ARM] [97] <0.00 -50.00 0.00> result: 90.00 100.89 -75.28 0.00 86.17 0.00 
[19:12:33.667] [ARM] [98] <0.00 -50.00 0.00> result: 90.00 100.89 -75.28 0.00 86.17 0.00 
[19:12:33.667] [ARM] [99] <0.00 -50.00 0.00> result: 90.00 100.89 -75.28 0.00 86.17 0.00 
[19:12:33.668] [ARM] [100] <0.00 -50.00 0.00> result: 90.00 100.89 -75.28 0.00 86.17 0.00 
[19:12:33.690] [ARM] [101] <0.00 -50.00 0.00> result: 90.00 100.89 -75.28 0.00 86.17 0.00 
[19:12:33.690] [ARM] [102] <0.00 -50.00 0.00> result: 90.00 100.89 -75.28 0.00 86.17 0.00 
[19:12:33.691] [ARM] [103] <0.00 -50.00 0.00> result: 90.00 100.89 -75.28 0.00 86.17 0.00 
[19:12:33.691] [ARM] [104] <0.00 -50.00 0.00> result: 90.00 100.89 -75.28 0.00 86.17 0.00 
[19:12:33.712] [ARM] [105] <0.00 -50.00 0.00> result: 90.00 100.89 -75.28 0.00 86.17 0.00 
[19:12:33.713] [ARM] [106] <0.00 -50.00 0.00> result: 90.00 100.89 -75.28 0.00 86.17 0.00 
[19:12:33.713] [ARM] [107] <0.00 -50.00 0.00> result: 90.00 100.89 -75.28 0.00 86.17 0.00 
[19:12:33.735] [ARM] [108] <0.00 -50.00 0.00> result: 90.00 100.89 -75.28 0.00 86.17 0.00 
[19:12:33.735] [ARM] [109] <0.00 -50.00 0.00> result: 90.00 100.89 -75.28 0.00 86.17 0.00 
[19:12:33.735] [ARM] [110] <0.00 -50.00 0.00> result: 90.00 100.89 -75.28 0.00 86.17 0.00 
[19:12:33.735] [ARM] [111] <0.00 -50.00 0.00> result: 90.00 100.89 -75.28 0.00 86.17 0.00 
[19:12:33.769] [ARM] [112] <0.00 -50.00 0.00> result: 90.00 100.89 -75.28 0.00 86.17 0.00 
[19:12:33.770] [ARM] [113] <0.00 -50.00 0.00> result: 90.00 100.89 -75.28 0.00 86.17 0.00 
[19:12:33.770] [ARM] [114] <0.00 -50.00 0.00> result: 90.00 100.89 -75.28 0.00 86.17 0.00 
[19:12:33.770] [ARM] [115] <0.00 -50.00 0.00> result: 90.00 100.89 -75.28 0.00 86.17 0.00 
[19:12:33.792] [ARM] [116] <0.00 -50.00 0.00> result: 90.00 100.89 -75.28 0.00 86.17 0.00 
[19:12:33.793] [ARM] [117] <0.00 -50.00 0.00> result: 90.00 100.89 -75.28 0.00 86.17 0.00 
[19:12:33.793] [ARM] [118] <0.00 -50.00 0.00> result: 90.00 100.89 -75.28 0.00 86.17 0.00 
[19:12:33.815] [ARM] [119] <0.00 -50.00 0.00> result: 90.00 100.89 -75.28 0.00 86.17 0.00 
[19:12:33.815] [ARM] [120] <0.00 -50.00 0.00> result: 90.00 100.89 -75.28 0.00 86.17 0.00 
[19:12:33.815] [ARM] [121] <0.00 -50.00 0.00> result: 90.00 100.89 -75.28 0.00 86.17 0.00 
[19:12:33.815] [ARM] [122] <0.00 -50.00 0.00> result: 90.00 100.89 -75.28 0.00 86.17 0.00 
[19:12:33.837] [ARM] [123] <0.00 -50.00 0.00> result: 90.00 100.89 -75.28 0.00 86.17 0.00 
[19:12:33.837] [ARM] [124] <0.00 -50.00 0.00> result: 90.00 100.89 -75.28 0.00 86.17 0.00 
[19:12:33.837] [ARM] [125] <0.00 -50.00 0.00> result: 90.00 100.89 -75.28 0.00 86.17 0.00 
[19:12:33.837] [ARM] [126] <0.00 -50.00 0.00> result: 90.00 100.89 -75.28 0.00 86.17 0.00 
[19:12:33.861] [ARM] [127] <0.00 -50.00 0.00> result: 90.00 100.89 -75.28 0.00 86.17 0.00 
[19:12:33.861] [ARM] [128] <0.00 -50.00 0.00> result: 90.00 100.89 -75.28 0.00 86.17 0.00 
[19:12:33.861] [ARM] [129] <0.00 -50.00 0.00> result: 90.00 100.89 -75.28 0.00 86.17 0.00 
[19:12:33.885] [ARM] [130] <0.00 -50.00 0.00> result: 90.00 100.89 -75.28 0.00 86.17 0.00 
[19:12:33.885] [ARM] [131] <0.00 -50.00 0.00> result: 90.00 100.89 -75.28 0.00 86.17 0.00 
[19:12:33.885] [ARM] [132] <0.00 -50.00 0.00> result: 90.00 100.89 -75.28 0.00 86.17 0.00 
[19:12:33.885] [ARM] [133] <0.00 -50.00 0.00> result: 90.00 100.89 -75.28 0.00 86.17 0.00 
[19:12:33.908] [ARM] [134] <0.00 -50.00 0.00> result: 90.00 100.89 -75.28 0.00 86.17 0.00 
[19:12:33.908] [ARM] [135] <0.00 -50.00 0.00> result: 90.00 100.89 -75.28 0.00 86.17 0.00 
[19:12:33.908] [ARM] [136] <0.00 -50.00 0.00> result: 90.00 100.89 -75.28 0.00 86.17 0.00 
[19:12:33.908] [ARM] [137] <0.00 -50.00 0.00> result: 90.00 100.89 -75.28 0.00 86.17 0.00 
[19:12:33.941] [ARM] [138] <0.00 -50.00 0.00> result: 90.00 100.89 -75.28 0.00 86.17 0.00 
[19:12:33.941] [ARM] [139] <0.00 -50.00 0.00> result: 90.00 100.89 -75.28 0.00 86.17 0.00 
[19:12:33.941] [ARM] [140] <0.00 -50.00 0.00> result: 90.00 100.89 -75.28 0.00 86.17 0.00 
[19:12:33.964] [ARM] [141] <0.00 -50.00 0.00> result: 90.00 100.89 -75.28 0.00 86.17 0.00 
[19:12:33.964] [ARM] [142] <0.00 -50.00 0.00> result: 90.00 100.89 -75.28 0.00 86.17 0.00 
[19:12:33.964] [ARM] [143] <0.00 -50.00 0.00> result: 90.00 100.89 -75.28 0.00 86.17 0.00 
[19:12:33.964] [ARM] [144] <0.00 -50.00 0.00> result: 90.00 100.89 -75.28 0.00 86.17 0.00 
[19:12:33.986] [ARM] [145] <0.00 -50.00 0.00> result: 90.00 100.89 -75.28 0.00 86.17 0.00 
[19:12:33.986] [ARM] [146] <0.00 -50.00 0.00> result: 90.00 100.89 -75.28 0.00 86.17 0.00 
[19:12:33.986] [ARM] [147] <0.00 -50.00 0.00> result: 90.00 100.89 -75.28 0.00 86.17 0.00 
[19:12:33.986] [ARM] [148] <0.00 -50.00 0.00> result: 90.00 100.89 -75.28 0.00 86.17 0.00 
[19:12:34.009] [ARM] [149] <0.00 -50.00 0.00> result: 90.00 100.89 -75.28 0.00 86.17 0.00 
[19:12:34.009] [ARM] [150] <0.00 -50.00 0.00> result: 90.00 100.89 -75.28 0.00 86.17 0.00 
[19:12:34.009] [ARM] [151] <0.00 -50.00 0.00> result: 90.00 100.89 -75.28 0.00 86.17 0.00 
[19:12:34.032] [ARM] [152] <0.00 -50.00 0.00> result: 90.00 100.89 -75.28 0.00 86.17 0.00 
[19:12:34.032] [ARM] [153] <0.00 -50.00 0.00> result: 90.00 100.89 -75.28 0.00 86.17 0.00 
[19:12:34.032] [ARM] [154] <0.00 -50.00 0.00> result: 90.00 100.89 -75.28 0.00 86.17 0.00 
[19:12:34.032] [ARM] [155] <0.00 -50.00 0.00> result: 90.00 100.89 -75.28 0.00 86.17 0.00 
[19:12:34.055] [ARM] [156] <0.00 -50.00 0.00> result: 90.00 100.89 -75.28 0.00 86.17 0.00 
[19:12:34.056] [ARM] [157] <0.00 -50.00 0.00> result: 90.00 100.89 -75.28 0.00 86.17 0.00 
[19:12:34.056] [ARM] [158] <0.00 -50.00 0.00> result: 90.00 100.89 -75.28 0.00 86.17 0.00 
[19:12:34.056] [ARM] [159] <0.00 -50.00 0.00> result: 90.00 100.89 -75.28 0.00 86.17 0.00 
[19:12:34.111] [ARM] [160] <0.00 -50.00 0.00> result: 90.00 100.89 -75.28 0.00 86.17 0.00 
[19:12:34.111] [ARM] [161] <0.00 -50.00 0.00> result: 90.00 100.89 -75.28 0.00 86.17 0.00 
[19:12:35.852] [JETSON-RX] CC 01 01 DD
[19:12:35.852] [JETSON-STATUS] READY func=0x01 value=0x01
[19:12:35.852] [JETSON-TX] vision sender enabled: period=0.200s.
[19:12:35.852] [STEP] sending vision frames dcx=80 dcy=-80, waiting ALIGN_DONE...
[19:12:35.898] [ARM] [jpint 1] ave_error:0.00
[19:12:35.898] [ARM] [jpint 2] ave_error:3.28
[19:12:35.898] [ARM] [jpint 3] ave_error:4.78
[19:12:35.898] [ARM] [jpint 4] ave_error:0.00
[19:12:35.898] [ARM] [jpint 5] ave_error:7.72
[19:12:35.898] [ARM] 
[19:12:35.898] [ARM] robot pid run finished!!
[19:12:36.375] [JETSON-RX] CC 02 01 DD
[19:12:36.375] [JETSON-STATUS] ALIGN_DONE func=0x02 value=0x01
[19:12:36.375] [PROMPT] 已对准。请按住 P000 KEY，脚本会自动等待 OUTPUT_ON，不需要按 Enter。
[19:12:36.375] [STEP] waiting OUTPUT_ON from RA6...
[19:12:38.080] [JETSON-RX] CC 03 01 DD
[19:12:38.080] [JETSON-STATUS] OUTPUT_ON func=0x03 value=0x01
[19:12:38.080] [PROMPT] 已进入 OUTPUT。请松开 P000 KEY，脚本会自动等待 OUTPUT_OFF，不需要按 Enter。
[19:12:38.080] [STEP] waiting OUTPUT_OFF from RA6...
[19:12:42.364] [JETSON-RX] CC 03 00 DD
[19:12:42.364] [JETSON-STATUS] OUTPUT_OFF func=0x03 value=0x00
[19:12:42.364] [JETSON-TX] vision sender disabled after 33 frames.
[19:12:42.364] [JETSON-TX] TARGET_CTRL STOP: AA 01 00 BB
[19:12:42.425] [JETSON-RX] CC 04 00 DD
[19:12:42.425] [JETSON-STATUS] TARGET_CTRL_OFF func=0x04 value=0x00
[19:12:42.627] [ARM-TX] laser_off
[19:12:42.732] [ARM] Found handler for 'laser_off', executing...
[19:12:42.732] [ARM] laser_off
[19:12:42.828] [STEP] final soft_reset to HOME...
[19:12:42.828] [ARM-TX] soft_reset
[19:12:42.855] [ARM] Found handler for 'soft_reset', executing...
[19:12:42.855] [ARM] ROBOT_SOFT_RESET_EVENT
[19:12:42.855] [ARM] --- Starting soft reset ---
[19:12:43.103] [ARM] Soft reset motors enabled (J1~J5, J6 skipped).
[19:12:43.103] [ARM] Soft resetting joint 4...
[19:12:43.103] [ARM] robot_update_current_angle 4...
[19:12:43.103] [ARM] [4] current:77.74, target:90.00, dir:1
[19:12:43.838] [ARM] soft reset joint 4 settle timeout, keep going
[19:12:43.838] [ARM] Soft resetting joint 3...
[19:12:43.838] [ARM] robot_update_current_angle 3...
[19:12:43.838] [ARM] [3] current:0.00, target:0.00, dir:-1
[19:12:43.963] [ARM] Soft resetting joint 1...
[19:12:44.025] [ARM] robot_update_current_angle 1...
[19:12:44.025] [ARM] [1] current:109.11, target:90.00, dir:-1
[19:12:44.892] [ARM] soft reset joint 1 settle timeout, keep going
[19:12:44.892] [ARM] Soft resetting joint 2...
[19:12:44.955] [ARM] robot_update_current_angle 2...
[19:12:44.955] [ARM] [2] current:-62.26, target:-90.00, dir:-1
[19:12:46.131] [ARM] soft reset joint 2 settle timeout, keep going
[19:12:46.131] [ARM] Soft resetting joint 0...
[19:12:46.131] [ARM] robot_update_current_angle 0...
[19:12:46.131] [ARM] [0] current:90.00, target:90.00, dir:-1
[19:12:46.254] [ARM] soft reset verify not pass, start refine loop...
[19:12:46.316] [ARM] soft reset refine joint 1 round 1: cur=92.63 target=90.00 err=2.63 dir=-1
[19:12:46.992] [ARM] soft reset refine joint 1 round 2: cur=91.43 target=90.00 err=1.43 dir=-1
[19:12:47.606] [ARM] soft reset refine pass 1 success.
[19:12:47.606] [ARM] soft reset final verify PASS (issues:3), pose set HOME.
[19:12:47.606] [DONE] final soft_reset PASS; robot returned HOME.
[19:12:47.606] [DONE] OUTPUT_OFF received; target disabled; demo sequence complete.
[19:12:47.806] [JETSON-TX] TARGET_CTRL STOP: AA 01 00 BB
[19:12:47.837] [ARM-TX] laser_off
[19:12:47.843] [INFO] ports closed.
