*** Using Compiler 'V6.24', folder: 'C:\Users\Administrator\AppData\Local\Keil_v5\ARM\ARMCLANG\Bin'
Build target 'Target_1'
Before Build - User command #1: cmd /c ""E:\Renesas\RA6M5-Robot\Robot_FreeRTOS - Arm\rasc_launcher.bat" "E:\Renesas\RA6M5-Robot\Robot_FreeRTOS - Arm\rasc_version.txt" -nosplash --launcher.suppressErrors --generate --compiler ARMv6 --devicefamily ra "E:\Renesas\RA6M5-Robot\Robot_FreeRTOS - Arm\configuration.xml" 2> "%TEMP%\rasc_stderr.out" && echo. > "E:\Renesas\RA6M5-Robot\Robot_FreeRTOS - Arm\output.rasc""
[INFO] Input file "E:\Renesas\RA6M5-Robot\Robot_FreeRTOS - Arm\configuration.xml" is older than output file "E:\Renesas\RA6M5-Robot\Robot_FreeRTOS - Arm\output.rasc". Skipping RASC invocation.
compiling bsp_led.c...
compiling robot_thread_entry.c...
MQTT/onenet.c(67): warning: implicit conversion loses integer precision: 'uint32' (aka 'unsigned int') to 'uint16_t' (aka 'unsigned short') [-Wimplicit-int-conversion]
   67 |                 ESP8266_SendData(mqttPacket._data, mqttPacket._len);                    //上传平台
      |                 ~~~~~~~~~~~~~~~~                   ~~~~~~~~~~~^~~~
MQTT/onenet.c(123): warning: implicit conversion loses integer precision: 'uint32' (aka 'unsigned int') to 'uint16_t' (aka 'unsigned short') [-Wimplicit-int-conversion]
  123 |                 ESP8266_SendData(mqttPacket._data, mqttPacket._len);                                    //向平台发送订阅请求
      |                 ~~~~~~~~~~~~~~~~                   ~~~~~~~~~~~^~~~
MQTT/onenet.c(151): warning: implicit conversion loses integer precision: 'uint32' (aka 'unsigned int') to 'uint16_t' (aka 'unsigned short') [-Wimplicit-int-conversion]
  151 |                 ESP8266_SendData(mqttPacket._data, mqttPacket._len);                                    //向平台发送订阅请求
      |                 ~~~~~~~~~~~~~~~~                   ~~~~~~~~~~~^~~~
MQTT/onenet.c(262): warning: implicit conversion loses integer precision: 'uint32' (aka 'unsigned int') to 'uint16_t' (aka 'unsigned short') [-Wimplicit-int-conversion]
  262 |                                         ESP8266_SendData(mqttPacket._data, mqttPacket._len);
      |                                         ~~~~~~~~~~~~~~~~                   ~~~~~~~~~~~^~~~
MQTT/onenet.c(277): warning: implicit conversion loses integer precision: 'uint32' (aka 'unsigned int') to 'uint16_t' (aka 'unsigned short') [-Wimplicit-int-conversion]
  277 |                                         ESP8266_SendData(mqttPacket._data, mqttPacket._len);
      |                                         ~~~~~~~~~~~~~~~~                   ~~~~~~~~~~~^~~~
5 warnings generated.
compiling onenet.c...
compiling robot_cmd.c...
compiling robot_target.c...
compiling robot_workflow.c...
APP/robot.c(179): warning: unused function 'robot_try_refresh_joints_feedback' [-Wunused-function]
  179 | static bool robot_try_refresh_joints_feedback(uint8_t retry_times)
      |             ^~~~~~~~~~~~~~~~~~~~~~~~~~~~~~~~~
1 warning generated.
compiling robot.c...
linking...
Program Size: Code=78852 RO-data=9176 RW-data=768 ZI-data=90240  
FromELF: creating hex file...
After Build - User command #1: cmd /c ""E:\Renesas\RA6M5-Robot\Robot_FreeRTOS - Arm\rasc_launcher.bat" "E:\Renesas\RA6M5-Robot\Robot_FreeRTOS - Arm\rasc_version.txt" -nosplash --launcher.suppressErrors --gensmartbundle --compiler ARMv6 --devicefamily ra "E:\Renesas\RA6M5-Robot\Robot_FreeRTOS - Arm\configuration.xml" "E:\Renesas\RA6M5-Robot\Robot_FreeRTOS - Arm\Objects\Robot_FreeRTOS.axf" 2> "%TEMP%\rasc_stderr.out""
[INFO] Input file "E:\Renesas\RA6M5-Robot\Robot_FreeRTOS - Arm\Objects\Robot_FreeRTOS.axf" is newer than output file "E:\Renesas\RA6M5-Robot\Robot_FreeRTOS - Arm\Objects\Robot_FreeRTOS.sbd". Proceeding with RASC invocation...
Generating Smart Bundle..
".\Objects\Robot_FreeRTOS.axf" - 0 Error(s), 6 Warning(s).
Build Time Elapsed:  00:00:51
