[18:02:43.523] [APP-INFO] 已刷新串口: COM7, COM16, COM22, COM21, COM14
[18:02:43.524] [APP-INFO] log file: E:\Renesas\RA6M5-Robot\Robot_FreeRTOS - Arm\UpperComputer\dist\logs\ra6m5_upper_console_20260704_180243.log
[18:02:51.245] [ARM-INFO] opened COM7 @ 115200
[18:02:52.525] [ARM-TX] 发送命令 soft_reset: soft_reset
[18:03:04.048] [ARM-INFO] 已关闭串口
[18:03:08.904] [ARM-INFO] opened COM7 @ 115200
[18:03:15.324] [ARM-ERROR] ClearCommError failed (PermissionError(13, '设备不识别此命令。', None, 22))
[18:03:25.667] [ARM-INFO] opened COM7 @ 115200
[18:03:27.290] [APP-INFO] 已刷新串口: COM7, COM16, COM22, COM21, COM14
[18:03:27.481] [APP-INFO] 已刷新串口: COM7, COM16, COM22, COM21, COM14
[18:03:27.670] [APP-INFO] 已刷新串口: COM7, COM16, COM22, COM21, COM14
[18:03:27.870] [APP-INFO] 已刷新串口: COM7, COM16, COM22, COM21, COM14
[18:03:28.050] [APP-INFO] 已刷新串口: COM7, COM16, COM22, COM21, COM14
[18:03:28.533] [APP-INFO] 已刷新串口: COM7, COM16, COM22, COM21, COM14
[18:03:28.702] [APP-INFO] 已刷新串口: COM7, COM16, COM22, COM21, COM14
[18:03:30.389] [ARM-INFO] opened COM7 @ 115200
[18:03:32.296] [ARM-TX] 发送命令 soft_reset: soft_reset
[18:03:38.755] [ARM-TX] 发送命令 soft_reset: soft_reset
[18:03:43.285] [ARM-TX] 发送命令 soft_reset: soft_reset
[18:03:43.745] [ARM-TX] 发送命令 soft_reset: soft_reset
[18:03:43.904] [ARM-TX] 发送命令 soft_reset: soft_reset
[18:03:44.635] [ARM-TX] 发送命令 read_all: read_all
[18:03:46.034] [ARM-TX] 发送命令 auto 0 -50 0: auto 0 -50 0
[18:04:33.026] [JETSON-INFO] 已停止周期视觉发送
