[13:16:05.650] [APP-INFO] 已刷新串口: COM7, COM16, COM22, COM21, COM14
[13:16:05.650] [APP-INFO] log file: E:\Renesas\RA6M5-Robot\Robot_FreeRTOS - Arm\UpperComputer\dist\logs\ra6m5_upper_console_20260706_131605.log
[13:16:46.026] [ARM-INFO] opened COM7 @ 115200
[13:16:46.392] [JETSON-INFO] opened COM14 @ 115200
[13:16:46.396] [JETSON-INFO] heartbeat started: 200 ms
[13:16:46.448] [ARM-RX] BSP_UART_Init Success!!!
[13:16:46.448] [ARM-RX] BSP_CAN_Init Success!!!
[13:16:48.189] [DEMO-INFO] 演示配置已保存
[13:16:48.190] [DEMO-INFO] 一键定靶演示开始
[13:16:48.190] [JETSON-TX] TARGET_CTRL_START_NEW: A5 5A 01 02 0A 01 01 F8 2A
[13:16:48.235] [ARM-RX] [JETSON_RX] target_ctrl=1
[13:16:48.235] [ARM-RX] ROBOT_AUTO_EVENT
[13:16:48.235] [ARM-RX] [0] <0.00 0.00 0.00> result: 90.00 90.00 -90.000.00 -90.00 0.00 90.00 0.00
[13:16:48.236] [ARM-RX] [2] <0.00 -0.00 -0.00> result: 90.00 90.00 -90.00 0.00 90.00 0.00
[13:16:48.236] [ARM-RX] [3] <0.00 -0.01 -0.00> result: 90.00 90.00 -90.00 0.00 90.00 0.00
[13:16:48.236] [ARM-RX] [4
[13:16:48.259] [ARM-RX] ] <0.00 -0.02 -0.00> result: 90.00 90.01 -90.00 0.00 90.00 0.00
[13:16:48.259] [ARM-RX] [5] <0.00 -0.03 -0.00> result: 90.00 90.01 -89.99 0.00 90.00 0.00
[13:16:48.259] [ARM-RX] [6] <0.00 -0.05 -0.00> result: 90.00 90.02 -89.99 0.00 90.00 0.00
[13:16:48.259] [ARM-RX] [7] <0.00 -0.07 -0.00> result: 90.00 90.02 -89.98 0.00 90
[13:16:48.264] [JETSON-RX] A5 5A 01 81 0A 03 04 01 00 CD C5
[13:16:48.264] [JETSON-STATUS] TARGET_CTRL_ON: A5 5A 01 81 0A 03 04 01 00 CD C5
[13:16:48.280] [ARM-RX] .00 0.00
[13:16:48.280] [ARM-RX] [8] <0.00 -0.11 -0.00> result: 90.00 90.03 -89.97 0.00 90.00 0.00
[13:16:48.280] [ARM-RX] [9] <0.00 -0.15 -0.00> result: 90.00 90.05 -89.96 0.00 90.00 0.00
[13:16:48.280] [ARM-RX] [10] <0.00 -0.20 -0.01> result: 90.00 90.06 -89.94 0.00 90.01 0.00
[13:16:48.280] [ARM-RX] [11] <0.00 -0.27 -0.01> result: 90.00 90.08
[13:16:48.303] [ARM-RX] -89.92 0.00 90.01 0.00
[13:16:48.303] [ARM-RX] [12] <0.00 -0.34 -0.01> result: 90.00 90.11 -89.90 0.00 90.01 0.00
[13:16:48.304] [ARM-RX] [13] <0.00 -0.43 -0.01> result: 90.00 90.14 -89.88 0.00 90.01 0.00
[13:16:48.304] [ARM-RX] [14] <0.00 -0.54 -0.01> result: 90.00 90.17 -89.85 0.00 90.02 0.00
[13:16:48.304] [ARM-RX] [15] <0.00 -0.65 -0.02> resu
[13:16:48.326] [ARM-RX] lt: 90.00 90.20 -89.81 0.00 90.02 0.00
[13:16:48.326] [ARM-RX] [16] <0.00 -0.79 -0.02> result: 90.00 90.25 -89.78 0.00 90.02 0.00
[13:16:48.327] [ARM-RX] [17] <0.00 -0.94 -0.02> result: 90.00 90.29 -89.73 0.00 90.03 0.00
[13:16:48.327] [ARM-RX] [18] <0.00 -1.10 -0.03> result: 90.00 90.34 -89.69 0.00 90.03 0.00
[13:16:48.327] [ARM-RX] [19] <0.00 -
[13:16:48.359] [ARM-RX] 1.29 -0.03> result: 90.00 90.40 -89.63 0.00 90.03 0.00
[13:16:48.361] [ARM-RX] [20] <0.00 -1.49 -0.04> result: 90.00 90.46 -89.57 0.00 90.04 0.00
[13:16:48.361] [ARM-RX] [21] <0.00 -1.72 -0.04> result: 90.00 90.53 -89.51 0.00 90.04 0.00
[13:16:48.361] [ARM-RX] [22] <0.00 -1.97 -0.05> result: 90.00 90.61 -89.44 0.00 90.05 0.
[13:16:48.383] [ARM-RX] 00
[13:16:48.383] [ARM-RX] [23] <0.00 -2.23 -0.06> result: 90.00 90.69 -89.36 0.00 90.05 0.00
[13:16:48.383] [ARM-RX] [24] <0.00 -2.52 -0.06> result: 90.00 90.77 -89.28 0.00 90.05 0.00
[13:16:48.384] [ARM-RX] [25] <0.00 -2.84 -0.07> result: 90.00 90.87 -89.19 0.00 90.06 0.00
[13:16:48.384] [ARM-RX] [26] <0.00 -3.17 -0.08> result: 90.00 90.97 -89.
[13:16:48.407] [ARM-RX] 10 0.00 90.06 0.00
[13:16:48.407] [ARM-RX] [27] <0.00 -3.53 -0.09> result: 90.00 91.07 -88.99 0.00 90.06 0.00
[13:16:48.408] [ARM-RX] [28] <0.00 -3.92 -0.10> result: 90.00 91.18 -88.88 0.00 90.07 0.00
[13:16:48.408] [ARM-RX] [29] <0.00 -4.33 -0.11> result: 90.00 91.30 -88.76 0.00 90.07 0.00
[13:16:48.408] [ARM-RX] [30] <0.00 -4.77 -0.12> result:
[13:16:48.429] [ARM-RX] 90.00 91.43 -88.64 0.00 90.07 0.00
[13:16:48.429] [ARM-RX] [31] <0.00 -5.23 -0.13> result: 90.00 91.56 -88.51 0.00 90.07 0.00
[13:16:48.429] [ARM-RX] [32] <0.00 -5.72 -0.14> result: 90.00 91.70 -88.37 0.00 90.07 0.00
[13:16:48.429] [ARM-RX] [33] <0.00 -6.24 -0.16> result: 90.00 91.85 -88.22 0.00 90.06 0.00
[13:16:48.430] [ARM-RX] [34] <0.00 -6.79
[13:16:48.452] [ARM-RX] -0.17> result: 90.00 92.00 -88.06 0.00 90.06 0.00
[13:16:48.452] [ARM-RX] [35] <0.00 -7.36 -0.18> result: 90.00 92.16 -87.89 0.00 90.05 0.00
[13:16:48.452] [ARM-RX] [36] <0.00 -7.96 -0.20> result: 90.00 92.32 -87.72 0.00 90.04 0.00
[13:16:48.452] [ARM-RX] [37] <0.00 -8.60 -0.21> result: 90.00 92.49 -87.54 0.00 90.03 0.00
[13:16:48.474] [ARM-RX] [38] <0.00 -9.26 -0.23> result: 90.00 92.67 -87.35 0.00 90.02 0.00
[13:16:48.475] [ARM-RX] [39] <0.00 -9.95 -0.25> result: 90.00 92.85 -87.15 0.00 90.00 0.00
[13:16:48.475] [ARM-RX] [40] <0.00 -10.67 -0.27> result: 90.00 93.04 -86.94 0.00 89.98 0.00
[13:16:48.475] [ARM-RX] [41] <0.00 -11.42 -0.29> result: 90.00 93.24 -86.72
[13:16:48.503] [ARM-RX] 0.00 89.96 0.00
[13:16:48.503] [ARM-RX] [42] <0.00 -12.20 -0.30> result: 90.00 93.44 -86.50 0.00 89.93 0.00
[13:16:48.503] [ARM-RX] [43] <0.00 -13.01 -0.33> result: 90.00 93.64 -86.26 0.00 89.91 0.00
[13:16:48.505] [ARM-RX] [44] <0.00 -13.85 -0.35> result: 90.00 93.85 -86.02 0.00 89.87 0.00
[13:16:48.505] [ARM-RX] [45] <0.00 -14.72 -0.37> result
[13:16:48.521] [ARM-RX] : 90.00 94.07 -85.77 0.00 89.84 0.00
[13:16:48.521] [ARM-RX] [46] <0.00 -15.62 -0.39> result: 90.00 94.29 -85.51 0.00 89.80 0.00
[13:16:48.522] [ARM-RX] [47] <0.00 -16.55 -0.41> result: 90.00 94.52 -85.24 0.00 89.75 0.00
[13:16:48.522] [ARM-RX] [48] <0.00 -17.51 -0.44> result: 90.00 94.75 -84.96 0.00 89.70 0.00
[13:16:48.522] [ARM-RX] [49] <0.00
[13:16:48.554] [ARM-RX] -18.49 -0.46> result: 90.00 94.98 -84.67 0.00 89.65 0.00
[13:16:48.555] [ARM-RX] [50] <0.00 -19.51 -0.49> result: 90.00 95.22 -84.37 0.00 89.59 0.00
[13:16:48.555] [ARM-RX] [51] <0.00 -20.56 -0.51> result: 90.00 95.47 -84.06 0.00 89.53 0.00
[13:16:48.555] [ARM-RX] [52] <0.00 -21.64 -0.54> result: 90.00 95.71 -83.75 0.00 89.
[13:16:48.578] [ARM-RX] 46 0.00
[13:16:48.578] [ARM-RX] [53] <0.00 -22.74 -0.57> result: 90.00 95.97 -83.43 0.00 89.39 0.00
[13:16:48.579] [ARM-RX] [54] <0.00 -23.88 -0.60> result: 90.00 96.22 -83.09 0.00 89.32 0.00
[13:16:48.579] [ARM-RX] [55] <0.00 -25.04 -0.63> result: 90.00 96.48 -82.75 0.00 89.23 0.00
[13:16:48.579] [ARM-RX] [56] <0.00 -26.23 -0.66> result: 90.00 9
[13:16:48.601] [ARM-RX] 6.74 -82.40 0.00 89.15 0.00
[13:16:48.601] [ARM-RX] [57] <0.00 -27.44 -0.69> result: 90.00 97.01 -82.05 0.00 89.06 0.00
[13:16:48.602] [ARM-RX] [58] <0.00 -28.68 -0.72> result: 90.00 97.28 -81.68 0.00 88.96 0.00
[13:16:48.602] [ARM-RX] [59] <0.00 -29.95 -0.75> result: 90.00 97.55 -81.31 0.00 88.86 0.00
[13:16:48.602] [ARM-RX] [60] <0.00 -31.25 -0
[13:16:48.624] [ARM-RX] .78> result: 90.00 97.83 -80.92 0.00 88.75 0.00
[13:16:48.624] [ARM-RX] [61] <0.00 -32.57 -0.81> result: 90.00 98.10 -80.53 0.00 88.64 0.00
[13:16:48.624] [ARM-RX] [62] <0.00 -33.91 -0.85> result: 90.00 98.39 -80.14 0.00 88.52 0.00
[13:16:48.625] [ARM-RX] [63] <0.00 -35.28 -0.88> result: 90.00 98.67 -79.73 0.00 88.40 0.00
[13:16:48.647] [ARM-RX] [64] <0.00 -36.67 -0.92> result: 90.00 98.95 -79.32 0.00 88.27 0.00
[13:16:48.647] [ARM-RX] [65] <0.00 -38.08 -0.95> result: 90.00 99.24 -78.90 0.00 88.14 0.00
[13:16:48.647] [ARM-RX] [66] <0.00 -39.51 -0.99> result: 90.00 99.53 -78.47 0.00 88.00 0.00
[13:16:48.648] [ARM-RX] [67] <0.00 -40.97 -1.02> result: 90.00 99.82 -78.
[13:16:48.669] [ARM-RX] 04 0.00 87.86 0.00
[13:16:48.671] [ARM-RX] [68] <0.00 -42.44 -1.06> result: 90.00 100.11 -77.60 0.00 87.71 0.00
[13:16:48.671] [ARM-RX] [69] <0.00 -43.94 -1.10> result: 90.00 100.41 -77.15 0.00 87.56 0.00
[13:16:48.671] [ARM-RX] [70] <0.00 -45.45 -1.14> result: 90.00 100.70 -76.70 0.00 87.41 0.00
[13:16:48.671] [ARM-RX] [71] <0.00 -46.98 -1.17> r
[13:16:48.693] [ARM-RX] esult: 90.00 101.00 -76.24 0.00 87.25 0.00
[13:16:48.693] [ARM-RX] [72] <0.00 -48.53 -1.21> result: 90.00 101.30 -75.78 0.00 87.08 0.00
[13:16:48.693] [ARM-RX] [73] <0.00 -50.09 -1.25> result: 90.00 101.60 -75.31 0.00 86.91 0.00
[13:16:48.694] [ARM-RX] [74] <0.00 -51.67 -1.29> result: 90.00 101.90 -74.84 0.00 86.74 0.00
[13:16:48.694] [ARM-RX] [7
[13:16:48.727] [ARM-RX] 5] <0.00 -53.26 -1.33> result: 90.00 102.20 -74.36 0.00 86.56 0.00
[13:16:48.727] [ARM-RX] [76] <0.00 -54.86 -1.37> result: 90.00 102.51 -73.87 0.00 86.38 0.00
[13:16:48.727] [ARM-RX] [77] <0.00 -56.48 -1.41> result: 90.00 102.81 -73.39 0.00 86.20 0.00
[13:16:48.727] [ARM-RX] [78] <0.00 -58.11 -1.45> result: 90.00 103.11 -7
[13:16:48.750] [ARM-RX] 2.89 0.00 86.01 0.00
[13:16:48.750] [ARM-RX] [79] <0.00 -59.75 -1.49> result: 90.00 103.42 -72.40 0.00 85.82 0.00
[13:16:48.750] [ARM-RX] [80] <0.00 -60.00 -1.50> result: 90.00 103.47 -72.32 0.00 85.79 0.00
[13:16:48.750] [ARM-RX] [81] <0.00 -60.00 -1.50> result: 90.00 103.47 -72.32 0.00 85.79 0.00
[13:16:48.751] [ARM-RX] [82] <0.00 -60.00 -1.50>
[13:16:48.773] [ARM-RX] result: 90.00 103.47 -72.32 0.00 85.79 0.00
[13:16:48.773] [ARM-RX] [83] <0.00 -60.00 -1.50> result: 90.00 103.47 -72.32 0.00 85.79 0.00
[13:16:48.774] [ARM-RX] [84] <0.00 -60.00 -1.50> result: 90.00 103.47 -72.32 0.00 85.79 0.00
[13:16:48.774] [ARM-RX] [85] <0.00 -60.00 -1.50> result: 90.00 103.47 -72.32 0.00 85.79 0.00
[13:16:48.796] [ARM-RX] [86] <0.00 -60.00 -1.50> result: 90.00 103.47 -72.32 0.00 85.79 0.00
[13:16:48.797] [ARM-RX] [87] <0.00 -60.00 -1.50> result: 90.00 103.47 -72.32 0.00 85.79 0.00
[13:16:48.797] [ARM-RX] [88] <0.00 -60.00 -1.50> result: 90.00 103.47 -72.32 0.00 85.79 0.00
[13:16:48.797] [ARM-RX] [89] <0.00 -60.00 -1.50> result: 90.00 103.47
[13:16:48.819] [ARM-RX] -72.32 0.00 85.79 0.00
[13:16:48.819] [ARM-RX] [90] <0.00 -60.00 -1.50> result: 90.00 103.47 -72.32 0.00 85.79 0.00
[13:16:48.820] [ARM-RX] [91] <0.00 -60.00 -1.50> result: 90.00 103.47 -72.32 0.00 85.79 0.00
[13:16:48.820] [ARM-RX] [92] <0.00 -60.00 -1.50> result: 90.00 103.47 -72.32 0.00 85.79 0.00
[13:16:48.820] [ARM-RX] [93] <0.00 -60.00 -1.5
[13:16:48.842] [ARM-RX] 0> result: 90.00 103.47 -72.32 0.00 85.79 0.00
[13:16:48.842] [ARM-RX] [94] <0.00 -60.00 -1.50> result: 90.00 103.47 -72.32 0.00 85.79 0.00
[13:16:48.842] [ARM-RX] [95] <0.00 -60.00 -1.50> result: 90.00 103.47 -72.32 0.00 85.79 0.00
[13:16:48.843] [ARM-RX] [96] <0.00 -60.00 -1.50> result: 90.00 103.47 -72.32 0.00 85.79 0.00
[13:16:48.865] [ARM-RX] [97] <0.00 -60.00 -1.50> result: 90.00 103.47 -72.32 0.00 85.79 0.00
[13:16:48.865] [ARM-RX] [98] <0.00 -60.00 -1.50> result: 90.00 103.47 -72.32 0.00 85.79 0.00
[13:16:48.865] [ARM-RX] [99] <0.00 -60.00 -1.50> result: 90.00 103.47 -72.32 0.00 85.79 0.00
[13:16:48.865] [ARM-RX] [100] <0.00 -60.00 -1.50> result: 90.00 103.
[13:16:48.888] [ARM-RX] 47 -72.32 0.00 85.79 0.00
[13:16:48.888] [ARM-RX] [101] <0.00 -60.00 -1.50> result: 90.00 103.47 -72.32 0.00 85.79 0.00
[13:16:48.888] [ARM-RX] [102] <0.00 -60.00 -1.50> result: 90.00 103.47 -72.32 0.00 85.79 0.00
[13:16:48.888] [ARM-RX] [103] <0.00 -60.00 -1.50> result: 90.00 103.47 -72.32 0.00 85.79 0.00
[13:16:48.888] [ARM-RX] [104] <0.00 -60.
[13:16:48.922] [ARM-RX] 00 -1.50> result: 90.00 103.47 -72.32 0.00 85.79 0.00
[13:16:48.922] [ARM-RX] [105] <0.00 -60.00 -1.50> result: 90.00 103.47 -72.32 0.00 85.79 0.00
[13:16:48.922] [ARM-RX] [106] <0.00 -60.00 -1.50> result: 90.00 103.47 -72.32 0.00 85.79 0.00
[13:16:48.923] [ARM-RX] [107] <0.00 -60.00 -1.50> result: 90.00 103.47 -72.32 0.00
[13:16:48.944] [ARM-RX] 85.79 0.00
[13:16:48.945] [ARM-RX] [108] <0.00 -60.00 -1.50> result: 90.00 103.47 -72.32 0.00 85.79 0.00
[13:16:48.945] [ARM-RX] [109] <0.00 -60.00 -1.50> result: 90.00 103.47 -72.32 0.00 85.79 0.00
[13:16:48.945] [ARM-RX] [110] <0.00 -60.00 -1.50> result: 90.00 103.47 -72.32 0.00 85.79 0.00
[13:16:48.945] [ARM-RX] [111] <0.00 -60.00 -1.50> resul
[13:16:48.968] [ARM-RX] t: 90.00 103.47 -72.32 0.00 85.79 0.00
[13:16:48.968] [ARM-RX] [112] <0.00 -60.00 -1.50> result: 90.00 103.47 -72.32 0.00 85.79 0.00
[13:16:48.968] [ARM-RX] [113] <0.00 -60.00 -1.50> result: 90.00 103.47 -72.32 0.00 85.79 0.00
[13:16:48.968] [ARM-RX] [114] <0.00 -60.00 -1.50> result: 90.00 103.47 -72.32 0.00 85.79 0.00
[13:16:48.969] [ARM-RX] [11
[13:16:48.991] [ARM-RX] 5] <0.00 -60.00 -1.50> result: 90.00 103.47 -72.32 0.00 85.79 0.00
[13:16:48.991] [ARM-RX] [116] <0.00 -60.00 -1.50> result: 90.00 103.47 -72.32 0.00 85.79 0.00
[13:16:48.991] [ARM-RX] [117] <0.00 -60.00 -1.50> result: 90.00 103.47 -72.32 0.00 85.79 0.00
[13:16:48.991] [ARM-RX] [118] <0.00 -60.00 -1.50> result: 90.00 103.47
[13:16:49.014] [ARM-RX] -72.32 0.00 85.79 0.00
[13:16:49.014] [ARM-RX] [119] <0.00 -60.00 -1.50> result: 90.00 103.47 -72.32 0.00 85.79 0.00
[13:16:49.014] [ARM-RX] [120] <0.00 -60.00 -1.50> result: 90.00 103.47 -72.32 0.00 85.79 0.00
[13:16:49.014] [ARM-RX] [121] <0.00 -60.00 -1.50> result: 90.00 103.47 -72.32 0.00 85.79 0.00
[13:16:49.014] [ARM-RX] [122] <0.00 -60.00
[13:16:49.037] [ARM-RX] -1.50> result: 90.00 103.47 -72.32 0.00 85.79 0.00
[13:16:49.038] [ARM-RX] [123] <0.00 -60.00 -1.50> result: 90.00 103.47 -72.32 0.00 85.79 0.00
[13:16:49.038] [ARM-RX] [124] <0.00 -60.00 -1.50> result: 90.00 103.47 -72.32 0.00 85.79 0.00
[13:16:49.038] [ARM-RX] [125] <0.00 -60.00 -1.50> result: 90.00 103.47 -72.32 0.00 85
[13:16:49.060] [ARM-RX] .79 0.00
[13:16:49.060] [ARM-RX] [126] <0.00 -60.00 -1.50> result: 90.00 103.47 -72.32 0.00 85.79 0.00
[13:16:49.061] [ARM-RX] [127] <0.00 -60.00 -1.50> result: 90.00 103.47 -72.32 0.00 85.79 0.00
[13:16:49.061] [ARM-RX] [128] <0.00 -60.00 -1.50> result: 90.00 103.47 -72.32 0.00 85.79 0.00
[13:16:49.061] [ARM-RX] [129] <0.00 -60.00 -1.50> result:
[13:16:49.094] [ARM-RX] 90.00 103.47 -72.32 0.00 85.79 0.00
[13:16:49.095] [ARM-RX] [130] <0.00 -60.00 -1.50> result: 90.00 103.47 -72.32 0.00 85.79 0.00
[13:16:49.095] [ARM-RX] [131] <0.00 -60.00 -1.50> result: 90.00 103.47 -72.32 0.00 85.79 0.00
[13:16:49.095] [ARM-RX] [132] <0.00 -60.00 -1.50> result: 90.00 103.47 -72.32 0.00 85.79 0.00
[13:16:49.095] [ARM-RX] [133]
[13:16:49.118] [ARM-RX] <0.00 -60.00 -1.50> result: 90.00 103.47 -72.32 0.00 85.79 0.00
[13:16:49.119] [ARM-RX] [134] <0.00 -60.00 -1.50> result: 90.00 103.47 -72.32 0.00 85.79 0.00
[13:16:49.119] [ARM-RX] [135] <0.00 -60.00 -1.50> result: 90.00 103.47 -72.32 0.00 85.79 0.00
[13:16:49.119] [ARM-RX] [136] <0.00 -60.00 -1.50> result: 90.00 103.47 -
[13:16:49.140] [ARM-RX] 72.32 0.00 85.79 0.00
[13:16:49.141] [ARM-RX] [137] <0.00 -60.00 -1.50> result: 90.00 103.47 -72.32 0.00 85.79 0.00
[13:16:49.141] [ARM-RX] [138] <0.00 -60.00 -1.50> result: 90.00 103.47 -72.32 0.00 85.79 0.00
[13:16:49.141] [ARM-RX] [139] <0.00 -60.00 -1.50> result: 90.00 103.47 -72.32 0.00 85.79 0.00
[13:16:49.142] [ARM-RX] [140] <0.00 -60.00 -
[13:16:49.164] [ARM-RX] 1.50> result: 90.00 103.47 -72.32 0.00 85.79 0.00
[13:16:49.164] [ARM-RX] [141] <0.00 -60.00 -1.50> result: 90.00 103.47 -72.32 0.00 85.79 0.00
[13:16:49.165] [ARM-RX] [142] <0.00 -60.00 -1.50> result: 90.00 103.47 -72.32 0.00 85.79 0.00
[13:16:49.165] [ARM-RX] [143] <0.00 -60.00 -1.50> result: 90.00 103.47 -72.32 0.00 85.7
[13:16:49.186] [ARM-RX] 9 0.00
[13:16:49.186] [ARM-RX] [144] <0.00 -60.00 -1.50> result: 90.00 103.47 -72.32 0.00 85.79 0.00
[13:16:49.187] [ARM-RX] [145] <0.00 -60.00 -1.50> result: 90.00 103.47 -72.32 0.00 85.79 0.00
[13:16:49.187] [ARM-RX] [146] <0.00 -60.00 -1.50> result: 90.00 103.47 -72.32 0.00 85.79 0.00
[13:16:49.187] [ARM-RX] [147] <0.00 -60.00 -1.50> result: 9
[13:16:49.208] [ARM-RX] 0.00 103.47 -72.32 0.00 85.79 0.00
[13:16:49.210] [ARM-RX] [148] <0.00 -60.00 -1.50> result: 90.00 103.47 -72.32 0.00 85.79 0.00
[13:16:49.210] [ARM-RX] [149] <0.00 -60.00 -1.50> result: 90.00 103.47 -72.32 0.00 85.79 0.00
[13:16:49.210] [ARM-RX] [150] <0.00 -60.00 -1.50> result: 90.00 103.47 -72.32 0.00 85.79 0.00
[13:16:49.210] [ARM-RX] [151] <
[13:16:49.231] [ARM-RX] 0.00 -60.00 -1.50> result: 90.00 103.47 -72.32 0.00 85.79 0.00
[13:16:49.232] [ARM-RX] [152] <0.00 -60.00 -1.50> result: 90.00 103.47 -72.32 0.00 85.79 0.00
[13:16:49.232] [ARM-RX] [153] <0.00 -60.00 -1.50> result: 90.00 103.47 -72.32 0.00 85.79 0.00
[13:16:49.232] [ARM-RX] [154] <0.00 -60.00 -1.50> result: 90.00 103.47 -72
[13:16:49.260] [ARM-RX] .32 0.00 85.79 0.00
[13:16:49.260] [ARM-RX] [155] <0.00 -60.00 -1.50> result: 90.00 103.47 -72.32 0.00 85.79 0.00
[13:16:49.260] [ARM-RX] [156] <0.00 -60.00 -1.50> result: 90.00 103.47 -72.32 0.00 85.79 0.00
[13:16:49.261] [ARM-RX] [157] <0.00 -60.00 -1.50> result: 90.00 103.47 -72.32 0.00 85.79 0.00
[13:16:49.261] [ARM-RX] [158] <0.00 -60.00 -1.
[13:16:49.290] [ARM-RX] 50> result: 90.00 103.47 -72.32 0.00 85.79 0.00
[13:16:49.290] [ARM-RX] [159] <0.00 -60.00 -1.50> result: 90.00 103.47 -72.32 0.00 85.79 0.00
[13:16:49.291] [ARM-RX] [160] <0.00 -60.00 -1.50> result: 90.00 103.47 -72.32 0.00 85.79 0.00
[13:16:49.291] [ARM-RX] [161] <0.00 -60.00 -1.50> result: 90.00 103.47 -72.32 0.00 85.79
[13:16:49.312] [ARM-RX] 0.00
[13:16:49.313] [ARM-RX] [162] <0.00 -60.00 -1.50> result: 90.00 103.47 -72.32 0.00 85.79 0.00
[13:16:49.313] [ARM-RX] [163] <0.00 -60.00 -1.50> result: 90.00 103.47 -72.32 0.00 85.79 0.00
[13:16:49.313] [ARM-RX] [164] <0.00 -60.00 -1.50> result: 90.00 103.47 -72.32 0.00 85.79 0.00
[13:16:49.313] [ARM-RX] [165] <0.00 -60.00 -1.50> result: 90.
[13:16:49.336] [ARM-RX] 00 103.47 -72.32 0.00 85.79 0.00
[13:16:49.336] [ARM-RX] [166] <0.00 -60.00 -1.50> result: 90.00 103.47 -72.32 0.00 85.79 0.00
[13:16:49.336] [ARM-RX] [167] <0.00 -60.00 -1.50> result: 90.00 103.47 -72.32 0.00 85.79 0.00
[13:16:49.336] [ARM-RX] [168] <0.00 -60.00 -1.50> result: 90.00 103.47 -72.32 0.00 85.79 0.00
[13:16:49.336] [ARM-RX] [169] <0.
[13:16:49.357] [ARM-RX] 00 -60.00 -1.50> result: 90.00 103.47 -72.32 0.00 85.79 0.00
[13:16:49.358] [ARM-RX] [170] <0.00 -60.00 -1.50> result: 90.00 103.47 -72.32 0.00 85.79 0.00
[13:16:49.358] [ARM-RX] [171] <0.00 -60.00 -1.50> result: 90.00 103.47 -72.32 0.00 85.79 0.00
[13:16:49.358] [ARM-RX] [172] <0.00 -60.00 -1.50> result: 90.00 103.47 -72.3
[13:16:49.381] [ARM-RX] 2 0.00 85.79 0.00
[13:16:49.381] [ARM-RX] [173] <0.00 -60.00 -1.50> result: 90.00 103.47 -72.32 0.00 85.79 0.00
[13:16:49.381] [ARM-RX] [174] <0.00 -60.00 -1.50> result: 90.00 103.47 -72.32 0.00 85.79 0.00
[13:16:49.381] [ARM-RX] [175] <0.00 -60.00 -1.50> result: 90.00 103.47 -72.32 0.00 85.79 0.00
[13:16:49.382] [ARM-RX] [176] <0.00 -60.00 -1.50
[13:16:49.441] [ARM-RX] > result: 90.00 103.47 -72.32 0.00 85.79 0.00
[13:16:51.306] [ARM-RX] [joint 1] ave_error:0.00
[13:16:51.306] [ARM-RX] [joint 2] ave_error:2.94
[13:16:51.307] [ARM-RX] [joint 3] ave_error:2.47
[13:16:51.307] [ARM-RX] [joint 4] ave_error:0.00
[13:16:51.307] [ARM-RX] [joint 5] ave_error:0.28
[13:16:51.307] [ARM-RX] robot pid run finished!!
[13:16:51.368] [JETSON-RX] A5 5A 01 81 1A 03 01 01 00 1C 07
[13:16:51.368] [JETSON-STATUS] READY: A5 5A 01 81 1A 03 01 01 00 1C 07
[13:16:51.369] [DEMO-INFO] 开始发送视觉序列: 30,-20:5;15,-10:5;8,-5:5;0,0:30
[13:16:51.369] [JETSON-TX] VISION_NEW dcx=30 dcy=-20: A5 5A 01 03 1B 05 1E 00 EC FF 01 05 E6
[13:16:51.429] [ARM-RX] [JETSON_RX] vision dcx=30 dcy=-20
[13:16:51.429] [ARM-RX] [TARGET] vision state=WAIT_DETECT enabled=1 dcx=30 dcy=-20 stable=0
[13:16:51.429] [ARM-RX] ROBOT_VISUAL_SERVO_EVENT
[13:16:51.429] [ARM-RX] robot visual servo start
[13:16:51.570] [JETSON-TX] VISION_NEW dcx=30 dcy=-20: A5 5A 01 03 1D 05 1E 00 EC FF 01 63 E6
[13:16:51.615] [ARM-RX] [JETSON_RX] vision dcx=30 dcy=-20
[13:16:51.615] [ARM-RX] [TARGET] vision state=ALIGN enabled=1 dcx=30 dcy=-20 stable=0
[13:16:51.615] [ARM-RX] [TARGET] visual servo vx=8.00 vz=-7.00 dcx=30 dcy=-20
[13:16:51.771] [JETSON-TX] VISION_NEW dcx=30 dcy=-20: A5 5A 01 03 1F 05 1E 00 EC FF 01 40 26
[13:16:51.802] [ARM-RX] [JETSON_RX] vision dcx=30 dcy=-20
[13:16:51.802] [ARM-RX] [TARGET] vision state=ALIGN enabled=1 dcx=30 dcy=-20 stable=0
[13:16:51.804] [ARM-RX] [TARGET] visual servo vx=8.00 vz=-7.00 dcx=30 dcy=-20
[13:16:51.972] [JETSON-TX] VISION_NEW dcx=30 dcy=-20: A5 5A 01 03 21 05 1E 00 EC FF 01 9F E5
[13:16:51.988] [ARM-RX] [JETSON_RX] vision dcx=30 dcy=-20
[13:16:51.988] [ARM-RX] [TARGET] vision state=ALIGN enabled=1 dcx=30 dcy=-20 stable=0
[13:16:51.988] [ARM-RX] [TARGET] visual servo
[13:16:52.051] [ARM-RX] vx=8.00 vz=-7.00 dcx=30 dcy=-20
[13:16:52.173] [JETSON-TX] VISION_NEW dcx=30 dcy=-20: A5 5A 01 03 23 05 1E 00 EC FF 01 BC 25
[13:16:52.236] [ARM-RX] [JETSON_RX] vision dcx=30 dcy=-20
[13:16:52.236] [ARM-RX] [TARGET] vision state=ALIGN enabled=1 dcx=30 dcy=-20 stable=0
[13:16:52.236] [ARM-RX] [TARGET] visual servo vx=8.00 vz=-7.00 dcx=30 dcy=-20
[13:16:52.374] [JETSON-TX] VISION_NEW dcx=15 dcy=-10: A5 5A 01 03 25 05 0F 00 F6 FF 01 07 E1
[13:16:52.423] [ARM-RX] [JETSON_RX] vision dcx=15 dcy=-10
[13:16:52.423] [ARM-RX] [TARGET] vision state=ALIGN enabled=1 dcx=15 dcy=-10 stable=0
[13:16:52.423] [ARM-RX] [TARGET] visual servo vx=3.00 vz=-3.00 dcx=15 dcy=-10
[13:16:52.575] [JETSON-TX] VISION_NEW dcx=15 dcy=-10: A5 5A 01 03 27 05 0F 00 F6 FF 01 24 21
[13:16:52.608] [ARM-RX] [JETSON_RX] vision dcx=15 dcy=-10
[13:16:52.608] [ARM-RX] [TARGET] vision state=ALIGN enabled=1 dcx=15 dcy=-10 stable=0
[13:16:52.608] [ARM-RX] [TARGET] visual servo vx=3.00 vz=-3.00 dcx=15 dcy=-10
[13:16:52.776] [JETSON-TX] VISION_NEW dcx=15 dcy=-10: A5 5A 01 03 29 05 0F 00 F6 FF 01 CB E1
[13:16:52.794] [ARM-RX] [JETSON_RX] vision dcx=15 dcy=-10
[13:16:52.857] [ARM-RX] [TARGET] vision state=ALIGN enabled=1 dcx=15 dcy=-10 stable=0
[13:16:52.857] [ARM-RX] [TARGET] visual servo vx=3.00 vz=-3.00 dcx=15 dcy=-10
[13:16:52.976] [JETSON-TX] VISION_NEW dcx=15 dcy=-10: A5 5A 01 03 2B 05 0F 00 F6 FF 01 E8 21
[13:16:53.044] [ARM-RX] [JETSON_RX] vision dcx=15 dcy=-10
[13:16:53.044] [ARM-RX] [TARGET] vision state=ALIGN enabled=1 dcx=15 dcy=-10 stable=0
[13:16:53.047] [ARM-RX] [TARGET] visual servo vx=3.00 vz=-3.00 dcx=15 dcy=-10
[13:16:53.177] [JETSON-TX] VISION_NEW dcx=15 dcy=-10: A5 5A 01 03 2D 05 0F 00 F6 FF 01 8E 21
[13:16:53.230] [ARM-RX] [JETSON_RX] vision dcx=15 dcy=-10
[13:16:53.230] [ARM-RX] [TARGET] vision state=ALIGN enabled=1 dcx=15 dcy=-10 stable=0
[13:16:53.230] [ARM-RX] [TARGET] visual servo vx=3.00 vz=-3.00 dcx=15 dcy=-10
[13:16:53.378] [JETSON-TX] VISION_NEW dcx=8 dcy=-5: A5 5A 01 03 2F 05 08 00 FB FF 01 89 E2
[13:16:53.414] [ARM-RX] [JETSON_RX] vision dcx=8 dcy=-5
[13:16:53.415] [ARM-RX] [TARGET] vision state=ALIGN enabled=1 dcx=8 dcy=-5 stable=0
[13:16:53.415] [ARM-RX] [TARGET] visual servo vx=2.80 vz=-1.75 dcx=8 dcy=-5
[13:16:53.579] [JETSON-TX] VISION_NEW dcx=8 dcy=-5: A5 5A 01 03 31 05 08 00 FB FF 01 77 E3
[13:16:53.601] [ARM-RX] [JETSON_RX] vision dcx=8 dcy=-5
[13:16:53.601] [ARM-RX] [TARGET] vision state=ALIGN enabled=1 dcx=8 dcy=-5 stable=0
[13:16:53.602] [ARM-RX] [TARGET] visual servo vx=2.80 vz=-1.75 dcx=8 dcy=-5
[13:16:53.780] [JETSON-TX] VISION_NEW dcx=8 dcy=-5: A5 5A 01 03 33 05 08 00 FB FF 01 54 23
[13:16:53.849] [ARM-RX] [JETSON_RX] vision dcx=8 dcy=-5
[13:16:53.849] [ARM-RX] [TARGET] vision state=ALIGN enabled=1 dcx=8 dcy=-5 stable=0
[13:16:53.849] [ARM-RX] [TARGET] visual servo vx=2.80 vz=-1.75 dcx=8 dcy=-5
[13:16:53.982] [JETSON-TX] VISION_NEW dcx=8 dcy=-5: A5 5A 01 03 35 05 08 00 FB FF 01 32 23
[13:16:54.035] [ARM-RX] [JETSON_RX] vision dcx=8 dcy=-5
[13:16:54.035] [ARM-RX] [TARGET] vision state=ALIGN enabled=1 dcx=8 dcy=-5 stable=0
[13:16:54.035] [ARM-RX] [TARGET] visual servo vx=2.80 vz=-1.75 dcx=8 dcy=-5
[13:16:54.183] [JETSON-TX] VISION_NEW dcx=8 dcy=-5: A5 5A 01 03 37 05 08 00 FB FF 01 11 E3
[13:16:54.221] [ARM-RX] [JETSON_RX] vision dcx=8 dcy=-5
[13:16:54.221] [ARM-RX] [TARGET] vision state=ALIGN enabled=1 dcx=8 dcy=-5 stable=0
[13:16:54.221] [ARM-RX] [TARGET] visual servo vx=2.80 vz=-1.75 dcx=8 dcy=-5
[13:16:54.384] [JETSON-TX] VISION_NEW dcx=0 dcy=0: A5 5A 01 03 39 05 00 00 00 00 01 2F E3
[13:16:54.406] [ARM-RX] [JETSON_RX] vision dcx=0 dcy=0
[13:16:54.406] [ARM-RX] [TARGET] vision state=ALIGN enabled=1 dcx=0 dcy=0 stable=0
[13:16:54.584] [JETSON-TX] VISION_NEW dcx=0 dcy=0: A5 5A 01 03 3B 05 00 00 00 00 01 0C 23
[13:16:54.651] [ARM-RX] [JETSON_RX] vision dcx=0 dcy=0
[13:16:54.651] [ARM-RX] [TARGET] vision state=ALIGN enabled=1 dcx=0 dcy=0 stable=1
[13:16:54.787] [JETSON-TX] VISION_NEW dcx=0 dcy=0: A5 5A 01 03 3D 05 00 00 00 00 01 6A 23
[13:16:54.837] [ARM-RX] [JETSON_RX] vision dcx=0 dcy=0
[13:16:54.837] [ARM-RX] [TARGET] vision state=ALIGN enabled=1 dcx=0 dcy=0 stable=2
[13:16:54.868] [JETSON-RX] A5 5A 01 81 3D 03 02 01 00 D8 00
[13:16:54.868] [JETSON-STATUS] ALIGN_DONE: A5 5A 01 81 3D 03 02 01 00 D8 00
[13:16:54.869] [DEMO-ACTION] 已对准：请按住 P000 KEY 允许激光输出。
[13:16:54.987] [JETSON-TX] VISION_NEW dcx=0 dcy=0: A5 5A 01 03 3F 05 00 00 00 00 01 49 E3
[13:16:55.022] [ARM-RX] [JETSON_RX] vision dcx=0 dcy=0
[13:16:55.022] [ARM-RX] [TARGET] vision state=CONFIRM enabled=1 dcx=0 dcy=0 stable=0
[13:16:55.189] [JETSON-TX] VISION_NEW dcx=0 dcy=0: A5 5A 01 03 41 05 00 00 00 00 01 D7 E4
[13:16:55.267] [ARM-RX] [JETSON_RX] vision dcx=0 dcy=0
[13:16:55.267] [ARM-RX] [TARGET] vision state=CONFIRM enabled=1 dcx=0 dcy=0 stable=0
[13:16:55.389] [JETSON-TX] VISION_NEW dcx=0 dcy=0: A5 5A 01 03 43 05 00 00 00 00 01 F4 24
[13:16:55.456] [ARM-RX] [JETSON_RX] vision dcx=0 dcy=0
[13:16:55.458] [ARM-RX] [TARGET] vision state=CONFIRM enabled=1 dcx=0 dcy=0 stable=0
[13:16:55.590] [JETSON-TX] VISION_NEW dcx=0 dcy=0: A5 5A 01 03 45 05 00 00 00 00 01 92 24
[13:16:55.645] [ARM-RX] [JETSON_RX] vision dcx=0 dcy=0
[13:16:55.646] [ARM-RX] [TARGET] vision state=CONFIRM enabled=1 dcx=0 dcy=0 stable=0
[13:16:55.646] [ARM-RX] robot visual servo stopped
[13:16:55.661] [JETSON-RX] A5 5A 01 81 45 03 03 01 00 29 CA
[13:16:55.661] [JETSON-STATUS] OUTPUT_ON: A5 5A 01 81 45 03 03 01 00 29 CA
[13:16:55.662] [DEMO-ACTION] 激光已输出：需要关闭时松开 P000 KEY。
[13:16:55.792] [JETSON-TX] VISION_NEW dcx=0 dcy=0: A5 5A 01 03 47 05 00 00 00 00 01 B1 E4
[13:16:55.831] [ARM-RX] [JETSON_RX] vision dcx=0 dcy=0
[13:16:55.831] [ARM-RX] [TARGET] vision state=OUTPUT enabled=1 dcx=0 dcy=0 stable=0
[13:16:55.993] [JETSON-TX] VISION_NEW dcx=0 dcy=0: A5 5A 01 03 49 05 00 00 00 00 01 5E 24
[13:16:56.017] [ARM-RX] [JETSON_RX] vision dcx=0 dcy=0
[13:16:56.017] [ARM-RX] [TARGET] vision state=OUTPUT enabled=1 dcx=0 dcy=0 stable=0
[13:16:56.194] [JETSON-TX] VISION_NEW dcx=0 dcy=0: A5 5A 01 03 4B 05 00 00 00 00 01 7D E4
[13:16:56.266] [ARM-RX] [JETSON_RX] vision dcx=0 dcy=0
[13:16:56.266] [ARM-RX] [TARGET] vision state=OUTPUT enabled=1 dcx=0 dcy=0 stable=0
[13:16:56.395] [JETSON-TX] VISION_NEW dcx=0 dcy=0: A5 5A 01 03 4D 05 00 00 00 00 01 1B E4
[13:16:56.452] [ARM-RX] [JETSON_RX] vision dcx=0 dcy=0
[13:16:56.452] [ARM-RX] [TARGET] vision state=OUTPUT enabled=1 dcx=0 dcy=0 stable=0
[13:16:56.595] [JETSON-TX] VISION_NEW dcx=0 dcy=0: A5 5A 01 03 4F 05 00 00 00 00 01 38 24
[13:16:56.639] [ARM-RX] [JETSON_RX] vision dcx=0 dcy=0
[13:16:56.639] [ARM-RX] [TARGET] vision state=OUTPUT enabled=1 dcx=0 dcy=0 stable=0
[13:16:56.701] [JETSON-RX] A5 5A 01 81 50 03 03 00 00 25 99
[13:16:56.701] [JETSON-STATUS] OUTPUT_OFF: A5 5A 01 81 50 03 03 00 00 25 99
[13:16:56.702] [JETSON-INFO] 已停止周期视觉发送
[13:16:56.703] [JETSON-INFO] heartbeat stopped
[13:16:56.703] [JETSON-TX] TARGET_CTRL_STOP_NEW: A5 5A 01 02 51 01 00 48 39
[13:16:56.703] [DEMO-INFO] 检测到 OUTPUT_OFF，演示流程结束。
[13:16:56.762] [ARM-RX] [JETSON_RX] target_ctrl=0
[13:16:56.762] [JETSON-RX] A5 5A 01 81 51 03 04 00 00 A9 98
[13:16:56.768] [ARM-RX] ROBOT_SOFT_RESET_EVENT
[13:16:56.768] [ARM-RX] --- Starting soft reset ---
[13:16:56.768] [JETSON-STATUS] TARGET_CTRL_OFF: A5 5A 01 81 51 03 04 00 00 A9 98
[13:16:56.947] [ARM-RX] Soft reset motors enabled (J1~J5, J6 skipped).
[13:16:56.949] [ARM-RX] Soft resetting joint 4...
[13:16:57.009] [ARM-RX] robot_update_current_angle 4...
[13:16:57.009] [ARM-RX] [4] current:91.23, target:90.00, dir:-1
[13:16:57.194] [ARM-RX] Soft resetting joint 3...
[13:16:57.257] [ARM-RX] robot_update_current_angle 3...
[13:16:57.257] [ARM-RX] [3] current:-6.54, target:0.00, dir:1
[13:16:58.371] [ARM-RX] Soft resetting joint 1...
[13:16:58.373] [ARM-RX] robot_update_current_angle 1...
[13:16:58.374] [ARM-RX] [1] current:108.94, target:90.00, dir:-1
[13:16:59.988] [ARM-RX] soft reset joint 1 settle timeout, keep going
[13:16:59.988] [ARM-RX] Soft resetting joint 2...
[13:16:59.988] [ARM-RX] robot_update_current_angle 2...
[13:16:59.988] [ARM-RX] [2] current:-72.39, target:-90.00, dir:-1
[13:17:01.608] [ARM-RX] soft reset joint 2 settle timeout, keep going
[13:17:01.608] [ARM-RX] Soft resetting joint 0...
[13:17:01.608] [ARM-RX] robot_update_current_angle 0...
[13:17:01.608] [ARM-RX] [0] current:96.43, target:90.00, dir:-1
[13:17:02.848] [ARM-RX] soft reset final verify PASS (issues:2), pose set HOME.
[13:19:11.718] [DEMO-INFO] 演示配置已保存
[13:19:11.719] [JETSON-INFO] heartbeat started: 200 ms
[13:19:11.719] [DEMO-INFO] 一键定靶演示开始
[13:19:11.720] [JETSON-TX] TARGET_CTRL_START_NEW: A5 5A 01 02 53 01 01 28 39
[13:19:11.755] [ARM-RX] [JETSON_RX] target_ctrl=1
[13:19:11.755] [ARM-RX] ROBOT_AUTO_EVENT
[13:19:11.756] [ARM-RX] [0] <0.00 0.00 0.00> result: 90.00 90.00 -90.00 0.00 90.00 0.00
[13:19:11.756] [ARM-RX] [1] <0.00 -0.00 -0.00> result: 90.00 90.00 -90.00 0.00 90.00 0.00
[13:19:11.756] [ARM-RX] [2] <0.00 -0.00 -0.00> result: 90.00 90.00 -90.00
[13:19:11.777] [ARM-RX] 0.00 90.00 0.00
[13:19:11.777] [ARM-RX] [3] <0.00 -0.01 -0.00> result: 90.00 90.00 -90.00 0.00 90.00 0.00
[13:19:11.778] [ARM-RX] [4] <0.00 -0.02 -0.00> result: 90.00 90.01 -90.00 0.00 90.00 0.00
[13:19:11.778] [ARM-RX] [5] <0.00 -0.03 -0.00> result: 90.00 90.01 -89.99 0.00 90.00 0.00
[13:19:11.778] [ARM-RX] [6] <0.00 -0.05 -0.00> result: 90.00 9
[13:19:11.789] [JETSON-RX] A5 5A 01 81 53 03 04 01 00 D1 C8
[13:19:11.789] [JETSON-STATUS] TARGET_CTRL_ON: A5 5A 01 81 53 03 04 01 00 D1 C8
[13:19:11.802] [ARM-RX] 0.02 -89.99 0.00 90.00 0.00
[13:19:11.802] [ARM-RX] [7] <0.00 -0.07 -0.00> result: 90.00 90.02 -89.98 0.00 90.00 0.00
[13:19:11.802] [ARM-RX] [8] <0.00 -0.11 -0.00> result: 90.00 90.03 -89.97 0.00 90.00 0.00
[13:19:11.803] [ARM-RX] [9] <0.00 -0.15 -0.00> result: 90.00 90.05 -89.96 0.00 90.00 0.00
[13:19:11.803] [ARM-RX] [10] <0.00 -0.20 -0.01> re
[13:19:11.834] [ARM-RX] sult: 90.00 90.06 -89.94 0.00 90.01 0.00
[13:19:11.834] [ARM-RX] [11] <0.00 -0.27 -0.01> result: 90.00 90.08 -89.92 0.00 90.01 0.00
[13:19:11.834] [ARM-RX] [12] <0.00 -0.34 -0.01> result: 90.00 90.11 -89.90 0.00 90.01 0.00
[13:19:11.836] [ARM-RX] [13] <0.00 -0.43 -0.01> result: 90.00 90.14 -89.88 0.00 90.01 0.00
[13:19:11.836] [ARM-RX] [14] <0.00
[13:19:11.858] [ARM-RX] -0.54 -0.01> result: 90.00 90.17 -89.85 0.00 90.02 0.00
[13:19:11.858] [ARM-RX] [15] <0.00 -0.65 -0.02> result: 90.00 90.20 -89.81 0.00 90.02 0.00
[13:19:11.858] [ARM-RX] [16] <0.00 -0.79 -0.02> result: 90.00 90.25 -89.78 0.00 90.02 0.00
[13:19:11.858] [ARM-RX] [17] <0.00 -0.94 -0.02> result: 90.00 90.29 -89.73 0.00 90.03
[13:19:11.881] [ARM-RX] 0.00
[13:19:11.881] [ARM-RX] [18] <0.00 -1.10 -0.03> result: 90.00 90.34 -89.69 0.00 90.03 0.00
[13:19:11.881] [ARM-RX] [19] <0.00 -1.29 -0.03> result: 90.00 90.40 -89.63 0.00 90.03 0.00
[13:19:11.882] [ARM-RX] [20] <0.00 -1.49 -0.04> result: 90.00 90.46 -89.57 0.00 90.04 0.00
[13:19:11.882] [ARM-RX] [21] <0.00 -1.72 -0.04> result: 90.00 90.53 -8
[13:19:11.904] [ARM-RX] 9.51 0.00 90.04 0.00
[13:19:11.904] [ARM-RX] [22] <0.00 -1.97 -0.05> result: 90.00 90.61 -89.44 0.00 90.05 0.00
[13:19:11.905] [ARM-RX] [23] <0.00 -2.23 -0.06> result: 90.00 90.69 -89.36 0.00 90.05 0.00
[13:19:11.905] [ARM-RX] [24] <0.00 -2.52 -0.06> result: 90.00 90.77 -89.28 0.00 90.05 0.00
[13:19:11.905] [ARM-RX] [25] <0.00 -2.84 -0.07> result
[13:19:11.925] [ARM-RX] : 90.00 90.87 -89.19 0.00 90.06 0.00
[13:19:11.926] [ARM-RX] [26] <0.00 -3.17 -0.08> result: 90.00 90.97 -89.10 0.00 90.06 0.00
[13:19:11.926] [ARM-RX] [27] <0.00 -3.53 -0.09> result: 90.00 91.07 -88.99 0.00 90.06 0.00
[13:19:11.926] [ARM-RX] [28] <0.00 -3.92 -0.10> result: 90.00 91.18 -88.88 0.00 90.07 0.00
[13:19:11.926] [ARM-RX] [29] <0.00 -4.
[13:19:11.950] [ARM-RX] 33 -0.11> result: 90.00 91.30 -88.76 0.00 90.07 0.00
[13:19:11.951] [ARM-RX] [30] <0.00 -4.77 -0.12> result: 90.00 91.43 -88.64 0.00 90.07 0.00
[13:19:11.951] [ARM-RX] [31] <0.00 -5.23 -0.13> result: 90.00 91.56 -88.51 0.00 90.07 0.00
[13:19:11.952] [ARM-RX] [32] <0.00 -5.72 -0.14> result: 90.00 91.70 -88.37 0.00 90.07 0.00
[13:19:11.972] [ARM-RX] [33] <0.00 -6.24 -0.16> result: 90.00 91.85 -88.22 0.00 90.06 0.00
[13:19:11.972] [ARM-RX] [34] <0.00 -6.79 -0.17> result: 90.00 92.00 -88.06 0.00 90.06 0.00
[13:19:11.972] [ARM-RX] [35] <0.00 -7.36 -0.18> result: 90.00 92.16 -87.89 0.00 90.05 0.00
[13:19:11.972] [ARM-RX] [36] <0.00 -7.96 -0.20> result: 90.00 92.32 -87.72
[13:19:11.994] [ARM-RX] 0.00 90.04 0.00
[13:19:11.995] [ARM-RX] [37] <0.00 -8.60 -0.21> result: 90.00 92.49 -87.54 0.00 90.03 0.00
[13:19:11.995] [ARM-RX] [38] <0.00 -9.26 -0.23> result: 90.00 92.67 -87.35 0.00 90.02 0.00
[13:19:11.995] [ARM-RX] [39] <0.00 -9.95 -0.25> result: 90.00 92.85 -87.15 0.00 90.00 0.00
[13:19:11.995] [ARM-RX] [40] <0.00 -10.67 -0.27> result: 9
[13:19:12.029] [ARM-RX] 0.00 93.04 -86.94 0.00 89.98 0.00
[13:19:12.029] [ARM-RX] [41] <0.00 -11.42 -0.29> result: 90.00 93.24 -86.72 0.00 89.96 0.00
[13:19:12.029] [ARM-RX] [42] <0.00 -12.20 -0.30> result: 90.00 93.44 -86.50 0.00 89.93 0.00
[13:19:12.029] [ARM-RX] [43] <0.00 -13.01 -0.33> result: 90.00 93.64 -86.26 0.00 89.91 0.00
[13:19:12.029] [ARM-RX] [44] <0.00 -13
[13:19:12.052] [ARM-RX] .85 -0.35> result: 90.00 93.85 -86.02 0.00 89.87 0.00
[13:19:12.052] [ARM-RX] [45] <0.00 -14.72 -0.37> result: 90.00 94.07 -85.77 0.00 89.84 0.00
[13:19:12.052] [ARM-RX] [46] <0.00 -15.62 -0.39> result: 90.00 94.29 -85.51 0.00 89.80 0.00
[13:19:12.052] [ARM-RX] [47] <0.00 -16.55 -0.41> result: 90.00 94.52 -85.24 0.00 89.75
[13:19:12.075] [ARM-RX] 0.00
[13:19:12.075] [ARM-RX] [48] <0.00 -17.51 -0.44> result: 90.00 94.75 -84.96 0.00 89.70 0.00
[13:19:12.075] [ARM-RX] [49] <0.00 -18.49 -0.46> result: 90.00 94.98 -84.67 0.00 89.65 0.00
[13:19:12.075] [ARM-RX] [50] <0.00 -19.51 -0.49> result: 90.00 95.22 -84.37 0.00 89.59 0.00
[13:19:12.076] [ARM-RX] [51] <0.00 -20.56 -0.51> result: 90.00 95.4
[13:19:12.098] [ARM-RX] 7 -84.06 0.00 89.53 0.00
[13:19:12.098] [ARM-RX] [52] <0.00 -21.64 -0.54> result: 90.00 95.71 -83.75 0.00 89.46 0.00
[13:19:12.098] [ARM-RX] [53] <0.00 -22.74 -0.57> result: 90.00 95.97 -83.43 0.00 89.39 0.00
[13:19:12.099] [ARM-RX] [54] <0.00 -23.88 -0.60> result: 90.00 96.22 -83.09 0.00 89.32 0.00
[13:19:12.099] [ARM-RX] [55] <0.00 -25.04 -0.63
[13:19:12.120] [ARM-RX] > result: 90.00 96.48 -82.75 0.00 89.23 0.00
[13:19:12.120] [ARM-RX] [56] <0.00 -26.23 -0.66> result: 90.00 96.74 -82.40 0.00 89.15 0.00
[13:19:12.121] [ARM-RX] [57] <0.00 -27.44 -0.69> result: 90.00 97.01 -82.05 0.00 89.06 0.00
[13:19:12.121] [ARM-RX] [58] <0.00 -28.68 -0.72> result: 90.00 97.28 -81.68 0.00 88.96 0.00
[13:19:12.121] [ARM-RX] [59
[13:19:12.144] [ARM-RX] ] <0.00 -29.95 -0.75> result: 90.00 97.55 -81.31 0.00 88.86 0.00
[13:19:12.144] [ARM-RX] [60] <0.00 -31.25 -0.78> result: 90.00 97.83 -80.92 0.00 88.75 0.00
[13:19:12.144] [ARM-RX] [61] <0.00 -32.57 -0.81> result: 90.00 98.10 -80.53 0.00 88.64 0.00
[13:19:12.144] [ARM-RX] [62] <0.00 -33.91 -0.85> result: 90.00 98.39 -80.14
[13:19:12.167] [ARM-RX] 0.00 88.52 0.00
[13:19:12.167] [ARM-RX] [63] <0.00 -35.28 -0.88> result: 90.00 98.67 -79.73 0.00 88.40 0.00
[13:19:12.167] [ARM-RX] [64] <0.00 -36.67 -0.92> result: 90.00 98.95 -79.32 0.00 88.27 0.00
[13:19:12.167] [ARM-RX] [65] <0.00 -38.08 -0.95> result: 90.00 99.24 -78.90 0.00 88.14 0.00
[13:19:12.167] [ARM-RX] [66] <0.00 -39.51 -0.99> result:
[13:19:12.200] [ARM-RX] 90.00 99.53 -78.47 0.00 88.00 0.00
[13:19:12.201] [ARM-RX] [67] <0.00 -40.97 -1.02> result: 90.00 99.82 -78.04 0.00 87.86 0.00
[13:19:12.201] [ARM-RX] [68] <0.00 -42.44 -1.06> result: 90.00 100.11 -77.60 0.00 87.71 0.00
[13:19:12.201] [ARM-RX] [69] <0.00 -43.94 -1.10> result: 90.00 100.41 -77.15 0.00 87.56 0.00
[13:19:12.201] [ARM-RX] [70] <0.00
[13:19:12.223] [ARM-RX] -45.45 -1.14> result: 90.00 100.70 -76.70 0.00 87.41 0.00
[13:19:12.224] [ARM-RX] [71] <0.00 -46.98 -1.17> result: 90.00 101.00 -76.24 0.00 87.25 0.00
[13:19:12.224] [ARM-RX] [72] <0.00 -48.53 -1.21> result: 90.00 101.30 -75.78 0.00 87.08 0.00
[13:19:12.224] [ARM-RX] [73] <0.00 -50.09 -1.25> result: 90.00 101.60 -75.31 0.0
[13:19:12.246] [ARM-RX] 0 86.91 0.00
[13:19:12.247] [ARM-RX] [74] <0.00 -51.67 -1.29> result: 90.00 101.90 -74.84 0.00 86.74 0.00
[13:19:12.247] [ARM-RX] [75] <0.00 -53.26 -1.33> result: 90.00 102.20 -74.36 0.00 86.56 0.00
[13:19:12.247] [ARM-RX] [76] <0.00 -54.86 -1.37> result: 90.00 102.51 -73.87 0.00 86.38 0.00
[13:19:12.247] [ARM-RX] [77] <0.00 -56.48 -1.41> result:
[13:19:12.269] [ARM-RX] 90.00 102.81 -73.39 0.00 86.20 0.00
[13:19:12.269] [ARM-RX] [78] <0.00 -58.11 -1.45> result: 90.00 103.11 -72.89 0.00 86.01 0.00
[13:19:12.270] [ARM-RX] [79] <0.00 -59.75 -1.49> result: 90.00 103.42 -72.40 0.00 85.82 0.00
[13:19:12.270] [ARM-RX] [80] <0.00 -60.00 -1.50> result: 90.00 103.47 -72.32 0.00 85.79 0.00
[13:19:12.270] [ARM-RX] [81] <0.
[13:19:12.293] [ARM-RX] 00 -60.00 -1.50> result: 90.00 103.47 -72.32 0.00 85.79 0.00
[13:19:12.293] [ARM-RX] [82] <0.00 -60.00 -1.50> result: 90.00 103.47 -72.32 0.00 85.79 0.00
[13:19:12.293] [ARM-RX] [83] <0.00 -60.00 -1.50> result: 90.00 103.47 -72.32 0.00 85.79 0.00
[13:19:12.293] [ARM-RX] [84] <0.00 -60.00 -1.50> result: 90.00 103.47 -72.32 0
[13:19:12.317] [ARM-RX] .00 85.79 0.00
[13:19:12.317] [ARM-RX] [85] <0.00 -60.00 -1.50> result: 90.00 103.47 -72.32 0.00 85.79 0.00
[13:19:12.317] [ARM-RX] [86] <0.00 -60.00 -1.50> result: 90.00 103.47 -72.32 0.00 85.79 0.00
[13:19:12.318] [ARM-RX] [87] <0.00 -60.00 -1.50> result: 90.00 103.47 -72.32 0.00 85.79 0.00
[13:19:12.318] [ARM-RX] [88] <0.00 -60.00 -1.50> resul
[13:19:12.338] [ARM-RX] t: 90.00 103.47 -72.32 0.00 85.79 0.00
[13:19:12.339] [ARM-RX] [89] <0.00 -60.00 -1.50> result: 90.00 103.47 -72.32 0.00 85.79 0.00
[13:19:12.339] [ARM-RX] [90] <0.00 -60.00 -1.50> result: 90.00 103.47 -72.32 0.00 85.79 0.00
[13:19:12.339] [ARM-RX] [91] <0.00 -60.00 -1.50> result: 90.00 103.47 -72.32 0.00 85.79 0.00
[13:19:12.339] [ARM-RX] [92] <
[13:19:12.362] [ARM-RX] 0.00 -60.00 -1.50> result: 90.00 103.47 -72.32 0.00 85.79 0.00
[13:19:12.362] [ARM-RX] [93] <0.00 -60.00 -1.50> result: 90.00 103.47 -72.32 0.00 85.79 0.00
[13:19:12.362] [ARM-RX] [94] <0.00 -60.00 -1.50> result: 90.00 103.47 -72.32 0.00 85.79 0.00
[13:19:12.362] [ARM-RX] [95] <0.00 -60.00 -1.50> result: 90.00 103.47 -72.32
[13:19:12.395] [ARM-RX] 0.00 85.79 0.00
[13:19:12.396] [ARM-RX] [96] <0.00 -60.00 -1.50> result: 90.00 103.47 -72.32 0.00 85.79 0.00
[13:19:12.396] [ARM-RX] [97] <0.00 -60.00 -1.50> result: 90.00 103.47 -72.32 0.00 85.79 0.00
[13:19:12.396] [ARM-RX] [98] <0.00 -60.00 -1.50> result: 90.00 103.47 -72.32 0.00 85.79 0.00
[13:19:12.396] [ARM-RX] [99] <0.00 -60.00 -1.50> res
[13:19:12.418] [ARM-RX] ult: 90.00 103.47 -72.32 0.00 85.79 0.00
[13:19:12.418] [ARM-RX] [100] <0.00 -60.00 -1.50> result: 90.00 103.47 -72.32 0.00 85.79 0.00
[13:19:12.419] [ARM-RX] [101] <0.00 -60.00 -1.50> result: 90.00 103.47 -72.32 0.00 85.79 0.00
[13:19:12.419] [ARM-RX] [102] <0.00 -60.00 -1.50> result: 90.00 103.47 -72.32 0.00 85.79 0.00
[13:19:12.419] [ARM-RX] [
[13:19:12.441] [ARM-RX] 103] <0.00 -60.00 -1.50> result: 90.00 103.47 -72.32 0.00 85.79 0.00
[13:19:12.442] [ARM-RX] [104] <0.00 -60.00 -1.50> result: 90.00 103.47 -72.32 0.00 85.79 0.00
[13:19:12.442] [ARM-RX] [105] <0.00 -60.00 -1.50> result: 90.00 103.47 -72.32 0.00 85.79 0.00
[13:19:12.442] [ARM-RX] [106] <0.00 -60.00 -1.50> result: 90.00 103.
[13:19:12.464] [ARM-RX] 47 -72.32 0.00 85.79 0.00
[13:19:12.465] [ARM-RX] [107] <0.00 -60.00 -1.50> result: 90.00 103.47 -72.32 0.00 85.79 0.00
[13:19:12.465] [ARM-RX] [108] <0.00 -60.00 -1.50> result: 90.00 103.47 -72.32 0.00 85.79 0.00
[13:19:12.465] [ARM-RX] [109] <0.00 -60.00 -1.50> result: 90.00 103.47 -72.32 0.00 85.79 0.00
[13:19:12.465] [ARM-RX] [110] <0.00 -60.
[13:19:12.488] [ARM-RX] 00 -1.50> result: 90.00 103.47 -72.32 0.00 85.79 0.00
[13:19:12.488] [ARM-RX] [111] <0.00 -60.00 -1.50> result: 90.00 103.47 -72.32 0.00 85.79 0.00
[13:19:12.488] [ARM-RX] [112] <0.00 -60.00 -1.50> result: 90.00 103.47 -72.32 0.00 85.79 0.00
[13:19:12.488] [ARM-RX] [113] <0.00 -60.00 -1.50> result: 90.00 103.47 -72.32 0.00
[13:19:12.510] [ARM-RX] 85.79 0.00
[13:19:12.510] [ARM-RX] [114] <0.00 -60.00 -1.50> result: 90.00 103.47 -72.32 0.00 85.79 0.00
[13:19:12.511] [ARM-RX] [115] <0.00 -60.00 -1.50> result: 90.00 103.47 -72.32 0.00 85.79 0.00
[13:19:12.511] [ARM-RX] [116] <0.00 -60.00 -1.50> result: 90.00 103.47 -72.32 0.00 85.79 0.00
[13:19:12.511] [ARM-RX] [117] <0.00 -60.00 -1.50> resul
[13:19:12.533] [ARM-RX] t: 90.00 103.47 -72.32 0.00 85.79 0.00
[13:19:12.533] [ARM-RX] [118] <0.00 -60.00 -1.50> result: 90.00 103.47 -72.32 0.00 85.79 0.00
[13:19:12.534] [ARM-RX] [119] <0.00 -60.00 -1.50> result: 90.00 103.47 -72.32 0.00 85.79 0.00
[13:19:12.534] [ARM-RX] [120] <0.00 -60.00 -1.50> result: 90.00 103.47 -72.32 0.00 85.79 0.00
[13:19:12.534] [ARM-RX] [12
[13:19:12.568] [ARM-RX] 1] <0.00 -60.00 -1.50> result: 90.00 103.47 -72.32 0.00 85.79 0.00
[13:19:12.569] [ARM-RX] [122] <0.00 -60.00 -1.50> result: 90.00 103.47 -72.32 0.00 85.79 0.00
[13:19:12.569] [ARM-RX] [123] <0.00 -60.00 -1.50> result: 90.00 103.47 -72.32 0.00 85.79 0.00
[13:19:12.569] [ARM-RX] [124] <0.00 -60.00 -1.50> result: 90.00 103.47
[13:19:12.590] [ARM-RX] -72.32 0.00 85.79 0.00
[13:19:12.591] [ARM-RX] [125] <0.00 -60.00 -1.50> result: 90.00 103.47 -72.32 0.00 85.79 0.00
[13:19:12.591] [ARM-RX] [126] <0.00 -60.00 -1.50> result: 90.00 103.47 -72.32 0.00 85.79 0.00
[13:19:12.591] [ARM-RX] [127] <0.00 -60.00 -1.50> result: 90.00 103.47 -72.32 0.00 85.79 0.00
[13:19:12.591] [ARM-RX] [128] <0.00 -60.00
[13:19:12.614] [ARM-RX] -1.50> result: 90.00 103.47 -72.32 0.00 85.79 0.00
[13:19:12.619] [ARM-RX] [129] <0.00 -60.00 -1.50> result: 90.00 103.47 -72.32 0.00 85.79 0.00
[13:19:12.619] [ARM-RX] [130] <0.00 -60.00 -1.50> result: 90.00 103.47 -72.32 0.00 85.79 0.00
[13:19:12.619] [ARM-RX] [131] <0.00 -60.00 -1.50> result: 90.00 103.47 -72.32 0.00 85
[13:19:12.636] [ARM-RX] .79 0.00
[13:19:12.637] [ARM-RX] [132] <0.00 -60.00 -1.50> result: 90.00 103.47 -72.32 0.00 85.79 0.00
[13:19:12.637] [ARM-RX] [133] <0.00 -60.00 -1.50> result: 90.00 103.47 -72.32 0.00 85.79 0.00
[13:19:12.637] [ARM-RX] [134] <0.00 -60.00 -1.50> result: 90.00 103.47 -72.32 0.00 85.79 0.00
[13:19:12.637] [ARM-RX] [135] <0.00 -60.00 -1.50> result:
[13:19:12.660] [ARM-RX] 90.00 103.47 -72.32 0.00 85.79 0.00
[13:19:12.660] [ARM-RX] [136] <0.00 -60.00 -1.50> result: 90.00 103.47 -72.32 0.00 85.79 0.00
[13:19:12.660] [ARM-RX] [137] <0.00 -60.00 -1.50> result: 90.00 103.47 -72.32 0.00 85.79 0.00
[13:19:12.660] [ARM-RX] [138] <0.00 -60.00 -1.50> result: 90.00 103.47 -72.32 0.00 85.79 0.00
[13:19:12.661] [ARM-RX] [139]
[13:19:12.684] [ARM-RX] <0.00 -60.00 -1.50> result: 90.00 103.47 -72.32 0.00 85.79 0.00
[13:19:12.684] [ARM-RX] [140] <0.00 -60.00 -1.50> result: 90.00 103.47 -72.32 0.00 85.79 0.00
[13:19:12.684] [ARM-RX] [141] <0.00 -60.00 -1.50> result: 90.00 103.47 -72.32 0.00 85.79 0.00
[13:19:12.685] [ARM-RX] [142] <0.00 -60.00 -1.50> result: 90.00 103.47 -
[13:19:12.706] [ARM-RX] 72.32 0.00 85.79 0.00
[13:19:12.706] [ARM-RX] [143] <0.00 -60.00 -1.50> result: 90.00 103.47 -72.32 0.00 85.79 0.00
[13:19:12.706] [ARM-RX] [144] <0.00 -60.00 -1.50> result: 90.00 103.47 -72.32 0.00 85.79 0.00
[13:19:12.706] [ARM-RX] [145] <0.00 -60.00 -1.50> result: 90.00 103.47 -72.32 0.00 85.79 0.00
[13:19:12.707] [ARM-RX] [146] <0.00 -60.00 -
[13:19:12.728] [ARM-RX] 1.50> result: 90.00 103.47 -72.32 0.00 85.79 0.00
[13:19:12.728] [ARM-RX] [147] <0.00 -60.00 -1.50> result: 90.00 103.47 -72.32 0.00 85.79 0.00
[13:19:12.728] [ARM-RX] [148] <0.00 -60.00 -1.50> result: 90.00 103.47 -72.32 0.00 85.79 0.00
[13:19:12.728] [ARM-RX] [149] <0.00 -60.00 -1.50> result: 90.00 103.47 -72.32 0.00 85.7
[13:19:12.765] [ARM-RX] 9 0.00
[13:19:12.765] [ARM-RX] [150] <0.00 -60.00 -1.50> result: 90.00 103.47 -72.32 0.00 85.79 0.00
[13:19:12.765] [ARM-RX] [151] <0.00 -60.00 -1.50> result: 90.00 103.47 -72.32 0.00 85.79 0.00
[13:19:12.765] [ARM-RX] [152] <0.00 -60.00 -1.50> result: 90.00 103.47 -72.32 0.00 85.79 0.00
[13:19:12.765] [ARM-RX] [153] <0.00 -60.00 -1.50> result: 9
[13:19:12.787] [ARM-RX] 0.00 103.47 -72.32 0.00 85.79 0.00
[13:19:12.787] [ARM-RX] [154] <0.00 -60.00 -1.50> result: 90.00 103.47 -72.32 0.00 85.79 0.00
[13:19:12.787] [ARM-RX] [155] <0.00 -60.00 -1.50> result: 90.00 103.47 -72.32 0.00 85.79 0.00
[13:19:12.788] [ARM-RX] [156] <0.00 -60.00 -1.50> result: 90.00 103.47 -72.32 0.00 85.79 0.00
[13:19:12.788] [ARM-RX] [157] <
[13:19:12.809] [ARM-RX] 0.00 -60.00 -1.50> result: 90.00 103.47 -72.32 0.00 85.79 0.00
[13:19:12.809] [ARM-RX] [158] <0.00 -60.00 -1.50> result: 90.00 103.47 -72.32 0.00 85.79 0.00
[13:19:12.809] [ARM-RX] [159] <0.00 -60.00 -1.50> result: 90.00 103.47 -72.32 0.00 85.79 0.00
[13:19:12.810] [ARM-RX] [160] <0.00 -60.00 -1.50> result: 90.00 103.47 -72
[13:19:12.833] [ARM-RX] .32 0.00 85.79 0.00
[13:19:12.833] [ARM-RX] [161] <0.00 -60.00 -1.50> result: 90.00 103.47 -72.32 0.00 85.79 0.00
[13:19:12.833] [ARM-RX] [162] <0.00 -60.00 -1.50> result: 90.00 103.47 -72.32 0.00 85.79 0.00
[13:19:12.833] [ARM-RX] [163] <0.00 -60.00 -1.50> result: 90.00 103.47 -72.32 0.00 85.79 0.00
[13:19:12.834] [ARM-RX] [164] <0.00 -60.00 -1.
[13:19:12.854] [ARM-RX] 50> result: 90.00 103.47 -72.32 0.00 85.79 0.00
[13:19:12.855] [ARM-RX] [165] <0.00 -60.00 -1.50> result: 90.00 103.47 -72.32 0.00 85.79 0.00
[13:19:12.855] [ARM-RX] [166] <0.00 -60.00 -1.50> result: 90.00 103.47 -72.32 0.00 85.79 0.00
[13:19:12.855] [ARM-RX] [167] <0.00 -60.00 -1.50> result: 90.00 103.47 -72.32 0.00 85.79
[13:19:12.877] [ARM-RX] 0.00
[13:19:12.878] [ARM-RX] [168] <0.00 -60.00 -1.50> result: 90.00 103.47 -72.32 0.00 85.79 0.00
[13:19:12.878] [ARM-RX] [169] <0.00 -60.00 -1.50> result: 90.00 103.47 -72.32 0.00 85.79 0.00
[13:19:12.878] [ARM-RX] [170] <0.00 -60.00 -1.50> result: 90.00 103.47 -72.32 0.00 85.79 0.00
[13:19:12.878] [ARM-RX] [171] <0.00 -60.00 -1.50> result: 90.
[13:19:12.901] [ARM-RX] 00 103.47 -72.32 0.00 85.79 0.00
[13:19:12.901] [ARM-RX] [172] <0.00 -60.00 -1.50> result: 90.00 103.47 -72.32 0.00 85.79 0.00
[13:19:12.901] [ARM-RX] [173] <0.00 -60.00 -1.50> result: 90.00 103.47 -72.32 0.00 85.79 0.00
[13:19:12.902] [ARM-RX] [174] <0.00 -60.00 -1.50> result: 90.00 103.47 -72.32 0.00 85.79 0.00
[13:19:12.902] [ARM-RX] [175] <0.
[13:19:12.955] [ARM-RX] 00 -60.00 -1.50> result: 90.00 103.47 -72.32 0.00 85.79 0.00
[13:19:12.955] [ARM-RX] [176] <0.00 -60.00 -1.50> result: 90.00 103.47 -72.32 0.00 85.79 0.00
[13:19:14.818] [ARM-RX] [joint 1] ave_error:0.00
[13:19:14.818] [ARM-RX] [joint 2] ave_error:2.94
[13:19:14.818] [ARM-RX] [joint 3] ave_error:2.47
[13:19:14.818] [ARM-RX] [joint 4] ave_error:0.00
[13:19:14.818] [ARM-RX] [joint 5] ave_error:0.28
[13:19:14.819] [ARM-RX] robot pid run finished!!
[13:19:14.895] [JETSON-RX] A5 5A 01 81 62 03 01 01 00 BC 0D
[13:19:14.895] [JETSON-STATUS] READY: A5 5A 01 81 62 03 01 01 00 BC 0D
[13:19:14.896] [DEMO-INFO] 开始发送视觉序列: -30,-20:3;-15,-10:5;-8,-5:5;0,0:20
[13:19:14.896] [JETSON-TX] VISION_NEW dcx=-30 dcy=-20: A5 5A 01 03 63 05 E2 FF EC FF 01 9D E1
[13:19:14.942] [ARM-RX] [JETSON_RX] vision dcx=-30 dcy=-20
[13:19:14.942] [ARM-RX] [TARGET] vision state=WAIT_DETECT enabled=1 dcx=-30 dcy=-20 stable=0
[13:19:14.942] [ARM-RX] ROBOT_VISUAL_SERVO_EVENT
[13:19:14.942] [ARM-RX] robot visual servo start
[13:19:15.097] [JETSON-TX] VISION_NEW dcx=-30 dcy=-20: A5 5A 01 03 65 05 E2 FF EC FF 01 FB E1
[13:19:15.128] [ARM-RX] [JETSON_RX] vision dcx=-30 dcy=-20
[13:19:15.128] [ARM-RX] [TARGET] vision state=ALIGN enabled=1 dcx=-30 dcy=-20 stable=0
[13:19:15.128] [ARM-RX] [TARGET] visual servo vx=-8.00 vz=-7.00 dcx=-30 dcy=-20
[13:19:15.298] [JETSON-TX] VISION_NEW dcx=-30 dcy=-20: A5 5A 01 03 67 05 E2 FF EC FF 01 D8 21
[13:19:15.375] [ARM-RX] [JETSON_RX] vision dcx=-30 dcy=-20
[13:19:15.375] [ARM-RX] [TARGET] vision state=ALIGN enabled=1 dcx=-30 dcy=-20 stable=0
[13:19:15.375] [ARM-RX] [TARGET] visual servo vx=-8.00 vz=-7.00 dcx=-30 dcy=-20
[13:19:15.499] [JETSON-TX] VISION_NEW dcx=-15 dcy=-10: A5 5A 01 03 69 05 F1 FF F6 FF 01 93 E5
[13:19:15.561] [ARM-RX] [JETSON_RX] vision dcx=-15 dcy=-10
[13:19:15.561] [ARM-RX] [TARGET] vision state=ALIGN enabled=1 dcx=-15 dcy=-10 stable=0
[13:19:15.561] [ARM-RX] [TARGET] visual servo vx=-3.00 vz=-3.00 dcx=-15 dcy=-10
[13:19:15.700] [JETSON-TX] VISION_NEW dcx=-15 dcy=-10: A5 5A 01 03 6B 05 F1 FF F6 FF 01 B0 25
[13:19:15.747] [ARM-RX] [JETSON_RX] vision dcx=-15 dcy=-10
[13:19:15.747] [ARM-RX] [TARGET] vision state=ALIGN enabled=1 dcx=-15 dcy=-10 stable=0
[13:19:15.747] [ARM-RX] [TARGET] visual servo vx=-3.00 vz=-3.00 dcx=-15 dcy=-10
[13:19:15.901] [JETSON-TX] VISION_NEW dcx=-15 dcy=-10: A5 5A 01 03 6D 05 F1 FF F6 FF 01 D6 25
[13:19:15.933] [ARM-RX] [JETSON_RX] vision dcx=-15 dcy=-10
[13:19:15.933] [ARM-RX] [TARGET] vision state=ALIGN enabled=1 dcx=-15 dcy=-10 stable=0
[13:19:15.933] [ARM-RX] [TARGET] visual servo vx=-3.00 vz=-3.00 dcx=-15 dcy=-10
[13:19:16.102] [JETSON-TX] VISION_NEW dcx=-15 dcy=-10: A5 5A 01 03 6F 05 F1 FF F6 FF 01 F5 E5
[13:19:16.183] [ARM-RX] [JETSON_RX] vision dcx=-15 dcy=-10
[13:19:16.183] [ARM-RX] [TARGET] vision state=ALIGN enabled=1 dcx=-15 dcy=-10 stable=0
[13:19:16.183] [ARM-RX] [TARGET] visual servo vx=-3.00 vz=-3.00 dcx=-15 dcy=-10
[13:19:16.303] [JETSON-TX] VISION_NEW dcx=-15 dcy=-10: A5 5A 01 03 71 05 F1 FF F6 FF 01 0B E4
[13:19:16.370] [ARM-RX] [JETSON_RX] vision dcx=-15 dcy=-10
[13:19:16.370] [ARM-RX] [TARGET] vision state=ALIGN enabled=1 dcx=-15 dcy=-10 stable=0
[13:19:16.370] [ARM-RX] [TARGET] visual servo vx=-3.00 vz=-3.00 dcx=-15 dcy=-10
[13:19:16.504] [JETSON-TX] VISION_NEW dcx=-8 dcy=-5: A5 5A 01 03 73 05 F8 FF FB FF 01 65 E6
[13:19:16.557] [ARM-RX] [JETSON_RX] vision dcx=-8 dcy=-5
[13:19:16.557] [ARM-RX] [TARGET] vision state=ALIGN enabled=1 dcx=-8 dcy=-5 stable=0
[13:19:16.557] [ARM-RX] [TARGET] visual servo vx=-2.80 vz=-1.75 dcx=-8 dcy=-5
[13:19:16.704] [JETSON-TX] VISION_NEW dcx=-8 dcy=-5: A5 5A 01 03 75 05 F8 FF FB FF 01 03 E6
[13:19:16.742] [ARM-RX] [JETSON_RX] vision dcx=-8 dcy=-5
[13:19:16.742] [ARM-RX] [TARGET] vision state=ALIGN enabled=1 dcx=-8 dcy=-5 stable=0
[13:19:16.742] [ARM-RX] [TARGET] visual servo vx=-2.80 vz=-1.75 dcx=-8 dcy=-5
[13:19:16.905] [JETSON-TX] VISION_NEW dcx=-8 dcy=-5: A5 5A 01 03 77 05 F8 FF FB FF 01 20 26
[13:19:16.928] [ARM-RX] [JETSON_RX] vision dcx=-8 dcy=-5
[13:19:16.928] [ARM-RX] [TARGET] vision state=ALIGN enabled=1 dcx=-8 dcy=-5 stable=0
[13:19:16.991] [ARM-RX] [TARGET] visual servo vx=-2.80 vz=-1.75 dcx=-8 dcy=-5
[13:19:17.107] [JETSON-TX] VISION_NEW dcx=-8 dcy=-5: A5 5A 01 03 79 05 F8 FF FB FF 01 CF E6
[13:19:17.178] [ARM-RX] [JETSON_RX] vision dcx=-8 dcy=-5
[13:19:17.178] [ARM-RX] [TARGET] vision state=ALIGN enabled=1 dcx=-8 dcy=-5 stable=0
[13:19:17.178] [ARM-RX] [TARGET] visual servo vx=-2.80 vz=-1.75 dcx=-8 dcy=-5
[13:19:17.307] [JETSON-TX] VISION_NEW dcx=-8 dcy=-5: A5 5A 01 03 7B 05 F8 FF FB FF 01 EC 26
[13:19:17.366] [ARM-RX] [JETSON_RX] vision dcx=-8 dcy=-5
[13:19:17.508] [JETSON-TX] VISION_NEW dcx=0 dcy=0: A5 5A 01 03 7D 05 00 00 00 00 01 2B E7
[13:19:17.709] [JETSON-TX] VISION_NEW dcx=0 dcy=0: A5 5A 01 03 7F 05 00 00 00 00 01 08 27
[13:19:17.910] [JETSON-TX] VISION_NEW dcx=0 dcy=0: A5 5A 01 03 81 05 00 00 00 00 01 17 E8
[13:19:17.986] [JETSON-RX] A5 5A 01 81 81 03 02 01 00 89 DB
[13:19:17.986] [JETSON-STATUS] ALIGN_DONE: A5 5A 01 81 81 03 02 01 00 89 DB
[13:19:17.986] [DEMO-ACTION] 已对准：请按住 P000 KEY 允许激光输出。
[13:19:18.111] [JETSON-TX] VISION_NEW dcx=0 dcy=0: A5 5A 01 03 83 05 00 00 00 00 01 34 28
[13:19:18.312] [JETSON-TX] VISION_NEW dcx=0 dcy=0: A5 5A 01 03 85 05 00 00 00 00 01 52 28
[13:19:18.512] [JETSON-TX] VISION_NEW dcx=0 dcy=0: A5 5A 01 03 87 05 00 00 00 00 01 71 E8
[13:19:18.714] [JETSON-TX] VISION_NEW dcx=0 dcy=0: A5 5A 01 03 89 05 00 00 00 00 01 9E 28
[13:19:18.840] [JETSON-RX] A5 5A 01 81 8A 03 03 01 00 7D DA
[13:19:18.840] [JETSON-STATUS] OUTPUT_ON: A5 5A 01 81 8A 03 03 01 00 7D DA
[13:19:18.840] [DEMO-ACTION] 激光已输出：需要关闭时松开 P000 KEY。
[13:19:18.914] [JETSON-TX] VISION_NEW dcx=0 dcy=0: A5 5A 01 03 8B 05 00 00 00 00 01 BD E8
[13:19:19.115] [JETSON-TX] VISION_NEW dcx=0 dcy=0: A5 5A 01 03 8D 05 00 00 00 00 01 DB E8
[13:19:19.316] [JETSON-TX] VISION_NEW dcx=0 dcy=0: A5 5A 01 03 8F 05 00 00 00 00 01 F8 28
[13:19:19.516] [JETSON-TX] VISION_NEW dcx=0 dcy=0: A5 5A 01 03 91 05 00 00 00 00 01 06 29
[13:19:19.717] [JETSON-TX] VISION_NEW dcx=0 dcy=0: A5 5A 01 03 93 05 00 00 00 00 01 25 E9
[13:19:19.838] [JETSON-RX] A5 5A 01 81 94 03 03 00 00 D4 48
[13:19:19.838] [JETSON-STATUS] OUTPUT_OFF: A5 5A 01 81 94 03 03 00 00 D4 48
[13:19:19.838] [JETSON-INFO] 已停止周期视觉发送
[13:19:19.839] [JETSON-INFO] heartbeat stopped
[13:19:19.839] [JETSON-TX] TARGET_CTRL_STOP_NEW: A5 5A 01 02 95 01 00 09 C4
[13:19:19.840] [DEMO-INFO] 检测到 OUTPUT_OFF，演示流程结束。
[13:19:19.915] [JETSON-RX] A5 5A 01 81 95 03 04 00 00 58 49
[13:19:19.915] [JETSON-STATUS] TARGET_CTRL_OFF: A5 5A 01 81 95 03 04 00 00 58 49
[13:19:20.234] [ARM-RX] [JETSON_RX] vision dcx=0 dcy=0
[13:19:20.234] [ARM-RX] [TARGET] vision state=OUTPUT enabled=1 dcx=0 dcy=0 stable=0
[13:19:20.234] [ARM-RX] [JETSON_RX] vision dcx=0 dcy=0
[13:19:20.235] [ARM-RX] [TARGET] vision state=OUTPUT enabled=1 dcx=0 dcy=0 stable=0
[13:19:20.235] [ARM-RX] Soft res
[13:19:20.289] [ARM-RX] etting joint 3...
[13:19:20.291] [ARM-RX] robot_update_current_angle 3...
[13:19:20.292] [ARM-RX] [3] current:4.86, target:0.00, dir:-1
[13:19:21.097] [ARM-RX] Soft resetting joint 1...
[13:19:21.160] [ARM-RX] robot_update_current_angle 1...
[13:19:21.160] [ARM-RX] [1] current:107.44, target:90.00, dir:-1
[13:19:22.840] [ARM-RX] soft reset joint 1 settle timeout, keep going
[13:19:22.840] [ARM-RX] Soft resetting joint 2...
[13:19:22.840] [ARM-RX] robot_update_current_angle 2...
[13:19:22.840] [ARM-RX] [2] current:-72.41, target:-90.00, dir:-1
[13:19:24.458] [ARM-RX] soft reset joint 2 settle timeout, keep going
[13:19:24.458] [ARM-RX] Soft resetting joint 0...
[13:19:24.458] [ARM-RX] robot_update_current_angle 0...
[13:19:24.458] [ARM-RX] [0] current:85.25, target:90.00, dir:1
[13:19:25.391] [ARM-RX] soft reset final verify PASS (issues:2), pose set HOME.
[13:28:15.866] [JETSON-INFO] heartbeat started: 200 ms
[13:28:15.866] [JETSON-TX] TARGET_CTRL_START_NEW: A5 5A 01 02 97 01 01 69 C4
[13:28:15.903] [ARM-RX] [JETSON_RX] target_ctrl=1
[13:28:15.904] [ARM-RX] ROBOT_AUTO_EVENT
[13:28:15.904] [ARM-RX] [0] <0.00 0.00 0.00> result: 90.00 90.00 -90.00 0.00 90.00 0.00
[13:28:15.904] [ARM-RX] [1] <0.00 -0.00 -0.00> result: 90.00 90.00 -90.00 0.00 90.00 0.00
[13:28:15.904] [ARM-RX] [2] <0.00 -0.00 -0.00> result: 90.00 90.00 -90.00
[13:28:15.921] [ARM-RX] 0.00 90.00 0.00
[13:28:15.921] [ARM-RX] [3] <0.00 -0.01 -0.00> result: 90.00 90.00 -90.00 0.00 90.00 0.00
[13:28:15.921] [ARM-RX] [4] <0.00 -0.02 -0.00> result: 90.00 90.01 -90.00 0.00 90.00 0.00
[13:28:15.921] [ARM-RX] [5] <0.00 -0.03 -0.00> result: 90.00 90.01 -89.99 0.00 90.00 0.00
[13:28:15.922] [ARM-RX] [6] <0.00 -0.05 -0.00> result: 90.00
[13:28:15.941] [JETSON-RX] A5 5A 01 81 97 03 04 01 00 20 19
[13:28:15.941] [JETSON-STATUS] TARGET_CTRL_ON: A5 5A 01 81 97 03 04 01 00 20 19
[13:28:15.943] [ARM-RX] 90.02 -89.99 0.00 90.00 0.00
[13:28:15.944] [ARM-RX] [7] <0.00 -0.07 -0.00> result: 90.00 90.02 -89.98 0.00 90.00 0.00
[13:28:15.944] [ARM-RX] [8] <0.00 -0.11 -0.00> result: 90.00 90.03 -89.97 0.00 90.00 0.00
[13:28:15.944] [ARM-RX] [9] <0.00 -0.15 -0.00> result: 90.00 90.05 -89.96 0.00 90.00 0.00
[13:28:15.944] [ARM-RX] [10] <0.00 -0.20 -0.01> r
[13:28:15.977] [ARM-RX] esult: 90.00 90.06 -89.94 0.00 90.01 0.00
[13:28:15.978] [ARM-RX] [11] <0.00 -0.27 -0.01> result: 90.00 90.08 -89.92 0.00 90.01 0.00
[13:28:15.978] [ARM-RX] [12] <0.00 -0.34 -0.01> result: 90.00 90.11 -89.90 0.00 90.01 0.00
[13:28:15.978] [ARM-RX] [13] <0.00 -0.43 -0.01> result: 90.00 90.14 -89.88 0.00 90.01 0.00
[13:28:15.978] [ARM-RX] [14] <0.0
[13:28:16.001] [ARM-RX] 0 -0.54 -0.01> result: 90.00 90.17 -89.85 0.00 90.02 0.00
[13:28:16.001] [ARM-RX] [15] <0.00 -0.65 -0.02> result: 90.00 90.20 -89.81 0.00 90.02 0.00
[13:28:16.002] [ARM-RX] [16] <0.00 -0.79 -0.02> result: 90.00 90.25 -89.78 0.00 90.02 0.00
[13:28:16.002] [ARM-RX] [17] <0.00 -0.94 -0.02> result: 90.00 90.29 -89.73 0.00 90.03
[13:28:16.023] [ARM-RX] 0.00
[13:28:16.024] [ARM-RX] [18] <0.00 -1.10 -0.03> result: 90.00 90.34 -89.69 0.00 90.03 0.00
[13:28:16.024] [ARM-RX] [19] <0.00 -1.29 -0.03> result: 90.00 90.40 -89.63 0.00 90.03 0.00
[13:28:16.024] [ARM-RX] [20] <0.00 -1.49 -0.04> result: 90.00 90.46 -89.57 0.00 90.04 0.00
[13:28:16.024] [ARM-RX] [21] <0.00 -1.72 -0.04> result: 90.00 90.53 -
[13:28:16.045] [ARM-RX] 89.51 0.00 90.04 0.00
[13:28:16.046] [ARM-RX] [22] <0.00 -1.97 -0.05> result: 90.00 90.61 -89.44 0.00 90.05 0.00
[13:28:16.046] [ARM-RX] [23] <0.00 -2.23 -0.06> result: 90.00 90.69 -89.36 0.00 90.05 0.00
[13:28:16.046] [ARM-RX] [24] <0.00 -2.52 -0.06> result: 90.00 90.77 -89.28 0.00 90.05 0.00
[13:28:16.046] [ARM-RX] [25] <0.00 -2.84 -0.07> resul
[13:28:16.068] [ARM-RX] t: 90.00 90.87 -89.19 0.00 90.06 0.00
[13:28:16.068] [ARM-RX] [26] <0.00 -3.17 -0.08> result: 90.00 90.97 -89.10 0.00 90.06 0.00
[13:28:16.068] [ARM-RX] [27] <0.00 -3.53 -0.09> result: 90.00 91.07 -88.99 0.00 90.06 0.00
[13:28:16.070] [ARM-RX] [28] <0.00 -3.92 -0.10> result: 90.00 91.18 -88.88 0.00 90.07 0.00
[13:28:16.070] [ARM-RX] [29] <0.00 -4
[13:28:16.091] [ARM-RX] .33 -0.11> result: 90.00 91.30 -88.76 0.00 90.07 0.00
[13:28:16.092] [ARM-RX] [30] <0.00 -4.77 -0.12> result: 90.00 91.43 -88.64 0.00 90.07 0.00
[13:28:16.092] [ARM-RX] [31] <0.00 -5.23 -0.13> result: 90.00 91.56 -88.51 0.00 90.07 0.00
[13:28:16.092] [ARM-RX] [32] <0.00 -5.72 -0.14> result: 90.00 91.70 -88.37 0.00 90.07 0.0
[13:28:16.114] [ARM-RX] 0
[13:28:16.115] [ARM-RX] [33] <0.00 -6.24 -0.16> result: 90.00 91.85 -88.22 0.00 90.06 0.00
[13:28:16.115] [ARM-RX] [34] <0.00 -6.79 -0.17> result: 90.00 92.00 -88.06 0.00 90.06 0.00
[13:28:16.115] [ARM-RX] [35] <0.00 -7.36 -0.18> result: 90.00 92.16 -87.89 0.00 90.05 0.00
[13:28:16.115] [ARM-RX] [36] <0.00 -7.96 -0.20> result: 90.00 92.32 -87.7
[13:28:16.138] [ARM-RX] 2 0.00 90.04 0.00
[13:28:16.138] [ARM-RX] [37] <0.00 -8.60 -0.21> result: 90.00 92.49 -87.54 0.00 90.03 0.00
[13:28:16.138] [ARM-RX] [38] <0.00 -9.26 -0.23> result: 90.00 92.67 -87.35 0.00 90.02 0.00
[13:28:16.138] [ARM-RX] [39] <0.00 -9.95 -0.25> result: 90.00 92.85 -87.15 0.00 90.00 0.00
[13:28:16.139] [ARM-RX] [40] <0.00 -10.67 -0.27> result:
[13:28:16.172] [ARM-RX] 90.00 93.04 -86.94 0.00 89.98 0.00
[13:28:16.172] [ARM-RX] [41] <0.00 -11.42 -0.29> result: 90.00 93.24 -86.72 0.00 89.96 0.00
[13:28:16.173] [ARM-RX] [42] <0.00 -12.20 -0.30> result: 90.00 93.44 -86.50 0.00 89.93 0.00
[13:28:16.173] [ARM-RX] [43] <0.00 -13.01 -0.33> result: 90.00 93.64 -86.26 0.00 89.91 0.00
[13:28:16.173] [ARM-RX] [44] <0.00 -1
[13:28:16.195] [ARM-RX] 3.85 -0.35> result: 90.00 93.85 -86.02 0.00 89.87 0.00
[13:28:16.195] [ARM-RX] [45] <0.00 -14.72 -0.37> result: 90.00 94.07 -85.77 0.00 89.84 0.00
[13:28:16.196] [ARM-RX] [46] <0.00 -15.62 -0.39> result: 90.00 94.29 -85.51 0.00 89.80 0.00
[13:28:16.196] [ARM-RX] [47] <0.00 -16.55 -0.41> result: 90.00 94.52 -85.24 0.00 89.75
[13:28:16.218] [ARM-RX] 0.00
[13:28:16.218] [ARM-RX] [48] <0.00 -17.51 -0.44> result: 90.00 94.75 -84.96 0.00 89.70 0.00
[13:28:16.218] [ARM-RX] [49] <0.00 -18.49 -0.46> result: 90.00 94.98 -84.67 0.00 89.65 0.00
[13:28:16.218] [ARM-RX] [50] <0.00 -19.51 -0.49> result: 90.00 95.22 -84.37 0.00 89.59 0.00
[13:28:16.219] [ARM-RX] [51] <0.00 -20.56 -0.51> result: 90.00 95.
[13:28:16.240] [ARM-RX] 47 -84.06 0.00 89.53 0.00
[13:28:16.241] [ARM-RX] [52] <0.00 -21.64 -0.54> result: 90.00 95.71 -83.75 0.00 89.46 0.00
[13:28:16.241] [ARM-RX] [53] <0.00 -22.74 -0.57> result: 90.00 95.97 -83.43 0.00 89.39 0.00
[13:28:16.241] [ARM-RX] [54] <0.00 -23.88 -0.60> result: 90.00 96.22 -83.09 0.00 89.32 0.00
[13:28:16.241] [ARM-RX] [55] <0.00 -25.04 -0.6
[13:28:16.263] [ARM-RX] 3> result: 90.00 96.48 -82.75 0.00 89.23 0.00
[13:28:16.263] [ARM-RX] [56] <0.00 -26.23 -0.66> result: 90.00 96.74 -82.40 0.00 89.15 0.00
[13:28:16.265] [ARM-RX] [57] <0.00 -27.44 -0.69> result: 90.00 97.01 -82.05 0.00 89.06 0.00
[13:28:16.265] [ARM-RX] [58] <0.00 -28.68 -0.72> result: 90.00 97.28 -81.68 0.00 88.96 0.00
[13:28:16.265] [ARM-RX] [5
[13:28:16.287] [ARM-RX] 9] <0.00 -29.95 -0.75> result: 90.00 97.55 -81.31 0.00 88.86 0.00
[13:28:16.287] [ARM-RX] [60] <0.00 -31.25 -0.78> result: 90.00 97.83 -80.92 0.00 88.75 0.00
[13:28:16.287] [ARM-RX] [61] <0.00 -32.57 -0.81> result: 90.00 98.10 -80.53 0.00 88.64 0.00
[13:28:16.288] [ARM-RX] [62] <0.00 -33.91 -0.85> result: 90.00 98.39 -80.14
[13:28:16.310] [ARM-RX] 0.00 88.52 0.00
[13:28:16.310] [ARM-RX] [63] <0.00 -35.28 -0.88> result: 90.00 98.67 -79.73 0.00 88.40 0.00
[13:28:16.310] [ARM-RX] [64] <0.00 -36.67 -0.92> result: 90.00 98.95 -79.32 0.00 88.27 0.00
[13:28:16.310] [ARM-RX] [65] <0.00 -38.08 -0.95> result: 90.00 99.24 -78.90 0.00 88.14 0.00
[13:28:16.311] [ARM-RX] [66] <0.00 -39.51 -0.99> result
[13:28:16.343] [ARM-RX] : 90.00 99.53 -78.47 0.00 88.00 0.00
[13:28:16.344] [ARM-RX] [67] <0.00 -40.97 -1.02> result: 90.00 99.82 -78.04 0.00 87.86 0.00
[13:28:16.344] [ARM-RX] [68] <0.00 -42.44 -1.06> result: 90.00 100.11 -77.60 0.00 87.71 0.00
[13:28:16.344] [ARM-RX] [69] <0.00 -43.94 -1.10> result: 90.00 100.41 -77.15 0.00 87.56 0.00
[13:28:16.345] [ARM-RX] [70] <0.0
[13:28:16.368] [ARM-RX] 0 -45.45 -1.14> result: 90.00 100.70 -76.70 0.00 87.41 0.00
[13:28:16.368] [ARM-RX] [71] <0.00 -46.98 -1.17> result: 90.00 101.00 -76.24 0.00 87.25 0.00
[13:28:16.368] [ARM-RX] [72] <0.00 -48.53 -1.21> result: 90.00 101.30 -75.78 0.00 87.08 0.00
[13:28:16.369] [ARM-RX] [73] <0.00 -50.09 -1.25> result: 90.00 101.60 -75.31 0.
[13:28:16.390] [ARM-RX] 00 86.91 0.00
[13:28:16.390] [ARM-RX] [74] <0.00 -51.67 -1.29> result: 90.00 101.90 -74.84 0.00 86.74 0.00
[13:28:16.390] [ARM-RX] [75] <0.00 -53.26 -1.33> result: 90.00 102.20 -74.36 0.00 86.56 0.00
[13:28:16.390] [ARM-RX] [76] <0.00 -54.86 -1.37> result: 90.00 102.51 -73.87 0.00 86.38 0.00
[13:28:16.391] [ARM-RX] [77] <0.00 -56.48 -1.41> result
[13:28:16.412] [ARM-RX] : 90.00 102.81 -73.39 0.00 86.20 0.00
[13:28:16.412] [ARM-RX] [78] <0.00 -58.11 -1.45> result: 90.00 103.11 -72.89 0.00 86.01 0.00
[13:28:16.412] [ARM-RX] [79] <0.00 -59.75 -1.49> result: 90.00 103.42 -72.40 0.00 85.82 0.00
[13:28:16.414] [ARM-RX] [80] <0.00 -60.00 -1.50> result: 90.00 103.47 -72.32 0.00 85.79 0.00
[13:28:16.414] [ARM-RX] [81] <0
[13:28:16.435] [ARM-RX] .00 -60.00 -1.50> result: 90.00 103.47 -72.32 0.00 85.79 0.00
[13:28:16.436] [ARM-RX] [82] <0.00 -60.00 -1.50> result: 90.00 103.47 -72.32 0.00 85.79 0.00
[13:28:16.436] [ARM-RX] [83] <0.00 -60.00 -1.50> result: 90.00 103.47 -72.32 0.00 85.79 0.00
[13:28:16.436] [ARM-RX] [84] <0.00 -60.00 -1.50> result: 90.00 103.47 -72.32
[13:28:16.459] [ARM-RX] 0.00 85.79 0.00
[13:28:16.459] [ARM-RX] [85] <0.00 -60.00 -1.50> result: 90.00 103.47 -72.32 0.00 85.79 0.00
[13:28:16.459] [ARM-RX] [86] <0.00 -60.00 -1.50> result: 90.00 103.47 -72.32 0.00 85.79 0.00
[13:28:16.459] [ARM-RX] [87] <0.00 -60.00 -1.50> result: 90.00 103.47 -72.32 0.00 85.79 0.00
[13:28:16.460] [ARM-RX] [88] <0.00 -60.00 -1.50> resu
[13:28:16.482] [ARM-RX] lt: 90.00 103.47 -72.32 0.00 85.79 0.00
[13:28:16.482] [ARM-RX] [89] <0.00 -60.00 -1.50> result: 90.00 103.47 -72.32 0.00 85.79 0.00
[13:28:16.483] [ARM-RX] [90] <0.00 -60.00 -1.50> result: 90.00 103.47 -72.32 0.00 85.79 0.00
[13:28:16.483] [ARM-RX] [91] <0.00 -60.00 -1.50> result: 90.00 103.47 -72.32 0.00 85.79 0.00
[13:28:16.483] [ARM-RX] [92]
[13:28:16.505] [ARM-RX] <0.00 -60.00 -1.50> result: 90.00 103.47 -72.32 0.00 85.79 0.00
[13:28:16.505] [ARM-RX] [93] <0.00 -60.00 -1.50> result: 90.00 103.47 -72.32 0.00 85.79 0.00
[13:28:16.505] [ARM-RX] [94] <0.00 -60.00 -1.50> result: 90.00 103.47 -72.32 0.00 85.79 0.00
[13:28:16.506] [ARM-RX] [95] <0.00 -60.00 -1.50> result: 90.00 103.47 -72.3
[13:28:16.538] [ARM-RX] 2 0.00 85.79 0.00
[13:28:16.538] [ARM-RX] [96] <0.00 -60.00 -1.50> result: 90.00 103.47 -72.32 0.00 85.79 0.00
[13:28:16.539] [ARM-RX] [97] <0.00 -60.00 -1.50> result: 90.00 103.47 -72.32 0.00 85.79 0.00
[13:28:16.539] [ARM-RX] [98] <0.00 -60.00 -1.50> result: 90.00 103.47 -72.32 0.00 85.79 0.00
[13:28:16.539] [ARM-RX] [99] <0.00 -60.00 -1.50> re
[13:28:16.562] [ARM-RX] sult: 90.00 103.47 -72.32 0.00 85.79 0.00
[13:28:16.562] [ARM-RX] [100] <0.00 -60.00 -1.50> result: 90.00 103.47 -72.32 0.00 85.79 0.00
[13:28:16.563] [ARM-RX] [101] <0.00 -60.00 -1.50> result: 90.00 103.47 -72.32 0.00 85.79 0.00
[13:28:16.563] [ARM-RX] [102] <0.00 -60.00 -1.50> result: 90.00 103.47 -72.32 0.00 85.79 0.00
[13:28:16.584] [ARM-RX] [103] <0.00 -60.00 -1.50> result: 90.00 103.47 -72.32 0.00 85.79 0.00
[13:28:16.584] [ARM-RX] [104] <0.00 -60.00 -1.50> result: 90.00 103.47 -72.32 0.00 85.79 0.00
[13:28:16.584] [ARM-RX] [105] <0.00 -60.00 -1.50> result: 90.00 103.47 -72.32 0.00 85.79 0.00
[13:28:16.586] [ARM-RX] [106] <0.00 -60.00 -1.50> result: 90.00 103
[13:28:16.609] [ARM-RX] .47 -72.32 0.00 85.79 0.00
[13:28:16.609] [ARM-RX] [107] <0.00 -60.00 -1.50> result: 90.00 103.47 -72.32 0.00 85.79 0.00
[13:28:16.609] [ARM-RX] [108] <0.00 -60.00 -1.50> result: 90.00 103.47 -72.32 0.00 85.79 0.00
[13:28:16.610] [ARM-RX] [109] <0.00 -60.00 -1.50> result: 90.00 103.47 -72.32 0.00 85.79 0.00
[13:28:16.610] [ARM-RX] [110] <0.00 -60
[13:28:16.631] [ARM-RX] .00 -1.50> result: 90.00 103.47 -72.32 0.00 85.79 0.00
[13:28:16.631] [ARM-RX] [111] <0.00 -60.00 -1.50> result: 90.00 103.47 -72.32 0.00 85.79 0.00
[13:28:16.631] [ARM-RX] [112] <0.00 -60.00 -1.50> result: 90.00 103.47 -72.32 0.00 85.79 0.00
[13:28:16.631] [ARM-RX] [113] <0.00 -60.00 -1.50> result: 90.00 103.47 -72.32 0.00
[13:28:16.654] [ARM-RX] 85.79 0.00
[13:28:16.654] [ARM-RX] [114] <0.00 -60.00 -1.50> result: 90.00 103.47 -72.32 0.00 85.79 0.00
[13:28:16.654] [ARM-RX] [115] <0.00 -60.00 -1.50> result: 90.00 103.47 -72.32 0.00 85.79 0.00
[13:28:16.654] [ARM-RX] [116] <0.00 -60.00 -1.50> result: 90.00 103.47 -72.32 0.00 85.79 0.00
[13:28:16.654] [ARM-RX] [117] <0.00 -60.00 -1.50> resu
[13:28:16.677] [ARM-RX] lt: 90.00 103.47 -72.32 0.00 85.79 0.00
[13:28:16.677] [ARM-RX] [118] <0.00 -60.00 -1.50> result: 90.00 103.47 -72.32 0.00 85.79 0.00
[13:28:16.677] [ARM-RX] [119] <0.00 -60.00 -1.50> result: 90.00 103.47 -72.32 0.00 85.79 0.00
[13:28:16.677] [ARM-RX] [120] <0.00 -60.00 -1.50> result: 90.00 103.47 -72.32 0.00 85.79 0.00
[13:28:16.677] [ARM-RX] [1
[13:28:16.712] [ARM-RX] 21] <0.00 -60.00 -1.50> result: 90.00 103.47 -72.32 0.00 85.79 0.00
[13:28:16.712] [ARM-RX] [122] <0.00 -60.00 -1.50> result: 90.00 103.47 -72.32 0.00 85.79 0.00
[13:28:16.712] [ARM-RX] [123] <0.00 -60.00 -1.50> result: 90.00 103.47 -72.32 0.00 85.79 0.00
[13:28:16.713] [ARM-RX] [124] <0.00 -60.00 -1.50> result: 90.00 103.4
[13:28:16.737] [ARM-RX] 7 -72.32 0.00 85.79 0.00
[13:28:16.737] [ARM-RX] [125] <0.00 -60.00 -1.50> result: 90.00 103.47 -72.32 0.00 85.79 0.00
[13:28:16.738] [ARM-RX] [126] <0.00 -60.00 -1.50> result: 90.00 103.47 -72.32 0.00 85.79 0.00
[13:28:16.738] [ARM-RX] [127] <0.00 -60.00 -1.50> result: 90.00 103.47 -72.32 0.00 85.79 0.00
[13:28:16.738] [ARM-RX] [128] <0.00 -60.0
[13:28:16.757] [ARM-RX] 0 -1.50> result: 90.00 103.47 -72.32 0.00 85.79 0.00
[13:28:16.757] [ARM-RX] [129] <0.00 -60.00 -1.50> result: 90.00 103.47 -72.32 0.00 85.79 0.00
[13:28:16.758] [ARM-RX] [130] <0.00 -60.00 -1.50> result: 90.00 103.47 -72.32 0.00 85.79 0.00
[13:28:16.758] [ARM-RX] [131] <0.00 -60.00 -1.50> result: 90.00 103.47 -72.32 0.00 8
[13:28:16.779] [ARM-RX] 5.79 0.00
[13:28:16.780] [ARM-RX] [132] <0.00 -60.00 -1.50> result: 90.00 103.47 -72.32 0.00 85.79 0.00
[13:28:16.780] [ARM-RX] [133] <0.00 -60.00 -1.50> result: 90.00 103.47 -72.32 0.00 85.79 0.00
[13:28:16.780] [ARM-RX] [134] <0.00 -60.00 -1.50> result: 90.00 103.47 -72.32 0.00 85.79 0.00
[13:28:16.780] [ARM-RX] [135] <0.00 -60.00 -1.50> result
[13:28:16.803] [ARM-RX] : 90.00 103.47 -72.32 0.00 85.79 0.00
[13:28:16.803] [ARM-RX] [136] <0.00 -60.00 -1.50> result: 90.00 103.47 -72.32 0.00 85.79 0.00
[13:28:16.803] [ARM-RX] [137] <0.00 -60.00 -1.50> result: 90.00 103.47 -72.32 0.00 85.79 0.00
[13:28:16.804] [ARM-RX] [138] <0.00 -60.00 -1.50> result: 90.00 103.47 -72.32 0.00 85.79 0.00
[13:28:16.804] [ARM-RX] [139
[13:28:16.832] [ARM-RX] ] <0.00 -60.00 -1.50> result: 90.00 103.47 -72.32 0.00 85.79 0.00
[13:28:16.832] [ARM-RX] [140] <0.00 -60.00 -1.50> result: 90.00 103.47 -72.32 0.00 85.79 0.00
[13:28:16.832] [ARM-RX] [141] <0.00 -60.00 -1.50> result: 90.00 103.47 -72.32 0.00 85.79 0.00
[13:28:16.832] [ARM-RX] [142] <0.00 -60.00 -1.50> result: 90.00 103.47
[13:28:16.849] [ARM-RX] -72.32 0.00 85.79 0.00
[13:28:16.849] [ARM-RX] [143] <0.00 -60.00 -1.50> result: 90.00 103.47 -72.32 0.00 85.79 0.00
[13:28:16.849] [ARM-RX] [144] <0.00 -60.00 -1.50> result: 90.00 103.47 -72.32 0.00 85.79 0.00
[13:28:16.849] [ARM-RX] [145] <0.00 -60.00 -1.50> result: 90.00 103.47 -72.32 0.00 85.79 0.00
[13:28:16.850] [ARM-RX] [146] <0.00 -60.00
[13:28:16.871] [ARM-RX] -1.50> result: 90.00 103.47 -72.32 0.00 85.79 0.00
[13:28:16.871] [ARM-RX] [147] <0.00 -60.00 -1.50> result: 90.00 103.47 -72.32 0.00 85.79 0.00
[13:28:16.873] [ARM-RX] [148] <0.00 -60.00 -1.50> result: 90.00 103.47 -72.32 0.00 85.79 0.00
[13:28:16.873] [ARM-RX] [149] <0.00 -60.00 -1.50> result: 90.00 103.47 -72.32 0.00 85.
[13:28:16.907] [ARM-RX] 79 0.00
[13:28:16.907] [ARM-RX] [150] <0.00 -60.00 -1.50> result: 90.00 103.47 -72.32 0.00 85.79 0.00
[13:28:16.907] [ARM-RX] [151] <0.00 -60.00 -1.50> result: 90.00 103.47 -72.32 0.00 85.79 0.00
[13:28:16.908] [ARM-RX] [152] <0.00 -60.00 -1.50> result: 90.00 103.47 -72.32 0.00 85.79 0.00
[13:28:16.908] [ARM-RX] [153] <0.00 -60.00 -1.50> result:
[13:28:16.930] [ARM-RX] 90.00 103.47 -72.32 0.00 85.79 0.00
[13:28:16.930] [ARM-RX] [154] <0.00 -60.00 -1.50> result: 90.00 103.47 -72.32 0.00 85.79 0.00
[13:28:16.930] [ARM-RX] [155] <0.00 -60.00 -1.50> result: 90.00 103.47 -72.32 0.00 85.79 0.00
[13:28:16.930] [ARM-RX] [156] <0.00 -60.00 -1.50> result: 90.00 103.47 -72.32 0.00 85.79 0.00
[13:28:16.931] [ARM-RX] [157]
[13:28:16.952] [ARM-RX] <0.00 -60.00 -1.50> result: 90.00 103.47 -72.32 0.00 85.79 0.00
[13:28:16.953] [ARM-RX] [158] <0.00 -60.00 -1.50> result: 90.00 103.47 -72.32 0.00 85.79 0.00
[13:28:16.953] [ARM-RX] [159] <0.00 -60.00 -1.50> result: 90.00 103.47 -72.32 0.00 85.79 0.00
[13:28:16.953] [ARM-RX] [160] <0.00 -60.00 -1.50> result: 90.00 103.47 -7
[13:28:16.976] [ARM-RX] 2.32 0.00 85.79 0.00
[13:28:16.976] [ARM-RX] [161] <0.00 -60.00 -1.50> result: 90.00 103.47 -72.32 0.00 85.79 0.00
[13:28:16.976] [ARM-RX] [162] <0.00 -60.00 -1.50> result: 90.00 103.47 -72.32 0.00 85.79 0.00
[13:28:16.977] [ARM-RX] [163] <0.00 -60.00 -1.50> result: 90.00 103.47 -72.32 0.00 85.79 0.00
[13:28:16.977] [ARM-RX] [164] <0.00 -60.00 -1
[13:28:16.997] [ARM-RX] .50> result: 90.00 103.47 -72.32 0.00 85.79 0.00
[13:28:16.997] [ARM-RX] [165] <0.00 -60.00 -1.50> result: 90.00 103.47 -72.32 0.00 85.79 0.00
[13:28:16.998] [ARM-RX] [166] <0.00 -60.00 -1.50> result: 90.00 103.47 -72.32 0.00 85.79 0.00
[13:28:16.998] [ARM-RX] [167] <0.00 -60.00 -1.50> result: 90.00 103.47 -72.32 0.00 85.79
[13:28:17.021] [ARM-RX] 0.00
[13:28:17.021] [ARM-RX] [168] <0.00 -60.00 -1.50> result: 90.00 103.47 -72.32 0.00 85.79 0.00
[13:28:17.021] [ARM-RX] [169] <0.00 -60.00 -1.50> result: 90.00 103.47 -72.32 0.00 85.79 0.00
[13:28:17.022] [ARM-RX] [170] <0.00 -60.00 -1.50> result: 90.00 103.47 -72.32 0.00 85.79 0.00
[13:28:17.022] [ARM-RX] [171] <0.00 -60.00 -1.50> result: 90
[13:28:17.043] [ARM-RX] .00 103.47 -72.32 0.00 85.79 0.00
[13:28:17.044] [ARM-RX] [172] <0.00 -60.00 -1.50> result: 90.00 103.47 -72.32 0.00 85.79 0.00
[13:28:17.044] [ARM-RX] [173] <0.00 -60.00 -1.50> result: 90.00 103.47 -72.32 0.00 85.79 0.00
[13:28:17.044] [ARM-RX] [174] <0.00 -60.00 -1.50> result: 90.00 103.47 -72.32 0.00 85.79 0.00
[13:28:17.044] [ARM-RX] [175] <0
[13:28:17.103] [ARM-RX] .00 -60.00 -1.50> result: 90.00 103.47 -72.32 0.00 85.79 0.00
[13:28:17.109] [ARM-RX] [176] <0.00 -60.00 -1.50> result: 90.00 103.47 -72.32 0.00 85.79 0.00
[13:28:18.962] [ARM-RX] [joint 1] ave_error:0.00
[13:28:18.962] [ARM-RX] [joint 2] ave_error:2.92
[13:28:18.962] [ARM-RX] [joint 3] ave_error:2.47
[13:28:18.962] [ARM-RX] [joint 4] ave_error:0.00
[13:28:18.963] [ARM-RX] [joint 5] ave_error:0.28
[13:28:18.963] [ARM-RX] robot pid run finished!!
[13:28:19.039] [JETSON-RX] A5 5A 01 81 A6 03 01 01 00 4D DC
[13:28:19.039] [JETSON-STATUS] READY: A5 5A 01 81 A6 03 01 01 00 4D DC
[13:28:19.519] [ARM-RX] [JETSON_RX] crc failed type=0x01 rx=0x015A calc=0x5CF3
[13:28:21.193] [JETSON-TX] VISION_NEW dcx=40 dcy=-60: A5 5A 01 03 B2 05 28 00 C4 FF 01 74 E0
[13:28:21.257] [ARM-RX] [JETSON_RX] vision dcx=40 dcy=-60
[13:28:21.257] [ARM-RX] [TARGET] vision state=WAIT_DETECT enabled=1 dcx=40 dcy=-60 stable=0
[13:28:21.257] [ARM-RX] ROBOT_VISUAL_SERVO_EVENT
[13:28:21.257] [ARM-RX] robot visual servo start
[13:28:21.754] [ARM-RX] robot visual servo stopped
[13:28:32.434] [JETSON-TX] VISION_NEW dcx=40 dcy=-60: A5 5A 01 03 EB 05 28 00 C4 FF 01 BD E5
[13:28:32.501] [ARM-RX] [JETSON_RX] vision dcx=40 dcy=-60
[13:28:32.501] [ARM-RX] [TARGET] vision state=WAIT_DETECT enabled=1 dcx=40 dcy=-60 stable=0
[13:28:32.501] [ARM-RX] ROBOT_VISUAL_SERVO_EVENT
[13:28:32.501] [ARM-RX] robot visual servo start
[13:28:32.995] [ARM-RX] robot visual servo stopped
[13:28:34.133] [JETSON-TX] VISION_NEW dcx=40 dcy=-60: A5 5A 01 03 F5 05 28 00 C4 FF 01 43 E4
[13:28:34.173] [ARM-RX] [JETSON_RX] vision dcx=40 dcy=-60
[13:28:34.173] [ARM-RX] [TARGET] vision state=WAIT_DETECT enabled=1 dcx=40 dcy=-60 stable=0
[13:28:34.174] [ARM-RX] ROBOT_VISUAL_SERVO_EVENT
[13:28:34.174] [ARM-RX] robot visual servo start
[13:28:34.666] [ARM-RX] robot visual servo stopped
[13:28:35.195] [JETSON-TX] VISION_NEW dcx=40 dcy=-60: A5 5A 01 03 FB 05 28 00 C4 FF 01 AC 24
[13:28:35.223] [ARM-RX] [JETSON_RX] vision dcx=40 dcy=-60
[13:28:35.224] [ARM-RX] [TARGET] vision state=WAIT_DETECT enabled=1 dcx=40 dcy=-60 stable=0
[13:28:35.224] [ARM-RX] ROBOT_VISUAL_SERVO_EVENT
[13:28:35.224] [ARM-RX] robot visual servo start
[13:28:35.773] [JETSON-TX] VISION_NEW dcx=40 dcy=-60: A5 5A 01 03 FF 05 28 00 C4 FF 01 E9 E4
[13:28:35.784] [ARM-RX] robot visual servo stopped
[13:28:35.847] [ARM-RX] [JETSON_RX] vision dcx=40 dcy=-60
[13:28:35.847] [ARM-RX] [TARGET] vision state=RECOVER enabled=1 dcx=40 dcy=-60 stable=0
[13:28:35.983] [JETSON-TX] VISION_NEW dcx=40 dcy=-60: A5 5A 01 03 01 05 28 00 C4 FF 01 F6 2B
[13:28:36.032] [ARM-RX] ROBOT_VISUAL_SERVO_EVENT
[13:28:36.032] [ARM-RX] robot visual servo start
[13:28:36.033] [ARM-RX] [JETSON_RX] vision dcx=40 dcy=-60
[13:28:36.033] [ARM-RX] [TARGET] vision state=ALIGN enabled=1 dcx=40 dcy=-60 stable=0
[13:28:36.033] [ARM-RX] [TARGET] visual servo vx=8.00 vz=-8.00 dcx=40 dcy=-60
[13:28:36.183] [JETSON-TX] VISION_NEW dcx=40 dcy=-60: A5 5A 01 03 03 05 28 00 C4 FF 01 D5 EB
[13:28:36.217] [ARM-RX] [JETSON_RX] vision dcx=40 dcy=-60
[13:28:36.217] [ARM-RX] [TARGET] vision state=ALIGN enabled=1 dcx=40 dcy=-60 stable=0
[13:28:36.217] [ARM-RX] [TARGET] visual servo vx=8.00 vz=-8.00 dcx=40 dcy=-60
[13:28:36.374] [JETSON-TX] VISION_NEW dcx=40 dcy=-60: A5 5A 01 03 05 05 28 00 C4 FF 01 B3 EB
[13:28:36.404] [ARM-RX] [JETSON_RX] vision dcx=40 dcy=-60
[13:28:36.404] [ARM-RX] [TARGET] vision state=ALIGN enabled=1 dcx=40 dcy=-60 stable=0
[13:28:36.404] [ARM-RX] [TARGET] visual servo vx=8.00 vz=-8.00 dcx=40 dcy=-60
[13:28:36.833] [JETSON-TX] VISION_NEW dcx=40 dcy=-60: A5 5A 01 03 08 05 28 00 C4 FF 01 6F 2B
[13:28:36.901] [ARM-RX] [JETSON_RX] vision dcx=40 dcy=-60
[13:28:36.901] [ARM-RX] [TARGET] vision state=ALIGN enabled=1 dcx=40 dcy=-60 stable=0
[13:28:36.901] [ARM-RX] [TARGET] visual servo vx=8.00 vz=-8.00 dcx=40 dcy=-60
[13:28:37.399] [ARM-RX] robot visual servo stopped
[13:28:51.790] [ARM-RX] [JETSON_RX] crc failed type=0x01 rx=0xA50E calc=0xE00E
[13:28:52.135] [JETSON-TX] VISION_NEW dcx=-40 dcy=60: A5 5A 01 03 55 05 D8 FF 3C 00 01 53 EE
[13:28:52.164] [ARM-RX] [JETSON_RX] vision dcx=-40 dcy=60
[13:28:52.165] [ARM-RX] [TARGET] vision state=WAIT_DETECT enabled=1 dcx=-40 dcy=60 stable=0
[13:28:52.165] [ARM-RX] ROBOT_VISUAL_SERVO_EVENT
[13:28:52.165] [ARM-RX] robot visual servo start
[13:28:52.660] [ARM-RX] robot visual servo stopped
[13:28:53.603] [JETSON-TX] VISION_NEW dcx=-40 dcy=60: A5 5A 01 03 5E 05 D8 FF 3C 00 01 E9 2E
[13:28:53.650] [ARM-RX] [JETSON_RX] vision dcx=-40 dcy=60
[13:28:53.650] [ARM-RX] [TARGET] vision state=WAIT_DETECT enabled=1 dcx=-40 dcy=60 stable=0
[13:28:53.651] [ARM-RX] ROBOT_VISUAL_SERVO_EVENT
[13:28:53.651] [ARM-RX] robot visual servo start
[13:28:54.145] [ARM-RX] robot visual servo stopped
[13:28:54.744] [JETSON-TX] VISION_NEW dcx=-40 dcy=60: A5 5A 01 03 64 05 D8 FF 3C 00 01 73 2D
[13:28:54.761] [ARM-RX] [JETSON_RX] vision dcx=-40 dcy=60
[13:28:54.761] [ARM-RX] [TARGET] vision state=WAIT_DETECT enabled=1 dcx=-40 dcy=60 stable=0
[13:28:54.761] [ARM-RX] ROBOT_VISUAL_SER
[13:28:54.823] [ARM-RX] VO_EVENT
[13:28:54.823] [ARM-RX] robot visual servo start
[13:28:55.318] [ARM-RX] robot visual servo stopped
[13:28:55.714] [JETSON-TX] VISION_NEW dcx=-40 dcy=60: A5 5A 01 03 6A 05 D8 FF 3C 00 01 9C ED
[13:28:55.755] [ARM-RX] [JETSON_RX] vision dcx=-40 dcy=60
[13:28:55.755] [ARM-RX] [TARGET] vision state=WAIT_DETECT enabled=1 dcx=-40 dcy=60 stable=0
[13:28:55.755] [ARM-RX] ROBOT_VISUAL_SERVO_EVENT
[13:28:55.755] [ARM-RX] robot visual servo start
[13:28:56.251] [ARM-RX] robot visual servo stopped
[13:28:56.544] [JETSON-TX] VISION_NEW dcx=-40 dcy=60: A5 5A 01 03 6F 05 D8 FF 3C 00 01 C9 ED
[13:28:56.625] [ARM-RX] [JETSON_RX] vision dcx=-40 dcy=60
[13:28:56.625] [ARM-RX] [TARGET] vision state=WAIT_DETECT enabled=1 dcx=-40 dcy=60 stable=0
[13:28:56.625] [ARM-RX] ROBOT_VISUAL_SERVO_EVENT
[13:28:56.626] [ARM-RX] robot visual servo start
[13:28:57.121] [ARM-RX] robot visual servo stopped
[13:28:57.355] [JETSON-TX] VISION_NEW dcx=-40 dcy=60: A5 5A 01 03 74 05 D8 FF 3C 00 01 62 EC
[13:28:57.432] [ARM-RX] [JETSON_RX] vision dcx=-40 dcy=60
[13:28:57.432] [ARM-RX] [TARGET] vision state=WAIT_DETECT enabled=1 dcx=-40 dcy=60 stable=0
[13:28:57.432] [ARM-RX] ROBOT_VISUAL_SERVO_EVENT
[13:28:57.433] [ARM-RX] robot visual servo start
[13:28:57.929] [ARM-RX] robot visual servo stopped
[13:28:58.004] [JETSON-TX] VISION_NEW dcx=-40 dcy=60: A5 5A 01 03 79 05 D8 FF 3C 00 01 BE 2C
[13:28:58.054] [ARM-RX] [JETSON_RX] vision dcx=-40 dcy=60
[13:28:58.054] [ARM-RX] [TARGET] vision state=RECOVER enabled=1 dcx=-40 dcy=60 stable=0
[13:28:58.178] [ARM-RX] ROBOT_VISUAL_SERVO_EVENT
[13:28:58.178] [ARM-RX] robot visual servo start
[13:28:58.362] [JETSON-TX] VISION_NEW dcx=-40 dcy=60: A5 5A 01 03 7B 05 D8 FF 3C 00 01 9D EC
[13:28:58.426] [ARM-RX] [JETSON_RX] vision dcx=-40 dcy=60
[13:28:58.426] [ARM-RX] [TARGET] vision state=ALIGN enabled=1 dcx=-40 dcy=60 stable=0
[13:28:58.426] [ARM-RX] [TARGET] visual servo vx=-8.00 vz=8.00 dcx=-40 dcy=60
[13:28:58.742] [JETSON-TX] VISION_NEW dcx=-40 dcy=60: A5 5A 01 03 7E 05 D8 FF 3C 00 01 C8 EC
[13:28:58.800] [ARM-RX] [JETSON_RX] vision dcx=-40 dcy=60
[13:28:58.800] [ARM-RX] [TARGET] vision state=ALIGN enabled=1 dcx=-40 dcy=60 stable=0
[13:28:58.800] [ARM-RX] [TARGET] visual servo vx=-8.00 vz=8.00 dcx=-40 dcy=60
[13:28:59.294] [ARM-RX] robot visual servo stopped
[13:28:59.502] [JETSON-TX] VISION_NEW dcx=-40 dcy=60: A5 5A 01 03 83 05 D8 FF 3C 00 01 E4 23
[13:28:59.543] [ARM-RX] [JETSON_RX] vision dcx=-40 dcy=60
[13:28:59.543] [ARM-RX] [TARGET] vision state=RECOVER enabled=1 dcx=-40 dcy=60 stable=0
[13:28:59.544] [ARM-RX] ROBOT_VISUAL_SERVO_EVENT
[13:28:59.544] [ARM-RX] robot visual servo start
[13:29:00.038] [ARM-RX] robot visual servo stopped
[13:29:00.186] [JETSON-TX] VISION_NEW dcx=-40 dcy=60: A5 5A 01 03 87 05 D8 FF 3C 00 01 A1 E3
[13:29:00.223] [ARM-RX] [JETSON_RX] vision dcx=-40 dcy=60
[13:29:00.223] [ARM-RX] [TARGET] vision state=RECOVER enabled=1 dcx=-40 dcy=60 stable=0
[13:29:00.286] [ARM-RX] ROBOT_VISUAL_SERVO_EVENT
[13:29:00.286] [ARM-RX] robot visual servo start
[13:29:00.375] [JETSON-TX] VISION_NEW dcx=-40 dcy=60: A5 5A 01 03 89 05 D8 FF 3C 00 01 4E 23
[13:29:00.409] [ARM-RX] [JETSON_RX] vision dcx=-40 dcy=60
[13:29:00.409] [ARM-RX] [TARGET] vision state=ALIGN enabled=1 dcx=-40 dcy=60 stable=0
[13:29:00.409] [ARM-RX] [TARGET] visual servo vx=-8.00 vz=8.00 dcx=-40 dcy=60
[13:29:00.554] [JETSON-TX] VISION_NEW dcx=-40 dcy=60: A5 5A 01 03 8B 05 D8 FF 3C 00 01 6D E3
[13:29:00.595] [ARM-RX] [JETSON_RX] vision dcx=-40 dcy=60
[13:29:00.596] [ARM-RX] [TARGET] vision state=ALIGN enabled=1 dcx=-40 dcy=60 stable=0
[13:29:00.596] [ARM-RX] [TARGET] visual servo vx=-8.00 vz=8.00 dcx=-40 dcy=60
[13:29:00.733] [JETSON-TX] VISION_NEW dcx=-40 dcy=60: A5 5A 01 03 8D 05 D8 FF 3C 00 01 0B E3
[13:29:00.780] [ARM-RX] [JETSON_RX] vision dcx=-40 dcy=60
[13:29:00.780] [ARM-RX] [TARGET] vision state=ALIGN enabled=1 dcx=-40 dcy=60 stable=0
[13:29:00.780] [ARM-RX] [TARGET] visual servo vx=-8.00 vz=8.00 dcx=-40 dcy=60
[13:29:01.280] [ARM-RX] robot visual servo stopped
[13:29:01.325] [JETSON-TX] VISION_NEW dcx=-40 dcy=60: A5 5A 01 03 91 05 D8 FF 3C 00 01 D6 22
[13:29:01.343] [ARM-RX] [JETSON_RX] vision dcx=-40 dcy=60
[13:29:01.343] [ARM-RX] [TARGET] vision state=RECOVER enabled=1 dcx=-40 dcy=60 stable=0
[13:29:01.516] [JETSON-TX] VISION_NEW dcx=-40 dcy=60: A5 5A 01 03 93 05 D8 FF 3C 00 01 F5 E2
[13:29:01.528] [ARM-RX] ROBOT_VISUAL_SERVO_EVENT
[13:29:01.528] [ARM-RX] robot visual servo start
[13:29:01.591] [ARM-RX] [JETSON_RX] vision dcx=-40 dcy=60
[13:29:01.592] [ARM-RX] [TARGET] vision state=ALIGN enabled=1 dcx=-40 dcy=60 stable=0
[13:29:01.592] [ARM-RX] [TARGET] visual servo vx=-8.00 vz=8.00 dcx=-40 dcy=60
[13:29:01.703] [JETSON-TX] VISION_NEW dcx=-40 dcy=60: A5 5A 01 03 95 05 D8 FF 3C 00 01 93 E2
[13:29:01.778] [ARM-RX] [JETSON_RX] vision dcx=-40 dcy=60
[13:29:01.778] [ARM-RX] [TARGET] vision state=ALIGN enabled=1 dcx=-40 dcy=60 stable=0
[13:29:01.778] [ARM-RX] [TARGET] visual servo vx=-8.00 vz=8.00 dcx=-40 dcy=60
[13:29:01.904] [JETSON-TX] VISION_NEW dcx=-40 dcy=60: A5 5A 01 03 97 05 D8 FF 3C 00 01 B0 22
[13:29:01.965] [ARM-RX] [JETSON_RX] vision dcx=-40 dcy=60
[13:29:01.965] [ARM-RX] [TARGET] vision state=ALIGN enabled=1 dcx=-40 dcy=60 stable=0
[13:29:01.965] [ARM-RX] [TARGET] visual servo vx=-8.00 vz=8.00 dcx=-40 dcy=60
[13:29:02.093] [JETSON-TX] VISION_NEW dcx=-40 dcy=60: A5 5A 01 03 99 05 D8 FF 3C 00 01 5F E2
[13:29:02.151] [ARM-RX] [JETSON_RX] vision dcx=-40 dcy=60
[13:29:02.151] [ARM-RX] [TARGET] vision state=ALIGN enabled=1 dcx=-40 dcy=60 stable=0
[13:29:02.152] [ARM-RX] [TARGET] visual servo vx=-8.00 vz=8.00 dcx=-40 dcy=60
[13:29:02.283] [JETSON-TX] VISION_NEW dcx=-40 dcy=60: A5 5A 01 03 9B 05 D8 FF 3C 00 01 7C 22
[13:29:02.337] [ARM-RX] [JETSON_RX] vision dcx=-40 dcy=60
[13:29:02.337] [ARM-RX] [TARGET] vision state=ALIGN enabled=1 dcx=-40 dcy=60 stable=0
[13:29:02.338] [ARM-RX] [TARGET] visual servo vx=-8.00 vz=8.00 dcx=-40 dcy=60
[13:29:02.472] [JETSON-TX] VISION_NEW dcx=-40 dcy=60: A5 5A 01 03 9D 05 D8 FF 3C 00 01 1A 22
[13:29:02.522] [ARM-RX] [JETSON_RX] vision dcx=-40 dcy=60
[13:29:02.522] [ARM-RX] [TARGET] vision state=ALIGN enabled=1 dcx=-40 dcy=60 stable=0
[13:29:02.522] [ARM-RX] [TARGET] visual servo vx=-8.00 vz=8.00 dcx=-40 dcy=60
[13:29:02.664] [JETSON-TX] VISION_NEW dcx=-40 dcy=60: A5 5A 01 03 9F 05 D8 FF 3C 00 01 39 E2
[13:29:02.706] [ARM-RX] [JETSON_RX] vision dcx=-40 dcy=60
[13:29:02.706] [ARM-RX] [TARGET] vision state=ALIGN enabled=1 dcx=-40 dcy=60 stable=0
[13:29:02.707] [ARM-RX] [TARGET] visual servo vx=-8.00 vz=8.00 dcx=-40 dcy=60
[13:29:02.866] [JETSON-TX] VISION_NEW dcx=-40 dcy=60: A5 5A 01 03 A1 05 D8 FF 3C 00 01 E6 21
[13:29:02.892] [ARM-RX] [JETSON_RX] vision dcx=-40 dcy=60
[13:29:02.894] [ARM-RX] [TARGET] vision state=ALIGN enabled=1 dcx=-40 dcy=60 stable=0
[13:29:02.894] [ARM-RX] [TARGET] visual servo vx=-8.00 vz=8.00 dcx=-40 dcy=60
[13:29:03.053] [JETSON-TX] VISION_NEW dcx=-40 dcy=60: A5 5A 01 03 A3 05 D8 FF 3C 00 01 C5 E1
[13:29:03.080] [ARM-RX] [JETSON_RX] vision dcx=-40 dcy=60
[13:29:03.080] [ARM-RX] [TARGET] vision state=ALIGN enabled=1 dcx=-40 dcy=60 stable=0
[13:29:03.082] [ARM-RX] [TARGET] visual servo vx=-8.00 vz=8.00 dcx=-40 dcy=60
[13:29:03.235] [JETSON-TX] VISION_NEW dcx=-40 dcy=60: A5 5A 01 03 A5 05 D8 FF 3C 00 01 A3 E1
[13:29:03.268] [ARM-RX] [JETSON_RX] vision dcx=-40 dcy=60
[13:29:03.268] [ARM-RX] [TARGET] vision state=ALIGN enabled=1 dcx=-40 dcy=60 stable=0
[13:29:03.268] [ARM-RX] [TARGET] visual servo vx=-8.00 vz=8.00 dcx=-40 dcy=60
[13:29:03.424] [JETSON-TX] VISION_NEW dcx=-40 dcy=60: A5 5A 01 03 A7 05 D8 FF 3C 00 01 80 21
[13:29:03.453] [ARM-RX] [JETSON_RX] crc failed type=0xA5 rx=0x05A7 calc=0x8E5A
[13:29:03.604] [JETSON-TX] VISION_NEW dcx=-40 dcy=60: A5 5A 01 03 A9 05 D8 FF 3C 00 01 6F E1
[13:29:03.637] [ARM-RX] [JETSON_RX] vision dcx=-40 dcy=60
[13:29:03.637] [ARM-RX] [TARGET] vision state=ALIGN enabled=1 dcx=-40 dcy=60 stable=0
[13:29:03.637] [ARM-RX] [TARGET] visual servo vx=-8.00 vz=8.00 dcx=-40 dcy=60
[13:29:03.993] [JETSON-TX] VISION_NEW dcx=-40 dcy=60: A5 5A 01 03 AB 05 D8 FF 3C 00 01 4C 21
[13:29:04.072] [ARM-RX] [JETSON_RX] vision dcx=-40 dcy=60
[13:29:04.072] [ARM-RX] [TARGET] vision state=ALIGN enabled=1 dcx=-40 dcy=60 stable=0
[13:29:04.073] [ARM-RX] [TARGET] visual servo vx=-8.00 vz=8.00 dcx=-40 dcy=60
[13:29:04.569] [ARM-RX] robot visual servo stopped
[13:29:10.063] [JETSON-INFO] heartbeat stopped
[13:29:10.063] [JETSON-TX] TARGET_CTRL_STOP_NEW: A5 5A 01 02 CB 01 00 68 16
[13:29:10.090] [ARM-RX] [JETSON_RX] target_ctrl=0
[13:29:10.090] [ARM-RX] ROBOT_SOFT_RESET_EVENT
[13:29:10.090] [ARM-RX] --- Starting soft reset ---
[13:29:10.137] [JETSON-RX] A5 5A 01 81 CB 03 04 00 00 F1 84
[13:29:10.137] [JETSON-STATUS] TARGET_CTRL_OFF: A5 5A 01 81 CB 03 04 00 00 F1 84
[13:29:10.339] [ARM-RX] Soft reset motors enabled (J1~J5, J6 skipped).
[13:29:10.339] [ARM-RX] Soft resetting joint 4...
[13:29:10.339] [ARM-RX] robot_update_current_angle 4...
[13:29:10.339] [ARM-RX] [4] current:74.33, target:90.00, dir:1
[13:29:11.642] [ARM-RX] Soft resetting joint 3...
[13:29:11.704] [ARM-RX] robot_update_current_angle 3...
[13:29:11.704] [ARM-RX] [3] current:12.23, target:0.00, dir:-1
[13:29:13.194] [ARM-RX] Soft resetting joint 1...
[13:29:13.194] [ARM-RX] robot_update_current_angle 1...
[13:29:13.194] [ARM-RX] [1] current:93.55, target:90.00, dir:-1
[13:29:14.191] [ARM-RX] Soft resetting joint 2...
[13:29:14.191] [ARM-RX] robot_update_current_angle 2...
[13:29:14.191] [ARM-RX] [2] current:-70.23, target:-90.00, dir:-1
[13:29:15.925] [ARM-RX] soft reset joint 2 settle timeout, keep going
[13:29:15.925] [ARM-RX] Soft resetting joint 0...
[13:29:15.925] [ARM-RX] robot_update_current_angle 0...
[13:29:15.925] [ARM-RX] [0] current:78.32, target:90.00, dir:1
[13:29:17.423] [ARM-RX] soft reset joint 0 settle timeout, keep going
[13:29:17.485] [ARM-RX] soft reset final verify PASS (issues:2), pose set HOME.
