[09:31:08.415] [APP-INFO] 已刷新串口: COM7, COM22, COM21, COM14
[09:31:08.416] [APP-INFO] log file: E:\Renesas\RA6M5-Robot\Robot_FreeRTOS - Arm\UpperComputer\dist\logs\ra6m5_upper_console_20260706_093107.log
[09:31:26.736] [ARM-INFO] opened COM7 @ 115200
[09:31:30.353] [JETSON-INFO] opened COM14 @ 115200
[10:52:01.156] [ARM-RX] BSP_UART_Init Success!!!
[10:52:01.158] [ARM-RX] BSP_CAN_Init Success!!!
[10:52:01.159] [ARM-RX] robot control task runing!!!
[10:52:01.159] [ARM-RX] robot cmd service task ready and running!
[10:57:09.307] [ARM-RX] BSP_UART_Init Success!!!
[10:57:09.307] [ARM-RX] BSP_CAN_Init Success!!!
[10:57:09.308] [ARM-RX] robot control task runing!!!
[10:57:09.308] [ARM-RX] robot cmd service task ready and running!
[10:57:20.510] [JETSON-TX] TARGET_CTRL_START: AA 01 01 BB
[10:57:20.572] [ARM-RX] [JETSON_RX] target_ctrl=1
[10:57:20.572] [ARM-RX] ROBOT_AUTO_EVENT
[10:57:20.572] [ARM-RX] [0] <0.00 0.00 0.00> result: 90.00 90.00 -90.00 0.00 90.00 0.00
[10:57:20.573] [ARM-RX] [1] <0.00 -0.00 -0.00> result: 90.00 90.00 -90.00 0.00 90.00 0.00
[10:57:20.573] [ARM-RX] [2] <0.00 -0.00 -0.00> result: 90.00 90.00 -90.00 0.00 90.00 0.00
[10:57:20.573] [ARM-RX] [3] <0.00 -0.
[10:57:20.577] [ARM-RX] 01 -0.00> result: 90.00 90.00 -90.00 0.00 90.00 0.00
[10:57:20.577] [ARM-RX] [4] <0.00 -0.02 -0.00> result: 90.00 90.01 -90.00 0.00 90.00 0.00
[10:57:20.577] [ARM-RX] [5] <0.00 -0.03 -0.00> result: 90.00 90.01 -89.99 0.00 90.00 0.00
[10:57:20.577] [ARM-RX] [6] <0.00 -0.05 -0.00> result: 90.00 90.02 -89.99 0.00 90.00 0.00
[10:57:20.577] [ARM-RX] [
[10:57:20.587] [JETSON-RX] CC 04 01 DD
[10:57:20.587] [JETSON-STATUS] TARGET_CTRL_ON: CC 04 01 DD
[10:57:20.598] [ARM-RX] 7] <0.00 -0.07 -0.00> result: 90.00 90.02 -89.98 0.00 90.00 0.00
[10:57:20.599] [ARM-RX] [8] <0.00 -0.11 -0.00> result: 90.00 90.03 -89.97 0.00 90.00 0.00
[10:57:20.599] [ARM-RX] [9] <0.00 -0.15 -0.00> result: 90.00 90.05 -89.96 0.00 90.00 0.00
[10:57:20.599] [ARM-RX] [10] <0.00 -0.20 -0.01> result: 90.00 90.06 -89.94 0.00
[10:57:20.620] [ARM-RX] 90.01 0.00
[10:57:20.621] [ARM-RX] [11] <0.00 -0.27 -0.01> result: 90.00 90.08 -89.92 0.00 90.01 0.00
[10:57:20.621] [ARM-RX] [12] <0.00 -0.34 -0.01> result: 90.00 90.11 -89.90 0.00 90.01 0.00
[10:57:20.621] [ARM-RX] [13] <0.00 -0.43 -0.01> result: 90.00 90.14 -89.88 0.00 90.01 0.00
[10:57:20.621] [ARM-RX] [14] <0.00 -0.54 -0.01> result: 90.00 90
[10:57:20.643] [ARM-RX] .17 -89.85 0.00 90.02 0.00
[10:57:20.643] [ARM-RX] [15] <0.00 -0.65 -0.02> result: 90.00 90.20 -89.81 0.00 90.02 0.00
[10:57:20.643] [ARM-RX] [16] <0.00 -0.79 -0.02> result: 90.00 90.25 -89.78 0.00 90.02 0.00
[10:57:20.644] [ARM-RX] [17] <0.00 -0.94 -0.02> result: 90.00 90.29 -89.73 0.00 90.03 0.00
[10:57:20.644] [ARM-RX] [18] <0.00 -1.10 -0.03>
[10:57:20.666] [ARM-RX] result: 90.00 90.34 -89.69 0.00 90.03 0.00
[10:57:20.667] [ARM-RX] [19] <0.00 -1.29 -0.03> result: 90.00 90.40 -89.63 0.00 90.03 0.00
[10:57:20.667] [ARM-RX] [20] <0.00 -1.49 -0.04> result: 90.00 90.46 -89.57 0.00 90.04 0.00
[10:57:20.667] [ARM-RX] [21] <0.00 -1.72 -0.04> result: 90.00 90.53 -89.51 0.00 90.04 0.00
[10:57:20.667] [ARM-RX] [22] <0.
[10:57:20.689] [ARM-RX] 00 -1.97 -0.05> result: 90.00 90.61 -89.44 0.00 90.05 0.00
[10:57:20.689] [ARM-RX] [23] <0.00 -2.23 -0.06> result: 90.00 90.69 -89.36 0.00 90.05 0.00
[10:57:20.690] [ARM-RX] [24] <0.00 -2.52 -0.06> result: 90.00 90.77 -89.28 0.00 90.05 0.00
[10:57:20.690] [ARM-RX] [25] <0.00 -2.84 -0.07> result: 90.00 90.87 -89.19 0.00 90.0
[10:57:20.722] [ARM-RX] 6 0.00
[10:57:20.724] [ARM-RX] [26] <0.00 -3.17 -0.08> result: 90.00 90.97 -89.10 0.00 90.06 0.00
[10:57:20.724] [ARM-RX] [27] <0.00 -3.53 -0.09> result: 90.00 91.07 -88.99 0.00 90.06 0.00
[10:57:20.724] [ARM-RX] [28] <0.00 -3.92 -0.10> result: 90.00 91.18 -88.88 0.00 90.07 0.00
[10:57:20.725] [ARM-RX] [29] <0.00 -4.33 -0.11> result: 90.00 91.30
[10:57:20.746] [ARM-RX] -88.76 0.00 90.07 0.00
[10:57:20.746] [ARM-RX] [30] <0.00 -4.77 -0.12> result: 90.00 91.43 -88.64 0.00 90.07 0.00
[10:57:20.746] [ARM-RX] [31] <0.00 -5.23 -0.13> result: 90.00 91.56 -88.51 0.00 90.07 0.00
[10:57:20.746] [ARM-RX] [32] <0.00 -5.72 -0.14> result: 90.00 91.70 -88.37 0.00 90.07 0.00
[10:57:20.747] [ARM-RX] [33] <0.00 -6.24 -0.16> resu
[10:57:20.769] [ARM-RX] lt: 90.00 91.85 -88.22 0.00 90.06 0.00
[10:57:20.769] [ARM-RX] [34] <0.00 -6.79 -0.17> result: 90.00 92.00 -88.06 0.00 90.06 0.00
[10:57:20.769] [ARM-RX] [35] <0.00 -7.36 -0.18> result: 90.00 92.16 -87.89 0.00 90.05 0.00
[10:57:20.770] [ARM-RX] [36] <0.00 -7.96 -0.20> result: 90.00 92.32 -87.72 0.00 90.04 0.00
[10:57:20.770] [ARM-RX] [37] <0.00 -
[10:57:20.794] [ARM-RX] 8.60 -0.21> result: 90.00 92.49 -87.54 0.00 90.03 0.00
[10:57:20.794] [ARM-RX] [38] <0.00 -9.26 -0.23> result: 90.00 92.67 -87.35 0.00 90.02 0.00
[10:57:20.794] [ARM-RX] [39] <0.00 -9.95 -0.25> result: 90.00 92.85 -87.15 0.00 90.00 0.00
[10:57:20.794] [ARM-RX] [40] <0.00 -10.67 -0.27> result: 90.00 93.04 -86.94 0.00 89.98 0
[10:57:20.815] [ARM-RX] .00
[10:57:20.815] [ARM-RX] [41] <0.00 -11.42 -0.29> result: 90.00 93.24 -86.72 0.00 89.96 0.00
[10:57:20.816] [ARM-RX] [42] <0.00 -12.20 -0.30> result: 90.00 93.44 -86.50 0.00 89.93 0.00
[10:57:20.816] [ARM-RX] [43] <0.00 -13.01 -0.33> result: 90.00 93.64 -86.26 0.00 89.91 0.00
[10:57:20.816] [ARM-RX] [44] <0.00 -13.85 -0.35> result: 90.00 93.85
[10:57:20.838] [ARM-RX] -86.02 0.00 89.87 0.00
[10:57:20.838] [ARM-RX] [45] <0.00 -14.72 -0.37> result: 90.00 94.07 -85.77 0.00 89.84 0.00
[10:57:20.838] [ARM-RX] [46] <0.00 -15.62 -0.39> result: 90.00 94.29 -85.51 0.00 89.80 0.00
[10:57:20.838] [ARM-RX] [47] <0.00 -16.55 -0.41> result: 90.00 94.52 -85.24 0.00 89.75 0.00
[10:57:20.838] [ARM-RX] [48] <0.00 -17.51 -0.44>
[10:57:20.862] [ARM-RX] result: 90.00 94.75 -84.96 0.00 89.70 0.00
[10:57:20.863] [ARM-RX] [49] <0.00 -18.49 -0.46> result: 90.00 94.98 -84.67 0.00 89.65 0.00
[10:57:20.863] [ARM-RX] [50] <0.00 -19.51 -0.49> result: 90.00 95.22 -84.37 0.00 89.59 0.00
[10:57:20.863] [ARM-RX] [51] <0.00 -20.56 -0.51> result: 90.00 95.47 -84.06 0.00 89.53 0.00
[10:57:20.863] [ARM-RX] [52]
[10:57:20.884] [ARM-RX] <0.00 -21.64 -0.54> result: 90.00 95.71 -83.75 0.00 89.46 0.00
[10:57:20.884] [ARM-RX] [53] <0.00 -22.74 -0.57> result: 90.00 95.97 -83.43 0.00 89.39 0.00
[10:57:20.884] [ARM-RX] [54] <0.00 -23.88 -0.60> result: 90.00 96.22 -83.09 0.00 89.32 0.00
[10:57:20.892] [ARM-RX] [55] <0.00 -25.04 -0.63> result: 90.00 96.48 -82.75 0
[10:57:20.917] [ARM-RX] .00 89.23 0.00
[10:57:20.918] [ARM-RX] [56] <0.00 -26.23 -0.66> result: 90.00 96.74 -82.40 0.00 89.15 0.00
[10:57:20.918] [ARM-RX] [57] <0.00 -27.44 -0.69> result: 90.00 97.01 -82.05 0.00 89.06 0.00
[10:57:20.918] [ARM-RX] [58] <0.00 -28.68 -0.72> result: 90.00 97.28 -81.68 0.00 88.96 0.00
[10:57:20.918] [ARM-RX] [59] <0.00 -29.95 -0.75> result:
[10:57:20.941] [ARM-RX] 90.00 97.55 -81.31 0.00 88.86 0.00
[10:57:20.942] [ARM-RX] [60] <0.00 -31.25 -0.78> result: 90.00 97.83 -80.92 0.00 88.75 0.00
[10:57:20.942] [ARM-RX] [61] <0.00 -32.57 -0.81> result: 90.00 98.10 -80.53 0.00 88.64 0.00
[10:57:20.942] [ARM-RX] [62] <0.00 -33.91 -0.85> result: 90.00 98.39 -80.14 0.00 88.52 0.00
[10:57:20.942] [ARM-RX] [63] <0.00 -3
[10:57:20.963] [ARM-RX] 5.28 -0.88> result: 90.00 98.67 -79.73 0.00 88.40 0.00
[10:57:20.963] [ARM-RX] [64] <0.00 -36.67 -0.92> result: 90.00 98.95 -79.32 0.00 88.27 0.00
[10:57:20.963] [ARM-RX] [65] <0.00 -38.08 -0.95> result: 90.00 99.24 -78.90 0.00 88.14 0.00
[10:57:20.964] [ARM-RX] [66] <0.00 -39.51 -0.99> result: 90.00 99.53 -78.47 0.00 88.00
[10:57:20.986] [ARM-RX] 0.00
[10:57:20.986] [ARM-RX] [67] <0.00 -40.97 -1.02> result: 90.00 99.82 -78.04 0.00 87.86 0.00
[10:57:20.986] [ARM-RX] [68] <0.00 -42.44 -1.06> result: 90.00 100.11 -77.60 0.00 87.71 0.00
[10:57:20.986] [ARM-RX] [69] <0.00 -43.94 -1.10> result: 90.00 100.41 -77.15 0.00 87.56 0.00
[10:57:20.986] [ARM-RX] [70] <0.00 -45.45 -1.14> result: 90.00 1
[10:57:21.009] [ARM-RX] 00.70 -76.70 0.00 87.41 0.00
[10:57:21.009] [ARM-RX] [71] <0.00 -46.98 -1.17> result: 90.00 101.00 -76.24 0.00 87.25 0.00
[10:57:21.009] [ARM-RX] [72] <0.00 -48.53 -1.21> result: 90.00 101.30 -75.78 0.00 87.08 0.00
[10:57:21.010] [ARM-RX] [73] <0.00 -50.09 -1.25> result: 90.00 101.60 -75.31 0.00 86.91 0.00
[10:57:21.010] [ARM-RX] [74] <0.00 -51.6
[10:57:21.032] [ARM-RX] 7 -1.29> result: 90.00 101.90 -74.84 0.00 86.74 0.00
[10:57:21.032] [ARM-RX] [75] <0.00 -53.26 -1.33> result: 90.00 102.20 -74.36 0.00 86.56 0.00
[10:57:21.032] [ARM-RX] [76] <0.00 -54.86 -1.37> result: 90.00 102.51 -73.87 0.00 86.38 0.00
[10:57:21.032] [ARM-RX] [77] <0.00 -56.48 -1.41> result: 90.00 102.81 -73.39 0.00 86.2
[10:57:21.055] [ARM-RX] 0 0.00
[10:57:21.055] [ARM-RX] [78] <0.00 -58.11 -1.45> result: 90.00 103.11 -72.89 0.00 86.01 0.00
[10:57:21.055] [ARM-RX] [79] <0.00 -59.75 -1.49> result: 90.00 103.42 -72.40 0.00 85.82 0.00
[10:57:21.055] [ARM-RX] [80] <0.00 -60.00 -1.50> result: 90.00 103.47 -72.32 0.00 85.79 0.00
[10:57:21.056] [ARM-RX] [81] <0.00 -60.00 -1.50> result: 90.00
[10:57:21.091] [ARM-RX] 103.47 -72.32 0.00 85.79 0.00
[10:57:21.091] [ARM-RX] [82] <0.00 -60.00 -1.50> result: 90.00 103.47 -72.32 0.00 85.79 0.00
[10:57:21.091] [ARM-RX] [83] <0.00 -60.00 -1.50> result: 90.00 103.47 -72.32 0.00 85.79 0.00
[10:57:21.091] [ARM-RX] [84] <0.00 -60.00 -1.50> result: 90.00 103.47 -72.32 0.00 85.79 0.00
[10:57:21.092] [ARM-RX] [85] <0.00 -60
[10:57:21.113] [ARM-RX] .00 -1.50> result: 90.00 103.47 -72.32 0.00 85.79 0.00
[10:57:21.113] [ARM-RX] [86] <0.00 -60.00 -1.50> result: 90.00 103.47 -72.32 0.00 85.79 0.00
[10:57:21.114] [ARM-RX] [87] <0.00 -60.00 -1.50> result: 90.00 103.47 -72.32 0.00 85.79 0.00
[10:57:21.114] [ARM-RX] [88] <0.00 -60.00 -1.50> result: 90.00 103.47 -72.32 0.00 85
[10:57:21.138] [ARM-RX] .79 0.00
[10:57:21.138] [ARM-RX] [89] <0.00 -60.00 -1.50> result: 90.00 103.47 -72.32 0.00 85.79 0.00
[10:57:21.138] [ARM-RX] [90] <0.00 -60.00 -1.50> result: 90.00 103.47 -72.32 0.00 85.79 0.00
[10:57:21.138] [ARM-RX] [91] <0.00 -60.00 -1.50> result: 90.00 103.47 -72.32 0.00 85.79 0.00
[10:57:21.138] [ARM-RX] [92] <0.00 -60.00 -1.50> result: 90.
[10:57:21.160] [ARM-RX] 00 103.47 -72.32 0.00 85.79 0.00
[10:57:21.160] [ARM-RX] [93] <0.00 -60.00 -1.50> result: 90.00 103.47 -72.32 0.00 85.79 0.00
[10:57:21.160] [ARM-RX] [94] <0.00 -60.00 -1.50> result: 90.00 103.47 -72.32 0.00 85.79 0.00
[10:57:21.160] [ARM-RX] [95] <0.00 -60.00 -1.50> result: 90.00 103.47 -72.32 0.00 85.79 0.00
[10:57:21.161] [ARM-RX] [96] <0.00 -
[10:57:21.181] [ARM-RX] 60.00 -1.50> result: 90.00 103.47 -72.32 0.00 85.79 0.00
[10:57:21.181] [ARM-RX] [97] <0.00 -60.00 -1.50> result: 90.00 103.47 -72.32 0.00 85.79 0.00
[10:57:21.181] [ARM-RX] [98] <0.00 -60.00 -1.50> result: 90.00 103.47 -72.32 0.00 85.79 0.00
[10:57:21.182] [ARM-RX] [99] <0.00 -60.00 -1.50> result: 90.00 103.47 -72.32 0.00
[10:57:21.204] [ARM-RX] 85.79 0.00
[10:57:21.204] [ARM-RX] [100] <0.00 -60.00 -1.50> result: 90.00 103.47 -72.32 0.00 85.79 0.00
[10:57:21.205] [ARM-RX] [101] <0.00 -60.00 -1.50> result: 90.00 103.47 -72.32 0.00 85.79 0.00
[10:57:21.205] [ARM-RX] [102] <0.00 -60.00 -1.50> result: 90.00 103.47 -72.32 0.00 85.79 0.00
[10:57:21.205] [ARM-RX] [103] <0.00 -60.00 -1.50> resul
[10:57:21.228] [ARM-RX] t: 90.00 103.47 -72.32 0.00 85.79 0.00
[10:57:21.228] [ARM-RX] [104] <0.00 -60.00 -1.50> result: 90.00 103.47 -72.32 0.00 85.79 0.00
[10:57:21.228] [ARM-RX] [105] <0.00 -60.00 -1.50> result: 90.00 103.47 -72.32 0.00 85.79 0.00
[10:57:21.228] [ARM-RX] [106] <0.00 -60.00 -1.50> result: 90.00 103.47 -72.32 0.00 85.79 0.00
[10:57:21.228] [ARM-RX] [10
[10:57:21.252] [ARM-RX] 7] <0.00 -60.00 -1.50> result: 90.00 103.47 -72.32 0.00 85.79 0.00
[10:57:21.252] [ARM-RX] [108] <0.00 -60.00 -1.50> result: 90.00 103.47 -72.32 0.00 85.79 0.00
[10:57:21.252] [ARM-RX] [109] <0.00 -60.00 -1.50> result: 90.00 103.47 -72.32 0.00 85.79 0.00
[10:57:21.253] [ARM-RX] [110] <0.00 -60.00 -1.50> result: 90.00 103.47
[10:57:21.286] [ARM-RX] -72.32 0.00 85.79 0.00
[10:57:21.286] [ARM-RX] [111] <0.00 -60.00 -1.50> result: 90.00 103.47 -72.32 0.00 85.79 0.00
[10:57:21.287] [ARM-RX] [112] <0.00 -60.00 -1.50> result: 90.00 103.47 -72.32 0.00 85.79 0.00
[10:57:21.287] [ARM-RX] [113] <0.00 -60.00 -1.50> result: 90.00 103.47 -72.32 0.00 85.79 0.00
[10:57:21.287] [ARM-RX] [114] <0.00 -60.00
[10:57:21.312] [ARM-RX] -1.50> result: 90.00 103.47 -72.32 0.00 85.79 0.00
[10:57:21.312] [ARM-RX] [115] <0.00 -60.00 -1.50> result: 90.00 103.47 -72.32 0.00 85.79 0.00
[10:57:21.312] [ARM-RX] [116] <0.00 -60.00 -1.50> result: 90.00 103.47 -72.32 0.00 85.79 0.00
[10:57:21.312] [ARM-RX] [117] <0.00 -60.00 -1.50> result: 90.00 103.47 -72.32 0.00 85
[10:57:21.330] [ARM-RX] .79 0.00
[10:57:21.330] [ARM-RX] [118] <0.00 -60.00 -1.50> result: 90.00 103.47 -72.32 0.00 85.79 0.00
[10:57:21.331] [ARM-RX] [119] <0.00 -60.00 -1.50> result: 90.00 103.47 -72.32 0.00 85.79 0.00
[10:57:21.331] [ARM-RX] [120] <0.00 -60.00 -1.50> result: 90.00 103.47 -72.32 0.00 85.79 0.00
[10:57:21.331] [ARM-RX] [121] <0.00 -60.00 -1.50> result:
[10:57:21.353] [ARM-RX] 90.00 103.47 -72.32 0.00 85.79 0.00
[10:57:21.353] [ARM-RX] [122] <0.00 -60.00 -1.50> result: 90.00 103.47 -72.32 0.00 85.79 0.00
[10:57:21.353] [ARM-RX] [123] <0.00 -60.00 -1.50> result: 90.00 103.47 -72.32 0.00 85.79 0.00
[10:57:21.354] [ARM-RX] [124] <0.00 -60.00 -1.50> result: 90.00 103.47 -72.32 0.00 85.79 0.00
[10:57:21.354] [ARM-RX] [125]
[10:57:21.376] [ARM-RX] <0.00 -60.00 -1.50> result: 90.00 103.47 -72.32 0.00 85.79 0.00
[10:57:21.376] [ARM-RX] [126] <0.00 -60.00 -1.50> result: 90.00 103.47 -72.32 0.00 85.79 0.00
[10:57:21.376] [ARM-RX] [127] <0.00 -60.00 -1.50> result: 90.00 103.47 -72.32 0.00 85.79 0.00
[10:57:21.376] [ARM-RX] [128] <0.00 -60.00 -1.50> result: 90.00 103.47 -
[10:57:21.399] [ARM-RX] 72.32 0.00 85.79 0.00
[10:57:21.399] [ARM-RX] [129] <0.00 -60.00 -1.50> result: 90.00 103.47 -72.32 0.00 85.79 0.00
[10:57:21.400] [ARM-RX] [130] <0.00 -60.00 -1.50> result: 90.00 103.47 -72.32 0.00 85.79 0.00
[10:57:21.400] [ARM-RX] [131] <0.00 -60.00 -1.50> result: 90.00 103.47 -72.32 0.00 85.79 0.00
[10:57:21.400] [ARM-RX] [132] <0.00 -60.00 -
[10:57:21.422] [ARM-RX] 1.50> result: 90.00 103.47 -72.32 0.00 85.79 0.00
[10:57:21.422] [ARM-RX] [133] <0.00 -60.00 -1.50> result: 90.00 103.47 -72.32 0.00 85.79 0.00
[10:57:21.422] [ARM-RX] [134] <0.00 -60.00 -1.50> result: 90.00 103.47 -72.32 0.00 85.79 0.00
[10:57:21.423] [ARM-RX] [135] <0.00 -60.00 -1.50> result: 90.00 103.47 -72.32 0.00 85.7
[10:57:21.458] [ARM-RX] 9 0.00
[10:57:21.458] [ARM-RX] [136] <0.00 -60.00 -1.50> result: 90.00 103.47 -72.32 0.00 85.79 0.00
[10:57:21.458] [ARM-RX] [137] <0.00 -60.00 -1.50> result: 90.00 103.47 -72.32 0.00 85.79 0.00
[10:57:21.459] [ARM-RX] [138] <0.00 -60.00 -1.50> result: 90.00 103.47 -72.32 0.00 85.79 0.00
[10:57:21.459] [ARM-RX] [139] <0.00 -60.00 -1.50> result: 9
[10:57:21.479] [ARM-RX] 0.00 103.47 -72.32 0.00 85.79 0.00
[10:57:21.479] [ARM-RX] [140] <0.00 -60.00 -1.50> result: 90.00 103.47 -72.32 0.00 85.79 0.00
[10:57:21.479] [ARM-RX] [141] <0.00 -60.00 -1.50> result: 90.00 103.47 -72.32 0.00 85.79 0.00
[10:57:21.480] [ARM-RX] [142] <0.00 -60.00 -1.50> result: 90.00 103.47 -72.32 0.00 85.79 0.00
[10:57:21.480] [ARM-RX] [143] <
[10:57:21.502] [ARM-RX] 0.00 -60.00 -1.50> result: 90.00 103.47 -72.32 0.00 85.79 0.00
[10:57:21.503] [ARM-RX] [144] <0.00 -60.00 -1.50> result: 90.00 103.47 -72.32 0.00 85.79 0.00
[10:57:21.503] [ARM-RX] [145] <0.00 -60.00 -1.50> result: 90.00 103.47 -72.32 0.00 85.79 0.00
[10:57:21.503] [ARM-RX] [146] <0.00 -60.00 -1.50> result: 90.00 103.47 -72
[10:57:21.525] [ARM-RX] .32 0.00 85.79 0.00
[10:57:21.525] [ARM-RX] [147] <0.00 -60.00 -1.50> result: 90.00 103.47 -72.32 0.00 85.79 0.00
[10:57:21.525] [ARM-RX] [148] <0.00 -60.00 -1.50> result: 90.00 103.47 -72.32 0.00 85.79 0.00
[10:57:21.525] [ARM-RX] [149] <0.00 -60.00 -1.50> result: 90.00 103.47 -72.32 0.00 85.79 0.00
[10:57:21.526] [ARM-RX] [150] <0.00 -60.00 -1.
[10:57:21.547] [ARM-RX] 50> result: 90.00 103.47 -72.32 0.00 85.79 0.00
[10:57:21.549] [ARM-RX] [151] <0.00 -60.00 -1.50> result: 90.00 103.47 -72.32 0.00 85.79 0.00
[10:57:21.549] [ARM-RX] [152] <0.00 -60.00 -1.50> result: 90.00 103.47 -72.32 0.00 85.79 0.00
[10:57:21.549] [ARM-RX] [153] <0.00 -60.00 -1.50> result: 90.00 103.47 -72.32 0.00 85.79
[10:57:21.571] [ARM-RX] 0.00
[10:57:21.572] [ARM-RX] [154] <0.00 -60.00 -1.50> result: 90.00 103.47 -72.32 0.00 85.79 0.00
[10:57:21.572] [ARM-RX] [155] <0.00 -60.00 -1.50> result: 90.00 103.47 -72.32 0.00 85.79 0.00
[10:57:21.572] [ARM-RX] [156] <0.00 -60.00 -1.50> result: 90.00 103.47 -72.32 0.00 85.79 0.00
[10:57:21.575] [ARM-RX] [157] <0.00 -60.00 -1.50> result: 90.
[10:57:21.595] [ARM-RX] 00 103.47 -72.32 0.00 85.79 0.00
[10:57:21.595] [ARM-RX] [158] <0.00 -60.00 -1.50> result: 90.00 103.47 -72.32 0.00 85.79 0.00
[10:57:21.595] [ARM-RX] [159] <0.00 -60.00 -1.50> result: 90.00 103.47 -72.32 0.00 85.79 0.00
[10:57:21.595] [ARM-RX] [160] <0.00 -60.00 -1.50> result: 90.00 103.47 -72.32 0.00 85.79 0.00
[10:57:21.596] [ARM-RX] [161] <0.
[10:57:21.618] [ARM-RX] 00 -60.00 -1.50> result: 90.00 103.47 -72.32 0.00 85.79 0.00
[10:57:21.618] [ARM-RX] [162] <0.00 -60.00 -1.50> result: 90.00 103.47 -72.32 0.00 85.79 0.00
[10:57:21.618] [ARM-RX] [163] <0.00 -60.00 -1.50> result: 90.00 103.47 -72.32 0.00 85.79 0.00
[10:57:21.619] [ARM-RX] [164] <0.00 -60.00 -1.50> result: 90.00 103.47 -72.3
[10:57:21.651] [ARM-RX] 2 0.00 85.79 0.00
[10:57:21.651] [ARM-RX] [165] <0.00 -60.00 -1.50> result: 90.00 103.47 -72.32 0.00 85.79 0.00
[10:57:21.651] [ARM-RX] [166] <0.00 -60.00 -1.50> result: 90.00 103.47 -72.32 0.00 85.79 0.00
[10:57:21.651] [ARM-RX] [167] <0.00 -60.00 -1.50> result: 90.00 103.47 -72.32 0.00 85.79 0.00
[10:57:21.651] [ARM-RX] [168] <0.00 -60.00 -1.50
[10:57:21.674] [ARM-RX] > result: 90.00 103.47 -72.32 0.00 85.79 0.00
[10:57:21.674] [ARM-RX] [169] <0.00 -60.00 -1.50> result: 90.00 103.47 -72.32 0.00 85.79 0.00
[10:57:21.674] [ARM-RX] [170] <0.00 -60.00 -1.50> result: 90.00 103.47 -72.32 0.00 85.79 0.00
[10:57:21.674] [ARM-RX] [171] <0.00 -60.00 -1.50> result: 90.00 103.47 -72.32 0.00 85.79 0.
[10:57:21.697] [ARM-RX] 00
[10:57:21.697] [ARM-RX] [172] <0.00 -60.00 -1.50> result: 90.00 103.47 -72.32 0.00 85.79 0.00
[10:57:21.697] [ARM-RX] [173] <0.00 -60.00 -1.50> result: 90.00 103.47 -72.32 0.00 85.79 0.00
[10:57:21.697] [ARM-RX] [174] <0.00 -60.00 -1.50> result: 90.00 103.47 -72.32 0.00 85.79 0.00
[10:57:21.697] [ARM-RX] [175] <0.00 -60.00 -1.50> result: 90.00
[10:57:21.754] [ARM-RX] 103.47 -72.32 0.00 85.79 0.00
[10:57:21.756] [ARM-RX] [176] <0.00 -60.00 -1.50> result: 90.00 103.47 -72.32 0.00 85.79 0.00
[10:57:23.625] [ARM-RX] [joint 1] ave_error:0.00
[10:57:23.625] [ARM-RX] [joint 2] ave_error:2.94
[10:57:23.626] [ARM-RX] [joint 3] ave_error:2.47
[10:57:23.626] [ARM-RX] [joint 4] ave_error:0.00
[10:57:23.626] [ARM-RX] [joint 5] ave_error:0.29
[10:57:23.626] [ARM-RX] robot pid run finished!!
[10:57:23.688] [JETSON-RX] CC 01 01 DD
[10:57:23.688] [JETSON-STATUS] READY: CC 01 01 DD
[10:57:25.140] [DEMO-INFO] 演示配置已保存
[10:57:25.141] [DEMO-INFO] 一键定靶演示开始
[10:57:25.141] [JETSON-TX] TARGET_CTRL_START: AA 01 01 BB
[10:57:25.182] [ARM-RX] [JETSON_RX] target_ctrl=1
[10:57:25.198] [JETSON-RX] CC 04 01 DD
[10:57:25.198] [JETSON-STATUS] TARGET_CTRL_ON: CC 04 01 DD
[10:57:27.838] [JETSON-TX] TARGET_CTRL_STOP: AA 01 00 BB
[10:57:27.914] [JETSON-RX] CC 04 00 DD
[10:57:27.915] [JETSON-STATUS] TARGET_CTRL_OFF: CC 04 00 DD
[10:57:27.914] [ARM-RX] [JETSON_RX] target_ctrl=0
[10:57:27.915] [ARM-RX] ROBOT_SOFT_RESET_EVENT
[10:57:27.916] [ARM-RX] --- Starting soft reset ---
[10:57:28.100] [ARM-RX] Soft reset motors enabled (J1~J5, J6 skipped).
[10:57:28.100] [ARM-RX] Soft resetting joint 4...
[10:57:28.100] [ARM-RX] robot_update_current_angle 4...
[10:57:28.101] [ARM-RX] [4] current:85.70, target:90.00, dir:1
[10:57:28.719] [ARM-RX] Soft resetting joint 3...
[10:57:28.719] [ARM-RX] robot_update_current_angle 3...
[10:57:28.719] [ARM-RX] [3] current:0.00, target:0.00, dir:-1
[10:57:28.844] [ARM-RX] Soft resetting joint 1...
[10:57:28.907] [ARM-RX] robot_update_current_angle 1...
[10:57:28.907] [ARM-RX] [1] current:105.98, target:90.00, dir:-1
[10:57:30.523] [ARM-RX] soft reset joint 1 settle timeout, keep going
[10:57:30.523] [ARM-RX] Soft resetting joint 2...
[10:57:30.523] [ARM-RX] robot_update_current_angle 2...
[10:57:30.523] [ARM-RX] [2] current:-71.88, target:-90.00, dir:-1
[10:57:32.142] [ARM-RX] soft reset joint 2 settle timeout, keep going
[10:57:32.142] [ARM-RX] Soft resetting joint 0...
[10:57:32.142] [ARM-RX] robot_update_current_angle 0...
[10:57:32.143] [ARM-RX] [0] current:90.00, target:90.00, dir:-1
[10:57:32.391] [ARM-RX] soft reset final verify PASS (issues:2), pose set HOME.
[10:57:35.989] [DEMO-INFO] 演示配置已保存
[10:57:35.990] [DEMO-INFO] 一键定靶演示开始
[10:57:35.990] [JETSON-TX] TARGET_CTRL_START: AA 01 01 BB
[10:57:36.050] [ARM-RX] [JETSON_RX] target_ctrl=1
[10:57:36.050] [ARM-RX] ROBOT_AUTO_EVENT
[10:57:36.050] [ARM-RX] [0] <0.00 0.00 0.00> result: 90.00 90.00 -90.00 0.00 90.00 0.00
[10:57:36.050] [ARM-RX] [1] <0.00 -0.00 -0.00> result: 90.00 90.00 -90.00 0.00 90.00 0.00
[10:57:36.051] [ARM-RX] [2] <0.00 -0.00 -0.00> result: 90.00 90.00 -90.00 0.00 90.00 0.00
[10:57:36.051] [ARM-RX] [3] <0.00 -0.
[10:57:36.053] [ARM-RX] 01 -0.00> result: 90.00 90.00 -90.00 0.00 90.00 0.00
[10:57:36.054] [ARM-RX] [4] <0.00 -0.02 -0.00> result: 90.00 90.01 -90.00 0.00 90.00 0.00
[10:57:36.054] [ARM-RX] [5] <0.00 -0.03 -0.00> result: 90.00 90.01 -89.99 0.00 90.00 0.00
[10:57:36.054] [ARM-RX] [6] <0.00 -0.05 -0.00> result: 90.00 90.02 -89.99 0.00 90.00 0.00
[10:57:36.054] [ARM-RX] [
[10:57:36.065] [JETSON-RX] CC 04 01 DD
[10:57:36.065] [JETSON-STATUS] TARGET_CTRL_ON: CC 04 01 DD
[10:57:36.076] [ARM-RX] 7] <0.00 -0.07 -0.00> result: 90.00 90.02 -89.98 0.00 90.00 0.00
[10:57:36.078] [ARM-RX] [8] <0.00 -0.11 -0.00> result: 90.00 90.03 -89.97 0.00 90.00 0.00
[10:57:36.078] [ARM-RX] [9] <0.00 -0.15 -0.00> result: 90.00 90.05 -89.96 0.00 90.00 0.00
[10:57:36.078] [ARM-RX] [10] <0.00 -0.20 -0.01> result: 90.00 90.06 -89.94 0.00
[10:57:36.100] [ARM-RX] 90.01 0.00
[10:57:36.101] [ARM-RX] [11] <0.00 -0.27 -0.01> result: 90.00 90.08 -89.92 0.00 90.01 0.00
[10:57:36.101] [ARM-RX] [12] <0.00 -0.34 -0.01> result: 90.00 90.11 -89.90 0.00 90.01 0.00
[10:57:36.101] [ARM-RX] [13] <0.00 -0.43 -0.01> result: 90.00 90.14 -89.88 0.00 90.01 0.00
[10:57:36.101] [ARM-RX] [14] <0.00 -0.54 -0.01> result: 90.00 90
[10:57:36.122] [ARM-RX] .17 -89.85 0.00 90.02 0.00
[10:57:36.123] [ARM-RX] [15] <0.00 -0.65 -0.02> result: 90.00 90.20 -89.81 0.00 90.02 0.00
[10:57:36.123] [ARM-RX] [16] <0.00 -0.79 -0.02> result: 90.00 90.25 -89.78 0.00 90.02 0.00
[10:57:36.123] [ARM-RX] [17] <0.00 -0.94 -0.02> result: 90.00 90.29 -89.73 0.00 90.03 0.00
[10:57:36.123] [ARM-RX] [18] <0.00 -1.10 -0.03>
[10:57:36.145] [ARM-RX] result: 90.00 90.34 -89.69 0.00 90.03 0.00
[10:57:36.145] [ARM-RX] [19] <0.00 -1.29 -0.03> result: 90.00 90.40 -89.63 0.00 90.03 0.00
[10:57:36.146] [ARM-RX] [20] <0.00 -1.49 -0.04> result: 90.00 90.46 -89.57 0.00 90.04 0.00
[10:57:36.146] [ARM-RX] [21] <0.00 -1.72 -0.04> result: 90.00 90.53 -89.51 0.00 90.04 0.00
[10:57:36.146] [ARM-RX] [22] <0.
[10:57:36.171] [ARM-RX] 00 -1.97 -0.05> result: 90.00 90.61 -89.44 0.00 90.05 0.00
[10:57:36.171] [ARM-RX] [23] <0.00 -2.23 -0.06> result: 90.00 90.69 -89.36 0.00 90.05 0.00
[10:57:36.171] [ARM-RX] [24] <0.00 -2.52 -0.06> result: 90.00 90.77 -89.28 0.00 90.05 0.00
[10:57:36.171] [ARM-RX] [25] <0.00 -2.84 -0.07> result: 90.00 90.87 -89.19 0.00 90.0
[10:57:36.203] [ARM-RX] 6 0.00
[10:57:36.204] [ARM-RX] [26] <0.00 -3.17 -0.08> result: 90.00 90.97 -89.10 0.00 90.06 0.00
[10:57:36.204] [ARM-RX] [27] <0.00 -3.53 -0.09> result: 90.00 91.07 -88.99 0.00 90.06 0.00
[10:57:36.204] [ARM-RX] [28] <0.00 -3.92 -0.10> result: 90.00 91.18 -88.88 0.00 90.07 0.00
[10:57:36.204] [ARM-RX] [29] <0.00 -4.33 -0.11> result: 90.00 91.30
[10:57:36.225] [ARM-RX] -88.76 0.00 90.07 0.00
[10:57:36.226] [ARM-RX] [30] <0.00 -4.77 -0.12> result: 90.00 91.43 -88.64 0.00 90.07 0.00
[10:57:36.226] [ARM-RX] [31] <0.00 -5.23 -0.13> result: 90.00 91.56 -88.51 0.00 90.07 0.00
[10:57:36.226] [ARM-RX] [32] <0.00 -5.72 -0.14> result: 90.00 91.70 -88.37 0.00 90.07 0.00
[10:57:36.226] [ARM-RX] [33] <0.00 -6.24 -0.16> resu
[10:57:36.248] [ARM-RX] lt: 90.00 91.85 -88.22 0.00 90.06 0.00
[10:57:36.248] [ARM-RX] [34] <0.00 -6.79 -0.17> result: 90.00 92.00 -88.06 0.00 90.06 0.00
[10:57:36.248] [ARM-RX] [35] <0.00 -7.36 -0.18> result: 90.00 92.16 -87.89 0.00 90.05 0.00
[10:57:36.249] [ARM-RX] [36] <0.00 -7.96 -0.20> result: 90.00 92.32 -87.72 0.00 90.04 0.00
[10:57:36.249] [ARM-RX] [37] <0.00 -
[10:57:36.273] [ARM-RX] 8.60 -0.21> result: 90.00 92.49 -87.54 0.00 90.03 0.00
[10:57:36.273] [ARM-RX] [38] <0.00 -9.26 -0.23> result: 90.00 92.67 -87.35 0.00 90.02 0.00
[10:57:36.273] [ARM-RX] [39] <0.00 -9.95 -0.25> result: 90.00 92.85 -87.15 0.00 90.00 0.00
[10:57:36.273] [ARM-RX] [40] <0.00 -10.67 -0.27> result: 90.00 93.04 -86.94 0.00 89.98 0
[10:57:36.294] [ARM-RX] .00
[10:57:36.294] [ARM-RX] [41] <0.00 -11.42 -0.29> result: 90.00 93.24 -86.72 0.00 89.96 0.00
[10:57:36.294] [ARM-RX] [42] <0.00 -12.20 -0.30> result: 90.00 93.44 -86.50 0.00 89.93 0.00
[10:57:36.295] [ARM-RX] [43] <0.00 -13.01 -0.33> result: 90.00 93.64 -86.26 0.00 89.91 0.00
[10:57:36.295] [ARM-RX] [44] <0.00 -13.85 -0.35> result: 90.00 93.85
[10:57:36.317] [ARM-RX] -86.02 0.00 89.87 0.00
[10:57:36.317] [ARM-RX] [45] <0.00 -14.72 -0.37> result: 90.00 94.07 -85.77 0.00 89.84 0.00
[10:57:36.318] [ARM-RX] [46] <0.00 -15.62 -0.39> result: 90.00 94.29 -85.51 0.00 89.80 0.00
[10:57:36.318] [ARM-RX] [47] <0.00 -16.55 -0.41> result: 90.00 94.52 -85.24 0.00 89.75 0.00
[10:57:36.318] [ARM-RX] [48] <0.00 -17.51 -0.44>
[10:57:36.340] [ARM-RX] result: 90.00 94.75 -84.96 0.00 89.70 0.00
[10:57:36.340] [ARM-RX] [49] <0.00 -18.49 -0.46> result: 90.00 94.98 -84.67 0.00 89.65 0.00
[10:57:36.340] [ARM-RX] [50] <0.00 -19.51 -0.49> result: 90.00 95.22 -84.37 0.00 89.59 0.00
[10:57:36.340] [ARM-RX] [51] <0.00 -20.56 -0.51> result: 90.00 95.47 -84.06 0.00 89.53 0.00
[10:57:36.340] [ARM-RX] [52]
[10:57:36.365] [ARM-RX] <0.00 -21.64 -0.54> result: 90.00 95.71 -83.75 0.00 89.46 0.00
[10:57:36.365] [ARM-RX] [53] <0.00 -22.74 -0.57> result: 90.00 95.97 -83.43 0.00 89.39 0.00
[10:57:36.366] [ARM-RX] [54] <0.00 -23.88 -0.60> result: 90.00 96.22 -83.09 0.00 89.32 0.00
[10:57:36.366] [ARM-RX] [55] <0.00 -25.04 -0.63> result: 90.00 96.48 -82.75 0
[10:57:36.397] [ARM-RX] .00 89.23 0.00
[10:57:36.397] [ARM-RX] [56] <0.00 -26.23 -0.66> result: 90.00 96.74 -82.40 0.00 89.15 0.00
[10:57:36.397] [ARM-RX] [57] <0.00 -27.44 -0.69> result: 90.00 97.01 -82.05 0.00 89.06 0.00
[10:57:36.398] [ARM-RX] [58] <0.00 -28.68 -0.72> result: 90.00 97.28 -81.68 0.00 88.96 0.00
[10:57:36.398] [ARM-RX] [59] <0.00 -29.95 -0.75> result:
[10:57:36.420] [ARM-RX] 90.00 97.55 -81.31 0.00 88.86 0.00
[10:57:36.421] [ARM-RX] [60] <0.00 -31.25 -0.78> result: 90.00 97.83 -80.92 0.00 88.75 0.00
[10:57:36.421] [ARM-RX] [61] <0.00 -32.57 -0.81> result: 90.00 98.10 -80.53 0.00 88.64 0.00
[10:57:36.421] [ARM-RX] [62] <0.00 -33.91 -0.85> result: 90.00 98.39 -80.14 0.00 88.52 0.00
[10:57:36.421] [ARM-RX] [63] <0.00 -3
[10:57:36.443] [ARM-RX] 5.28 -0.88> result: 90.00 98.67 -79.73 0.00 88.40 0.00
[10:57:36.443] [ARM-RX] [64] <0.00 -36.67 -0.92> result: 90.00 98.95 -79.32 0.00 88.27 0.00
[10:57:36.443] [ARM-RX] [65] <0.00 -38.08 -0.95> result: 90.00 99.24 -78.90 0.00 88.14 0.00
[10:57:36.444] [ARM-RX] [66] <0.00 -39.51 -0.99> result: 90.00 99.53 -78.47 0.00 88.00
[10:57:36.466] [ARM-RX] 0.00
[10:57:36.466] [ARM-RX] [67] <0.00 -40.97 -1.02> result: 90.00 99.82 -78.04 0.00 87.86 0.00
[10:57:36.467] [ARM-RX] [68] <0.00 -42.44 -1.06> result: 90.00 100.11 -77.60 0.00 87.71 0.00
[10:57:36.467] [ARM-RX] [69] <0.00 -43.94 -1.10> result: 90.00 100.41 -77.15 0.00 87.56 0.00
[10:57:36.467] [ARM-RX] [70] <0.00 -45.45 -1.14> result: 90.00 1
[10:57:36.489] [ARM-RX] 00.70 -76.70 0.00 87.41 0.00
[10:57:36.490] [ARM-RX] [71] <0.00 -46.98 -1.17> result: 90.00 101.00 -76.24 0.00 87.25 0.00
[10:57:36.490] [ARM-RX] [72] <0.00 -48.53 -1.21> result: 90.00 101.30 -75.78 0.00 87.08 0.00
[10:57:36.490] [ARM-RX] [73] <0.00 -50.09 -1.25> result: 90.00 101.60 -75.31 0.00 86.91 0.00
[10:57:36.490] [ARM-RX] [74] <0.00 -51.6
[10:57:36.512] [ARM-RX] 7 -1.29> result: 90.00 101.90 -74.84 0.00 86.74 0.00
[10:57:36.513] [ARM-RX] [75] <0.00 -53.26 -1.33> result: 90.00 102.20 -74.36 0.00 86.56 0.00
[10:57:36.513] [ARM-RX] [76] <0.00 -54.86 -1.37> result: 90.00 102.51 -73.87 0.00 86.38 0.00
[10:57:36.513] [ARM-RX] [77] <0.00 -56.48 -1.41> result: 90.00 102.81 -73.39 0.00 86.2
[10:57:36.535] [ARM-RX] 0 0.00
[10:57:36.535] [ARM-RX] [78] <0.00 -58.11 -1.45> result: 90.00 103.11 -72.89 0.00 86.01 0.00
[10:57:36.535] [ARM-RX] [79] <0.00 -59.75 -1.49> result: 90.00 103.42 -72.40 0.00 85.82 0.00
[10:57:36.537] [ARM-RX] [80] <0.00 -60.00 -1.50> result: 90.00 103.47 -72.32 0.00 85.79 0.00
[10:57:36.537] [ARM-RX] [81] <0.00 -60.00 -1.50> result: 90.00
[10:57:36.569] [ARM-RX] 103.47 -72.32 0.00 85.79 0.00
[10:57:36.569] [ARM-RX] [82] <0.00 -60.00 -1.50> result: 90.00 103.47 -72.32 0.00 85.79 0.00
[10:57:36.569] [ARM-RX] [83] <0.00 -60.00 -1.50> result: 90.00 103.47 -72.32 0.00 85.79 0.00
[10:57:36.569] [ARM-RX] [84] <0.00 -60.00 -1.50> result: 90.00 103.47 -72.32 0.00 85.79 0.00
[10:57:36.569] [ARM-RX] [85] <0.00 -60
[10:57:36.593] [ARM-RX] .00 -1.50> result: 90.00 103.47 -72.32 0.00 85.79 0.00
[10:57:36.593] [ARM-RX] [86] <0.00 -60.00 -1.50> result: 90.00 103.47 -72.32 0.00 85.79 0.00
[10:57:36.593] [ARM-RX] [87] <0.00 -60.00 -1.50> result: 90.00 103.47 -72.32 0.00 85.79 0.00
[10:57:36.593] [ARM-RX] [88] <0.00 -60.00 -1.50> result: 90.00 103.47 -72.32 0.00 85
[10:57:36.615] [ARM-RX] .79 0.00
[10:57:36.615] [ARM-RX] [89] <0.00 -60.00 -1.50> result: 90.00 103.47 -72.32 0.00 85.79 0.00
[10:57:36.615] [ARM-RX] [90] <0.00 -60.00 -1.50> result: 90.00 103.47 -72.32 0.00 85.79 0.00
[10:57:36.615] [ARM-RX] [91] <0.00 -60.00 -1.50> result: 90.00 103.47 -72.32 0.00 85.79 0.00
[10:57:36.616] [ARM-RX] [92] <0.00 -60.00 -1.50> result: 90.
[10:57:36.638] [ARM-RX] 00 103.47 -72.32 0.00 85.79 0.00
[10:57:36.639] [ARM-RX] [93] <0.00 -60.00 -1.50> result: 90.00 103.47 -72.32 0.00 85.79 0.00
[10:57:36.639] [ARM-RX] [94] <0.00 -60.00 -1.50> result: 90.00 103.47 -72.32 0.00 85.79 0.00
[10:57:36.639] [ARM-RX] [95] <0.00 -60.00 -1.50> result: 90.00 103.47 -72.32 0.00 85.79 0.00
[10:57:36.639] [ARM-RX] [96] <0.00 -
[10:57:36.661] [ARM-RX] 60.00 -1.50> result: 90.00 103.47 -72.32 0.00 85.79 0.00
[10:57:36.661] [ARM-RX] [97] <0.00 -60.00 -1.50> result: 90.00 103.47 -72.32 0.00 85.79 0.00
[10:57:36.662] [ARM-RX] [98] <0.00 -60.00 -1.50> result: 90.00 103.47 -72.32 0.00 85.79 0.00
[10:57:36.662] [ARM-RX] [99] <0.00 -60.00 -1.50> result: 90.00 103.47 -72.32 0.00
[10:57:36.683] [ARM-RX] 85.79 0.00
[10:57:36.685] [ARM-RX] [100] <0.00 -60.00 -1.50> result: 90.00 103.47 -72.32 0.00 85.79 0.00
[10:57:36.685] [ARM-RX] [101] <0.00 -60.00 -1.50> result: 90.00 103.47 -72.32 0.00 85.79 0.00
[10:57:36.685] [ARM-RX] [102] <0.00 -60.00 -1.50> result: 90.00 103.47 -72.32 0.00 85.79 0.00
[10:57:36.685] [ARM-RX] [103] <0.00 -60.00 -1.50> resul
[10:57:36.707] [ARM-RX] t: 90.00 103.47 -72.32 0.00 85.79 0.00
[10:57:36.708] [ARM-RX] [104] <0.00 -60.00 -1.50> result: 90.00 103.47 -72.32 0.00 85.79 0.00
[10:57:36.708] [ARM-RX] [105] <0.00 -60.00 -1.50> result: 90.00 103.47 -72.32 0.00 85.79 0.00
[10:57:36.708] [ARM-RX] [106] <0.00 -60.00 -1.50> result: 90.00 103.47 -72.32 0.00 85.79 0.00
[10:57:36.709] [ARM-RX] [10
[10:57:36.730] [ARM-RX] 7] <0.00 -60.00 -1.50> result: 90.00 103.47 -72.32 0.00 85.79 0.00
[10:57:36.730] [ARM-RX] [108] <0.00 -60.00 -1.50> result: 90.00 103.47 -72.32 0.00 85.79 0.00
[10:57:36.730] [ARM-RX] [109] <0.00 -60.00 -1.50> result: 90.00 103.47 -72.32 0.00 85.79 0.00
[10:57:36.730] [ARM-RX] [110] <0.00 -60.00 -1.50> result: 90.00 103.47
[10:57:36.763] [ARM-RX] -72.32 0.00 85.79 0.00
[10:57:36.765] [ARM-RX] [111] <0.00 -60.00 -1.50> result: 90.00 103.47 -72.32 0.00 85.79 0.00
[10:57:36.765] [ARM-RX] [112] <0.00 -60.00 -1.50> result: 90.00 103.47 -72.32 0.00 85.79 0.00
[10:57:36.765] [ARM-RX] [113] <0.00 -60.00 -1.50> result: 90.00 103.47 -72.32 0.00 85.79 0.00
[10:57:36.765] [ARM-RX] [114] <0.00 -60.00
[10:57:36.787] [ARM-RX] -1.50> result: 90.00 103.47 -72.32 0.00 85.79 0.00
[10:57:36.787] [ARM-RX] [115] <0.00 -60.00 -1.50> result: 90.00 103.47 -72.32 0.00 85.79 0.00
[10:57:36.787] [ARM-RX] [116] <0.00 -60.00 -1.50> result: 90.00 103.47 -72.32 0.00 85.79 0.00
[10:57:36.787] [ARM-RX] [117] <0.00 -60.00 -1.50> result: 90.00 103.47 -72.32 0.00 85
[10:57:36.810] [ARM-RX] .79 0.00
[10:57:36.811] [ARM-RX] [118] <0.00 -60.00 -1.50> result: 90.00 103.47 -72.32 0.00 85.79 0.00
[10:57:36.811] [ARM-RX] [119] <0.00 -60.00 -1.50> result: 90.00 103.47 -72.32 0.00 85.79 0.00
[10:57:36.811] [ARM-RX] [120] <0.00 -60.00 -1.50> result: 90.00 103.47 -72.32 0.00 85.79 0.00
[10:57:36.811] [ARM-RX] [121] <0.00 -60.00 -1.50> result:
[10:57:36.833] [ARM-RX] 90.00 103.47 -72.32 0.00 85.79 0.00
[10:57:36.833] [ARM-RX] [122] <0.00 -60.00 -1.50> result: 90.00 103.47 -72.32 0.00 85.79 0.00
[10:57:36.833] [ARM-RX] [123] <0.00 -60.00 -1.50> result: 90.00 103.47 -72.32 0.00 85.79 0.00
[10:57:36.833] [ARM-RX] [124] <0.00 -60.00 -1.50> result: 90.00 103.47 -72.32 0.00 85.79 0.00
[10:57:36.834] [ARM-RX] [125]
[10:57:36.856] [ARM-RX] <0.00 -60.00 -1.50> result: 90.00 103.47 -72.32 0.00 85.79 0.00
[10:57:36.856] [ARM-RX] [126] <0.00 -60.00 -1.50> result: 90.00 103.47 -72.32 0.00 85.79 0.00
[10:57:36.856] [ARM-RX] [127] <0.00 -60.00 -1.50> result: 90.00 103.47 -72.32 0.00 85.79 0.00
[10:57:36.856] [ARM-RX] [128] <0.00 -60.00 -1.50> result: 90.00 103.47 -
[10:57:36.880] [ARM-RX] 72.32 0.00 85.79 0.00
[10:57:36.880] [ARM-RX] [129] <0.00 -60.00 -1.50> result: 90.00 103.47 -72.32 0.00 85.79 0.00
[10:57:36.880] [ARM-RX] [130] <0.00 -60.00 -1.50> result: 90.00 103.47 -72.32 0.00 85.79 0.00
[10:57:36.880] [ARM-RX] [131] <0.00 -60.00 -1.50> result: 90.00 103.47 -72.32 0.00 85.79 0.00
[10:57:36.881] [ARM-RX] [132] <0.00 -60.00 -
[10:57:36.901] [ARM-RX] 1.50> result: 90.00 103.47 -72.32 0.00 85.79 0.00
[10:57:36.902] [ARM-RX] [133] <0.00 -60.00 -1.50> result: 90.00 103.47 -72.32 0.00 85.79 0.00
[10:57:36.902] [ARM-RX] [134] <0.00 -60.00 -1.50> result: 90.00 103.47 -72.32 0.00 85.79 0.00
[10:57:36.902] [ARM-RX] [135] <0.00 -60.00 -1.50> result: 90.00 103.47 -72.32 0.00 85.7
[10:57:36.936] [ARM-RX] 9 0.00
[10:57:36.937] [ARM-RX] [136] <0.00 -60.00 -1.50> result: 90.00 103.47 -72.32 0.00 85.79 0.00
[10:57:36.937] [ARM-RX] [137] <0.00 -60.00 -1.50> result: 90.00 103.47 -72.32 0.00 85.79 0.00
[10:57:36.937] [ARM-RX] [138] <0.00 -60.00 -1.50> result: 90.00 103.47 -72.32 0.00 85.79 0.00
[10:57:36.937] [ARM-RX] [139] <0.00 -60.00 -1.50> result: 9
[10:57:36.959] [ARM-RX] 0.00 103.47 -72.32 0.00 85.79 0.00
[10:57:36.960] [ARM-RX] [140] <0.00 -60.00 -1.50> result: 90.00 103.47 -72.32 0.00 85.79 0.00
[10:57:36.960] [ARM-RX] [141] <0.00 -60.00 -1.50> result: 90.00 103.47 -72.32 0.00 85.79 0.00
[10:57:36.960] [ARM-RX] [142] <0.00 -60.00 -1.50> result: 90.00 103.47 -72.32 0.00 85.79 0.00
[10:57:36.961] [ARM-RX] [143] <
[10:57:36.985] [ARM-RX] 0.00 -60.00 -1.50> result: 90.00 103.47 -72.32 0.00 85.79 0.00
[10:57:36.985] [ARM-RX] [144] <0.00 -60.00 -1.50> result: 90.00 103.47 -72.32 0.00 85.79 0.00
[10:57:36.985] [ARM-RX] [145] <0.00 -60.00 -1.50> result: 90.00 103.47 -72.32 0.00 85.79 0.00
[10:57:36.985] [ARM-RX] [146] <0.00 -60.00 -1.50> result: 90.00 103.47 -72
[10:57:37.005] [ARM-RX] .32 0.00 85.79 0.00
[10:57:37.005] [ARM-RX] [147] <0.00 -60.00 -1.50> result: 90.00 103.47 -72.32 0.00 85.79 0.00
[10:57:37.005] [ARM-RX] [148] <0.00 -60.00 -1.50> result: 90.00 103.47 -72.32 0.00 85.79 0.00
[10:57:37.005] [ARM-RX] [149] <0.00 -60.00 -1.50> result: 90.00 103.47 -72.32 0.00 85.79 0.00
[10:57:37.005] [ARM-RX] [150] <0.00 -60.00 -1.
[10:57:37.028] [ARM-RX] 50> result: 90.00 103.47 -72.32 0.00 85.79 0.00
[10:57:37.028] [ARM-RX] [151] <0.00 -60.00 -1.50> result: 90.00 103.47 -72.32 0.00 85.79 0.00
[10:57:37.029] [ARM-RX] [152] <0.00 -60.00 -1.50> result: 90.00 103.47 -72.32 0.00 85.79 0.00
[10:57:37.029] [ARM-RX] [153] <0.00 -60.00 -1.50> result: 90.00 103.47 -72.32 0.00 85.79
[10:57:37.050] [ARM-RX] 0.00
[10:57:37.104] [ARM-RX] [154] <0.00 -60.00 -1.50> result: 90.00 103.47 -72.32 0.00 85.79 0.00
[10:57:37.104] [ARM-RX] [155] <0.00 -60.00 -1.50> result: 90.00 103.47 -72.32 0.00 85.79 0.00
[10:57:37.104] [ARM-RX] [156] <0.00 -60.00 -1.50> result: 90.00 103.47 -72.32 0.00 85.79 0.00
[10:57:37.104] [ARM-RX] [157] <0.00 -60.00 -1.50> result: 90.
[10:57:37.104] [ARM-RX] 00 103.47 -72.32 0.00 85.79 0.00
[10:57:37.104] [ARM-RX] [158] <0.00 -60.00 -1.50> result: 90.00 103.47 -72.32 0.00 85.79 0.00
[10:57:37.104] [ARM-RX] [159] <0.00 -60.00 -1.50> result: 90.00 103.47 -72.32 0.00 85.79 0.00
[10:57:37.106] [ARM-RX] [160] <0.00 -60.00 -1.50> result: 90.00 103.47 -72.32 0.00 85.79 0.00
[10:57:37.106] [ARM-RX] [161] <0.
[10:57:37.106] [ARM-RX] 00 -60.00 -1.50> result: 90.00 103.47 -72.32 0.00 85.79 0.00
[10:57:37.106] [ARM-RX] [162] <0.00 -60.00 -1.50> result: 90.00 103.47 -72.32 0.00 85.79 0.00
[10:57:37.106] [ARM-RX] [163] <0.00 -60.00 -1.50> result: 90.00 103.47 -72.32 0.00 85.79 0.00
[10:57:37.106] [ARM-RX] [164] <0.00 -60.00 -1.50> result: 90.00 103.47 -72.3
[10:57:37.131] [ARM-RX] 2 0.00 85.79 0.00
[10:57:37.131] [ARM-RX] [165] <0.00 -60.00 -1.50> result: 90.00 103.47 -72.32 0.00 85.79 0.00
[10:57:37.131] [ARM-RX] [166] <0.00 -60.00 -1.50> result: 90.00 103.47 -72.32 0.00 85.79 0.00
[10:57:37.132] [ARM-RX] [167] <0.00 -60.00 -1.50> result: 90.00 103.47 -72.32 0.00 85.79 0.00
[10:57:37.132] [ARM-RX] [168] <0.00 -60.00 -1.50
[10:57:37.154] [ARM-RX] > result: 90.00 103.47 -72.32 0.00 85.79 0.00
[10:57:37.175] [ARM-RX] [169] <0.00 -60.00 -1.50> result: 90.00 103.47 -72.32 0.00 85.79 0.00
[10:57:37.175] [ARM-RX] [170] <0.00 -60.00 -1.50> result: 90.00 103.47 -72.32 0.00 85.79 0.00
[10:57:37.176] [ARM-RX] [171] <0.00 -60.00 -1.50> result: 90.00 103.47 -72.32 0.00 85.79 0.
[10:57:37.177] [ARM-RX] 00
[10:57:37.177] [ARM-RX] [172] <0.00 -60.00 -1.50> result: 90.00 103.47 -72.32 0.00 85.79 0.00
[10:57:37.177] [ARM-RX] [173] <0.00 -60.00 -1.50> result: 90.00 103.47 -72.32 0.00 85.79 0.00
[10:57:37.177] [ARM-RX] [174] <0.00 -60.00 -1.50> result: 90.00 103.47 -72.32 0.00 85.79 0.00
[10:57:37.178] [ARM-RX] [175] <0.00 -60.00 -1.50> result: 90.00
[10:57:37.216] [DEMO-ERROR] 未收到 READY，演示停止。请先确认 soft_reset 和状态机启动。
[10:57:37.231] [ARM-RX] 103.47 -72.32 0.00 85.79 0.00
[10:57:37.231] [ARM-RX] [176] <0.00 -60.00 -1.50> result: 90.00 103.47 -72.32 0.00 85.79 0.00
[10:57:39.100] [ARM-RX] [joint 1] ave_error:0.00
[10:57:39.100] [ARM-RX] [joint 2] ave_error:2.95
[10:57:39.100] [ARM-RX] [joint 3] ave_error:2.47
[10:57:39.101] [ARM-RX] [joint 4] ave_error:0.00
[10:57:39.101] [ARM-RX] [joint 5] ave_error:0.28
[10:57:39.101] [ARM-RX] robot pid run finished!!
[10:57:39.161] [JETSON-RX] CC 01 01 DD
[10:57:39.161] [JETSON-STATUS] READY: CC 01 01 DD
[10:57:39.162] [DEMO-INFO] 开始发送视觉序列: 30,-20:5;15,-10:5;8,-5:5;0,0:30
[10:57:39.162] [JETSON-TX] VISION dcx=30 dcy=-20: FF 05 03 1E 00 EC FF 11 FE
[10:57:39.223] [ARM-RX] [JETSON_RX] vision dcx=30 dcy=-20
[10:57:39.223] [ARM-RX] [TARGET] vision state=WAIT_DETECT enabled=1 dcx=30 dcy=-20 stable=0
[10:57:39.223] [ARM-RX] ROBOT_VISUAL_SERVO_EVENT
[10:57:39.223] [ARM-RX] robot visual servo start
[10:57:39.363] [JETSON-TX] VISION dcx=30 dcy=-20: FF 05 03 1E 00 EC FF 11 FE
[10:57:39.409] [ARM-RX] [JETSON_RX] vision dcx=30 dcy=-20
[10:57:39.409] [ARM-RX] [TARGET] vision state=ALIGN enabled=1 dcx=30 dcy=-20 stable=0
[10:57:39.409] [ARM-RX] [TARGET] visual servo vx=8.00 vz=-7.00 dcx=30 dcy=-20
[10:57:39.565] [JETSON-TX] VISION dcx=30 dcy=-20: FF 05 03 1E 00 EC FF 11 FE
[10:57:39.596] [ARM-RX] [JETSON_RX] vision dcx=30 dcy=-20
[10:57:39.596] [ARM-RX] [TARGET] vision state=ALIGN enabled=1 dcx=30 dcy=-20 stable=0
[10:57:39.596] [ARM-RX] [TARGET] visual servo vx=8.00 vz=-7.00 dcx=30 dcy=-20
[10:57:39.766] [JETSON-TX] VISION dcx=30 dcy=-20: FF 05 03 1E 00 EC FF 11 FE
[10:57:39.844] [ARM-RX] [JETSON_RX] vision dcx=30 dcy=-20
[10:57:39.844] [ARM-RX] [TARGET] vision state=ALIGN enabled=1 dcx=30 dcy=-20 stable=0
[10:57:39.846] [ARM-RX] [TARGET] visual servo vx=8.00 vz=-7.00 dcx=30 dcy=-20
[10:57:39.967] [JETSON-TX] VISION dcx=30 dcy=-20: FF 05 03 1E 00 EC FF 11 FE
[10:57:40.032] [ARM-RX] [JETSON_RX] vision dcx=30 dcy=-20
[10:57:40.033] [ARM-RX] [TARGET] vision state=ALIGN enabled=1 dcx=30 dcy=-20 stable=0
[10:57:40.033] [ARM-RX] [TARGET] visual servo vx=8.00 vz=-7.00 dcx=30 dcy=-20
[10:57:40.168] [JETSON-TX] VISION dcx=15 dcy=-10: FF 05 03 0F 00 F6 FF 0C FE
[10:57:40.219] [ARM-RX] [JETSON_RX] vision dcx=15 dcy=-10
[10:57:40.220] [ARM-RX] [TARGET] vision state=ALIGN enabled=1 dcx=15 dcy=-10 stable=0
[10:57:40.220] [ARM-RX] [TARGET] visual servo vx=3.00 vz=-3.00 dcx=15 dcy=-10
[10:57:40.368] [JETSON-TX] VISION dcx=15 dcy=-10: FF 05 03 0F 00 F6 FF 0C FE
[10:57:40.405] [ARM-RX] [JETSON_RX] vision dcx=15 dcy=-10
[10:57:40.406] [ARM-RX] [TARGET] vision state=ALIGN enabled=1 dcx=15 dcy=-10 stable=0
[10:57:40.406] [ARM-RX] [TARGET] visual servo vx=3.00 vz=-3.00 dcx=15 dcy=-10
[10:57:40.569] [JETSON-TX] VISION dcx=15 dcy=-10: FF 05 03 0F 00 F6 FF 0C FE
[10:57:40.589] [ARM-RX] [JETSON_RX] vision dcx=15 dcy=-10
[10:57:40.589] [ARM-RX] [TARGET] vision state=ALIGN enabled=1 dcx=15 dcy=-10 stable=0
[10:57:40.589] [ARM-RX] [TARGET] visual servo vx=3.00 vz=-3.00 dcx=15 dcy=-10
[10:57:40.770] [JETSON-TX] VISION dcx=15 dcy=-10: FF 05 03 0F 00 F6 FF 0C FE
[10:57:40.840] [ARM-RX] [JETSON_RX] vision dcx=15 dcy=-10
[10:57:40.840] [ARM-RX] [TARGET] vision state=ALIGN enabled=1 dcx=15 dcy=-10 stable=0
[10:57:40.840] [ARM-RX] [TARGET] visual servo vx=3.00 vz=-3.00 dcx=15 dcy=-10
[10:57:40.971] [JETSON-TX] VISION dcx=15 dcy=-10: FF 05 03 0F 00 F6 FF 0C FE
[10:57:41.027] [ARM-RX] [JETSON_RX] vision dcx=15 dcy=-10
[10:57:41.027] [ARM-RX] [TARGET] vision state=ALIGN enabled=1 dcx=15 dcy=-10 stable=0
[10:57:41.027] [ARM-RX] [TARGET] visual servo vx=3.00 vz=-3.00 dcx=15 dcy=-10
[10:57:41.172] [JETSON-TX] VISION dcx=8 dcy=-5: FF 05 03 08 00 FB FF 0A FE
[10:57:41.212] [ARM-RX] [JETSON_RX] vision dcx=8 dcy=-5
[10:57:41.212] [ARM-RX] [TARGET] vision state=ALIGN enabled=1 dcx=8 dcy=-5 stable=0
[10:57:41.212] [ARM-RX] [TARGET] visual servo vx=2.80 vz=-1.75 dcx=8 dcy=-5
[10:57:41.373] [JETSON-TX] VISION dcx=8 dcy=-5: FF 05 03 08 00 FB FF 0A FE
[10:57:41.397] [ARM-RX] [JETSON_RX] vision dcx=8 dcy=-5
[10:57:41.397] [ARM-RX] [TARGET] vision state=ALIGN enabled=1 dcx=8 dcy=-5 stable=0
[10:57:41.458] [ARM-RX] [TARGET] visual servo vx=2.80 vz=-1.75 dcx=8 dcy=-5
[10:57:41.574] [JETSON-TX] VISION dcx=8 dcy=-5: FF 05 03 08 00 FB FF 0A FE
[10:57:41.646] [ARM-RX] [JETSON_RX] vision dcx=8 dcy=-5
[10:57:41.646] [ARM-RX] [TARGET] vision state=ALIGN enabled=1 dcx=8 dcy=-5 stable=0
[10:57:41.646] [ARM-RX] [TARGET] visual servo vx=2.80 vz=-1.75 dcx=8 dcy=-5
[10:57:41.774] [JETSON-TX] VISION dcx=8 dcy=-5: FF 05 03 08 00 FB FF 0A FE
[10:57:41.832] [ARM-RX] [JETSON_RX] vision dcx=8 dcy=-5
[10:57:41.832] [ARM-RX] [TARGET] vision state=ALIGN enabled=1 dcx=8 dcy=-5 stable=0
[10:57:41.832] [ARM-RX] [TARGET] visual servo vx=2.80 vz=-1.75 dcx=8 dcy=-5
[10:57:41.975] [JETSON-TX] VISION dcx=8 dcy=-5: FF 05 03 08 00 FB FF 0A FE
[10:57:42.018] [ARM-RX] [JETSON_RX] vision dcx=8 dcy=-5
[10:57:42.018] [ARM-RX] [TARGET] vision state=ALIGN enabled=1 dcx=8 dcy=-5 stable=0
[10:57:42.018] [ARM-RX] [TARGET] visual servo vx=2.80 vz=-1.75 dcx=8 dcy=-5
[10:57:42.176] [JETSON-TX] VISION dcx=0 dcy=0: FF 05 03 00 00 00 00 08 FE
[10:57:42.204] [ARM-RX] [JETSON_RX] vision dcx=0 dcy=0
[10:57:42.204] [ARM-RX] [TARGET] vision state=ALIGN enabled=1 dcx=0 dcy=0 stable=0
[10:57:42.377] [JETSON-TX] VISION dcx=0 dcy=0: FF 05 03 00 00 00 00 08 FE
[10:57:42.453] [ARM-RX] [JETSON_RX] vision dcx=0 dcy=0
[10:57:42.453] [ARM-RX] [TARGET] vision state=ALIGN enabled=1 dcx=0 dcy=0 stable=1
[10:57:42.578] [JETSON-TX] VISION dcx=0 dcy=0: FF 05 03 00 00 00 00 08 FE
[10:57:42.641] [ARM-RX] [JETSON_RX] vision dcx=0 dcy=0
[10:57:42.641] [ARM-RX] [TARGET] vision state=ALIGN enabled=1 dcx=0 dcy=0 stable=2
[10:57:42.656] [JETSON-RX] CC 02 01 DD
[10:57:42.658] [JETSON-STATUS] ALIGN_DONE: CC 02 01 DD
[10:57:42.670] [DEMO-ACTION] 已对准：请按住 P000 KEY 允许激光输出。
[10:57:42.779] [JETSON-TX] VISION dcx=0 dcy=0: FF 05 03 00 00 00 00 08 FE
[10:57:42.829] [ARM-RX] [JETSON_RX] vision dcx=0 dcy=0
[10:57:42.829] [ARM-RX] [TARGET] vision state=CONFIRM enabled=1 dcx=0 dcy=0 stable=0
[10:57:42.980] [JETSON-TX] VISION dcx=0 dcy=0: FF 05 03 00 00 00 00 08 FE
[10:57:43.015] [ARM-RX] [JETSON_RX] vision dcx=0 dcy=0
[10:57:43.015] [ARM-RX] [TARGET] vision state=CONFIRM enabled=1 dcx=0 dcy=0 stable=0
[10:57:43.181] [JETSON-TX] VISION dcx=0 dcy=0: FF 05 03 00 00 00 00 08 FE
[10:57:43.201] [ARM-RX] [JETSON_RX] vision dcx=0 dcy=0
[10:57:43.201] [ARM-RX] [TARGET] vision state=CONFIRM enabled=1 dcx=0 dcy=0 stable=0
[10:57:43.382] [JETSON-TX] VISION dcx=0 dcy=0: FF 05 03 00 00 00 00 08 FE
[10:57:43.448] [ARM-RX] [JETSON_RX] vision dcx=0 dcy=0
[10:57:43.448] [ARM-RX] [TARGET] vision state=CONFIRM enabled=1 dcx=0 dcy=0 stable=0
[10:57:43.448] [ARM-RX] robot visual servo stopped
[10:57:43.463] [JETSON-RX] CC 03 01 DD
[10:57:43.463] [JETSON-STATUS] OUTPUT_ON: CC 03 01 DD
[10:57:43.463] [DEMO-ACTION] 激光已输出：需要关闭时松开 P000 KEY。
[10:57:43.582] [JETSON-TX] VISION dcx=0 dcy=0: FF 05 03 00 00 00 00 08 FE
[10:57:43.633] [ARM-RX] [JETSON_RX] vision dcx=0 dcy=0
[10:57:43.633] [ARM-RX] [TARGET] vision state=OUTPUT enabled=1 dcx=0 dcy=0 stable=0
[10:57:43.783] [JETSON-TX] VISION dcx=0 dcy=0: FF 05 03 00 00 00 00 08 FE
[10:57:43.820] [ARM-RX] [JETSON_RX] vision dcx=0 dcy=0
[10:57:43.820] [ARM-RX] [TARGET] vision state=OUTPUT enabled=1 dcx=0 dcy=0 stable=0
[10:57:43.984] [JETSON-TX] VISION dcx=0 dcy=0: FF 05 03 00 00 00 00 08 FE
[10:57:44.009] [ARM-RX] [JETSON_RX] vision dcx=0 dcy=0
[10:57:44.011] [ARM-RX] [TARGET] vision state=OUTPUT enabled=1 dcx=0 dcy=0 stable=0
[10:57:44.185] [JETSON-TX] VISION dcx=0 dcy=0: FF 05 03 00 00 00 00 08 FE
[10:57:44.258] [ARM-RX] [JETSON_RX] vision dcx=0 dcy=0
[10:57:44.258] [ARM-RX] [TARGET] vision state=OUTPUT enabled=1 dcx=0 dcy=0 stable=0
[10:57:44.385] [JETSON-TX] VISION dcx=0 dcy=0: FF 05 03 00 00 00 00 08 FE
[10:57:44.444] [ARM-RX] [JETSON_RX] vision dcx=0 dcy=0
[10:57:44.446] [ARM-RX] [TARGET] vision state=OUTPUT enabled=1 dcx=0 dcy=0 stable=0
[10:57:44.586] [JETSON-TX] VISION dcx=0 dcy=0: FF 05 03 00 00 00 00 08 FE
[10:57:44.631] [ARM-RX] [JETSON_RX] vision dcx=0 dcy=0
[10:57:44.632] [ARM-RX] [TARGET] vision state=OUTPUT enabled=1 dcx=0 dcy=0 stable=0
[10:57:44.661] [JETSON-RX] CC 03 00 DD
[10:57:44.661] [JETSON-STATUS] OUTPUT_OFF: CC 03 00 DD
[10:57:44.661] [JETSON-INFO] 已停止周期视觉发送
[10:57:44.663] [JETSON-TX] TARGET_CTRL_STOP: AA 01 00 BB
[10:57:44.663] [DEMO-INFO] 检测到 OUTPUT_OFF，演示流程结束。
[10:57:44.693] [ARM-RX] [JETSON_RX] target_ctrl=0
[10:57:44.693] [ARM-RX] ROBOT_SOFT_RESET_EVENT
[10:57:44.693] [ARM-RX] --- Starting soft reset ---
[10:57:44.724] [JETSON-RX] CC 04 00 DD
[10:57:44.724] [JETSON-STATUS] TARGET_CTRL_OFF: CC 04 00 DD
[10:57:44.942] [ARM-RX] Soft reset motors enabled (J1~J5, J6 skipped).
[10:57:44.942] [ARM-RX] Soft resetting joint 4...
[10:57:44.942] [ARM-RX] robot_update_current_angle 4...
[10:57:44.942] [ARM-RX] [4] current:91.22, target:90.00, dir:-1
[10:57:45.191] [ARM-RX] Soft resetting joint 3...
[10:57:45.191] [ARM-RX] robot_update_current_angle 3...
[10:57:45.191] [ARM-RX] [3] current:-6.54, target:0.00, dir:1
[10:57:46.248] [ARM-RX] Soft resetting joint 1...
[10:57:46.248] [ARM-RX] robot_update_current_angle 1...
[10:57:46.248] [ARM-RX] [1] current:108.93, target:90.00, dir:-1
[10:57:47.865] [ARM-RX] soft reset joint 1 settle timeout, keep going
[10:57:47.865] [ARM-RX] Soft resetting joint 2...
[10:57:47.927] [ARM-RX] robot_update_current_angle 2...
[10:57:47.927] [ARM-RX] [2] current:-72.39, target:-90.00, dir:-1
[10:57:49.545] [ARM-RX] soft reset joint 2 settle timeout, keep going
[10:57:49.545] [ARM-RX] Soft resetting joint 0...
[10:57:49.545] [ARM-RX] robot_update_current_angle 0...
[10:57:49.545] [ARM-RX] [0] current:96.42, target:90.00, dir:-1
[10:57:50.793] [ARM-RX] soft reset final verify PASS (issues:2), pose set HOME.
[11:13:26.587] [JETSON-INFO] 已停止周期视觉发送
