[15:31:27.866] [ARM-INFO] opened COM7 @ 115200
[15:31:28.225] [JETSON-INFO] opened COM14 @ 115200
[15:31:28.227] [JETSON-INFO] heartbeat started: 200 ms
[15:31:28.228] [JETSON-INFO] safe distance started: 120 mm, 200 ms
[15:31:39.833] [APP-INFO] 右视图 第 1/6 条: soft_reset
[15:31:39.834] [ARM-TX] 发送命令 soft_reset: soft_reset
[15:31:39.889] [ARM-RX] Found handler for 'soft_reset', executing...
[15:31:39.889] [ARM-RX] ROBOT_SOFT_RESET_EVENT
[15:31:39.889] [ARM-RX] --- Starting soft reset ---
[15:31:40.074] [ARM-RX] Soft reset motors enabled (J1~J5, J6 skipped).
[15:31:40.074] [ARM-RX] Soft resetting joint 4...
[15:31:40.137] [ARM-RX] robot_update_current_angle 4...
[15:31:40.138] [ARM-RX] [4] current:90.00, target:90.00, dir:1
[15:31:40.262] [ARM-RX] Soft resetting joint 3...
[15:31:40.262] [ARM-RX] robot_update_current_angle 3...
[15:31:40.262] [ARM-RX] [3] current:0.00, target:0.00, dir:1
[15:31:40.387] [ARM-RX] Soft resetting joint 1...
[15:31:40.387] [ARM-RX] robot_update_current_angle 1...
[15:31:40.387] [ARM-RX] [1] current:90.00, target:90.00, dir:1
[15:31:40.511] [ARM-RX] Soft resetting joint 2...
[15:31:40.574] [ARM-RX] robot_update_current_angle 2...
[15:31:40.575] [ARM-RX] [2] current:-90.00, target:-90.00, dir:1
[15:31:40.700] [ARM-RX] Soft resetting joint 0...
[15:31:40.701] [ARM-RX] robot_update_current_angle 0...
[15:31:40.701] [ARM-RX] [0] current:90.00, target:90.00, dir:1
[15:31:40.751] [APP-INFO] 右视图 第 2/6 条: auto 0 -130 -15
[15:31:40.753] [ARM-TX] 发送命令 auto 0 -130 -15: auto 0 -130 -15
[15:31:40.825] [ARM-RX] Found handler for 'auto', executing...
[15:31:40.921] [ARM-RX] soft reset final verify PASS (issues:0), pose set HOME.
[15:31:40.922] [ARM-RX] ROBOT_AUTO_EVENT
[15:31:40.922] [ARM-RX] AUTO slow profile scale=0.40 target=<0.00 -130.00 -15.00>
[15:31:40.922] [ARM-RX] [0] <0.00 0.00 0.00> result: 90.00 90.00 -90.00 0.00 90.00 0.00
[15:31:40.924] [ARM-RX] [1] <0.00 -0.00 -0.
[15:31:40.945] [ARM-RX] 00> result: 90.00 90.00 -90.00 0.00 90.00 0.00
[15:31:40.946] [ARM-RX] [2] <0.00 -0.00 -0.00> result: 90.00 90.00 -90.00 0.00 90.00 0.00
[15:31:40.946] [ARM-RX] [3] <0.00 -0.00 -0.00> result: 90.00 90.00 -90.00 0.00 90.00 0.00
[15:31:40.946] [ARM-RX] [4] <0.00 -0.01 -0.00> result: 90.00 90.00 -90.00 0.00 90.00 0.00
[15:31:40.946] [ARM-RX] [5] <0.
[15:31:40.978] [ARM-RX] 00 -0.01 -0.00> result: 90.00 90.00 -90.00 0.00 90.00 0.00
[15:31:40.978] [ARM-RX] [6] <0.00 -0.02 -0.00> result: 90.00 90.01 -90.00 0.00 90.00 0.00
[15:31:40.979] [ARM-RX] [7] <0.00 -0.03 -0.00> result: 90.00 90.01 -89.99 0.00 90.00 0.00
[15:31:40.979] [ARM-RX] [8] <0.00 -0.04 -0.00> result: 90.00 90.02 -89.99 0.00 90.01 0
[15:31:41.001] [ARM-RX] .00
[15:31:41.002] [ARM-RX] [9] <0.00 -0.06 -0.01> result: 90.00 90.02 -89.98 0.00 90.01 0.00
[15:31:41.002] [ARM-RX] [10] <0.00 -0.08 -0.01> result: 90.00 90.03 -89.98 0.00 90.01 0.00
[15:31:41.002] [ARM-RX] [11] <0.00 -0.10 -0.01> result: 90.00 90.04 -89.97 0.00 90.01 0.00
[15:31:41.002] [ARM-RX] [12] <0.00 -0.13 -0.01> result: 90.00 90.05 -89.
[15:31:41.023] [ARM-RX] 96 0.00 90.02 0.00
[15:31:41.023] [ARM-RX] [13] <0.00 -0.16 -0.02> result: 90.00 90.07 -89.96 0.00 90.02 0.00
[15:31:41.023] [ARM-RX] [14] <0.00 -0.20 -0.02> result: 90.00 90.08 -89.95 0.00 90.03 0.00
[15:31:41.024] [ARM-RX] [15] <0.00 -0.24 -0.03> result: 90.00 90.10 -89.93 0.00 90.03 0.00
[15:31:41.024] [ARM-RX] [16] <0.00 -0.29 -0.03> result:
[15:31:41.047] [ARM-RX] 90.00 90.12 -89.92 0.00 90.04 0.00
[15:31:41.049] [ARM-RX] [17] <0.00 -0.35 -0.04> result: 90.00 90.14 -89.90 0.00 90.05 0.00
[15:31:41.049] [ARM-RX] [18] <0.00 -0.41 -0.05> result: 90.00 90.17 -89.89 0.00 90.06 0.00
[15:31:41.049] [ARM-RX] [19] <0.00 -0.48 -0.06> result: 90.00 90.20 -89.87 0.00 90.07 0.00
[15:31:41.049] [ARM-RX] [20] <0.00 -0.56
[15:31:41.070] [ARM-RX] -0.06> result: 90.00 90.23 -89.85 0.00 90.08 0.00
[15:31:41.070] [ARM-RX] [21] <0.00 -0.64 -0.07> result: 90.00 90.26 -89.82 0.00 90.09 0.00
[15:31:41.070] [ARM-RX] [22] <0.00 -0.73 -0.08> result: 90.00 90.30 -89.80 0.00 90.10 0.00
[15:31:41.070] [ARM-RX] [23] <0.00 -0.83 -0.10> result: 90.00 90.34 -89.77 0.00 90.11 0.00
[15:31:41.092] [ARM-RX] [24] <0.00 -0.94 -0.11> result: 90.00 90.39 -89.74 0.00 90.13 0.00
[15:31:41.093] [ARM-RX] [25] <0.00 -1.06 -0.12> result: 90.00 90.43 -89.71 0.00 90.14 0.00
[15:31:41.093] [ARM-RX] [26] <0.00 -1.18 -0.14> result: 90.00 90.48 -89.67 0.00 90.16 0.00
[15:31:41.093] [ARM-RX] [27] <0.00 -1.32 -0.15> result: 90.00 90.54 -89.64 0
[15:31:41.115] [ARM-RX] .00 90.17 0.00
[15:31:41.116] [ARM-RX] [28] <0.00 -1.46 -0.17> result: 90.00 90.60 -89.60 0.00 90.19 0.00
[15:31:41.116] [ARM-RX] [29] <0.00 -1.62 -0.19> result: 90.00 90.66 -89.55 0.00 90.21 0.00
[15:31:41.116] [ARM-RX] [30] <0.00 -1.78 -0.21> result: 90.00 90.72 -89.51 0.00 90.23 0.00
[15:31:41.116] [ARM-RX] [31] <0.00 -1.96 -0.23> result: 90.0
[15:31:41.151] [ARM-RX] 0 90.79 -89.46 0.00 90.25 0.00
[15:31:41.151] [ARM-RX] [32] <0.00 -2.14 -0.25> result: 90.00 90.87 -89.41 0.00 90.27 0.00
[15:31:41.151] [ARM-RX] [33] <0.00 -2.34 -0.27> result: 90.00 90.94 -89.35 0.00 90.30 0.00
[15:31:41.151] [ARM-RX] [34] <0.00 -2.54 -0.29> result: 90.00 91.02 -89.30 0.00 90.32 0.00
[15:31:41.151] [ARM-RX] [35] <0.00 -2.76 -0.
[15:31:41.172] [ARM-RX] 32> result: 90.00 91.11 -89.24 0.00 90.34 0.00
[15:31:41.173] [ARM-RX] [36] <0.00 -2.99 -0.34> result: 90.00 91.20 -89.17 0.00 90.37 0.00
[15:31:41.173] [ARM-RX] [37] <0.00 -3.23 -0.37> result: 90.00 91.29 -89.10 0.00 90.39 0.00
[15:31:41.173] [ARM-RX] [38] <0.00 -3.48 -0.40> result: 90.00 91.38 -89.04 0.00 90.42 0.00
[15:31:41.173] [ARM-RX] [39]
[15:31:41.195] [ARM-RX] <0.00 -3.74 -0.43> result: 90.00 91.48 -88.96 0.00 90.45 0.00
[15:31:41.195] [ARM-RX] [40] <0.00 -4.02 -0.46> result: 90.00 91.59 -88.89 0.00 90.47 0.00
[15:31:41.196] [ARM-RX] [41] <0.00 -4.30 -0.50> result: 90.00 91.69 -88.81 0.00 90.50 0.00
[15:31:41.196] [ARM-RX] [42] <0.00 -4.60 -0.53> result: 90.00 91.81 -88.72 0.00
[15:31:41.219] [ARM-RX] 90.53 0.00
[15:31:41.219] [ARM-RX] [43] <0.00 -4.91 -0.57> result: 90.00 91.92 -88.64 0.00 90.56 0.00
[15:31:41.219] [ARM-RX] [44] <0.00 -5.23 -0.60> result: 90.00 92.04 -88.55 0.00 90.58 0.00
[15:31:41.219] [ARM-RX] [45] <0.00 -5.56 -0.64> result: 90.00 92.16 -88.45 0.00 90.61 0.00
[15:31:41.219] [ARM-RX] [46] <0.00 -5.90 -0.68> result: 90.00 92
[15:31:41.241] [ARM-RX] .28 -88.36 0.00 90.64 0.00
[15:31:41.241] [ARM-RX] [47] <0.00 -6.26 -0.72> result: 90.00 92.41 -88.26 0.00 90.67 0.00
[15:31:41.243] [ARM-RX] [48] <0.00 -6.63 -0.76> result: 90.00 92.55 -88.15 0.00 90.70 0.00
[15:31:41.243] [ARM-RX] [49] <0.00 -7.01 -0.81> result: 90.00 92.68 -88.05 0.00 90.73 0.00
[15:31:41.243] [ARM-RX] [50] <0.00 -7.40 -0.85>
[15:31:41.265] [ARM-RX] result: 90.00 92.82 -87.94 0.00 90.76 0.00
[15:31:41.265] [ARM-RX] [51] <0.00 -7.80 -0.90> result: 90.00 92.96 -87.82 0.00 90.78 0.00
[15:31:41.265] [ARM-RX] [52] <0.00 -8.22 -0.95> result: 90.00 93.10 -87.71 0.00 90.81 0.00
[15:31:41.265] [ARM-RX] [53] <0.00 -8.65 -1.00> result: 90.00 93.25 -87.58 0.00 90.84 0.00
[15:31:41.265] [ARM-RX] [54] <0.
[15:31:41.287] [ARM-RX] 00 -9.08 -1.05> result: 90.00 93.40 -87.46 0.00 90.86 0.00
[15:31:41.288] [ARM-RX] [55] <0.00 -9.53 -1.10> result: 90.00 93.55 -87.33 0.00 90.89 0.00
[15:31:41.288] [ARM-RX] [56] <0.00 -10.00 -1.15> result: 90.00 93.71 -87.20 0.00 90.91 0.00
[15:31:41.288] [ARM-RX] [57] <0.00 -10.47 -1.21> result: 90.00 93.87 -87.07 0.00 90
[15:31:41.309] [ARM-RX] .94 0.00
[15:31:41.311] [ARM-RX] [58] <0.00 -10.95 -1.26> result: 90.00 94.03 -86.93 0.00 90.96 0.00
[15:31:41.311] [ARM-RX] [59] <0.00 -11.45 -1.32> result: 90.00 94.19 -86.79 0.00 90.98 0.00
[15:31:41.311] [ARM-RX] [60] <0.00 -11.96 -1.38> result: 90.00 94.35 -86.65 0.00 91.00 0.00
[15:31:41.311] [ARM-RX] [61] <0.00 -12.47 -1.44> result: 90.00
[15:31:41.346] [ARM-RX] 94.52 -86.50 0.00 91.02 0.00
[15:31:41.346] [ARM-RX] [62] <0.00 -13.00 -1.50> result: 90.00 94.69 -86.35 0.00 91.04 0.00
[15:31:41.346] [ARM-RX] [63] <0.00 -13.54 -1.56> result: 90.00 94.86 -86.19 0.00 91.05 0.00
[15:31:41.347] [ARM-RX] [64] <0.00 -14.09 -1.63> result: 90.00 95.03 -86.04 0.00 91.07 0.00
[15:31:41.347] [ARM-RX] [65] <0.00 -14.65 -
[15:31:41.368] [ARM-RX] 1.69> result: 90.00 95.20 -85.88 0.00 91.08 0.00
[15:31:41.368] [ARM-RX] [66] <0.00 -15.21 -1.76> result: 90.00 95.38 -85.72 0.00 91.09 0.00
[15:31:41.369] [ARM-RX] [67] <0.00 -15.79 -1.82> result: 90.00 95.55 -85.55 0.00 91.10 0.00
[15:31:41.369] [ARM-RX] [68] <0.00 -16.38 -1.89> result: 90.00 95.73 -85.38 0.00 91.11 0.00
[15:31:41.390] [ARM-RX] [69] <0.00 -16.97 -1.96> result: 90.00 95.91 -85.21 0.00 91.12 0.00
[15:31:41.391] [ARM-RX] [70] <0.00 -17.58 -2.03> result: 90.00 96.09 -85.04 0.00 91.13 0.00
[15:31:41.391] [ARM-RX] [71] <0.00 -18.19 -2.10> result: 90.00 96.27 -84.86 0.00 91.13 0.00
[15:31:41.392] [ARM-RX] [72] <0.00 -18.81 -2.17> result: 90.00 96.45 -84
[15:31:41.413] [ARM-RX] .68 0.00 91.13 0.00
[15:31:41.414] [ARM-RX] [73] <0.00 -19.44 -2.24> result: 90.00 96.63 -84.50 0.00 91.13 0.00
[15:31:41.414] [ARM-RX] [74] <0.00 -20.08 -2.32> result: 90.00 96.81 -84.32 0.00 91.13 0.00
[15:31:41.414] [ARM-RX] [75] <0.00 -20.72 -2.39> result: 90.00 97.00 -84.13 0.00 91.13 0.00
[15:31:41.414] [ARM-RX] [76] <0.00 -21.37 -2.47> res
[15:31:41.437] [ARM-RX] ult: 90.00 97.18 -83.94 0.00 91.12 0.00
[15:31:41.437] [ARM-RX] [77] <0.00 -22.03 -2.54> result: 90.00 97.36 -83.75 0.00 91.12 0.00
[15:31:41.438] [ARM-RX] [78] <0.00 -22.70 -2.62> result: 90.00 97.55 -83.56 0.00 91.11 0.00
[15:31:41.438] [ARM-RX] [79] <0.00 -23.37 -2.70> result: 90.00 97.73 -83.37 0.00 91.10 0.00
[15:31:41.439] [ARM-RX] [80] <0.
[15:31:41.460] [ARM-RX] 00 -24.04 -2.77> result: 90.00 97.92 -83.17 0.00 91.08 0.00
[15:31:41.460] [ARM-RX] [81] <0.00 -24.72 -2.85> result: 90.00 98.10 -82.97 0.00 91.07 0.00
[15:31:41.460] [ARM-RX] [82] <0.00 -25.41 -2.93> result: 90.00 98.28 -82.77 0.00 91.05 0.00
[15:31:41.460] [ARM-RX] [83] <0.00 -26.10 -3.01> result: 90.00 98.47 -82.57 0.00
[15:31:41.483] [ARM-RX] 91.04 0.00
[15:31:41.483] [ARM-RX] [84] <0.00 -26.79 -3.09> result: 90.00 98.65 -82.37 0.00 91.02 0.00
[15:31:41.483] [ARM-RX] [85] <0.00 -27.49 -3.17> result: 90.00 98.83 -82.16 0.00 91.00 0.00
[15:31:41.483] [ARM-RX] [86] <0.00 -28.19 -3.25> result: 90.00 99.01 -81.96 0.00 90.97 0.00
[15:31:41.484] [ARM-RX] [87] <0.00 -28.90 -3.33> result: 90.0
[15:31:41.517] [ARM-RX] 0 99.20 -81.75 0.00 90.95 0.00
[15:31:41.518] [ARM-RX] [88] <0.00 -29.61 -3.42> result: 90.00 99.38 -81.55 0.00 90.92 0.00
[15:31:41.518] [ARM-RX] [89] <0.00 -30.32 -3.50> result: 90.00 99.56 -81.34 0.00 90.90 0.00
[15:31:41.518] [ARM-RX] [90] <0.00 -31.03 -3.58> result: 90.00 99.74 -81.13 0.00 90.87 0.00
[15:31:41.518] [ARM-RX] [91] <0.00 -31.74
[15:31:41.541] [ARM-RX] -3.66> result: 90.00 99.92 -80.92 0.00 90.84 0.00
[15:31:41.541] [ARM-RX] [92] <0.00 -32.46 -3.74> result: 90.00 100.09 -80.71 0.00 90.80 0.00
[15:31:41.541] [ARM-RX] [93] <0.00 -33.17 -3.83> result: 90.00 100.27 -80.50 0.00 90.77 0.00
[15:31:41.542] [ARM-RX] [94] <0.00 -33.89 -3.91> result: 90.00 100.44 -80.29 0.00 90.74
[15:31:41.563] [ARM-RX] 0.00
[15:31:41.564] [ARM-RX] [95] <0.00 -34.60 -3.99> result: 90.00 100.62 -80.08 0.00 90.70 0.00
[15:31:41.564] [ARM-RX] [96] <0.00 -35.32 -4.07> result: 90.00 100.79 -79.87 0.00 90.66 0.00
[15:31:41.564] [ARM-RX] [97] <0.00 -36.03 -4.16> result: 90.00 100.96 -79.66 0.00 90.62 0.00
[15:31:41.565] [ARM-RX] [98] <0.00 -36.75 -4.24> result: 90.00 1
[15:31:41.587] [ARM-RX] 01.14 -79.45 0.00 90.58 0.00
[15:31:41.587] [ARM-RX] [99] <0.00 -37.46 -4.32> result: 90.00 101.31 -79.24 0.00 90.54 0.00
[15:31:41.588] [ARM-RX] [100] <0.00 -38.18 -4.41> result: 90.00 101.47 -79.02 0.00 90.50 0.00
[15:31:41.588] [ARM-RX] [101] <0.00 -38.89 -4.49> result: 90.00 101.64 -78.81 0.00 90.46 0.00
[15:31:41.588] [ARM-RX] [102] <0.00 -3
[15:31:41.612] [ARM-RX] 9.61 -4.57> result: 90.00 101.81 -78.60 0.00 90.41 0.00
[15:31:41.612] [ARM-RX] [103] <0.00 -40.32 -4.65> result: 90.00 101.98 -78.39 0.00 90.37 0.00
[15:31:41.612] [ARM-RX] [104] <0.00 -41.04 -4.74> result: 90.00 102.14 -78.18 0.00 90.32 0.00
[15:31:41.613] [ARM-RX] [105] <0.00 -41.75 -4.82> result: 90.00 102.31 -77.96 0.0
[15:31:41.631] [ARM-RX] 0 90.27 0.00
[15:31:41.632] [ARM-RX] [106] <0.00 -42.47 -4.90> result: 90.00 102.47 -77.75 0.00 90.22 0.00
[15:31:41.632] [ARM-RX] [107] <0.00 -43.18 -4.98> result: 90.00 102.63 -77.54 0.00 90.17 0.00
[15:31:41.632] [ARM-RX] [108] <0.00 -43.90 -5.07> result: 90.00 102.79 -77.33 0.00 90.12 0.00
[15:31:41.632] [ARM-RX] [109] <0.00 -44.61 -5.15> res
[15:31:41.655] [ARM-RX] ult: 90.00 102.95 -77.11 0.00 90.07 0.00
[15:31:41.655] [ARM-RX] [110] <0.00 -45.33 -5.23> result: 90.00 103.12 -76.90 0.00 90.02 0.00
[15:31:41.655] [ARM-RX] [111] <0.00 -46.05 -5.31> result: 90.00 103.27 -76.69 0.00 89.96 0.00
[15:31:41.655] [ARM-RX] [112] <0.00 -46.76 -5.40> result: 90.00 103.43 -76.47 0.00 89.91 0.00
[15:31:41.656] [ARM-RX] [
[15:31:41.677] [ARM-RX] 113] <0.00 -47.48 -5.48> result: 90.00 103.59 -76.26 0.00 89.85 0.00
[15:31:41.677] [ARM-RX] [114] <0.00 -48.19 -5.56> result: 90.00 103.75 -76.05 0.00 89.80 0.00
[15:31:41.677] [ARM-RX] [115] <0.00 -48.91 -5.64> result: 90.00 103.91 -75.83 0.00 89.74 0.00
[15:31:41.679] [ARM-RX] [116] <0.00 -49.62 -5.73> result: 90.00 104.
[15:31:41.714] [ARM-RX] 06 -75.62 0.00 89.68 0.00
[15:31:41.715] [ARM-RX] [117] <0.00 -50.34 -5.81> result: 90.00 104.22 -75.40 0.00 89.62 0.00
[15:31:41.715] [ARM-RX] [118] <0.00 -51.05 -5.89> result: 90.00 104.37 -75.19 0.00 89.56 0.00
[15:31:41.716] [ARM-RX] [119] <0.00 -51.77 -5.97> result: 90.00 104.53 -74.98 0.00 89.50 0.00
[15:31:41.716] [ARM-RX] [120] <0.00 -52.
[15:31:41.735] [ARM-RX] 48 -6.06> result: 90.00 104.68 -74.76 0.00 89.44 0.00
[15:31:41.735] [ARM-RX] [121] <0.00 -53.20 -6.14> result: 90.00 104.83 -74.55 0.00 89.38 0.00
[15:31:41.735] [ARM-RX] [122] <0.00 -53.91 -6.22> result: 90.00 104.99 -74.33 0.00 89.32 0.00
[15:31:41.736] [ARM-RX] [123] <0.00 -54.63 -6.30> result: 90.00 105.14 -74.12 0.00
[15:31:41.758] [ARM-RX] 89.25 0.00
[15:31:41.758] [ARM-RX] [124] <0.00 -55.34 -6.39> result: 90.00 105.29 -73.90 0.00 89.19 0.00
[15:31:41.758] [ARM-RX] [125] <0.00 -56.06 -6.47> result: 90.00 105.44 -73.68 0.00 89.12 0.00
[15:31:41.758] [ARM-RX] [126] <0.00 -56.77 -6.55> result: 90.00 105.59 -73.47 0.00 89.06 0.00
[15:31:41.758] [ARM-RX] [127] <0.00 -57.49 -6.63> resul
[15:31:41.781] [ARM-RX] t: 90.00 105.74 -73.25 0.00 88.99 0.00
[15:31:41.782] [ARM-RX] [128] <0.00 -58.20 -6.72> result: 90.00 105.89 -73.04 0.00 88.93 0.00
[15:31:41.782] [ARM-RX] [129] <0.00 -58.92 -6.80> result: 90.00 106.04 -72.82 0.00 88.86 0.00
[15:31:41.782] [ARM-RX] [130] <0.00 -59.64 -6.88> result: 90.00 106.19 -72.60 0.00 88.79 0.00
[15:31:41.782] [ARM-RX] [13
[15:31:41.804] [ARM-RX] 1] <0.00 -60.35 -6.96> result: 90.00 106.33 -72.39 0.00 88.72 0.00
[15:31:41.804] [ARM-RX] [132] <0.00 -61.07 -7.05> result: 90.00 106.48 -72.17 0.00 88.65 0.00
[15:31:41.804] [ARM-RX] [133] <0.00 -61.78 -7.13> result: 90.00 106.63 -71.95 0.00 88.58 0.00
[15:31:41.804] [ARM-RX] [134] <0.00 -62.50 -7.21> result: 90.00 106.77
[15:31:41.828] [ARM-RX] -71.74 0.00 88.51 0.00
[15:31:41.829] [ARM-RX] [135] <0.00 -63.21 -7.29> result: 90.00 106.92 -71.52 0.00 88.44 0.00
[15:31:41.829] [ARM-RX] [136] <0.00 -63.93 -7.38> result: 90.00 107.07 -71.30 0.00 88.37 0.00
[15:31:41.829] [ARM-RX] [137] <0.00 -64.64 -7.46> result: 90.00 107.21 -71.09 0.00 88.30 0.00
[15:31:41.829] [ARM-RX] [138] <0.00 -65.36
[15:31:41.850] [ARM-RX] -7.54> result: 90.00 107.36 -70.87 0.00 88.22 0.00
[15:31:41.851] [ARM-RX] [139] <0.00 -66.07 -7.62> result: 90.00 107.50 -70.65 0.00 88.15 0.00
[15:31:41.851] [ARM-RX] [140] <0.00 -66.79 -7.71> result: 90.00 107.64 -70.43 0.00 88.08 0.00
[15:31:41.851] [ARM-RX] [141] <0.00 -67.50 -7.79> result: 90.00 107.79 -70.21 0.00 88
[15:31:41.889] [ARM-RX] .00 0.00
[15:31:41.890] [ARM-RX] [142] <0.00 -68.22 -7.87> result: 90.00 107.93 -70.00 0.00 87.93 0.00
[15:31:41.890] [ARM-RX] [143] <0.00 -68.93 -7.95> result: 90.00 108.07 -69.78 0.00 87.85 0.00
[15:31:41.890] [ARM-RX] [144] <0.00 -69.65 -8.04> result: 90.00 108.22 -69.56 0.00 87.78 0.00
[15:31:41.890] [ARM-RX] [145] <0.00 -70.36 -8.12> result:
[15:31:41.907] [ARM-RX] 90.00 108.36 -69.34 0.00 87.70 0.00
[15:31:41.907] [ARM-RX] [146] <0.00 -71.08 -8.20> result: 90.00 108.50 -69.12 0.00 87.62 0.00
[15:31:41.908] [ARM-RX] [147] <0.00 -71.79 -8.28> result: 90.00 108.64 -68.90 0.00 87.54 0.00
[15:31:41.908] [ARM-RX] [148] <0.00 -72.51 -8.37> result: 90.00 108.78 -68.68 0.00 87.47 0.00
[15:31:41.908] [ARM-RX] [149]
[15:31:41.931] [ARM-RX] <0.00 -73.23 -8.45> result: 90.00 108.93 -68.46 0.00 87.39 0.00
[15:31:41.931] [ARM-RX] [150] <0.00 -73.94 -8.53> result: 90.00 109.07 -68.24 0.00 87.31 0.00
[15:31:41.931] [ARM-RX] [151] <0.00 -74.66 -8.61> result: 90.00 109.21 -68.02 0.00 87.23 0.00
[15:31:41.931] [ARM-RX] [152] <0.00 -75.37 -8.70> result: 90.00 109.35 -
[15:31:41.956] [ARM-RX] 67.80 0.00 87.15 0.00
[15:31:41.956] [ARM-RX] [153] <0.00 -76.09 -8.78> result: 90.00 109.49 -67.58 0.00 87.07 0.00
[15:31:41.957] [ARM-RX] [154] <0.00 -76.80 -8.86> result: 90.00 109.63 -67.36 0.00 86.99 0.00
[15:31:41.957] [ARM-RX] [155] <0.00 -77.52 -8.94> result: 90.00 109.76 -67.14 0.00 86.91 0.00
[15:31:41.957] [ARM-RX] [156] <0.00 -78.23 -
[15:31:41.976] [ARM-RX] 9.03> result: 90.00 109.90 -66.92 0.00 86.83 0.00
[15:31:41.976] [ARM-RX] [157] <0.00 -78.95 -9.11> result: 90.00 110.04 -66.70 0.00 86.74 0.00
[15:31:41.977] [ARM-RX] [158] <0.00 -79.66 -9.19> result: 90.00 110.18 -66.48 0.00 86.66 0.00
[15:31:41.977] [ARM-RX] [159] <0.00 -80.38 -9.27> result: 90.00 110.32 -66.26 0.00 86.5
[15:31:42.000] [ARM-RX] 8 0.00
[15:31:42.000] [ARM-RX] [160] <0.00 -81.09 -9.36> result: 90.00 110.46 -66.04 0.00 86.50 0.00
[15:31:42.000] [ARM-RX] [161] <0.00 -81.81 -9.44> result: 90.00 110.60 -65.82 0.00 86.41 0.00
[15:31:42.000] [ARM-RX] [162] <0.00 -82.52 -9.52> result: 90.00 110.73 -65.59 0.00 86.33 0.00
[15:31:42.000] [ARM-RX] [163] <0.00 -83.24 -9.60> result: 9
[15:31:42.022] [ARM-RX] 0.00 110.87 -65.37 0.00 86.24 0.00
[15:31:42.022] [ARM-RX] [164] <0.00 -83.95 -9.69> result: 90.00 111.01 -65.15 0.00 86.16 0.00
[15:31:42.022] [ARM-RX] [165] <0.00 -84.67 -9.77> result: 90.00 111.14 -64.93 0.00 86.07 0.00
[15:31:42.023] [ARM-RX] [166] <0.00 -85.38 -9.85> result: 90.00 111.28 -64.71 0.00 85.99 0.00
[15:31:42.023] [ARM-RX] [167] <
[15:31:42.047] [ARM-RX] 0.00 -86.10 -9.93> result: 90.00 111.42 -64.48 0.00 85.90 0.00
[15:31:42.047] [ARM-RX] [168] <0.00 -86.81 -10.02> result: 90.00 111.55 -64.26 0.00 85.81 0.00
[15:31:42.047] [ARM-RX] [169] <0.00 -87.53 -10.10> result: 90.00 111.69 -64.04 0.00 85.73 0.00
[15:31:42.048] [ARM-RX] [170] <0.00 -88.25 -10.18> result: 90.00 111.83
[15:31:42.079] [ARM-RX] -63.81 0.00 85.64 0.00
[15:31:42.080] [ARM-RX] [171] <0.00 -88.96 -10.26> result: 90.00 111.96 -63.59 0.00 85.55 0.00
[15:31:42.080] [ARM-RX] [172] <0.00 -89.68 -10.35> result: 90.00 112.10 -63.37 0.00 85.46 0.00
[15:31:42.080] [ARM-RX] [173] <0.00 -90.39 -10.43> result: 90.00 112.23 -63.14 0.00 85.38 0.00
[15:31:42.080] [ARM-RX] [174] <0.00 -91.
[15:31:42.102] [ARM-RX] 11 -10.51> result: 90.00 112.37 -62.92 0.00 85.29 0.00
[15:31:42.103] [ARM-RX] [175] <0.00 -91.82 -10.59> result: 90.00 112.50 -62.70 0.00 85.20 0.00
[15:31:42.103] [ARM-RX] [176] <0.00 -92.54 -10.68> result: 90.00 112.64 -62.47 0.00 85.11 0.00
[15:31:42.103] [ARM-RX] [177] <0.00 -93.25 -10.76> result: 90.00 112.77 -62.25 0
[15:31:42.125] [ARM-RX] .00 85.02 0.00
[15:31:42.126] [ARM-RX] [178] <0.00 -93.97 -10.84> result: 90.00 112.91 -62.02 0.00 84.93 0.00
[15:31:42.126] [ARM-RX] [179] <0.00 -94.68 -10.92> result: 90.00 113.04 -61.80 0.00 84.84 0.00
[15:31:42.126] [ARM-RX] [180] <0.00 -95.40 -11.01> result: 90.00 113.18 -61.57 0.00 84.75 0.00
[15:31:42.126] [ARM-RX] [181] <0.00 -96.11 -11.0
[15:31:42.148] [ARM-RX] 9> result: 90.00 113.31 -61.35 0.00 84.66 0.00
[15:31:42.148] [ARM-RX] [182] <0.00 -96.83 -11.17> result: 90.00 113.44 -61.12 0.00 84.57 0.00
[15:31:42.149] [ARM-RX] [183] <0.00 -97.54 -11.26> result: 90.00 113.58 -60.90 0.00 84.48 0.00
[15:31:42.149] [ARM-RX] [184] <0.00 -98.26 -11.34> result: 90.00 113.71 -60.67 0.00 84.3
[15:31:42.186] [ARM-RX] 8 0.00
[15:31:42.186] [ARM-RX] [185] <0.00 -98.97 -11.42> result: 90.00 113.85 -60.45 0.00 84.29 0.00
[15:31:42.187] [ARM-RX] [186] <0.00 -99.68 -11.50> result: 90.00 113.98 -60.22 0.00 84.20 0.00
[15:31:42.187] [ARM-RX] [187] <0.00 -100.39 -11.58> result: 90.00 114.11 -60.00 0.00 84.11 0.00
[15:31:42.187] [ARM-RX] [188] <0.00 -101.10 -11.67> res
[15:31:42.196] [ARM-RX] ult: 90.00 114.24 -59.77 0.00 84.01 0.00
[15:31:42.197] [ARM-RX] [189] <0.00 -101.80 -11.75> result: 90.00 114.37 -59.55 0.00 83.92 0.00
[15:31:42.197] [ARM-RX] [190] <0.00 -102.51 -11.83> result: 90.00 114.50 -59.33 0.00 83.83 0.00
[15:31:42.197] [ARM-RX] [191] <0.00 -103.20 -11.91> result: 90.00 114.63 -59.10 0.00 83.74 0
[15:31:42.217] [ARM-RX] .00
[15:31:42.217] [ARM-RX] [192] <0.00 -103.90 -11.99> result: 90.00 114.76 -58.88 0.00 83.65 0.00
[15:31:42.217] [ARM-RX] [193] <0.00 -104.59 -12.07> result: 90.00 114.89 -58.66 0.00 83.56 0.00
[15:31:42.218] [ARM-RX] [194] <0.00 -105.28 -12.15> result: 90.00 115.02 -58.44 0.00 83.46 0.00
[15:31:42.218] [ARM-RX] [195] <0.00 -105.96 -12.23> resu
[15:31:42.251] [ARM-RX] lt: 90.00 115.15 -58.23 0.00 83.37 0.00
[15:31:42.252] [ARM-RX] [196] <0.00 -106.63 -12.30> result: 90.00 115.27 -58.01 0.00 83.28 0.00
[15:31:42.252] [ARM-RX] [197] <0.00 -107.30 -12.38> result: 90.00 115.40 -57.80 0.00 83.19 0.00
[15:31:42.252] [ARM-RX] [198] <0.00 -107.97 -12.46> result: 90.00 115.52 -57.59 0.00 83.10 0.
[15:31:42.276] [ARM-RX] 00
[15:31:42.276] [ARM-RX] [199] <0.00 -108.62 -12.53> result: 90.00 115.64 -57.38 0.00 83.02 0.00
[15:31:42.277] [ARM-RX] [200] <0.00 -109.28 -12.61> result: 90.00 115.76 -57.17 0.00 82.93 0.00
[15:31:42.277] [ARM-RX] [201] <0.00 -109.92 -12.68> result: 90.00 115.88 -56.96 0.00 82.84 0.00
[15:31:42.277] [ARM-RX] [202] <0.00 -110.56 -12.76> resul
[15:31:42.300] [ARM-RX] t: 90.00 116.00 -56.76 0.00 82.75 0.00
[15:31:42.302] [ARM-RX] [203] <0.00 -111.19 -12.83> result: 90.00 116.11 -56.55 0.00 82.67 0.00
[15:31:42.302] [ARM-RX] [204] <0.00 -111.81 -12.90> result: 90.00 116.23 -56.36 0.00 82.58 0.00
[15:31:42.302] [ARM-RX] [205] <0.00 -112.42 -12.97> result: 90.00 116.34 -56.16 0.00 82.50 0.0
[15:31:42.350] [ARM-RX] 0
[15:31:42.350] [ARM-RX] [206] <0.00 -113.02 -13.04> result: 90.00 116.45 -55.96 0.00 82.42 0.00
[15:31:42.351] [ARM-RX] [207] <0.00 -113.62 -13.11> result: 90.00 116.56 -55.77 0.00 82.33 0.00
[15:31:42.351] [ARM-RX] [208] <0.00 -114.21 -13.18> result: 90.00 116.67 -55.58 0.00 82.25 0.00
[15:31:42.351] [ARM-RX] [209] <0.00 -114.79 -13.24> result
[15:31:42.356] [ARM-RX] : 90.00 116.78 -55.40 0.00 82.17 0.00
[15:31:42.357] [ARM-RX] [210] <0.00 -115.35 -13.31> result: 90.00 116.88 -55.21 0.00 82.10 0.00
[15:31:42.357] [ARM-RX] [211] <0.00 -115.91 -13.37> result: 90.00 116.99 -55.03 0.00 82.02 0.00
[15:31:42.357] [ARM-RX] [212] <0.00 -116.46 -13.44> result: 90.00 117.09 -54.86 0.00 81.94 0.00
[15:31:42.366] [ARM-RX] [213] <0.00 -117.00 -13.50> result: 90.00 117.19 -54.68 0.00 81.87 0.00
[15:31:42.366] [ARM-RX] [214] <0.00 -117.53 -13.56> result: 90.00 117.28 -54.51 0.00 81.79 0.00
[15:31:42.366] [ARM-RX] [215] <0.00 -118.04 -13.62> result: 90.00 117.38 -54.34 0.00 81.72 0.00
[15:31:42.366] [ARM-RX] [216] <0.00 -118.55 -13.68> result:
[15:31:42.389] [ARM-RX] 90.00 117.47 -54.18 0.00 81.65 0.00
[15:31:42.390] [ARM-RX] [217] <0.00 -119.05 -13.74> result: 90.00 117.56 -54.02 0.00 81.58 0.00
[15:31:42.390] [ARM-RX] [218] <0.00 -119.53 -13.79> result: 90.00 117.65 -53.86 0.00 81.51 0.00
[15:31:42.390] [ARM-RX] [219] <0.00 -120.00 -13.85> result: 90.00 117.74 -53.71 0.00 81.45 0.00
[15:31:42.414] [ARM-RX] [220] <0.00 -120.47 -13.90> result: 90.00 117.82 -53.56 0.00 81.38 0.00
[15:31:42.414] [ARM-RX] [221] <0.00 -120.92 -13.95> result: 90.00 117.91 -53.41 0.00 81.32 0.00
[15:31:42.414] [ARM-RX] [222] <0.00 -121.35 -14.00> result: 90.00 117.99 -53.27 0.00 81.25 0.00
[15:31:42.414] [ARM-RX] [223] <0.00 -121.78 -14.05> result:
[15:31:42.448] [ARM-RX] 90.00 118.07 -53.13 0.00 81.19 0.00
[15:31:42.448] [ARM-RX] [224] <0.00 -122.20 -14.10> result: 90.00 118.14 -52.99 0.00 81.13 0.00
[15:31:42.448] [ARM-RX] [225] <0.00 -122.60 -14.15> result: 90.00 118.22 -52.86 0.00 81.08 0.00
[15:31:42.448] [ARM-RX] [226] <0.00 -122.99 -14.19> result: 90.00 118.29 -52.73 0.00 81.02 0.00
[15:31:42.489] [ARM-RX] [227] <0.00 -123.37 -14.24> result: 90.00 118.36 -52.61 0.00 80.97 0.00
[15:31:42.490] [ARM-RX] [228] <0.00 -123.74 -14.28> result: 90.00 118.43 -52.49 0.00 80.91 0.00
[15:31:42.490] [ARM-RX] [229] <0.00 -124.10 -14.32> result: 90.00 118.49 -52.37 0.00 80.86 0.00
[15:31:42.490] [ARM-RX] [230] <0.00 -124.44 -14.36> result: 9
[15:31:42.493] [ARM-RX] 0.00 118.55 -52.26 0.00 80.81 0.00
[15:31:42.493] [ARM-RX] [231] <0.00 -124.77 -14.40> result: 90.00 118.62 -52.15 0.00 80.77 0.00
[15:31:42.495] [ARM-RX] [232] <0.00 -125.09 -14.43> result: 90.00 118.67 -52.05 0.00 80.72 0.00
[15:31:42.495] [ARM-RX] [233] <0.00 -125.40 -14.47> result: 90.00 118.73 -51.94 0.00 80.68 0.00
[15:31:42.495] [ARM-RX] [
[15:31:42.515] [ARM-RX] 234] <0.00 -125.70 -14.50> result: 90.00 118.79 -51.85 0.00 80.63 0.00
[15:31:42.516] [ARM-RX] [235] <0.00 -125.98 -14.54> result: 90.00 118.84 -51.75 0.00 80.59 0.00
[15:31:42.516] [ARM-RX] [236] <0.00 -126.26 -14.57> result: 90.00 118.89 -51.66 0.00 80.55 0.00
[15:31:42.516] [ARM-RX] [237] <0.00 -126.52 -14.60> result: 90
[15:31:42.538] [ARM-RX] .00 118.94 -51.58 0.00 80.52 0.00
[15:31:42.538] [ARM-RX] [238] <0.00 -126.77 -14.63> result: 90.00 118.98 -51.50 0.00 80.48 0.00
[15:31:42.538] [ARM-RX] [239] <0.00 -127.01 -14.66> result: 90.00 119.03 -51.42 0.00 80.44 0.00
[15:31:42.538] [ARM-RX] [240] <0.00 -127.24 -14.68> result: 90.00 119.07 -51.34 0.00 80.41 0.00
[15:31:42.540] [ARM-RX] [2
[15:31:42.561] [ARM-RX] 41] <0.00 -127.46 -14.71> result: 90.00 119.11 -51.27 0.00 80.38 0.00
[15:31:42.562] [ARM-RX] [242] <0.00 -127.66 -14.73> result: 90.00 119.15 -51.20 0.00 80.35 0.00
[15:31:42.562] [ARM-RX] [243] <0.00 -127.86 -14.75> result: 90.00 119.18 -51.14 0.00 80.32 0.00
[15:31:42.562] [ARM-RX] [244] <0.00 -128.04 -14.77> result: 90.
[15:31:42.584] [ARM-RX] 00 119.22 -51.08 0.00 80.30 0.00
[15:31:42.585] [ARM-RX] [245] <0.00 -128.22 -14.79> result: 90.00 119.25 -51.02 0.00 80.27 0.00
[15:31:42.585] [ARM-RX] [246] <0.00 -128.38 -14.81> result: 90.00 119.28 -50.97 0.00 80.25 0.00
[15:31:42.585] [ARM-RX] [247] <0.00 -128.53 -14.83> result: 90.00 119.31 -50.92 0.00 80.22 0.00
[15:31:42.585] [ARM-RX] [24
[15:31:42.619] [ARM-RX] 8] <0.00 -128.68 -14.85> result: 90.00 119.33 -50.87 0.00 80.20 0.00
[15:31:42.620] [ARM-RX] [249] <0.00 -128.82 -14.86> result: 90.00 119.36 -50.82 0.00 80.18 0.00
[15:31:42.620] [ARM-RX] [250] <0.00 -128.94 -14.88> result: 90.00 119.38 -50.78 0.00 80.16 0.00
[15:31:42.620] [ARM-RX] [251] <0.00 -129.06 -14.89> result: 90.0
[15:31:42.658] [ARM-RX] 0 119.40 -50.74 0.00 80.15 0.00
[15:31:42.659] [ARM-RX] [252] <0.00 -129.17 -14.90> result: 90.00 119.42 -50.71 0.00 80.13 0.00
[15:31:42.659] [ARM-RX] [253] <0.00 -129.27 -14.92> result: 90.00 119.44 -50.68 0.00 80.12 0.00
[15:31:42.659] [ARM-RX] [254] <0.00 -129.36 -14.93> result: 90.00 119.46 -50.65 0.00 80.10 0.00
[15:31:42.659] [ARM-RX] [255
[15:31:42.665] [ARM-RX] ] <0.00 -129.44 -14.94> result: 90.00 119.47 -50.62 0.00 80.09 0.00
[15:31:42.665] [ARM-RX] [256] <0.00 -129.52 -14.94> result: 90.00 119.49 -50.59 0.00 80.08 0.00
[15:31:42.666] [ARM-RX] [257] <0.00 -129.59 -14.95> result: 90.00 119.50 -50.57 0.00 80.07 0.00
[15:31:42.666] [ARM-RX] [258] <0.00 -129.65 -14.96> result: 90.00
[15:31:42.689] [ARM-RX] 119.51 -50.55 0.00 80.06 0.00
[15:31:42.689] [ARM-RX] [259] <0.00 -129.71 -14.97> result: 90.00 119.52 -50.53 0.00 80.05 0.00
[15:31:42.689] [ARM-RX] [260] <0.00 -129.76 -14.97> result: 90.00 119.53 -50.51 0.00 80.05 0.00
[15:31:42.689] [ARM-RX] [261] <0.00 -129.80 -14.98> result: 90.00 119.54 -50.50 0.00 80.04 0.00
[15:31:42.689] [ARM-RX] [262]
[15:31:42.712] [ARM-RX] <0.00 -129.84 -14.98> result: 90.00 119.55 -50.49 0.00 80.03 0.00
[15:31:42.712] [ARM-RX] [263] <0.00 -129.87 -14.99> result: 90.00 119.55 -50.48 0.00 80.03 0.00
[15:31:42.712] [ARM-RX] [264] <0.00 -129.90 -14.99> result: 90.00 119.56 -50.47 0.00 80.02 0.00
[15:31:42.712] [ARM-RX] [265] <0.00 -129.92 -14.99> result: 90.00
[15:31:42.735] [ARM-RX] 119.56 -50.46 0.00 80.02 0.00
[15:31:42.735] [ARM-RX] [266] <0.00 -129.94 -14.99> result: 90.00 119.57 -50.45 0.00 80.02 0.00
[15:31:42.735] [ARM-RX] [267] <0.00 -129.96 -15.00> result: 90.00 119.57 -50.45 0.00 80.02 0.00
[15:31:42.736] [ARM-RX] [268] <0.00 -129.97 -15.00> result: 90.00 119.57 -50.44 0.00 80.01 0.00
[15:31:42.736] [ARM-RX] [269]
[15:31:42.757] [ARM-RX] <0.00 -129.98 -15.00> result: 90.00 119.57 -50.44 0.00 80.01 0.00
[15:31:42.757] [ARM-RX] [270] <0.00 -129.99 -15.00> result: 90.00 119.57 -50.44 0.00 80.01 0.00
[15:31:42.757] [ARM-RX] [271] <0.00 -129.99 -15.00> result: 90.00 119.58 -50.44 0.00 80.01 0.00
[15:31:42.757] [ARM-RX] [272] <0.00 -130.00 -15.00> result: 90.00 1
[15:31:42.798] [ARM-RX] 19.58 -50.43 0.00 80.01 0.00
[15:31:42.799] [ARM-RX] [273] <0.00 -130.00 -15.00> result: 90.00 119.58 -50.43 0.00 80.01 0.00
[15:31:42.799] [ARM-RX] [274] <0.00 -130.00 -15.00> result: 90.00 119.58 -50.43 0.00 80.01 0.00
[15:31:42.799] [ARM-RX] [275] <0.00 -130.00 -15.00> result: 90.00 119.58 -50.43 0.00 80.01 0.00
[15:31:42.799] [ARM-RX] [276] <
[15:31:42.861] [ARM-RX] 0.00 -130.00 -15.00> result: 90.00 119.58 -50.43 0.00 80.01 0.00
[15:31:45.715] [ARM-RX] [joint 1] ave_error:0.00
[15:31:45.715] [ARM-RX] [joint 2] ave_error:1.85
[15:31:45.715] [ARM-RX] [joint 3] ave_error:2.08
[15:31:45.715] [ARM-RX] [joint 4] ave_error:0.00
[15:31:45.715] [ARM-RX] [joint 5] ave_error:0.69
[15:31:45.716] [ARM-RX] robot pid run finished!!
[15:31:46.134] [APP-INFO] 右视图 第 3/6 条: abs_rotate 0 115
[15:31:46.136] [ARM-TX] 发送命令 abs_rotate 0 115: abs_rotate 0 115
[15:31:46.212] [ARM-RX] Found handler for 'abs_rotate', executing...
[15:31:46.212] [ARM-RX] [joint_id: 0] ROBOT_JOINT_ABS_ROTATE 115.000000
[15:31:47.271] [APP-INFO] 右视图 第 4/6 条: rel_rotate 3 35
[15:31:47.273] [ARM-TX] 发送命令 rel_rotate 3 35: rel_rotate 3 35
[15:31:47.330] [ARM-RX] Found handler for 'rel_rotate', executing...
[15:31:47.453] [ARM-RX] [joint_id: 3] ROBOT_JOINT_REL_ROTATE 35.000000
[15:31:48.713] [APP-INFO] 右视图 第 5/6 条: abs_rotate 4 80
[15:31:48.714] [ARM-TX] 发送命令 abs_rotate 4 80: abs_rotate 4 80
[15:31:48.760] [ARM-RX] Found handler for 'abs_rotate', executing...
[15:31:49.008] [ARM-RX] [joint_id: 4] ROBOT_JOINT_ABS_ROTATE 80.000000
[15:31:50.742] [APP-INFO] 右视图 第 6/6 条: soft_reset
[15:31:50.743] [ARM-TX] 发送命令 soft_reset: soft_reset
[15:31:50.806] [ARM-RX] Found handler for 'soft_reset', executing...
[15:31:50.806] [ARM-RX] ROBOT_SOFT_RESET_EVENT
[15:31:50.806] [ARM-RX] --- Starting soft reset ---
[15:31:50.993] [ARM-RX] Soft reset motors enabled (J1~J5, J6 skipped).
[15:31:50.993] [ARM-RX] Soft resetting joint 4...
[15:31:50.995] [ARM-RX] robot_update_current_angle 4...
[15:31:50.995] [ARM-RX] [4] current:80.03, target:90.00, dir:1
[15:31:52.053] [ARM-RX] Soft resetting joint 3...
[15:31:52.053] [ARM-RX] robot_update_current_angle 3...
[15:31:52.053] [ARM-RX] [3] current:35.00, target:0.00, dir:-1
[15:31:54.108] [ARM-RX] soft reset joint 3 settle timeout, keep going
[15:31:54.108] [ARM-RX] Soft resetting joint 1...
[15:31:54.171] [ARM-RX] robot_update_current_angle 1...
[15:31:54.171] [ARM-RX] [1] current:119.37, target:90.00, dir:-1
[15:31:56.092] [ARM-RX] soft reset joint 1 settle timeout, keep going
[15:31:56.092] [ARM-RX] Soft resetting joint 2...
[15:31:56.092] [ARM-RX] robot_update_current_angle 2...
[15:31:56.092] [ARM-RX] [2] current:-51.09, target:-90.00, dir:-1
[15:31:58.250] [ARM-RX] soft reset joint 2 settle timeout, keep going
[15:31:58.250] [ARM-RX] Soft resetting joint 0...
[15:31:58.310] [ARM-RX] robot_update_current_angle 0...
[15:31:58.311] [ARM-RX] [0] current:115.00, target:90.00, dir:-1
[15:32:00.100] [ARM-RX] soft reset joint 0 settle timeout, keep going
[15:32:00.100] [ARM-RX] soft reset verify not pass, start refine loop...
[15:32:00.222] [ARM-RX] soft reset refine joint 0 round 1: cur=93.02 target=90.00 err=3.02 dir=-1
[15:32:01.022] [ARM-RX] soft reset refine pass 1 success.
[15:32:01.022] [ARM-RX] soft reset final verify PASS (issues:4), pose set HOME.
[15:32:04.407] [APP-INFO] 左视图 第 1/6 条: soft_reset
[15:32:04.408] [ARM-TX] 发送命令 soft_reset: soft_reset
[15:32:04.459] [ARM-RX] Found handler for 'soft_reset', executing...
[15:32:04.459] [ARM-RX] ROBOT_SOFT_RESET_EVENT
[15:32:04.460] [ARM-RX] --- Starting soft reset ---
[15:32:04.646] [ARM-RX] Soft reset motors enabled (J1~J5, J6 skipped).
[15:32:04.646] [ARM-RX] Soft resetting joint 4...
[15:32:04.709] [ARM-RX] robot_update_current_angle 4...
[15:32:04.711] [ARM-RX] [4] current:90.00, target:90.00, dir:1
[15:32:04.833] [ARM-RX] Soft resetting joint 3...
[15:32:04.833] [ARM-RX] robot_update_current_angle 3...
[15:32:04.833] [ARM-RX] [3] current:-0.00, target:0.00, dir:1
[15:32:04.958] [ARM-RX] Soft resetting joint 1...
[15:32:05.020] [ARM-RX] robot_update_current_angle 1...
[15:32:05.020] [ARM-RX] [1] current:90.00, target:90.00, dir:-1
[15:32:05.143] [ARM-RX] Soft resetting joint 2...
[15:32:05.143] [ARM-RX] robot_update_current_angle 2...
[15:32:05.143] [ARM-RX] [2] current:-90.00, target:-90.00, dir:1
[15:32:05.267] [ARM-RX] Soft resetting joint 0...
[15:32:05.268] [ARM-RX] robot_update_current_angle 0...
[15:32:05.268] [ARM-RX] [0] current:89.89, target:90.00, dir:1
[15:32:05.515] [ARM-RX] soft reset final verify PASS (issues:0), pose set HOME.
[15:32:06.402] [APP-INFO] 左视图 第 2/6 条: auto 0 -130 -15
[15:32:06.403] [ARM-TX] 发送命令 auto 0 -130 -15: auto 0 -130 -15
[15:32:06.442] [ARM-RX] Found handler for 'auto', executing...
[15:32:06.443] [ARM-RX] ROBOT_AUTO_EVENT
[15:32:06.443] [ARM-RX] AUTO slow profile scale=0.40 target=<0.00 -130.00 -15.00>
[15:32:06.443] [ARM-RX] [0] <0.00 0.00 0.00> result: 90.00 90.00 -90.00 0.00 90.00 0.00
[15:32:06.443] [ARM-RX] [1] <0.00 -0.00 -0.00> result: 90.00 90.00 -90.00 0.00 90.00 0.00
[15:32:06.443] [ARM-RX] [2] <0.00
[15:32:06.465] [ARM-RX] -0.00 -0.00> result: 90.00 90.00 -90.00 0.00 90.00 0.00
[15:32:06.466] [ARM-RX] [3] <0.00 -0.00 -0.00> result: 90.00 90.00 -90.00 0.00 90.00 0.00
[15:32:06.466] [ARM-RX] [4] <0.00 -0.01 -0.00> result: 90.00 90.00 -90.00 0.00 90.00 0.00
[15:32:06.466] [ARM-RX] [5] <0.00 -0.01 -0.00> result: 90.00 90.00 -90.00 0.00 90.00 0.0
[15:32:06.488] [ARM-RX] 0
[15:32:06.488] [ARM-RX] [6] <0.00 -0.02 -0.00> result: 90.00 90.01 -90.00 0.00 90.00 0.00
[15:32:06.489] [ARM-RX] [7] <0.00 -0.03 -0.00> result: 90.00 90.01 -89.99 0.00 90.00 0.00
[15:32:06.489] [ARM-RX] [8] <0.00 -0.04 -0.00> result: 90.00 90.02 -89.99 0.00 90.01 0.00
[15:32:06.489] [ARM-RX] [9] <0.00 -0.06 -0.01> result: 90.00 90.02 -89.98 0.
[15:32:06.511] [ARM-RX] 00 90.01 0.00
[15:32:06.512] [ARM-RX] [10] <0.00 -0.08 -0.01> result: 90.00 90.03 -89.98 0.00 90.01 0.00
[15:32:06.512] [ARM-RX] [11] <0.00 -0.10 -0.01> result: 90.00 90.04 -89.97 0.00 90.01 0.00
[15:32:06.512] [ARM-RX] [12] <0.00 -0.13 -0.01> result: 90.00 90.05 -89.96 0.00 90.02 0.00
[15:32:06.512] [ARM-RX] [13] <0.00 -0.16 -0.02> result: 90.00
[15:32:06.533] [ARM-RX] 90.07 -89.96 0.00 90.02 0.00
[15:32:06.533] [ARM-RX] [14] <0.00 -0.20 -0.02> result: 90.00 90.08 -89.95 0.00 90.03 0.00
[15:32:06.533] [ARM-RX] [15] <0.00 -0.24 -0.03> result: 90.00 90.10 -89.93 0.00 90.03 0.00
[15:32:06.534] [ARM-RX] [16] <0.00 -0.29 -0.03> result: 90.00 90.12 -89.92 0.00 90.04 0.00
[15:32:06.534] [ARM-RX] [17] <0.00 -0.35 -0.0
[15:32:06.557] [ARM-RX] 4> result: 90.00 90.14 -89.90 0.00 90.05 0.00
[15:32:06.557] [ARM-RX] [18] <0.00 -0.41 -0.05> result: 90.00 90.17 -89.89 0.00 90.06 0.00
[15:32:06.558] [ARM-RX] [19] <0.00 -0.48 -0.06> result: 90.00 90.20 -89.87 0.00 90.07 0.00
[15:32:06.558] [ARM-RX] [20] <0.00 -0.56 -0.06> result: 90.00 90.23 -89.85 0.00 90.08 0.00
[15:32:06.558] [ARM-RX] [21]
[15:32:06.579] [ARM-RX] <0.00 -0.64 -0.07> result: 90.00 90.26 -89.82 0.00 90.09 0.00
[15:32:06.579] [ARM-RX] [22] <0.00 -0.73 -0.08> result: 90.00 90.30 -89.80 0.00 90.10 0.00
[15:32:06.579] [ARM-RX] [23] <0.00 -0.83 -0.10> result: 90.00 90.34 -89.77 0.00 90.11 0.00
[15:32:06.580] [ARM-RX] [24] <0.00 -0.94 -0.11> result: 90.00 90.39 -89.74 0.00 9
[15:32:06.613] [ARM-RX] 0.13 0.00
[15:32:06.613] [ARM-RX] [25] <0.00 -1.06 -0.12> result: 90.00 90.43 -89.71 0.00 90.14 0.00
[15:32:06.613] [ARM-RX] [26] <0.00 -1.18 -0.14> result: 90.00 90.48 -89.67 0.00 90.16 0.00
[15:32:06.614] [ARM-RX] [27] <0.00 -1.32 -0.15> result: 90.00 90.54 -89.64 0.00 90.17 0.00
[15:32:06.614] [ARM-RX] [28] <0.00 -1.46 -0.17> result: 90.00 90.
[15:32:06.636] [ARM-RX] 60 -89.60 0.00 90.19 0.00
[15:32:06.637] [ARM-RX] [29] <0.00 -1.62 -0.19> result: 90.00 90.66 -89.55 0.00 90.21 0.00
[15:32:06.637] [ARM-RX] [30] <0.00 -1.78 -0.21> result: 90.00 90.72 -89.51 0.00 90.23 0.00
[15:32:06.637] [ARM-RX] [31] <0.00 -1.96 -0.23> result: 90.00 90.79 -89.46 0.00 90.25 0.00
[15:32:06.637] [ARM-RX] [32] <0.00 -2.14 -0.25> r
[15:32:06.659] [ARM-RX] esult: 90.00 90.87 -89.41 0.00 90.27 0.00
[15:32:06.659] [ARM-RX] [33] <0.00 -2.34 -0.27> result: 90.00 90.94 -89.35 0.00 90.30 0.00
[15:32:06.659] [ARM-RX] [34] <0.00 -2.54 -0.29> result: 90.00 91.02 -89.30 0.00 90.32 0.00
[15:32:06.659] [ARM-RX] [35] <0.00 -2.76 -0.32> result: 90.00 91.11 -89.24 0.00 90.34 0.00
[15:32:06.661] [ARM-RX] [36] <0.0
[15:32:06.682] [ARM-RX] 0 -2.99 -0.34> result: 90.00 91.20 -89.17 0.00 90.37 0.00
[15:32:06.683] [ARM-RX] [37] <0.00 -3.23 -0.37> result: 90.00 91.29 -89.10 0.00 90.39 0.00
[15:32:06.683] [ARM-RX] [38] <0.00 -3.48 -0.40> result: 90.00 91.38 -89.04 0.00 90.42 0.00
[15:32:06.683] [ARM-RX] [39] <0.00 -3.74 -0.43> result: 90.00 91.48 -88.96 0.00 90.45
[15:32:06.705] [ARM-RX] 0.00
[15:32:06.705] [ARM-RX] [40] <0.00 -4.02 -0.46> result: 90.00 91.59 -88.89 0.00 90.47 0.00
[15:32:06.706] [ARM-RX] [41] <0.00 -4.30 -0.50> result: 90.00 91.69 -88.81 0.00 90.50 0.00
[15:32:06.706] [ARM-RX] [42] <0.00 -4.60 -0.53> result: 90.00 91.81 -88.72 0.00 90.53 0.00
[15:32:06.706] [ARM-RX] [43] <0.00 -4.91 -0.57> result: 90.00 91.92 -
[15:32:06.728] [ARM-RX] 88.64 0.00 90.56 0.00
[15:32:06.728] [ARM-RX] [44] <0.00 -5.23 -0.60> result: 90.00 92.04 -88.55 0.00 90.58 0.00
[15:32:06.728] [ARM-RX] [45] <0.00 -5.56 -0.64> result: 90.00 92.16 -88.45 0.00 90.61 0.00
[15:32:06.729] [ARM-RX] [46] <0.00 -5.90 -0.68> result: 90.00 92.28 -88.36 0.00 90.64 0.00
[15:32:06.729] [ARM-RX] [47] <0.00 -6.26 -0.72> resul
[15:32:06.751] [ARM-RX] t: 90.00 92.41 -88.26 0.00 90.67 0.00
[15:32:06.752] [ARM-RX] [48] <0.00 -6.63 -0.76> result: 90.00 92.55 -88.15 0.00 90.70 0.00
[15:32:06.752] [ARM-RX] [49] <0.00 -7.01 -0.81> result: 90.00 92.68 -88.05 0.00 90.73 0.00
[15:32:06.752] [ARM-RX] [50] <0.00 -7.40 -0.85> result: 90.00 92.82 -87.94 0.00 90.76 0.00
[15:32:06.752] [ARM-RX] [51] <0.00 -7
[15:32:06.775] [ARM-RX] .80 -0.90> result: 90.00 92.96 -87.82 0.00 90.78 0.00
[15:32:06.775] [ARM-RX] [52] <0.00 -8.22 -0.95> result: 90.00 93.10 -87.71 0.00 90.81 0.00
[15:32:06.775] [ARM-RX] [53] <0.00 -8.65 -1.00> result: 90.00 93.25 -87.58 0.00 90.84 0.00
[15:32:06.775] [ARM-RX] [54] <0.00 -9.08 -1.05> result: 90.00 93.40 -87.46 0.00 90.86 0.0
[15:32:06.810] [ARM-RX] 0
[15:32:06.810] [ARM-RX] [55] <0.00 -9.53 -1.10> result: 90.00 93.55 -87.33 0.00 90.89 0.00
[15:32:06.810] [ARM-RX] [56] <0.00 -10.00 -1.15> result: 90.00 93.71 -87.20 0.00 90.91 0.00
[15:32:06.810] [ARM-RX] [57] <0.00 -10.47 -1.21> result: 90.00 93.87 -87.07 0.00 90.94 0.00
[15:32:06.811] [ARM-RX] [58] <0.00 -10.95 -1.26> result: 90.00 94.03 -8
[15:32:06.831] [ARM-RX] 6.93 0.00 90.96 0.00
[15:32:06.832] [ARM-RX] [59] <0.00 -11.45 -1.32> result: 90.00 94.19 -86.79 0.00 90.98 0.00
[15:32:06.832] [ARM-RX] [60] <0.00 -11.96 -1.38> result: 90.00 94.35 -86.65 0.00 91.00 0.00
[15:32:06.832] [ARM-RX] [61] <0.00 -12.47 -1.44> result: 90.00 94.52 -86.50 0.00 91.02 0.00
[15:32:06.832] [ARM-RX] [62] <0.00 -13.00 -1.50> re
[15:32:06.858] [ARM-RX] sult: 90.00 94.69 -86.35 0.00 91.04 0.00
[15:32:06.858] [ARM-RX] [63] <0.00 -13.54 -1.56> result: 90.00 94.86 -86.19 0.00 91.05 0.00
[15:32:06.859] [ARM-RX] [64] <0.00 -14.09 -1.63> result: 90.00 95.03 -86.04 0.00 91.07 0.00
[15:32:06.859] [ARM-RX] [65] <0.00 -14.65 -1.69> result: 90.00 95.20 -85.88 0.00 91.08 0.00
[15:32:06.859] [ARM-RX] [66] <0
[15:32:06.878] [ARM-RX] .00 -15.21 -1.76> result: 90.00 95.38 -85.72 0.00 91.09 0.00
[15:32:06.878] [ARM-RX] [67] <0.00 -15.79 -1.82> result: 90.00 95.55 -85.55 0.00 91.10 0.00
[15:32:06.878] [ARM-RX] [68] <0.00 -16.38 -1.89> result: 90.00 95.73 -85.38 0.00 91.11 0.00
[15:32:06.878] [ARM-RX] [69] <0.00 -16.97 -1.96> result: 90.00 95.91 -85.21 0.00
[15:32:06.901] [ARM-RX] 91.12 0.00
[15:32:06.901] [ARM-RX] [70] <0.00 -17.58 -2.03> result: 90.00 96.09 -85.04 0.00 91.13 0.00
[15:32:06.901] [ARM-RX] [71] <0.00 -18.19 -2.10> result: 90.00 96.27 -84.86 0.00 91.13 0.00
[15:32:06.901] [ARM-RX] [72] <0.00 -18.81 -2.17> result: 90.00 96.45 -84.68 0.00 91.13 0.00
[15:32:06.902] [ARM-RX] [73] <0.00 -19.44 -2.24> result: 90.
[15:32:06.925] [ARM-RX] 00 96.63 -84.50 0.00 91.13 0.00
[15:32:06.925] [ARM-RX] [74] <0.00 -20.08 -2.32> result: 90.00 96.81 -84.32 0.00 91.13 0.00
[15:32:06.925] [ARM-RX] [75] <0.00 -20.72 -2.39> result: 90.00 97.00 -84.13 0.00 91.13 0.00
[15:32:06.925] [ARM-RX] [76] <0.00 -21.37 -2.47> result: 90.00 97.18 -83.94 0.00 91.12 0.00
[15:32:06.926] [ARM-RX] [77] <0.00 -22.0
[15:32:06.946] [ARM-RX] 3 -2.54> result: 90.00 97.36 -83.75 0.00 91.12 0.00
[15:32:06.946] [ARM-RX] [78] <0.00 -22.70 -2.62> result: 90.00 97.55 -83.56 0.00 91.11 0.00
[15:32:06.946] [ARM-RX] [79] <0.00 -23.37 -2.70> result: 90.00 97.73 -83.37 0.00 91.10 0.00
[15:32:06.947] [ARM-RX] [80] <0.00 -24.04 -2.77> result: 90.00 97.92 -83.17 0.00 91.08 0.
[15:32:06.981] [ARM-RX] 00
[15:32:06.981] [ARM-RX] [81] <0.00 -24.72 -2.85> result: 90.00 98.10 -82.97 0.00 91.07 0.00
[15:32:06.981] [ARM-RX] [82] <0.00 -25.41 -2.93> result: 90.00 98.28 -82.77 0.00 91.05 0.00
[15:32:06.982] [ARM-RX] [83] <0.00 -26.10 -3.01> result: 90.00 98.47 -82.57 0.00 91.04 0.00
[15:32:06.982] [ARM-RX] [84] <0.00 -26.79 -3.09> result: 90.00 98.65
[15:32:07.009] [ARM-RX] -82.37 0.00 91.02 0.00
[15:32:07.009] [ARM-RX] [85] <0.00 -27.49 -3.17> result: 90.00 98.83 -82.16 0.00 91.00 0.00
[15:32:07.009] [ARM-RX] [86] <0.00 -28.19 -3.25> result: 90.00 99.01 -81.96 0.00 90.97 0.00
[15:32:07.009] [ARM-RX] [87] <0.00 -28.90 -3.33> result: 90.00 99.20 -81.75 0.00 90.95 0.00
[15:32:07.010] [ARM-RX] [88] <0.00 -29.61 -3.42>
[15:32:07.028] [ARM-RX] result: 90.00 99.38 -81.55 0.00 90.92 0.00
[15:32:07.028] [ARM-RX] [89] <0.00 -30.32 -3.50> result: 90.00 99.56 -81.34 0.00 90.90 0.00
[15:32:07.028] [ARM-RX] [90] <0.00 -31.03 -3.58> result: 90.00 99.74 -81.13 0.00 90.87 0.00
[15:32:07.028] [ARM-RX] [91] <0.00 -31.74 -3.66> result: 90.00 99.92 -80.92 0.00 90.84 0.00
[15:32:07.030] [ARM-RX] [92]
[15:32:07.049] [ARM-RX] <0.00 -32.46 -3.74> result: 90.00 100.09 -80.71 0.00 90.80 0.00
[15:32:07.050] [ARM-RX] [93] <0.00 -33.17 -3.83> result: 90.00 100.27 -80.50 0.00 90.77 0.00
[15:32:07.050] [ARM-RX] [94] <0.00 -33.89 -3.91> result: 90.00 100.44 -80.29 0.00 90.74 0.00
[15:32:07.050] [ARM-RX] [95] <0.00 -34.60 -3.99> result: 90.00 100.62 -80.0
[15:32:07.074] [ARM-RX] 8 0.00 90.70 0.00
[15:32:07.074] [ARM-RX] [96] <0.00 -35.32 -4.07> result: 90.00 100.79 -79.87 0.00 90.66 0.00
[15:32:07.074] [ARM-RX] [97] <0.00 -36.03 -4.16> result: 90.00 100.96 -79.66 0.00 90.62 0.00
[15:32:07.074] [ARM-RX] [98] <0.00 -36.75 -4.24> result: 90.00 101.14 -79.45 0.00 90.58 0.00
[15:32:07.074] [ARM-RX] [99] <0.00 -37.46 -4.32> re
[15:32:07.096] [ARM-RX] sult: 90.00 101.31 -79.24 0.00 90.54 0.00
[15:32:07.096] [ARM-RX] [100] <0.00 -38.18 -4.41> result: 90.00 101.47 -79.02 0.00 90.50 0.00
[15:32:07.096] [ARM-RX] [101] <0.00 -38.89 -4.49> result: 90.00 101.64 -78.81 0.00 90.46 0.00
[15:32:07.096] [ARM-RX] [102] <0.00 -39.61 -4.57> result: 90.00 101.81 -78.60 0.00 90.41 0.00
[15:32:07.118] [ARM-RX] [103] <0.00 -40.32 -4.65> result: 90.00 101.98 -78.39 0.00 90.37 0.00
[15:32:07.119] [ARM-RX] [104] <0.00 -41.04 -4.74> result: 90.00 102.14 -78.18 0.00 90.32 0.00
[15:32:07.119] [ARM-RX] [105] <0.00 -41.75 -4.82> result: 90.00 102.31 -77.96 0.00 90.27 0.00
[15:32:07.119] [ARM-RX] [106] <0.00 -42.47 -4.90> result: 90.00 102
[15:32:07.140] [ARM-RX] .47 -77.75 0.00 90.22 0.00
[15:32:07.142] [ARM-RX] [107] <0.00 -43.18 -4.98> result: 90.00 102.63 -77.54 0.00 90.17 0.00
[15:32:07.143] [ARM-RX] [108] <0.00 -43.90 -5.07> result: 90.00 102.79 -77.33 0.00 90.12 0.00
[15:32:07.143] [ARM-RX] [109] <0.00 -44.61 -5.15> result: 90.00 102.95 -77.11 0.00 90.07 0.00
[15:32:07.143] [ARM-RX] [110] <0.00 -45
[15:32:07.176] [ARM-RX] .33 -5.23> result: 90.00 103.12 -76.90 0.00 90.02 0.00
[15:32:07.177] [ARM-RX] [111] <0.00 -46.05 -5.31> result: 90.00 103.27 -76.69 0.00 89.96 0.00
[15:32:07.177] [ARM-RX] [112] <0.00 -46.76 -5.40> result: 90.00 103.43 -76.47 0.00 89.91 0.00
[15:32:07.179] [ARM-RX] [113] <0.00 -47.48 -5.48> result: 90.00 103.59 -76.26 0.00
[15:32:07.199] [ARM-RX] 89.85 0.00
[15:32:07.199] [ARM-RX] [114] <0.00 -48.19 -5.56> result: 90.00 103.75 -76.05 0.00 89.80 0.00
[15:32:07.201] [ARM-RX] [115] <0.00 -48.91 -5.64> result: 90.00 103.91 -75.83 0.00 89.74 0.00
[15:32:07.201] [ARM-RX] [116] <0.00 -49.62 -5.73> result: 90.00 104.06 -75.62 0.00 89.68 0.00
[15:32:07.201] [ARM-RX] [117] <0.00 -50.34 -5.81> resu
[15:32:07.222] [ARM-RX] lt: 90.00 104.22 -75.40 0.00 89.62 0.00
[15:32:07.222] [ARM-RX] [118] <0.00 -51.05 -5.89> result: 90.00 104.37 -75.19 0.00 89.56 0.00
[15:32:07.222] [ARM-RX] [119] <0.00 -51.77 -5.97> result: 90.00 104.53 -74.98 0.00 89.50 0.00
[15:32:07.222] [ARM-RX] [120] <0.00 -52.48 -6.06> result: 90.00 104.68 -74.76 0.00 89.44 0.00
[15:32:07.224] [ARM-RX] [1
[15:32:07.245] [ARM-RX] 21] <0.00 -53.20 -6.14> result: 90.00 104.83 -74.55 0.00 89.38 0.00
[15:32:07.246] [ARM-RX] [122] <0.00 -53.91 -6.22> result: 90.00 104.99 -74.33 0.00 89.32 0.00
[15:32:07.246] [ARM-RX] [123] <0.00 -54.63 -6.30> result: 90.00 105.14 -74.12 0.00 89.25 0.00
[15:32:07.246] [ARM-RX] [124] <0.00 -55.34 -6.39> result: 90.00 105.2
[15:32:07.270] [ARM-RX] 9 -73.90 0.00 89.19 0.00
[15:32:07.270] [ARM-RX] [125] <0.00 -56.06 -6.47> result: 90.00 105.44 -73.68 0.00 89.12 0.00
[15:32:07.270] [ARM-RX] [126] <0.00 -56.77 -6.55> result: 90.00 105.59 -73.47 0.00 89.06 0.00
[15:32:07.270] [ARM-RX] [127] <0.00 -57.49 -6.63> result: 90.00 105.74 -73.25 0.00 88.99 0.00
[15:32:07.271] [ARM-RX] [128] <0.00 -58.2
[15:32:07.292] [ARM-RX] 0 -6.72> result: 90.00 105.89 -73.04 0.00 88.93 0.00
[15:32:07.292] [ARM-RX] [129] <0.00 -58.92 -6.80> result: 90.00 106.04 -72.82 0.00 88.86 0.00
[15:32:07.292] [ARM-RX] [130] <0.00 -59.64 -6.88> result: 90.00 106.19 -72.60 0.00 88.79 0.00
[15:32:07.293] [ARM-RX] [131] <0.00 -60.35 -6.96> result: 90.00 106.33 -72.39 0.00 8
[15:32:07.315] [ARM-RX] 8.72 0.00
[15:32:07.315] [ARM-RX] [132] <0.00 -61.07 -7.05> result: 90.00 106.48 -72.17 0.00 88.65 0.00
[15:32:07.315] [ARM-RX] [133] <0.00 -61.78 -7.13> result: 90.00 106.63 -71.95 0.00 88.58 0.00
[15:32:07.316] [ARM-RX] [134] <0.00 -62.50 -7.21> result: 90.00 106.77 -71.74 0.00 88.51 0.00
[15:32:07.316] [ARM-RX] [135] <0.00 -63.21 -7.29> result
[15:32:07.348] [ARM-RX] : 90.00 106.92 -71.52 0.00 88.44 0.00
[15:32:07.349] [ARM-RX] [136] <0.00 -63.93 -7.38> result: 90.00 107.07 -71.30 0.00 88.37 0.00
[15:32:07.349] [ARM-RX] [137] <0.00 -64.64 -7.46> result: 90.00 107.21 -71.09 0.00 88.30 0.00
[15:32:07.349] [ARM-RX] [138] <0.00 -65.36 -7.54> result: 90.00 107.36 -70.87 0.00 88.22 0.00
[15:32:07.349] [ARM-RX] [139
[15:32:07.371] [ARM-RX] ] <0.00 -66.07 -7.62> result: 90.00 107.50 -70.65 0.00 88.15 0.00
[15:32:07.371] [ARM-RX] [140] <0.00 -66.79 -7.71> result: 90.00 107.64 -70.43 0.00 88.08 0.00
[15:32:07.371] [ARM-RX] [141] <0.00 -67.50 -7.79> result: 90.00 107.79 -70.21 0.00 88.00 0.00
[15:32:07.371] [ARM-RX] [142] <0.00 -68.22 -7.87> result: 90.00 107.93
[15:32:07.394] [ARM-RX] -70.00 0.00 87.93 0.00
[15:32:07.394] [ARM-RX] [143] <0.00 -68.93 -7.95> result: 90.00 108.07 -69.78 0.00 87.85 0.00
[15:32:07.394] [ARM-RX] [144] <0.00 -69.65 -8.04> result: 90.00 108.22 -69.56 0.00 87.78 0.00
[15:32:07.395] [ARM-RX] [145] <0.00 -70.36 -8.12> result: 90.00 108.36 -69.34 0.00 87.70 0.00
[15:32:07.395] [ARM-RX] [146] <0.00 -71.08
[15:32:07.417] [ARM-RX] -8.20> result: 90.00 108.50 -69.12 0.00 87.62 0.00
[15:32:07.417] [ARM-RX] [147] <0.00 -71.79 -8.28> result: 90.00 108.64 -68.90 0.00 87.54 0.00
[15:32:07.418] [ARM-RX] [148] <0.00 -72.51 -8.37> result: 90.00 108.78 -68.68 0.00 87.47 0.00
[15:32:07.418] [ARM-RX] [149] <0.00 -73.23 -8.45> result: 90.00 108.93 -68.46 0.00 87.
[15:32:07.440] [ARM-RX] 39 0.00
[15:32:07.440] [ARM-RX] [150] <0.00 -73.94 -8.53> result: 90.00 109.07 -68.24 0.00 87.31 0.00
[15:32:07.445] [ARM-RX] [151] <0.00 -74.66 -8.61> result: 90.00 109.21 -68.02 0.00 87.23 0.00
[15:32:07.445] [ARM-RX] [152] <0.00 -75.37 -8.70> result: 90.00 109.35 -67.80 0.00 87.15 0.00
[15:32:07.445] [ARM-RX] [153] <0.00 -76.09 -8.78> result:
[15:32:07.463] [ARM-RX] 90.00 109.49 -67.58 0.00 87.07 0.00
[15:32:07.464] [ARM-RX] [154] <0.00 -76.80 -8.86> result: 90.00 109.63 -67.36 0.00 86.99 0.00
[15:32:07.464] [ARM-RX] [155] <0.00 -77.52 -8.94> result: 90.00 109.76 -67.14 0.00 86.91 0.00
[15:32:07.464] [ARM-RX] [156] <0.00 -78.23 -9.03> result: 90.00 109.90 -66.92 0.00 86.83 0.00
[15:32:07.465] [ARM-RX] [157]
[15:32:07.489] [ARM-RX] <0.00 -78.95 -9.11> result: 90.00 110.04 -66.70 0.00 86.74 0.00
[15:32:07.489] [ARM-RX] [158] <0.00 -79.66 -9.19> result: 90.00 110.18 -66.48 0.00 86.66 0.00
[15:32:07.489] [ARM-RX] [159] <0.00 -80.38 -9.27> result: 90.00 110.32 -66.26 0.00 86.58 0.00
[15:32:07.490] [ARM-RX] [160] <0.00 -81.09 -9.36> result: 90.00 110.46 -6
[15:32:07.509] [ARM-RX] 6.04 0.00 86.50 0.00
[15:32:07.510] [ARM-RX] [161] <0.00 -81.81 -9.44> result: 90.00 110.60 -65.82 0.00 86.41 0.00
[15:32:07.510] [ARM-RX] [162] <0.00 -82.52 -9.52> result: 90.00 110.73 -65.59 0.00 86.33 0.00
[15:32:07.510] [ARM-RX] [163] <0.00 -83.24 -9.60> result: 90.00 110.87 -65.37 0.00 86.24 0.00
[15:32:07.510] [ARM-RX] [164] <0.00 -83.95 -9
[15:32:07.543] [ARM-RX] .69> result: 90.00 111.01 -65.15 0.00 86.16 0.00
[15:32:07.543] [ARM-RX] [165] <0.00 -84.67 -9.77> result: 90.00 111.14 -64.93 0.00 86.07 0.00
[15:32:07.543] [ARM-RX] [166] <0.00 -85.38 -9.85> result: 90.00 111.28 -64.71 0.00 85.99 0.00
[15:32:07.544] [ARM-RX] [167] <0.00 -86.10 -9.93> result: 90.00 111.42 -64.48 0.00 85.90
[15:32:07.566] [ARM-RX] 0.00
[15:32:07.567] [ARM-RX] [168] <0.00 -86.81 -10.02> result: 90.00 111.55 -64.26 0.00 85.81 0.00
[15:32:07.567] [ARM-RX] [169] <0.00 -87.53 -10.10> result: 90.00 111.69 -64.04 0.00 85.73 0.00
[15:32:07.567] [ARM-RX] [170] <0.00 -88.25 -10.18> result: 90.00 111.83 -63.81 0.00 85.64 0.00
[15:32:07.569] [ARM-RX] [171] <0.00 -88.96 -10.26> result
[15:32:07.591] [ARM-RX] : 90.00 111.96 -63.59 0.00 85.55 0.00
[15:32:07.591] [ARM-RX] [172] <0.00 -89.68 -10.35> result: 90.00 112.10 -63.37 0.00 85.46 0.00
[15:32:07.591] [ARM-RX] [173] <0.00 -90.39 -10.43> result: 90.00 112.23 -63.14 0.00 85.38 0.00
[15:32:07.592] [ARM-RX] [174] <0.00 -91.11 -10.51> result: 90.00 112.37 -62.92 0.00 85.29 0.00
[15:32:07.592] [ARM-RX] [
[15:32:07.612] [ARM-RX] 175] <0.00 -91.82 -10.59> result: 90.00 112.50 -62.70 0.00 85.20 0.00
[15:32:07.612] [ARM-RX] [176] <0.00 -92.54 -10.68> result: 90.00 112.64 -62.47 0.00 85.11 0.00
[15:32:07.613] [ARM-RX] [177] <0.00 -93.25 -10.76> result: 90.00 112.77 -62.25 0.00 85.02 0.00
[15:32:07.613] [ARM-RX] [178] <0.00 -93.97 -10.84> result: 90.00
[15:32:07.635] [ARM-RX] 112.91 -62.02 0.00 84.93 0.00
[15:32:07.635] [ARM-RX] [179] <0.00 -94.68 -10.92> result: 90.00 113.04 -61.80 0.00 84.84 0.00
[15:32:07.635] [ARM-RX] [180] <0.00 -95.40 -11.01> result: 90.00 113.18 -61.57 0.00 84.75 0.00
[15:32:07.636] [ARM-RX] [181] <0.00 -96.11 -11.09> result: 90.00 113.31 -61.35 0.00 84.66 0.00
[15:32:07.636] [ARM-RX] [182] <0.
[15:32:07.658] [ARM-RX] 00 -96.83 -11.17> result: 90.00 113.44 -61.12 0.00 84.57 0.00
[15:32:07.659] [ARM-RX] [183] <0.00 -97.54 -11.26> result: 90.00 113.58 -60.90 0.00 84.48 0.00
[15:32:07.659] [ARM-RX] [184] <0.00 -98.26 -11.34> result: 90.00 113.71 -60.67 0.00 84.38 0.00
[15:32:07.659] [ARM-RX] [185] <0.00 -98.97 -11.42> result: 90.00 113.85 -
[15:32:07.693] [ARM-RX] 60.45 0.00 84.29 0.00
[15:32:07.694] [ARM-RX] [186] <0.00 -99.68 -11.50> result: 90.00 113.98 -60.22 0.00 84.20 0.00
[15:32:07.694] [ARM-RX] [187] <0.00 -100.39 -11.58> result: 90.00 114.11 -60.00 0.00 84.11 0.00
[15:32:07.694] [ARM-RX] [188] <0.00 -101.10 -11.67> result: 90.00 114.24 -59.77 0.00 84.01 0.00
[15:32:07.694] [ARM-RX] [189] <0.00 -10
[15:32:07.715] [ARM-RX] 1.80 -11.75> result: 90.00 114.37 -59.55 0.00 83.92 0.00
[15:32:07.716] [ARM-RX] [190] <0.00 -102.51 -11.83> result: 90.00 114.50 -59.33 0.00 83.83 0.00
[15:32:07.716] [ARM-RX] [191] <0.00 -103.20 -11.91> result: 90.00 114.63 -59.10 0.00 83.74 0.00
[15:32:07.716] [ARM-RX] [192] <0.00 -103.90 -11.99> result: 90.00 114.76 -58
[15:32:07.738] [ARM-RX] .88 0.00 83.65 0.00
[15:32:07.738] [ARM-RX] [193] <0.00 -104.59 -12.07> result: 90.00 114.89 -58.66 0.00 83.56 0.00
[15:32:07.738] [ARM-RX] [194] <0.00 -105.28 -12.15> result: 90.00 115.02 -58.44 0.00 83.46 0.00
[15:32:07.738] [ARM-RX] [195] <0.00 -105.96 -12.23> result: 90.00 115.15 -58.23 0.00 83.37 0.00
[15:32:07.738] [ARM-RX] [196] <0.00 -106
[15:32:07.770] [ARM-RX] .63 -12.30> result: 90.00 115.27 -58.01 0.00 83.28 0.00
[15:32:07.770] [ARM-RX] [197] <0.00 -107.30 -12.38> result: 90.00 115.40 -57.80 0.00 83.19 0.00
[15:32:07.771] [ARM-RX] [198] <0.00 -107.97 -12.46> result: 90.00 115.52 -57.59 0.00 83.10 0.00
[15:32:07.771] [ARM-RX] [199] <0.00 -108.62 -12.53> result: 90.00 115.64 -57.
[15:32:07.785] [ARM-RX] 38 0.00 83.02 0.00
[15:32:07.786] [ARM-RX] [200] <0.00 -109.28 -12.61> result: 90.00 115.76 -57.17 0.00 82.93 0.00
[15:32:07.786] [ARM-RX] [201] <0.00 -109.92 -12.68> result: 90.00 115.88 -56.96 0.00 82.84 0.00
[15:32:07.786] [ARM-RX] [202] <0.00 -110.56 -12.76> result: 90.00 116.00 -56.76 0.00 82.75 0.00
[15:32:07.786] [ARM-RX] [203] <0.00 -111.
[15:32:07.814] [ARM-RX] 19 -12.83> result: 90.00 116.11 -56.55 0.00 82.67 0.00
[15:32:07.815] [ARM-RX] [204] <0.00 -111.81 -12.90> result: 90.00 116.23 -56.36 0.00 82.58 0.00
[15:32:07.815] [ARM-RX] [205] <0.00 -112.42 -12.97> result: 90.00 116.34 -56.16 0.00 82.50 0.00
[15:32:07.815] [ARM-RX] [206] <0.00 -113.02 -13.04> result: 90.00 116.45 -55.9
[15:32:07.830] [ARM-RX] 6 0.00 82.42 0.00
[15:32:07.830] [ARM-RX] [207] <0.00 -113.62 -13.11> result: 90.00 116.56 -55.77 0.00 82.33 0.00
[15:32:07.830] [ARM-RX] [208] <0.00 -114.21 -13.18> result: 90.00 116.67 -55.58 0.00 82.25 0.00
[15:32:07.831] [ARM-RX] [209] <0.00 -114.79 -13.24> result: 90.00 116.78 -55.40 0.00 82.17 0.00
[15:32:07.831] [ARM-RX] [210] <0.00 -115.3
[15:32:07.853] [ARM-RX] 5 -13.31> result: 90.00 116.88 -55.21 0.00 82.10 0.00
[15:32:07.853] [ARM-RX] [211] <0.00 -115.91 -13.37> result: 90.00 116.99 -55.03 0.00 82.02 0.00
[15:32:07.853] [ARM-RX] [212] <0.00 -116.46 -13.44> result: 90.00 117.09 -54.86 0.00 81.94 0.00
[15:32:07.853] [ARM-RX] [213] <0.00 -117.00 -13.50> result: 90.00 117.19 -54.68
[15:32:07.876] [ARM-RX] 0.00 81.87 0.00
[15:32:07.876] [ARM-RX] [214] <0.00 -117.53 -13.56> result: 90.00 117.28 -54.51 0.00 81.79 0.00
[15:32:07.877] [ARM-RX] [215] <0.00 -118.04 -13.62> result: 90.00 117.38 -54.34 0.00 81.72 0.00
[15:32:07.877] [ARM-RX] [216] <0.00 -118.55 -13.68> result: 90.00 117.47 -54.18 0.00 81.65 0.00
[15:32:07.877] [ARM-RX] [217] <0.00 -119.05
[15:32:07.910] [ARM-RX] -13.74> result: 90.00 117.56 -54.02 0.00 81.58 0.00
[15:32:07.910] [ARM-RX] [218] <0.00 -119.53 -13.79> result: 90.00 117.65 -53.86 0.00 81.51 0.00
[15:32:07.911] [ARM-RX] [219] <0.00 -120.00 -13.85> result: 90.00 117.74 -53.71 0.00 81.45 0.00
[15:32:07.911] [ARM-RX] [220] <0.00 -120.47 -13.90> result: 90.00 117.82 -53.56
[15:32:07.934] [ARM-RX] 0.00 81.38 0.00
[15:32:07.934] [ARM-RX] [221] <0.00 -120.92 -13.95> result: 90.00 117.91 -53.41 0.00 81.32 0.00
[15:32:07.934] [ARM-RX] [222] <0.00 -121.35 -14.00> result: 90.00 117.99 -53.27 0.00 81.25 0.00
[15:32:07.934] [ARM-RX] [223] <0.00 -121.78 -14.05> result: 90.00 118.07 -53.13 0.00 81.19 0.00
[15:32:07.935] [ARM-RX] [224] <0.00 -122.20
[15:32:07.956] [ARM-RX] -14.10> result: 90.00 118.14 -52.99 0.00 81.13 0.00
[15:32:07.957] [ARM-RX] [225] <0.00 -122.60 -14.15> result: 90.00 118.22 -52.86 0.00 81.08 0.00
[15:32:07.957] [ARM-RX] [226] <0.00 -122.99 -14.19> result: 90.00 118.29 -52.73 0.00 81.02 0.00
[15:32:07.957] [ARM-RX] [227] <0.00 -123.37 -14.24> result: 90.00 118.36 -52.61 0
[15:32:07.980] [ARM-RX] .00 80.97 0.00
[15:32:07.981] [ARM-RX] [228] <0.00 -123.74 -14.28> result: 90.00 118.43 -52.49 0.00 80.91 0.00
[15:32:07.983] [ARM-RX] [229] <0.00 -124.10 -14.32> result: 90.00 118.49 -52.37 0.00 80.86 0.00
[15:32:07.983] [ARM-RX] [230] <0.00 -124.44 -14.36> result: 90.00 118.55 -52.26 0.00 80.81 0.00
[15:32:07.983] [ARM-RX] [231] <0.00 -124.77 -
[15:32:08.003] [ARM-RX] 14.40> result: 90.00 118.62 -52.15 0.00 80.77 0.00
[15:32:08.003] [ARM-RX] [232] <0.00 -125.09 -14.43> result: 90.00 118.67 -52.05 0.00 80.72 0.00
[15:32:08.003] [ARM-RX] [233] <0.00 -125.40 -14.47> result: 90.00 118.73 -51.94 0.00 80.68 0.00
[15:32:08.003] [ARM-RX] [234] <0.00 -125.70 -14.50> result: 90.00 118.79 -51.85 0.
[15:32:08.024] [ARM-RX] 00 80.63 0.00
[15:32:08.026] [ARM-RX] [235] <0.00 -125.98 -14.54> result: 90.00 118.84 -51.75 0.00 80.59 0.00
[15:32:08.026] [ARM-RX] [236] <0.00 -126.26 -14.57> result: 90.00 118.89 -51.66 0.00 80.55 0.00
[15:32:08.026] [ARM-RX] [237] <0.00 -126.52 -14.60> result: 90.00 118.94 -51.58 0.00 80.52 0.00
[15:32:08.027] [ARM-RX] [238] <0.00 -126.77 -1
[15:32:08.048] [ARM-RX] 4.63> result: 90.00 118.98 -51.50 0.00 80.48 0.00
[15:32:08.049] [ARM-RX] [239] <0.00 -127.01 -14.66> result: 90.00 119.03 -51.42 0.00 80.44 0.00
[15:32:08.049] [ARM-RX] [240] <0.00 -127.24 -14.68> result: 90.00 119.07 -51.34 0.00 80.41 0.00
[15:32:08.049] [ARM-RX] [241] <0.00 -127.46 -14.71> result: 90.00 119.11 -51.27 0.0
[15:32:08.085] [ARM-RX] 0 80.38 0.00
[15:32:08.085] [ARM-RX] [242] <0.00 -127.66 -14.73> result: 90.00 119.15 -51.20 0.00 80.35 0.00
[15:32:08.085] [ARM-RX] [243] <0.00 -127.86 -14.75> result: 90.00 119.18 -51.14 0.00 80.32 0.00
[15:32:08.087] [ARM-RX] [244] <0.00 -128.04 -14.77> result: 90.00 119.22 -51.08 0.00 80.30 0.00
[15:32:08.087] [ARM-RX] [245] <0.00 -128.22 -14
[15:32:08.106] [ARM-RX] .79> result: 90.00 119.25 -51.02 0.00 80.27 0.00
[15:32:08.106] [ARM-RX] [246] <0.00 -128.38 -14.81> result: 90.00 119.28 -50.97 0.00 80.25 0.00
[15:32:08.106] [ARM-RX] [247] <0.00 -128.53 -14.83> result: 90.00 119.31 -50.92 0.00 80.22 0.00
[15:32:08.106] [ARM-RX] [248] <0.00 -128.68 -14.85> result: 90.00 119.33 -50.87 0.00
[15:32:08.128] [ARM-RX] 80.20 0.00
[15:32:08.128] [ARM-RX] [249] <0.00 -128.82 -14.86> result: 90.00 119.36 -50.82 0.00 80.18 0.00
[15:32:08.129] [ARM-RX] [250] <0.00 -128.94 -14.88> result: 90.00 119.38 -50.78 0.00 80.16 0.00
[15:32:08.129] [ARM-RX] [251] <0.00 -129.06 -14.89> result: 90.00 119.40 -50.74 0.00 80.15 0.00
[15:32:08.129] [ARM-RX] [252] <0.00 -129.17 -14.
[15:32:08.152] [ARM-RX] 90> result: 90.00 119.42 -50.71 0.00 80.13 0.00
[15:32:08.152] [ARM-RX] [253] <0.00 -129.27 -14.92> result: 90.00 119.44 -50.68 0.00 80.12 0.00
[15:32:08.152] [ARM-RX] [254] <0.00 -129.36 -14.93> result: 90.00 119.46 -50.65 0.00 80.10 0.00
[15:32:08.153] [ARM-RX] [255] <0.00 -129.44 -14.94> result: 90.00 119.47 -50.62 0.00
[15:32:08.174] [ARM-RX] 80.09 0.00
[15:32:08.175] [ARM-RX] [256] <0.00 -129.52 -14.94> result: 90.00 119.49 -50.59 0.00 80.08 0.00
[15:32:08.175] [ARM-RX] [257] <0.00 -129.59 -14.95> result: 90.00 119.50 -50.57 0.00 80.07 0.00
[15:32:08.175] [ARM-RX] [258] <0.00 -129.65 -14.96> result: 90.00 119.51 -50.55 0.00 80.06 0.00
[15:32:08.175] [ARM-RX] [259] <0.00 -129.71 -14.9
[15:32:08.198] [ARM-RX] 7> result: 90.00 119.52 -50.53 0.00 80.05 0.00
[15:32:08.198] [ARM-RX] [260] <0.00 -129.76 -14.97> result: 90.00 119.53 -50.51 0.00 80.05 0.00
[15:32:08.198] [ARM-RX] [261] <0.00 -129.80 -14.98> result: 90.00 119.54 -50.50 0.00 80.04 0.00
[15:32:08.198] [ARM-RX] [262] <0.00 -129.84 -14.98> result: 90.00 119.55 -50.49 0.00 8
[15:32:08.222] [ARM-RX] 0.03 0.00
[15:32:08.222] [ARM-RX] [263] <0.00 -129.87 -14.99> result: 90.00 119.55 -50.48 0.00 80.03 0.00
[15:32:08.222] [ARM-RX] [264] <0.00 -129.90 -14.99> result: 90.00 119.56 -50.47 0.00 80.02 0.00
[15:32:08.222] [ARM-RX] [265] <0.00 -129.92 -14.99> result: 90.00 119.56 -50.46 0.00 80.02 0.00
[15:32:08.223] [ARM-RX] [266] <0.00 -129.94 -14.99
[15:32:08.243] [ARM-RX] > result: 90.00 119.57 -50.45 0.00 80.02 0.00
[15:32:08.243] [ARM-RX] [267] <0.00 -129.96 -15.00> result: 90.00 119.57 -50.45 0.00 80.02 0.00
[15:32:08.244] [ARM-RX] [268] <0.00 -129.97 -15.00> result: 90.00 119.57 -50.44 0.00 80.01 0.00
[15:32:08.244] [ARM-RX] [269] <0.00 -129.98 -15.00> result: 90.00 119.57 -50.44 0.00 80
[15:32:08.278] [ARM-RX] .01 0.00
[15:32:08.278] [ARM-RX] [270] <0.00 -129.99 -15.00> result: 90.00 119.57 -50.44 0.00 80.01 0.00
[15:32:08.278] [ARM-RX] [271] <0.00 -129.99 -15.00> result: 90.00 119.58 -50.44 0.00 80.01 0.00
[15:32:08.279] [ARM-RX] [272] <0.00 -130.00 -15.00> result: 90.00 119.58 -50.43 0.00 80.01 0.00
[15:32:08.279] [ARM-RX] [273] <0.00 -130.00 -15.00>
[15:32:08.294] [ARM-RX] result: 90.00 119.58 -50.43 0.00 80.01 0.00
[15:32:08.294] [ARM-RX] [274] <0.00 -130.00 -15.00> result: 90.00 119.58 -50.43 0.00 80.01 0.00
[15:32:08.295] [ARM-RX] [275] <0.00 -130.00 -15.00> result: 90.00 119.58 -50.43 0.00 80.01 0.00
[15:32:08.295] [ARM-RX] [276] <0.00 -130.00 -15.00> result: 90.00 119.58 -50.43 0.00 80.
[15:32:08.348] [ARM-RX] 01 0.00
[15:32:11.213] [ARM-RX] [joint 1] ave_error:0.00
[15:32:11.213] [ARM-RX] [joint 2] ave_error:1.85
[15:32:11.213] [ARM-RX] [joint 3] ave_error:2.07
[15:32:11.214] [ARM-RX] [joint 4] ave_error:0.00
[15:32:11.214] [ARM-RX] [joint 5] ave_error:0.68
[15:32:11.214] [ARM-RX] robot pid run finished!!
[15:32:11.562] [APP-INFO] 左视图 第 3/6 条: abs_rotate 0 65
[15:32:11.564] [ARM-TX] 发送命令 abs_rotate 0 65: abs_rotate 0 65
[15:32:11.587] [ARM-RX] Found handler for 'abs_rotate', executing...
[15:32:11.587] [ARM-RX] [joint_id: 0] ROBOT_JOINT_ABS_ROTATE 65.000000
[15:32:12.722] [APP-INFO] 左视图 第 4/6 条: abs_rotate 3 330
[15:32:12.725] [ARM-TX] 发送命令 abs_rotate 3 330: abs_rotate 3 330
[15:32:12.770] [ARM-RX] Found handler for 'abs_rotate', executing...
[15:32:12.894] [ARM-RX] [joint_id: 3] ROBOT_JOINT_ABS_ROTATE 330.000000
[15:32:14.251] [APP-INFO] 左视图 第 5/6 条: abs_rotate 4 85
[15:32:14.256] [ARM-TX] 发送命令 abs_rotate 4 85: abs_rotate 4 85
[15:32:14.325] [ARM-RX] Found handler for 'abs_rotate', executing...
[15:32:14.325] [ARM-RX] [joint_id: 4] ROBOT_JOINT_ABS_ROTATE 85.000000
[15:32:15.601] [APP-INFO] 左视图 第 6/6 条: soft_reset
[15:32:15.603] [ARM-TX] 发送命令 soft_reset: soft_reset
[15:32:15.629] [ARM-RX] Found handler for 'soft_reset', executing...
[15:32:15.629] [ARM-RX] ROBOT_SOFT_RESET_EVENT
[15:32:15.629] [ARM-RX] --- Starting soft reset ---
[15:32:15.877] [ARM-RX] Soft reset motors enabled (J1~J5, J6 skipped).
[15:32:15.877] [ARM-RX] Soft resetting joint 4...
[15:32:15.877] [ARM-RX] robot_update_current_angle 4...
[15:32:15.877] [ARM-RX] [4] current:85.04, target:90.00, dir:1
[15:32:16.563] [ARM-RX] Soft resetting joint 3...
[15:32:16.563] [ARM-RX] robot_update_current_angle 3...
[15:32:16.564] [ARM-RX] [3] current:-30.00, target:0.00, dir:1
[15:32:18.485] [ARM-RX] soft reset joint 3 settle timeout, keep going
[15:32:18.485] [ARM-RX] Soft resetting joint 1...
[15:32:18.547] [ARM-RX] robot_update_current_angle 1...
[15:32:18.547] [ARM-RX] [1] current:119.37, target:90.00, dir:-1
[15:32:20.464] [ARM-RX] soft reset joint 1 settle timeout, keep going
[15:32:20.464] [ARM-RX] Soft resetting joint 2...
[15:32:20.464] [ARM-RX] robot_update_current_angle 2...
[15:32:20.464] [ARM-RX] [2] current:-51.09, target:-90.00, dir:-1
[15:32:22.042] [ARM-RX] [JETSON_RX] crc failed type=0x05 rx=0xA5D0 calc=0xF923
[15:32:22.664] [ARM-RX] soft reset joint 2 settle timeout, keep going
[15:32:22.664] [ARM-RX] Soft resetting joint 0...
[15:32:22.664] [ARM-RX] robot_update_current_angle 0...
[15:32:22.664] [ARM-RX] [0] current:65.00, target:90.00, dir:1
[15:32:24.454] [ARM-RX] soft reset joint 0 settle timeout, keep going
[15:32:24.515] [ARM-RX] soft reset verify not pass, start refine loop...
[15:32:24.578] [ARM-RX] soft reset refine joint 0 round 1: cur=86.99 target=90.00 err=3.01 dir=1
[15:32:25.378] [ARM-RX] soft reset refine pass 1 success.
[15:32:25.378] [ARM-RX] soft reset final verify PASS (issues:4), pose set HOME.
[15:32:26.282] [APP-INFO] 正视图 第 1/4 条: soft_reset
[15:32:26.283] [ARM-TX] 发送命令 soft_reset: soft_reset
[15:32:26.306] [ARM-RX] Found handler for 'soft_reset', executing...
[15:32:26.306] [ARM-RX] ROBOT_SOFT_RESET_EVENT
[15:32:26.306] [ARM-RX] --- Starting soft reset ---
[15:32:26.554] [ARM-RX] Soft reset motors enabled (J1~J5, J6 skipped).
[15:32:26.554] [ARM-RX] Soft resetting joint 4...
[15:32:26.554] [ARM-RX] robot_update_current_angle 4...
[15:32:26.554] [ARM-RX] [4] current:89.98, target:90.00, dir:1
[15:32:26.678] [ARM-RX] Soft resetting joint 3...
[15:32:26.678] [ARM-RX] robot_update_current_angle 3...
[15:32:26.678] [ARM-RX] [3] current:0.00, target:0.00, dir:-1
[15:32:26.802] [ARM-RX] Soft resetting joint 1...
[15:32:26.863] [ARM-RX] robot_update_current_angle 1...
[15:32:26.865] [ARM-RX] [1] current:90.00, target:90.00, dir:-1
[15:32:26.987] [ARM-RX] Soft resetting joint 2...
[15:32:26.987] [ARM-RX] robot_update_current_angle 2...
[15:32:26.987] [ARM-RX] [2] current:-90.00, target:-90.00, dir:1
[15:32:27.111] [ARM-RX] Soft resetting joint 0...
[15:32:27.173] [ARM-RX] robot_update_current_angle 0...
[15:32:27.173] [ARM-RX] [0] current:90.11, target:90.00, dir:-1
[15:32:27.359] [ARM-RX] soft reset final verify PASS (issues:0), pose set HOME.
[15:32:27.982] [APP-INFO] 正视图 第 2/4 条: auto 0 -130 -15
[15:32:27.984] [ARM-TX] 发送命令 auto 0 -130 -15: auto 0 -130 -15
[15:32:28.021] [ARM-RX] Found handler for 'auto', executing...
[15:32:28.023] [ARM-RX] ROBOT_AUTO_EVENT
[15:32:28.023] [ARM-RX] AUTO slow profile scale=0.40 target=<0.00 -130.00 -15.00>
[15:32:28.023] [ARM-RX] [0] <0.00 0.00 0.00> result: 90.00 90.00 -90.00 0.00 90.00 0.00
[15:32:28.023] [ARM-RX] [1] <0.00 -0.00 -0.00> result: 90.00 90.00 -90.00 0.00 90.00 0.00
[15:32:28.023] [ARM-RX] [2] <0.00
[15:32:28.044] [ARM-RX] -0.00 -0.00> result: 90.00 90.00 -90.00 0.00 90.00 0.00
[15:32:28.046] [ARM-RX] [3] <0.00 -0.00 -0.00> result: 90.00 90.00 -90.00 0.00 90.00 0.00
[15:32:28.046] [ARM-RX] [4] <0.00 -0.01 -0.00> result: 90.00 90.00 -90.00 0.00 90.00 0.00
[15:32:28.046] [ARM-RX] [5] <0.00 -0.01 -0.00> result: 90.00 90.00 -90.00 0.00 90.00 0.0
[15:32:28.071] [ARM-RX] 0
[15:32:28.071] [ARM-RX] [6] <0.00 -0.02 -0.00> result: 90.00 90.01 -90.00 0.00 90.00 0.00
[15:32:28.071] [ARM-RX] [7] <0.00 -0.03 -0.00> result: 90.00 90.01 -89.99 0.00 90.00 0.00
[15:32:28.071] [ARM-RX] [8] <0.00 -0.04 -0.00> result: 90.00 90.02 -89.99 0.00 90.01 0.00
[15:32:28.072] [ARM-RX] [9] <0.00 -0.06 -0.01> result: 90.00 90.02 -89.98 0.
[15:32:28.091] [ARM-RX] 00 90.01 0.00
[15:32:28.091] [ARM-RX] [10] <0.00 -0.08 -0.01> result: 90.00 90.03 -89.98 0.00 90.01 0.00
[15:32:28.091] [ARM-RX] [11] <0.00 -0.10 -0.01> result: 90.00 90.04 -89.97 0.00 90.01 0.00
[15:32:28.091] [ARM-RX] [12] <0.00 -0.13 -0.01> result: 90.00 90.05 -89.96 0.00 90.02 0.00
[15:32:28.091] [ARM-RX] [13] <0.00 -0.16 -0.02> result: 90.00
[15:32:28.115] [ARM-RX] 90.07 -89.96 0.00 90.02 0.00
[15:32:28.115] [ARM-RX] [14] <0.00 -0.20 -0.02> result: 90.00 90.08 -89.95 0.00 90.03 0.00
[15:32:28.115] [ARM-RX] [15] <0.00 -0.24 -0.03> result: 90.00 90.10 -89.93 0.00 90.03 0.00
[15:32:28.115] [ARM-RX] [16] <0.00 -0.29 -0.03> result: 90.00 90.12 -89.92 0.00 90.04 0.00
[15:32:28.116] [ARM-RX] [17] <0.00 -0.35 -0.0
[15:32:28.137] [ARM-RX] 4> result: 90.00 90.14 -89.90 0.00 90.05 0.00
[15:32:28.138] [ARM-RX] [18] <0.00 -0.41 -0.05> result: 90.00 90.17 -89.89 0.00 90.06 0.00
[15:32:28.138] [ARM-RX] [19] <0.00 -0.48 -0.06> result: 90.00 90.20 -89.87 0.00 90.07 0.00
[15:32:28.139] [ARM-RX] [20] <0.00 -0.56 -0.06> result: 90.00 90.23 -89.85 0.00 90.08 0.00
[15:32:28.139] [ARM-RX] [21]
[15:32:28.159] [ARM-RX] <0.00 -0.64 -0.07> result: 90.00 90.26 -89.82 0.00 90.09 0.00
[15:32:28.159] [ARM-RX] [22] <0.00 -0.73 -0.08> result: 90.00 90.30 -89.80 0.00 90.10 0.00
[15:32:28.162] [ARM-RX] [23] <0.00 -0.83 -0.10> result: 90.00 90.34 -89.77 0.00 90.11 0.00
[15:32:28.164] [ARM-RX] [24] <0.00 -0.94 -0.11> result: 90.00 90.39 -89.74 0.00 9
[15:32:28.195] [ARM-RX] 0.13 0.00
[15:32:28.195] [ARM-RX] [25] <0.00 -1.06 -0.12> result: 90.00 90.43 -89.71 0.00 90.14 0.00
[15:32:28.195] [ARM-RX] [26] <0.00 -1.18 -0.14> result: 90.00 90.48 -89.67 0.00 90.16 0.00
[15:32:28.196] [ARM-RX] [27] <0.00 -1.32 -0.15> result: 90.00 90.54 -89.64 0.00 90.17 0.00
[15:32:28.196] [ARM-RX] [28] <0.00 -1.46 -0.17> result: 90.00 90.
[15:32:28.218] [ARM-RX] 60 -89.60 0.00 90.19 0.00
[15:32:28.218] [ARM-RX] [29] <0.00 -1.62 -0.19> result: 90.00 90.66 -89.55 0.00 90.21 0.00
[15:32:28.218] [ARM-RX] [30] <0.00 -1.78 -0.21> result: 90.00 90.72 -89.51 0.00 90.23 0.00
[15:32:28.219] [ARM-RX] [31] <0.00 -1.96 -0.23> result: 90.00 90.79 -89.46 0.00 90.25 0.00
[15:32:28.219] [ARM-RX] [32] <0.00 -2.14 -0.25> r
[15:32:28.240] [ARM-RX] esult: 90.00 90.87 -89.41 0.00 90.27 0.00
[15:32:28.242] [ARM-RX] [33] <0.00 -2.34 -0.27> result: 90.00 90.94 -89.35 0.00 90.30 0.00
[15:32:28.243] [ARM-RX] [34] <0.00 -2.54 -0.29> result: 90.00 91.02 -89.30 0.00 90.32 0.00
[15:32:28.243] [ARM-RX] [35] <0.00 -2.76 -0.32> result: 90.00 91.11 -89.24 0.00 90.34 0.00
[15:32:28.243] [ARM-RX] [36] <0.0
[15:32:28.263] [ARM-RX] 0 -2.99 -0.34> result: 90.00 91.20 -89.17 0.00 90.37 0.00
[15:32:28.263] [ARM-RX] [37] <0.00 -3.23 -0.37> result: 90.00 91.29 -89.10 0.00 90.39 0.00
[15:32:28.263] [ARM-RX] [38] <0.00 -3.48 -0.40> result: 90.00 91.38 -89.04 0.00 90.42 0.00
[15:32:28.264] [ARM-RX] [39] <0.00 -3.74 -0.43> result: 90.00 91.48 -88.96 0.00 90.45
[15:32:28.285] [ARM-RX] 0.00
[15:32:28.285] [ARM-RX] [40] <0.00 -4.02 -0.46> result: 90.00 91.59 -88.89 0.00 90.47 0.00
[15:32:28.285] [ARM-RX] [41] <0.00 -4.30 -0.50> result: 90.00 91.69 -88.81 0.00 90.50 0.00
[15:32:28.286] [ARM-RX] [42] <0.00 -4.60 -0.53> result: 90.00 91.81 -88.72 0.00 90.53 0.00
[15:32:28.286] [ARM-RX] [43] <0.00 -4.91 -0.57> result: 90.00 91.92 -
[15:32:28.308] [ARM-RX] 88.64 0.00 90.56 0.00
[15:32:28.308] [ARM-RX] [44] <0.00 -5.23 -0.60> result: 90.00 92.04 -88.55 0.00 90.58 0.00
[15:32:28.309] [ARM-RX] [45] <0.00 -5.56 -0.64> result: 90.00 92.16 -88.45 0.00 90.61 0.00
[15:32:28.309] [ARM-RX] [46] <0.00 -5.90 -0.68> result: 90.00 92.28 -88.36 0.00 90.64 0.00
[15:32:28.309] [ARM-RX] [47] <0.00 -6.26 -0.72> resul
[15:32:28.332] [ARM-RX] t: 90.00 92.41 -88.26 0.00 90.67 0.00
[15:32:28.332] [ARM-RX] [48] <0.00 -6.63 -0.76> result: 90.00 92.55 -88.15 0.00 90.70 0.00
[15:32:28.332] [ARM-RX] [49] <0.00 -7.01 -0.81> result: 90.00 92.68 -88.05 0.00 90.73 0.00
[15:32:28.332] [ARM-RX] [50] <0.00 -7.40 -0.85> result: 90.00 92.82 -87.94 0.00 90.76 0.00
[15:32:28.333] [ARM-RX] [51] <0.00 -7
[15:32:28.355] [ARM-RX] .80 -0.90> result: 90.00 92.96 -87.82 0.00 90.78 0.00
[15:32:28.355] [ARM-RX] [52] <0.00 -8.22 -0.95> result: 90.00 93.10 -87.71 0.00 90.81 0.00
[15:32:28.355] [ARM-RX] [53] <0.00 -8.65 -1.00> result: 90.00 93.25 -87.58 0.00 90.84 0.00
[15:32:28.356] [ARM-RX] [54] <0.00 -9.08 -1.05> result: 90.00 93.40 -87.46 0.00 90.86 0.0
[15:32:28.389] [ARM-RX] 0
[15:32:28.390] [ARM-RX] [55] <0.00 -9.53 -1.10> result: 90.00 93.55 -87.33 0.00 90.89 0.00
[15:32:28.390] [ARM-RX] [56] <0.00 -10.00 -1.15> result: 90.00 93.71 -87.20 0.00 90.91 0.00
[15:32:28.390] [ARM-RX] [57] <0.00 -10.47 -1.21> result: 90.00 93.87 -87.07 0.00 90.94 0.00
[15:32:28.390] [ARM-RX] [58] <0.00 -10.95 -1.26> result: 90.00 94.03 -8
[15:32:28.412] [ARM-RX] 6.93 0.00 90.96 0.00
[15:32:28.413] [ARM-RX] [59] <0.00 -11.45 -1.32> result: 90.00 94.19 -86.79 0.00 90.98 0.00
[15:32:28.413] [ARM-RX] [60] <0.00 -11.96 -1.38> result: 90.00 94.35 -86.65 0.00 91.00 0.00
[15:32:28.413] [ARM-RX] [61] <0.00 -12.47 -1.44> result: 90.00 94.52 -86.50 0.00 91.02 0.00
[15:32:28.413] [ARM-RX] [62] <0.00 -13.00 -1.50> re
[15:32:28.438] [ARM-RX] sult: 90.00 94.69 -86.35 0.00 91.04 0.00
[15:32:28.438] [ARM-RX] [63] <0.00 -13.54 -1.56> result: 90.00 94.86 -86.19 0.00 91.05 0.00
[15:32:28.438] [ARM-RX] [64] <0.00 -14.09 -1.63> result: 90.00 95.03 -86.04 0.00 91.07 0.00
[15:32:28.438] [ARM-RX] [65] <0.00 -14.65 -1.69> result: 90.00 95.20 -85.88 0.00 91.08 0.00
[15:32:28.439] [ARM-RX] [66] <0
[15:32:28.459] [ARM-RX] .00 -15.21 -1.76> result: 90.00 95.38 -85.72 0.00 91.09 0.00
[15:32:28.460] [ARM-RX] [67] <0.00 -15.79 -1.82> result: 90.00 95.55 -85.55 0.00 91.10 0.00
[15:32:28.460] [ARM-RX] [68] <0.00 -16.38 -1.89> result: 90.00 95.73 -85.38 0.00 91.11 0.00
[15:32:28.460] [ARM-RX] [69] <0.00 -16.97 -1.96> result: 90.00 95.91 -85.21 0.00
[15:32:28.481] [ARM-RX] 91.12 0.00
[15:32:28.481] [ARM-RX] [70] <0.00 -17.58 -2.03> result: 90.00 96.09 -85.04 0.00 91.13 0.00
[15:32:28.481] [ARM-RX] [71] <0.00 -18.19 -2.10> result: 90.00 96.27 -84.86 0.00 91.13 0.00
[15:32:28.481] [ARM-RX] [72] <0.00 -18.81 -2.17> result: 90.00 96.45 -84.68 0.00 91.13 0.00
[15:32:28.483] [ARM-RX] [73] <0.00 -19.44 -2.24> result: 90.
[15:32:28.504] [ARM-RX] 00 96.63 -84.50 0.00 91.13 0.00
[15:32:28.505] [ARM-RX] [74] <0.00 -20.08 -2.32> result: 90.00 96.81 -84.32 0.00 91.13 0.00
[15:32:28.505] [ARM-RX] [75] <0.00 -20.72 -2.39> result: 90.00 97.00 -84.13 0.00 91.13 0.00
[15:32:28.505] [ARM-RX] [76] <0.00 -21.37 -2.47> result: 90.00 97.18 -83.94 0.00 91.12 0.00
[15:32:28.506] [ARM-RX] [77] <0.00 -22.0
[15:32:28.527] [ARM-RX] 3 -2.54> result: 90.00 97.36 -83.75 0.00 91.12 0.00
[15:32:28.528] [ARM-RX] [78] <0.00 -22.70 -2.62> result: 90.00 97.55 -83.56 0.00 91.11 0.00
[15:32:28.528] [ARM-RX] [79] <0.00 -23.37 -2.70> result: 90.00 97.73 -83.37 0.00 91.10 0.00
[15:32:28.528] [ARM-RX] [80] <0.00 -24.04 -2.77> result: 90.00 97.92 -83.17 0.00 91.08 0.
[15:32:28.562] [ARM-RX] 00
[15:32:28.562] [ARM-RX] [81] <0.00 -24.72 -2.85> result: 90.00 98.10 -82.97 0.00 91.07 0.00
[15:32:28.562] [ARM-RX] [82] <0.00 -25.41 -2.93> result: 90.00 98.28 -82.77 0.00 91.05 0.00
[15:32:28.563] [ARM-RX] [83] <0.00 -26.10 -3.01> result: 90.00 98.47 -82.57 0.00 91.04 0.00
[15:32:28.563] [ARM-RX] [84] <0.00 -26.79 -3.09> result: 90.00 98.65
[15:32:28.584] [ARM-RX] -82.37 0.00 91.02 0.00
[15:32:28.584] [ARM-RX] [85] <0.00 -27.49 -3.17> result: 90.00 98.83 -82.16 0.00 91.00 0.00
[15:32:28.584] [ARM-RX] [86] <0.00 -28.19 -3.25> result: 90.00 99.01 -81.96 0.00 90.97 0.00
[15:32:28.585] [ARM-RX] [87] <0.00 -28.90 -3.33> result: 90.00 99.20 -81.75 0.00 90.95 0.00
[15:32:28.585] [ARM-RX] [88] <0.00 -29.61 -3.42>
[15:32:28.607] [ARM-RX] result: 90.00 99.38 -81.55 0.00 90.92 0.00
[15:32:28.607] [ARM-RX] [89] <0.00 -30.32 -3.50> result: 90.00 99.56 -81.34 0.00 90.90 0.00
[15:32:28.609] [ARM-RX] [90] <0.00 -31.03 -3.58> result: 90.00 99.74 -81.13 0.00 90.87 0.00
[15:32:28.609] [ARM-RX] [91] <0.00 -31.74 -3.66> result: 90.00 99.92 -80.92 0.00 90.84 0.00
[15:32:28.609] [ARM-RX] [92]
[15:32:28.630] [ARM-RX] <0.00 -32.46 -3.74> result: 90.00 100.09 -80.71 0.00 90.80 0.00
[15:32:28.630] [ARM-RX] [93] <0.00 -33.17 -3.83> result: 90.00 100.27 -80.50 0.00 90.77 0.00
[15:32:28.631] [ARM-RX] [94] <0.00 -33.89 -3.91> result: 90.00 100.44 -80.29 0.00 90.74 0.00
[15:32:28.631] [ARM-RX] [95] <0.00 -34.60 -3.99> result: 90.00 100.62 -80.0
[15:32:28.653] [ARM-RX] 8 0.00 90.70 0.00
[15:32:28.653] [ARM-RX] [96] <0.00 -35.32 -4.07> result: 90.00 100.79 -79.87 0.00 90.66 0.00
[15:32:28.654] [ARM-RX] [97] <0.00 -36.03 -4.16> result: 90.00 100.96 -79.66 0.00 90.62 0.00
[15:32:28.654] [ARM-RX] [98] <0.00 -36.75 -4.24> result: 90.00 101.14 -79.45 0.00 90.58 0.00
[15:32:28.654] [ARM-RX] [99] <0.00 -37.46 -4.32> re
[15:32:28.676] [ARM-RX] sult: 90.00 101.31 -79.24 0.00 90.54 0.00
[15:32:28.677] [ARM-RX] [100] <0.00 -38.18 -4.41> result: 90.00 101.47 -79.02 0.00 90.50 0.00
[15:32:28.678] [ARM-RX] [101] <0.00 -38.89 -4.49> result: 90.00 101.64 -78.81 0.00 90.46 0.00
[15:32:28.679] [ARM-RX] [102] <0.00 -39.61 -4.57> result: 90.00 101.81 -78.60 0.00 90.41 0.00
[15:32:28.701] [ARM-RX] [103] <0.00 -40.32 -4.65> result: 90.00 101.98 -78.39 0.00 90.37 0.00
[15:32:28.702] [ARM-RX] [104] <0.00 -41.04 -4.74> result: 90.00 102.14 -78.18 0.00 90.32 0.00
[15:32:28.702] [ARM-RX] [105] <0.00 -41.75 -4.82> result: 90.00 102.31 -77.96 0.00 90.27 0.00
[15:32:28.702] [ARM-RX] [106] <0.00 -42.47 -4.90> result: 90.00 102
[15:32:28.723] [ARM-RX] .47 -77.75 0.00 90.22 0.00
[15:32:28.723] [ARM-RX] [107] <0.00 -43.18 -4.98> result: 90.00 102.63 -77.54 0.00 90.17 0.00
[15:32:28.723] [ARM-RX] [108] <0.00 -43.90 -5.07> result: 90.00 102.79 -77.33 0.00 90.12 0.00
[15:32:28.724] [ARM-RX] [109] <0.00 -44.61 -5.15> result: 90.00 102.95 -77.11 0.00 90.07 0.00
[15:32:28.724] [ARM-RX] [110] <0.00 -45
[15:32:28.760] [ARM-RX] .33 -5.23> result: 90.00 103.12 -76.90 0.00 90.02 0.00
[15:32:28.760] [ARM-RX] [111] <0.00 -46.05 -5.31> result: 90.00 103.27 -76.69 0.00 89.96 0.00
[15:32:28.760] [ARM-RX] [112] <0.00 -46.76 -5.40> result: 90.00 103.43 -76.47 0.00 89.91 0.00
[15:32:28.760] [ARM-RX] [113] <0.00 -47.48 -5.48> result: 90.00 103.59 -76.26 0.00
[15:32:28.779] [ARM-RX] 89.85 0.00
[15:32:28.780] [ARM-RX] [114] <0.00 -48.19 -5.56> result: 90.00 103.75 -76.05 0.00 89.80 0.00
[15:32:28.780] [ARM-RX] [115] <0.00 -48.91 -5.64> result: 90.00 103.91 -75.83 0.00 89.74 0.00
[15:32:28.780] [ARM-RX] [116] <0.00 -49.62 -5.73> result: 90.00 104.06 -75.62 0.00 89.68 0.00
[15:32:28.780] [ARM-RX] [117] <0.00 -50.34 -5.81> resu
[15:32:28.804] [ARM-RX] lt: 90.00 104.22 -75.40 0.00 89.62 0.00
[15:32:28.804] [ARM-RX] [118] <0.00 -51.05 -5.89> result: 90.00 104.37 -75.19 0.00 89.56 0.00
[15:32:28.805] [ARM-RX] [119] <0.00 -51.77 -5.97> result: 90.00 104.53 -74.98 0.00 89.50 0.00
[15:32:28.805] [ARM-RX] [120] <0.00 -52.48 -6.06> result: 90.00 104.68 -74.76 0.00 89.44 0.00
[15:32:28.805] [ARM-RX] [1
[15:32:28.825] [ARM-RX] 21] <0.00 -53.20 -6.14> result: 90.00 104.83 -74.55 0.00 89.38 0.00
[15:32:28.825] [ARM-RX] [122] <0.00 -53.91 -6.22> result: 90.00 104.99 -74.33 0.00 89.32 0.00
[15:32:28.825] [ARM-RX] [123] <0.00 -54.63 -6.30> result: 90.00 105.14 -74.12 0.00 89.25 0.00
[15:32:28.825] [ARM-RX] [124] <0.00 -55.34 -6.39> result: 90.00 105.2
[15:32:28.849] [ARM-RX] 9 -73.90 0.00 89.19 0.00
[15:32:28.849] [ARM-RX] [125] <0.00 -56.06 -6.47> result: 90.00 105.44 -73.68 0.00 89.12 0.00
[15:32:28.849] [ARM-RX] [126] <0.00 -56.77 -6.55> result: 90.00 105.59 -73.47 0.00 89.06 0.00
[15:32:28.849] [ARM-RX] [127] <0.00 -57.49 -6.63> result: 90.00 105.74 -73.25 0.00 88.99 0.00
[15:32:28.850] [ARM-RX] [128] <0.00 -58.2
[15:32:28.871] [ARM-RX] 0 -6.72> result: 90.00 105.89 -73.04 0.00 88.93 0.00
[15:32:28.871] [ARM-RX] [129] <0.00 -58.92 -6.80> result: 90.00 106.04 -72.82 0.00 88.86 0.00
[15:32:28.871] [ARM-RX] [130] <0.00 -59.64 -6.88> result: 90.00 106.19 -72.60 0.00 88.79 0.00
[15:32:28.873] [ARM-RX] [131] <0.00 -60.35 -6.96> result: 90.00 106.33 -72.39 0.00 8
[15:32:28.896] [ARM-RX] 8.72 0.00
[15:32:28.896] [ARM-RX] [132] <0.00 -61.07 -7.05> result: 90.00 106.48 -72.17 0.00 88.65 0.00
[15:32:28.896] [ARM-RX] [133] <0.00 -61.78 -7.13> result: 90.00 106.63 -71.95 0.00 88.58 0.00
[15:32:28.896] [ARM-RX] [134] <0.00 -62.50 -7.21> result: 90.00 106.77 -71.74 0.00 88.51 0.00
[15:32:28.897] [ARM-RX] [135] <0.00 -63.21 -7.29> result
[15:32:28.929] [ARM-RX] : 90.00 106.92 -71.52 0.00 88.44 0.00
[15:32:28.929] [ARM-RX] [136] <0.00 -63.93 -7.38> result: 90.00 107.07 -71.30 0.00 88.37 0.00
[15:32:28.929] [ARM-RX] [137] <0.00 -64.64 -7.46> result: 90.00 107.21 -71.09 0.00 88.30 0.00
[15:32:28.929] [ARM-RX] [138] <0.00 -65.36 -7.54> result: 90.00 107.36 -70.87 0.00 88.22 0.00
[15:32:28.929] [ARM-RX] [139
[15:32:28.951] [ARM-RX] ] <0.00 -66.07 -7.62> result: 90.00 107.50 -70.65 0.00 88.15 0.00
[15:32:28.952] [ARM-RX] [140] <0.00 -66.79 -7.71> result: 90.00 107.64 -70.43 0.00 88.08 0.00
[15:32:28.952] [ARM-RX] [141] <0.00 -67.50 -7.79> result: 90.00 107.79 -70.21 0.00 88.00 0.00
[15:32:28.952] [ARM-RX] [142] <0.00 -68.22 -7.87> result: 90.00 107.93
[15:32:28.976] [ARM-RX] -70.00 0.00 87.93 0.00
[15:32:28.976] [ARM-RX] [143] <0.00 -68.93 -7.95> result: 90.00 108.07 -69.78 0.00 87.85 0.00
[15:32:28.977] [ARM-RX] [144] <0.00 -69.65 -8.04> result: 90.00 108.22 -69.56 0.00 87.78 0.00
[15:32:28.977] [ARM-RX] [145] <0.00 -70.36 -8.12> result: 90.00 108.36 -69.34 0.00 87.70 0.00
[15:32:28.977] [ARM-RX] [146] <0.00 -71.08
[15:32:28.997] [ARM-RX] -8.20> result: 90.00 108.50 -69.12 0.00 87.62 0.00
[15:32:28.997] [ARM-RX] [147] <0.00 -71.79 -8.28> result: 90.00 108.64 -68.90 0.00 87.54 0.00
[15:32:28.997] [ARM-RX] [148] <0.00 -72.51 -8.37> result: 90.00 108.78 -68.68 0.00 87.47 0.00
[15:32:28.997] [ARM-RX] [149] <0.00 -73.23 -8.45> result: 90.00 108.93 -68.46 0.00 87.
[15:32:29.023] [ARM-RX] 39 0.00
[15:32:29.023] [ARM-RX] [150] <0.00 -73.94 -8.53> result: 90.00 109.07 -68.24 0.00 87.31 0.00
[15:32:29.023] [ARM-RX] [151] <0.00 -74.66 -8.61> result: 90.00 109.21 -68.02 0.00 87.23 0.00
[15:32:29.023] [ARM-RX] [152] <0.00 -75.37 -8.70> result: 90.00 109.35 -67.80 0.00 87.15 0.00
[15:32:29.023] [ARM-RX] [153] <0.00 -76.09 -8.78> result:
[15:32:29.044] [ARM-RX] 90.00 109.49 -67.58 0.00 87.07 0.00
[15:32:29.044] [ARM-RX] [154] <0.00 -76.80 -8.86> result: 90.00 109.63 -67.36 0.00 86.99 0.00
[15:32:29.044] [ARM-RX] [155] <0.00 -77.52 -8.94> result: 90.00 109.76 -67.14 0.00 86.91 0.00
[15:32:29.044] [ARM-RX] [156] <0.00 -78.23 -9.03> result: 90.00 109.90 -66.92 0.00 86.83 0.00
[15:32:29.045] [ARM-RX] [157]
[15:32:29.066] [ARM-RX] <0.00 -78.95 -9.11> result: 90.00 110.04 -66.70 0.00 86.74 0.00
[15:32:29.066] [ARM-RX] [158] <0.00 -79.66 -9.19> result: 90.00 110.18 -66.48 0.00 86.66 0.00
[15:32:29.067] [ARM-RX] [159] <0.00 -80.38 -9.27> result: 90.00 110.32 -66.26 0.00 86.58 0.00
[15:32:29.067] [ARM-RX] [160] <0.00 -81.09 -9.36> result: 90.00 110.46 -6
[15:32:29.089] [ARM-RX] 6.04 0.00 86.50 0.00
[15:32:29.090] [ARM-RX] [161] <0.00 -81.81 -9.44> result: 90.00 110.60 -65.82 0.00 86.41 0.00
[15:32:29.090] [ARM-RX] [162] <0.00 -82.52 -9.52> result: 90.00 110.73 -65.59 0.00 86.33 0.00
[15:32:29.090] [ARM-RX] [163] <0.00 -83.24 -9.60> result: 90.00 110.87 -65.37 0.00 86.24 0.00
[15:32:29.090] [ARM-RX] [164] <0.00 -83.95 -9
[15:32:29.126] [ARM-RX] .69> result: 90.00 111.01 -65.15 0.00 86.16 0.00
[15:32:29.126] [ARM-RX] [165] <0.00 -84.67 -9.77> result: 90.00 111.14 -64.93 0.00 86.07 0.00
[15:32:29.126] [ARM-RX] [166] <0.00 -85.38 -9.85> result: 90.00 111.28 -64.71 0.00 85.99 0.00
[15:32:29.126] [ARM-RX] [167] <0.00 -86.10 -9.93> result: 90.00 111.42 -64.48 0.00 85.90
[15:32:29.147] [ARM-RX] 0.00
[15:32:29.147] [ARM-RX] [168] <0.00 -86.81 -10.02> result: 90.00 111.55 -64.26 0.00 85.81 0.00
[15:32:29.147] [ARM-RX] [169] <0.00 -87.53 -10.10> result: 90.00 111.69 -64.04 0.00 85.73 0.00
[15:32:29.148] [ARM-RX] [170] <0.00 -88.25 -10.18> result: 90.00 111.83 -63.81 0.00 85.64 0.00
[15:32:29.148] [ARM-RX] [171] <0.00 -88.96 -10.26> result
[15:32:29.170] [ARM-RX] : 90.00 111.96 -63.59 0.00 85.55 0.00
[15:32:29.171] [ARM-RX] [172] <0.00 -89.68 -10.35> result: 90.00 112.10 -63.37 0.00 85.46 0.00
[15:32:29.171] [ARM-RX] [173] <0.00 -90.39 -10.43> result: 90.00 112.23 -63.14 0.00 85.38 0.00
[15:32:29.171] [ARM-RX] [174] <0.00 -91.11 -10.51> result: 90.00 112.37 -62.92 0.00 85.29 0.00
[15:32:29.171] [ARM-RX] [
[15:32:29.193] [ARM-RX] 175] <0.00 -91.82 -10.59> result: 90.00 112.50 -62.70 0.00 85.20 0.00
[15:32:29.193] [ARM-RX] [176] <0.00 -92.54 -10.68> result: 90.00 112.64 -62.47 0.00 85.11 0.00
[15:32:29.193] [ARM-RX] [177] <0.00 -93.25 -10.76> result: 90.00 112.77 -62.25 0.00 85.02 0.00
[15:32:29.193] [ARM-RX] [178] <0.00 -93.97 -10.84> result: 90.00
[15:32:29.215] [ARM-RX] 112.91 -62.02 0.00 84.93 0.00
[15:32:29.216] [ARM-RX] [179] <0.00 -94.68 -10.92> result: 90.00 113.04 -61.80 0.00 84.84 0.00
[15:32:29.216] [ARM-RX] [180] <0.00 -95.40 -11.01> result: 90.00 113.18 -61.57 0.00 84.75 0.00
[15:32:29.216] [ARM-RX] [181] <0.00 -96.11 -11.09> result: 90.00 113.31 -61.35 0.00 84.66 0.00
[15:32:29.216] [ARM-RX] [182] <0.
[15:32:29.238] [ARM-RX] 00 -96.83 -11.17> result: 90.00 113.44 -61.12 0.00 84.57 0.00
[15:32:29.239] [ARM-RX] [183] <0.00 -97.54 -11.26> result: 90.00 113.58 -60.90 0.00 84.48 0.00
[15:32:29.239] [ARM-RX] [184] <0.00 -98.26 -11.34> result: 90.00 113.71 -60.67 0.00 84.38 0.00
[15:32:29.240] [ARM-RX] [185] <0.00 -98.97 -11.42> result: 90.00 113.85 -
[15:32:29.261] [ARM-RX] 60.45 0.00 84.29 0.00
[15:32:29.261] [ARM-RX] [186] <0.00 -99.68 -11.50> result: 90.00 113.98 -60.22 0.00 84.20 0.00
[15:32:29.261] [ARM-RX] [187] <0.00 -100.39 -11.58> result: 90.00 114.11 -60.00 0.00 84.11 0.00
[15:32:29.261] [ARM-RX] [188] <0.00 -101.10 -11.67> result: 90.00 114.24 -59.77 0.00 84.01 0.00
[15:32:29.261] [ARM-RX] [189] <0.00 -10
[15:32:29.299] [ARM-RX] 1.80 -11.75> result: 90.00 114.37 -59.55 0.00 83.92 0.00
[15:32:29.301] [ARM-RX] [190] <0.00 -102.51 -11.83> result: 90.00 114.50 -59.33 0.00 83.83 0.00
[15:32:29.301] [ARM-RX] [191] <0.00 -103.20 -11.91> result: 90.00 114.63 -59.10 0.00 83.74 0.00
[15:32:29.301] [ARM-RX] [192] <0.00 -103.90 -11.99> result: 90.00 114.76 -58
[15:32:29.319] [ARM-RX] .88 0.00 83.65 0.00
[15:32:29.319] [ARM-RX] [193] <0.00 -104.59 -12.07> result: 90.00 114.89 -58.66 0.00 83.56 0.00
[15:32:29.319] [ARM-RX] [194] <0.00 -105.28 -12.15> result: 90.00 115.02 -58.44 0.00 83.46 0.00
[15:32:29.320] [ARM-RX] [195] <0.00 -105.96 -12.23> result: 90.00 115.15 -58.23 0.00 83.37 0.00
[15:32:29.320] [ARM-RX] [196] <0.00 -106
[15:32:29.343] [ARM-RX] .63 -12.30> result: 90.00 115.27 -58.01 0.00 83.28 0.00
[15:32:29.343] [ARM-RX] [197] <0.00 -107.30 -12.38> result: 90.00 115.40 -57.80 0.00 83.19 0.00
[15:32:29.344] [ARM-RX] [198] <0.00 -107.97 -12.46> result: 90.00 115.52 -57.59 0.00 83.10 0.00
[15:32:29.344] [ARM-RX] [199] <0.00 -108.62 -12.53> result: 90.00 115.64 -57.
[15:32:29.368] [ARM-RX] 38 0.00 83.02 0.00
[15:32:29.368] [ARM-RX] [200] <0.00 -109.28 -12.61> result: 90.00 115.76 -57.17 0.00 82.93 0.00
[15:32:29.369] [ARM-RX] [201] <0.00 -109.92 -12.68> result: 90.00 115.88 -56.96 0.00 82.84 0.00
[15:32:29.369] [ARM-RX] [202] <0.00 -110.56 -12.76> result: 90.00 116.00 -56.76 0.00 82.75 0.00
[15:32:29.370] [ARM-RX] [203] <0.00 -111.
[15:32:29.395] [ARM-RX] 19 -12.83> result: 90.00 116.11 -56.55 0.00 82.67 0.00
[15:32:29.396] [ARM-RX] [204] <0.00 -111.81 -12.90> result: 90.00 116.23 -56.36 0.00 82.58 0.00
[15:32:29.396] [ARM-RX] [205] <0.00 -112.42 -12.97> result: 90.00 116.34 -56.16 0.00 82.50 0.00
[15:32:29.396] [ARM-RX] [206] <0.00 -113.02 -13.04> result: 90.00 116.45 -55.9
[15:32:29.410] [ARM-RX] 6 0.00 82.42 0.00
[15:32:29.411] [ARM-RX] [207] <0.00 -113.62 -13.11> result: 90.00 116.56 -55.77 0.00 82.33 0.00
[15:32:29.411] [ARM-RX] [208] <0.00 -114.21 -13.18> result: 90.00 116.67 -55.58 0.00 82.25 0.00
[15:32:29.411] [ARM-RX] [209] <0.00 -114.79 -13.24> result: 90.00 116.78 -55.40 0.00 82.17 0.00
[15:32:29.411] [ARM-RX] [210] <0.00 -115.3
[15:32:29.433] [ARM-RX] 5 -13.31> result: 90.00 116.88 -55.21 0.00 82.10 0.00
[15:32:29.433] [ARM-RX] [211] <0.00 -115.91 -13.37> result: 90.00 116.99 -55.03 0.00 82.02 0.00
[15:32:29.433] [ARM-RX] [212] <0.00 -116.46 -13.44> result: 90.00 117.09 -54.86 0.00 81.94 0.00
[15:32:29.433] [ARM-RX] [213] <0.00 -117.00 -13.50> result: 90.00 117.19 -54.68
[15:32:29.456] [ARM-RX] 0.00 81.87 0.00
[15:32:29.457] [ARM-RX] [214] <0.00 -117.53 -13.56> result: 90.00 117.28 -54.51 0.00 81.79 0.00
[15:32:29.457] [ARM-RX] [215] <0.00 -118.04 -13.62> result: 90.00 117.38 -54.34 0.00 81.72 0.00
[15:32:29.457] [ARM-RX] [216] <0.00 -118.55 -13.68> result: 90.00 117.47 -54.18 0.00 81.65 0.00
[15:32:29.457] [ARM-RX] [217] <0.00 -119.05
[15:32:29.491] [ARM-RX] -13.74> result: 90.00 117.56 -54.02 0.00 81.58 0.00
[15:32:29.491] [ARM-RX] [218] <0.00 -119.53 -13.79> result: 90.00 117.65 -53.86 0.00 81.51 0.00
[15:32:29.492] [ARM-RX] [219] <0.00 -120.00 -13.85> result: 90.00 117.74 -53.71 0.00 81.45 0.00
[15:32:29.492] [ARM-RX] [220] <0.00 -120.47 -13.90> result: 90.00 117.82 -53.56
[15:32:29.514] [ARM-RX] 0.00 81.38 0.00
[15:32:29.514] [ARM-RX] [221] <0.00 -120.92 -13.95> result: 90.00 117.91 -53.41 0.00 81.32 0.00
[15:32:29.515] [ARM-RX] [222] <0.00 -121.35 -14.00> result: 90.00 117.99 -53.27 0.00 81.25 0.00
[15:32:29.516] [ARM-RX] [223] <0.00 -121.78 -14.05> result: 90.00 118.07 -53.13 0.00 81.19 0.00
[15:32:29.516] [ARM-RX] [224] <0.00 -122.20
[15:32:29.537] [ARM-RX] -14.10> result: 90.00 118.14 -52.99 0.00 81.13 0.00
[15:32:29.537] [ARM-RX] [225] <0.00 -122.60 -14.15> result: 90.00 118.22 -52.86 0.00 81.08 0.00
[15:32:29.538] [ARM-RX] [226] <0.00 -122.99 -14.19> result: 90.00 118.29 -52.73 0.00 81.02 0.00
[15:32:29.538] [ARM-RX] [227] <0.00 -123.37 -14.24> result: 90.00 118.36 -52.61 0
[15:32:29.561] [ARM-RX] .00 80.97 0.00
[15:32:29.561] [ARM-RX] [228] <0.00 -123.74 -14.28> result: 90.00 118.43 -52.49 0.00 80.91 0.00
[15:32:29.562] [ARM-RX] [229] <0.00 -124.10 -14.32> result: 90.00 118.49 -52.37 0.00 80.86 0.00
[15:32:29.562] [ARM-RX] [230] <0.00 -124.44 -14.36> result: 90.00 118.55 -52.26 0.00 80.81 0.00
[15:32:29.562] [ARM-RX] [231] <0.00 -124.77 -
[15:32:29.584] [ARM-RX] 14.40> result: 90.00 118.62 -52.15 0.00 80.77 0.00
[15:32:29.585] [ARM-RX] [232] <0.00 -125.09 -14.43> result: 90.00 118.67 -52.05 0.00 80.72 0.00
[15:32:29.585] [ARM-RX] [233] <0.00 -125.40 -14.47> result: 90.00 118.73 -51.94 0.00 80.68 0.00
[15:32:29.585] [ARM-RX] [234] <0.00 -125.70 -14.50> result: 90.00 118.79 -51.85 0.
[15:32:29.607] [ARM-RX] 00 80.63 0.00
[15:32:29.607] [ARM-RX] [235] <0.00 -125.98 -14.54> result: 90.00 118.84 -51.75 0.00 80.59 0.00
[15:32:29.607] [ARM-RX] [236] <0.00 -126.26 -14.57> result: 90.00 118.89 -51.66 0.00 80.55 0.00
[15:32:29.607] [ARM-RX] [237] <0.00 -126.52 -14.60> result: 90.00 118.94 -51.58 0.00 80.52 0.00
[15:32:29.608] [ARM-RX] [238] <0.00 -126.77 -1
[15:32:29.630] [ARM-RX] 4.63> result: 90.00 118.98 -51.50 0.00 80.48 0.00
[15:32:29.630] [ARM-RX] [239] <0.00 -127.01 -14.66> result: 90.00 119.03 -51.42 0.00 80.44 0.00
[15:32:29.631] [ARM-RX] [240] <0.00 -127.24 -14.68> result: 90.00 119.07 -51.34 0.00 80.41 0.00
[15:32:29.631] [ARM-RX] [241] <0.00 -127.46 -14.71> result: 90.00 119.11 -51.27 0.0
[15:32:29.664] [ARM-RX] 0 80.38 0.00
[15:32:29.664] [ARM-RX] [242] <0.00 -127.66 -14.73> result: 90.00 119.15 -51.20 0.00 80.35 0.00
[15:32:29.664] [ARM-RX] [243] <0.00 -127.86 -14.75> result: 90.00 119.18 -51.14 0.00 80.32 0.00
[15:32:29.666] [ARM-RX] [244] <0.00 -128.04 -14.77> result: 90.00 119.22 -51.08 0.00 80.30 0.00
[15:32:29.666] [ARM-RX] [245] <0.00 -128.22 -14
[15:32:29.687] [ARM-RX] .79> result: 90.00 119.25 -51.02 0.00 80.27 0.00
[15:32:29.688] [ARM-RX] [246] <0.00 -128.38 -14.81> result: 90.00 119.28 -50.97 0.00 80.25 0.00
[15:32:29.688] [ARM-RX] [247] <0.00 -128.53 -14.83> result: 90.00 119.31 -50.92 0.00 80.22 0.00
[15:32:29.688] [ARM-RX] [248] <0.00 -128.68 -14.85> result: 90.00 119.33 -50.87 0.00
[15:32:29.712] [ARM-RX] 80.20 0.00
[15:32:29.712] [ARM-RX] [249] <0.00 -128.82 -14.86> result: 90.00 119.36 -50.82 0.00 80.18 0.00
[15:32:29.712] [ARM-RX] [250] <0.00 -128.94 -14.88> result: 90.00 119.38 -50.78 0.00 80.16 0.00
[15:32:29.713] [ARM-RX] [251] <0.00 -129.06 -14.89> result: 90.00 119.40 -50.74 0.00 80.15 0.00
[15:32:29.713] [ARM-RX] [252] <0.00 -129.17 -14.
[15:32:29.732] [ARM-RX] 90> result: 90.00 119.42 -50.71 0.00 80.13 0.00
[15:32:29.732] [ARM-RX] [253] <0.00 -129.27 -14.92> result: 90.00 119.44 -50.68 0.00 80.12 0.00
[15:32:29.732] [ARM-RX] [254] <0.00 -129.36 -14.93> result: 90.00 119.46 -50.65 0.00 80.10 0.00
[15:32:29.732] [ARM-RX] [255] <0.00 -129.44 -14.94> result: 90.00 119.47 -50.62 0.00
[15:32:29.755] [ARM-RX] 80.09 0.00
[15:32:29.755] [ARM-RX] [256] <0.00 -129.52 -14.94> result: 90.00 119.49 -50.59 0.00 80.08 0.00
[15:32:29.755] [ARM-RX] [257] <0.00 -129.59 -14.95> result: 90.00 119.50 -50.57 0.00 80.07 0.00
[15:32:29.756] [ARM-RX] [258] <0.00 -129.65 -14.96> result: 90.00 119.51 -50.55 0.00 80.06 0.00
[15:32:29.756] [ARM-RX] [259] <0.00 -129.71 -14.9
[15:32:29.778] [ARM-RX] 7> result: 90.00 119.52 -50.53 0.00 80.05 0.00
[15:32:29.778] [ARM-RX] [260] <0.00 -129.76 -14.97> result: 90.00 119.53 -50.51 0.00 80.05 0.00
[15:32:29.778] [ARM-RX] [261] <0.00 -129.80 -14.98> result: 90.00 119.54 -50.50 0.00 80.04 0.00
[15:32:29.779] [ARM-RX] [262] <0.00 -129.84 -14.98> result: 90.00 119.55 -50.49 0.00 8
[15:32:29.801] [ARM-RX] 0.03 0.00
[15:32:29.801] [ARM-RX] [263] <0.00 -129.87 -14.99> result: 90.00 119.55 -50.48 0.00 80.03 0.00
[15:32:29.801] [ARM-RX] [264] <0.00 -129.90 -14.99> result: 90.00 119.56 -50.47 0.00 80.02 0.00
[15:32:29.801] [ARM-RX] [265] <0.00 -129.92 -14.99> result: 90.00 119.56 -50.46 0.00 80.02 0.00
[15:32:29.803] [ARM-RX] [266] <0.00 -129.94 -14.99
[15:32:29.824] [ARM-RX] > result: 90.00 119.57 -50.45 0.00 80.02 0.00
[15:32:29.824] [ARM-RX] [267] <0.00 -129.96 -15.00> result: 90.00 119.57 -50.45 0.00 80.02 0.00
[15:32:29.824] [ARM-RX] [268] <0.00 -129.97 -15.00> result: 90.00 119.57 -50.44 0.00 80.01 0.00
[15:32:29.824] [ARM-RX] [269] <0.00 -129.98 -15.00> result: 90.00 119.57 -50.44 0.00 80
[15:32:29.859] [ARM-RX] .01 0.00
[15:32:29.860] [ARM-RX] [270] <0.00 -129.99 -15.00> result: 90.00 119.57 -50.44 0.00 80.01 0.00
[15:32:29.860] [ARM-RX] [271] <0.00 -129.99 -15.00> result: 90.00 119.58 -50.44 0.00 80.01 0.00
[15:32:29.860] [ARM-RX] [272] <0.00 -130.00 -15.00> result: 90.00 119.58 -50.43 0.00 80.01 0.00
[15:32:29.860] [ARM-RX] [273] <0.00 -130.00 -15.00>
[15:32:29.874] [ARM-RX] result: 90.00 119.58 -50.43 0.00 80.01 0.00
[15:32:29.874] [ARM-RX] [274] <0.00 -130.00 -15.00> result: 90.00 119.58 -50.43 0.00 80.01 0.00
[15:32:29.875] [ARM-RX] [275] <0.00 -130.00 -15.00> result: 90.00 119.58 -50.43 0.00 80.01 0.00
[15:32:29.875] [ARM-RX] [276] <0.00 -130.00 -15.00> result: 90.00 119.58 -50.43 0.00 80.
[15:32:29.932] [ARM-RX] 01 0.00
[15:32:30.859] [ARM-RX] [JETSON_RX] crc failed type=0x01 rx=0x015A calc=0xAABA
[15:32:32.786] [ARM-RX] [joint 1] ave_error:0.00
[15:32:32.786] [ARM-RX] [joint 2] ave_error:1.85
[15:32:32.786] [ARM-RX] [joint 3] ave_error:2.07
[15:32:32.787] [ARM-RX] [joint 4] ave_error:0.00
[15:32:32.787] [ARM-RX] [joint 5] ave_error:0.69
[15:32:32.787] [ARM-RX] robot pid run finished!!
[15:32:33.102] [APP-INFO] 正视图 第 3/4 条: abs_rotate 0 90
[15:32:33.105] [ARM-TX] 发送命令 abs_rotate 0 90: abs_rotate 0 90
[15:32:33.162] [ARM-RX] Found handler for 'abs_rotate', executing...
[15:32:33.162] [ARM-RX] [joint_id: 0] ROBOT_JOINT_ABS_ROTATE 90.000000
[15:32:35.523] [APP-INFO] 正视图 第 4/4 条: soft_reset
[15:32:35.524] [ARM-TX] 发送命令 soft_reset: soft_reset
[15:32:35.584] [ARM-RX] Found handler for 'soft_reset', executing...
[15:32:35.584] [ARM-RX] ROBOT_SOFT_RESET_EVENT
[15:32:35.586] [ARM-RX] --- Starting soft reset ---
[15:32:35.768] [ARM-RX] Soft reset motors enabled (J1~J5, J6 skipped).
[15:32:35.768] [ARM-RX] Soft resetting joint 4...
[15:32:35.831] [ARM-RX] robot_update_current_angle 4...
[15:32:35.831] [ARM-RX] [4] current:80.49, target:90.00, dir:1
[15:32:36.768] [ARM-RX] Soft resetting joint 3...
[15:32:36.768] [ARM-RX] robot_update_current_angle 3...
[15:32:36.768] [ARM-RX] [3] current:0.00, target:0.00, dir:-1
[15:32:36.891] [ARM-RX] Soft resetting joint 1...
[15:32:36.952] [ARM-RX] robot_update_current_angle 1...
[15:32:36.952] [ARM-RX] [1] current:119.37, target:90.00, dir:-1
[15:32:38.877] [ARM-RX] soft reset joint 1 settle timeout, keep going
[15:32:38.877] [ARM-RX] Soft resetting joint 2...
[15:32:38.878] [ARM-RX] robot_update_current_angle 2...
[15:32:38.878] [ARM-RX] [2] current:-51.09, target:-90.00, dir:-1
[15:32:41.054] [ARM-RX] soft reset joint 2 settle timeout, keep going
[15:32:41.055] [ARM-RX] Soft resetting joint 0...
[15:32:41.116] [ARM-RX] robot_update_current_angle 0...
[15:32:41.118] [ARM-RX] [0] current:90.00, target:90.00, dir:1
[15:32:41.300] [ARM-RX] soft reset verify not pass, start refine loop...
[15:32:41.362] [ARM-RX] soft reset refine joint 2 round 1: cur=-85.67 target=-90.00 err=4.33 dir=-1
[15:32:42.357] [ARM-RX] soft reset refine pass 1 success.
[15:32:42.357] [ARM-RX] soft reset final verify PASS (issues:2), pose set HOME.
[15:32:51.475] [APP-INFO] 正视图 拍摄配方已保存
[15:33:05.121] [JETSON-INFO] 已停止周期视觉发送
[15:33:05.122] [JETSON-INFO] heartbeat stopped
[15:33:05.122] [JETSON-INFO] safe distance stopped
[15:33:05.124] [JETSON-INFO] 已关闭串口
[15:33:05.596] [ARM-INFO] 已关闭串口
[15:33:10.852] [ARM-ERROR] ARM串口未打开，命令未发送: soft_reset
[16:19:50.180] [JETSON-INFO] 已停止周期视觉发送
[16:19:50.181] [JETSON-INFO] heartbeat stopped
[16:19:50.181] [JETSON-INFO] safe distance stopped
