[14:32:47.709] [APP-INFO] 已刷新串口: COM7, COM16, COM22, COM21, COM14
[14:32:47.710] [APP-INFO] log file: E:\Renesas\RA6M5-Robot\Robot_FreeRTOS - Arm\UpperComputer\dist\logs\ra6m5_upper_console_20260704_143247.log
[14:32:52.313] [ARM-INFO] opened COM7 @ 115200
[14:32:53.364] [ARM-TX] 发送命令 soft_reset: soft_reset
[14:32:53.492] [ARM-RX] Found handler for 'soft_reset', executing...
[14:32:53.492] [ARM-RX] ROBOT_SOFT_RESET_EVENT
[14:32:53.492] [ARM-RX] --- Starting soft reset ---
[14:32:53.677] [ARM-RX] Soft reset motors enabled (J1~J5, J6 skipped).
[14:32:53.677] [ARM-RX] Soft resetting joint 4...
[14:32:53.740] [ARM-RX] robot_update_current_angle 4...
[14:32:53.740] [ARM-RX] [4] current:72.82, target:90.00, dir:1
[14:32:55.163] [ARM-RX] Soft resetting joint 3...
[14:32:55.163] [ARM-RX] robot_update_current_angle 3...
[14:32:55.163] [ARM-RX] [3] current:-0.00, target:0.00, dir:1
[14:32:55.225] [ARM-RX] Soft resetting joint 1...
[14:32:55.287] [ARM-RX] robot_update_current_angle 1...
[14:32:55.287] [ARM-RX] [1] current:134.81, target:90.00, dir:-1
[14:32:57.591] [ARM-RX] soft reset joint 1 settle timeout, keep going
[14:32:57.591] [ARM-RX] Soft resetting joint 2...
[14:32:57.591] [ARM-RX] robot_update_current_angle 2...
[14:32:57.591] [ARM-RX] [2] current:-13.08, target:-90.00, dir:-1
[14:33:00.692] [ARM-RX] soft reset joint 2 settle timeout, keep going
[14:33:00.692] [ARM-RX] Soft resetting joint 0...
[14:33:00.754] [ARM-RX] robot_update_current_angle 0...
[14:33:00.754] [ARM-RX] [0] current:90.02, target:90.00, dir:-1
[14:33:00.939] [ARM-RX] soft reset verify not pass, start refine loop...
[14:33:01.001] [ARM-RX] soft reset refine joint 2 round 1: cur=-80.83 target=-90.00 err=9.17 dir=-1
[14:33:02.302] [ARM-RX] soft reset refine joint 2 round 2: cur=-88.33 target=-90.00 err=1.67 dir=-1
[14:33:02.802] [ARM-RX] soft reset refine pass 1 success.
[14:33:02.802] [ARM-RX] soft reset final verify PASS (issues:2), pose set HOME.
[14:33:24.009] [ARM-TX] 发送命令 auto 0 -132 -5: auto 0 -132 -5
[14:33:24.109] [ARM-RX] Found handler for 'auto', executing...
[14:33:24.109] [ARM-RX] ROBOT_AUTO_EVENT
[14:33:24.109] [ARM-RX] [0] <0.00 0.00 0.00> result: 90.00 90.00 -90.00 0.00 90.00 0.00
[14:33:24.110] [ARM-RX] [1] <0.00 -0.00 -0.00> result: 90.00 90.00 -90.00 0.00 90.00 0.00
[14:33:24.110] [ARM-RX] [2] <0.00 -0.00 -0.00> result: 90.00 90.00 -90.00 0.
[14:33:24.141] [ARM-RX] 00 90.00 0.00
[14:33:24.142] [ARM-RX] [3] <0.00 -0.01 -0.00> result: 90.00 90.00 -90.00 0.00 90.00 0.00
[14:33:24.142] [ARM-RX] [4] <0.00 -0.01 -0.00> result: 90.00 90.00 -90.00 0.00 90.00 0.00
[14:33:24.142] [ARM-RX] [5] <0.00 -0.02 -0.00> result: 90.00 90.01 -89.99 0.00 90.00 0.00
[14:33:24.142] [ARM-RX] [6] <0.00 -0.03 -0.00> result: 90.00 90.
[14:33:24.163] [ARM-RX] 01 -89.99 0.00 90.00 0.00
[14:33:24.163] [ARM-RX] [7] <0.00 -0.05 -0.00> result: 90.00 90.02 -89.99 0.00 90.00 0.00
[14:33:24.163] [ARM-RX] [8] <0.00 -0.07 -0.00> result: 90.00 90.02 -89.98 0.00 90.00 0.00
[14:33:24.164] [ARM-RX] [9] <0.00 -0.10 -0.00> result: 90.00 90.03 -89.97 0.00 90.00 0.00
[14:33:24.164] [ARM-RX] [10] <0.00 -0.14 -0.01> resu
[14:33:24.184] [ARM-RX] lt: 90.00 90.05 -89.96 0.00 90.01 0.00
[14:33:24.184] [ARM-RX] [11] <0.00 -0.18 -0.01> result: 90.00 90.06 -89.95 0.00 90.01 0.00
[14:33:24.185] [ARM-RX] [12] <0.00 -0.23 -0.01> result: 90.00 90.08 -89.93 0.00 90.01 0.00
[14:33:24.185] [ARM-RX] [13] <0.00 -0.29 -0.01> result: 90.00 90.10 -89.92 0.00 90.01 0.00
[14:33:24.185] [ARM-RX] [14] <0.00 -
[14:33:24.207] [ARM-RX] 0.36 -0.01> result: 90.00 90.12 -89.90 0.00 90.02 0.00
[14:33:24.207] [ARM-RX] [15] <0.00 -0.44 -0.02> result: 90.00 90.15 -89.87 0.00 90.02 0.00
[14:33:24.207] [ARM-RX] [16] <0.00 -0.54 -0.02> result: 90.00 90.17 -89.85 0.00 90.02 0.00
[14:33:24.208] [ARM-RX] [17] <0.00 -0.64 -0.02> result: 90.00 90.21 -89.82 0.00 90.03 0.
[14:33:24.229] [ARM-RX] 00
[14:33:24.230] [ARM-RX] [18] <0.00 -0.75 -0.03> result: 90.00 90.25 -89.79 0.00 90.03 0.00
[14:33:24.230] [ARM-RX] [19] <0.00 -0.88 -0.03> result: 90.00 90.29 -89.75 0.00 90.04 0.00
[14:33:24.230] [ARM-RX] [20] <0.00 -1.02 -0.04> result: 90.00 90.33 -89.71 0.00 90.04 0.00
[14:33:24.230] [ARM-RX] [21] <0.00 -1.18 -0.04> result: 90.00 90.38 -89.
[14:33:24.252] [ARM-RX] 67 0.00 90.05 0.00
[14:33:24.253] [ARM-RX] [22] <0.00 -1.35 -0.05> result: 90.00 90.44 -89.62 0.00 90.05 0.00
[14:33:24.253] [ARM-RX] [23] <0.00 -1.53 -0.06> result: 90.00 90.50 -89.57 0.00 90.06 0.00
[14:33:24.253] [ARM-RX] [24] <0.00 -1.74 -0.07> result: 90.00 90.56 -89.51 0.00 90.07 0.00
[14:33:24.254] [ARM-RX] [25] <0.00 -1.95 -0.07> result:
[14:33:24.277] [ARM-RX] 90.00 90.63 -89.45 0.00 90.07 0.00
[14:33:24.277] [ARM-RX] [26] <0.00 -2.19 -0.08> result: 90.00 90.70 -89.38 0.00 90.08 0.00
[14:33:24.278] [ARM-RX] [27] <0.00 -2.44 -0.09> result: 90.00 90.78 -89.31 0.00 90.09 0.00
[14:33:24.278] [ARM-RX] [28] <0.00 -2.72 -0.10> result: 90.00 90.87 -89.23 0.00 90.10 0.00
[14:33:24.278] [ARM-RX] [29] <0.00 -3.01
[14:33:24.310] [ARM-RX] -0.11> result: 90.00 90.96 -89.15 0.00 90.10 0.00
[14:33:24.310] [ARM-RX] [30] <0.00 -3.32 -0.13> result: 90.00 91.05 -89.06 0.00 90.11 0.00
[14:33:24.310] [ARM-RX] [31] <0.00 -3.65 -0.14> result: 90.00 91.15 -88.96 0.00 90.12 0.00
[14:33:24.310] [ARM-RX] [32] <0.00 -4.00 -0.15> result: 90.00 91.26 -88.86 0.00 90.12 0.00
[14:33:24.334] [ARM-RX] [33] <0.00 -4.37 -0.17> result: 90.00 91.37 -88.76 0.00 90.13 0.00
[14:33:24.334] [ARM-RX] [34] <0.00 -4.77 -0.18> result: 90.00 91.49 -88.64 0.00 90.14 0.00
[14:33:24.334] [ARM-RX] [35] <0.00 -5.18 -0.20> result: 90.00 91.62 -88.53 0.00 90.14 0.00
[14:33:24.335] [ARM-RX] [36] <0.00 -5.62 -0.21> result: 90.00 91.74 -88.40 0
[14:33:24.357] [ARM-RX] .00 90.15 0.00
[14:33:24.358] [ARM-RX] [37] <0.00 -6.08 -0.23> result: 90.00 91.88 -88.27 0.00 90.15 0.00
[14:33:24.358] [ARM-RX] [38] <0.00 -6.57 -0.25> result: 90.00 92.02 -88.13 0.00 90.15 0.00
[14:33:24.358] [ARM-RX] [39] <0.00 -7.08 -0.27> result: 90.00 92.17 -87.98 0.00 90.15 0.00
[14:33:24.358] [ARM-RX] [40] <0.00 -7.61 -0.29> result: 90.0
[14:33:24.380] [ARM-RX] 0 92.32 -87.83 0.00 90.15 0.00
[14:33:24.381] [ARM-RX] [41] <0.00 -8.17 -0.31> result: 90.00 92.48 -87.67 0.00 90.15 0.00
[14:33:24.381] [ARM-RX] [42] <0.00 -8.75 -0.33> result: 90.00 92.64 -87.50 0.00 90.14 0.00
[14:33:24.381] [ARM-RX] [43] <0.00 -9.36 -0.35> result: 90.00 92.81 -87.33 0.00 90.14 0.00
[14:33:24.381] [ARM-RX] [44] <0.00 -10.00 -0
[14:33:24.402] [ARM-RX] .38> result: 90.00 92.99 -87.14 0.00 90.13 0.00
[14:33:24.402] [ARM-RX] [45] <0.00 -10.66 -0.40> result: 90.00 93.17 -86.95 0.00 90.12 0.00
[14:33:24.402] [ARM-RX] [46] <0.00 -11.35 -0.43> result: 90.00 93.35 -86.76 0.00 90.11 0.00
[14:33:24.403] [ARM-RX] [47] <0.00 -12.06 -0.46> result: 90.00 93.54 -86.55 0.00 90.09 0.00
[14:33:24.424] [ARM-RX] [48] <0.00 -12.80 -0.49> result: 90.00 93.74 -86.33 0.00 90.07 0.00
[14:33:24.425] [ARM-RX] [49] <0.00 -13.57 -0.51> result: 90.00 93.94 -86.11 0.00 90.05 0.00
[14:33:24.425] [ARM-RX] [50] <0.00 -14.37 -0.54> result: 90.00 94.14 -85.88 0.00 90.03 0.00
[14:33:24.425] [ARM-RX] [51] <0.00 -15.20 -0.58> result: 90.00 94.36 -85.
[14:33:24.447] [ARM-RX] 64 0.00 90.00 0.00
[14:33:24.448] [ARM-RX] [52] <0.00 -16.05 -0.61> result: 90.00 94.57 -85.39 0.00 89.97 0.00
[14:33:24.448] [ARM-RX] [53] <0.00 -16.93 -0.64> result: 90.00 94.79 -85.14 0.00 89.93 0.00
[14:33:24.448] [ARM-RX] [54] <0.00 -17.85 -0.68> result: 90.00 95.02 -84.87 0.00 89.89 0.00
[14:33:24.448] [ARM-RX] [55] <0.00 -18.79 -0.71> resu
[14:33:24.470] [ARM-RX] lt: 90.00 95.25 -84.60 0.00 89.85 0.00
[14:33:24.470] [ARM-RX] [56] <0.00 -19.76 -0.75> result: 90.00 95.48 -84.32 0.00 89.80 0.00
[14:33:24.470] [ARM-RX] [57] <0.00 -20.75 -0.79> result: 90.00 95.72 -84.03 0.00 89.75 0.00
[14:33:24.470] [ARM-RX] [58] <0.00 -21.78 -0.83> result: 90.00 95.97 -83.72 0.00 89.69 0.00
[14:33:24.471] [ARM-RX] [59] <0.0
[14:33:24.504] [ARM-RX] 0 -22.84 -0.87> result: 90.00 96.22 -83.42 0.00 89.63 0.00
[14:33:24.505] [ARM-RX] [60] <0.00 -23.93 -0.91> result: 90.00 96.47 -83.10 0.00 89.57 0.00
[14:33:24.505] [ARM-RX] [61] <0.00 -25.05 -0.95> result: 90.00 96.72 -82.77 0.00 89.49 0.00
[14:33:24.505] [ARM-RX] [62] <0.00 -26.19 -0.99> result: 90.00 96.99 -82.43 0.00 8
[14:33:24.527] [ARM-RX] 9.42 0.00
[14:33:24.527] [ARM-RX] [63] <0.00 -27.37 -1.04> result: 90.00 97.25 -82.09 0.00 89.34 0.00
[14:33:24.527] [ARM-RX] [64] <0.00 -28.58 -1.08> result: 90.00 97.52 -81.73 0.00 89.25 0.00
[14:33:24.528] [ARM-RX] [65] <0.00 -29.81 -1.13> result: 90.00 97.79 -81.37 0.00 89.16 0.00
[14:33:24.528] [ARM-RX] [66] <0.00 -31.08 -1.18> result: 90.00
[14:33:24.551] [ARM-RX] 98.07 -80.99 0.00 89.06 0.00
[14:33:24.551] [ARM-RX] [67] <0.00 -32.38 -1.23> result: 90.00 98.35 -80.61 0.00 88.96 0.00
[14:33:24.551] [ARM-RX] [68] <0.00 -33.71 -1.28> result: 90.00 98.63 -80.22 0.00 88.85 0.00
[14:33:24.552] [ARM-RX] [69] <0.00 -35.06 -1.33> result: 90.00 98.92 -79.82 0.00 88.74 0.00
[14:33:24.552] [ARM-RX] [70] <0.00 -36.45
[14:33:24.573] [ARM-RX] -1.38> result: 90.00 99.21 -79.41 0.00 88.62 0.00
[14:33:24.573] [ARM-RX] [71] <0.00 -37.87 -1.43> result: 90.00 99.51 -78.99 0.00 88.50 0.00
[14:33:24.573] [ARM-RX] [72] <0.00 -39.31 -1.49> result: 90.00 99.81 -78.56 0.00 88.37 0.00
[14:33:24.574] [ARM-RX] [73] <0.00 -40.79 -1.54> result: 90.00 100.11 -78.12 0.00 88.23 0.0
[14:33:24.595] [ARM-RX] 0
[14:33:24.596] [ARM-RX] [74] <0.00 -42.29 -1.60> result: 90.00 100.42 -77.67 0.00 88.09 0.00
[14:33:24.596] [ARM-RX] [75] <0.00 -43.83 -1.66> result: 90.00 100.72 -77.21 0.00 87.94 0.00
[14:33:24.596] [ARM-RX] [76] <0.00 -45.39 -1.72> result: 90.00 101.04 -76.75 0.00 87.78 0.00
[14:33:24.596] [ARM-RX] [77] <0.00 -46.98 -1.78> result: 90.00 101.
[14:33:24.619] [ARM-RX] 35 -76.27 0.00 87.62 0.00
[14:33:24.619] [ARM-RX] [78] <0.00 -48.60 -1.84> result: 90.00 101.67 -75.78 0.00 87.46 0.00
[14:33:24.619] [ARM-RX] [79] <0.00 -50.25 -1.90> result: 90.00 101.99 -75.29 0.00 87.28 0.00
[14:33:24.619] [ARM-RX] [80] <0.00 -51.93 -1.97> result: 90.00 102.32 -74.79 0.00 87.11 0.00
[14:33:24.620] [ARM-RX] [81] <0.00 -53.64 -
[14:33:24.649] [ARM-RX] 2.03> result: 90.00 102.65 -74.27 0.00 86.92 0.00
[14:33:24.649] [ARM-RX] [82] <0.00 -55.37 -2.10> result: 90.00 102.98 -73.75 0.00 86.73 0.00
[14:33:24.650] [ARM-RX] [83] <0.00 -57.13 -2.16> result: 90.00 103.32 -73.22 0.00 86.54 0.00
[14:33:24.650] [ARM-RX] [84] <0.00 -58.92 -2.23> result: 90.00 103.66 -72.68 0.00 86.33 0
[14:33:24.677] [ARM-RX] .00
[14:33:24.677] [ARM-RX] [85] <0.00 -60.73 -2.30> result: 90.00 104.00 -72.13 0.00 86.13 0.00
[14:33:24.677] [ARM-RX] [86] <0.00 -62.57 -2.37> result: 90.00 104.34 -71.57 0.00 85.91 0.00
[14:33:24.677] [ARM-RX] [87] <0.00 -64.44 -2.44> result: 90.00 104.69 -71.00 0.00 85.69 0.00
[14:33:24.678] [ARM-RX] [88] <0.00 -66.33 -2.51> result: 90.00 10
[14:33:24.699] [ARM-RX] 5.04 -70.43 0.00 85.47 0.00
[14:33:24.699] [ARM-RX] [89] <0.00 -68.25 -2.59> result: 90.00 105.40 -69.84 0.00 85.24 0.00
[14:33:24.700] [ARM-RX] [90] <0.00 -70.20 -2.66> result: 90.00 105.75 -69.25 0.00 85.00 0.00
[14:33:24.700] [ARM-RX] [91] <0.00 -72.17 -2.73> result: 90.00 106.11 -68.64 0.00 84.76 0.00
[14:33:24.700] [ARM-RX] [92] <0.00 -74.16
[14:33:24.723] [ARM-RX] -2.81> result: 90.00 106.48 -68.03 0.00 84.51 0.00
[14:33:24.723] [ARM-RX] [93] <0.00 -76.17 -2.89> result: 90.00 106.84 -67.41 0.00 84.26 0.00
[14:33:24.723] [ARM-RX] [94] <0.00 -78.21 -2.96> result: 90.00 107.21 -66.79 0.00 84.00 0.00
[14:33:24.723] [ARM-RX] [95] <0.00 -80.28 -3.04> result: 90.00 107.58 -66.15 0.00 83.73
[14:33:24.745] [ARM-RX] 0.00
[14:33:24.745] [ARM-RX] [96] <0.00 -82.36 -3.12> result: 90.00 107.96 -65.50 0.00 83.46 0.00
[14:33:24.745] [ARM-RX] [97] <0.00 -84.47 -3.20> result: 90.00 108.34 -64.85 0.00 83.19 0.00
[14:33:24.745] [ARM-RX] [98] <0.00 -86.60 -3.28> result: 90.00 108.72 -64.19 0.00 82.91 0.00
[14:33:24.745] [ARM-RX] [99] <0.00 -88.75 -3.36> result: 90.00
[14:33:24.770] [ARM-RX] 109.10 -63.52 0.00 82.62 0.00
[14:33:24.771] [ARM-RX] [100] <0.00 -90.92 -3.44> result: 90.00 109.49 -62.84 0.00 82.33 0.00
[14:33:24.771] [ARM-RX] [101] <0.00 -93.11 -3.53> result: 90.00 109.87 -62.16 0.00 82.03 0.00
[14:33:24.771] [ARM-RX] [102] <0.00 -95.32 -3.61> result: 90.00 110.27 -61.46 0.00 81.73 0.00
[14:33:24.771] [ARM-RX] [103] <0.00
[14:33:24.791] [ARM-RX] -97.54 -3.69> result: 90.00 110.66 -60.76 0.00 81.42 0.00
[14:33:24.791] [ARM-RX] [104] <0.00 -99.79 -3.78> result: 90.00 111.06 -60.06 0.00 81.11 0.00
[14:33:24.791] [ARM-RX] [105] <0.00 -102.05 -3.87> result: 90.00 111.46 -59.34 0.00 80.80 0.00
[14:33:24.792] [ARM-RX] [106] <0.00 -104.33 -3.95> result: 90.00 111.86 -58.62
[14:33:24.814] [ARM-RX] 0.00 80.47 0.00
[14:33:24.814] [ARM-RX] [107] <0.00 -106.63 -4.04> result: 90.00 112.26 -57.89 0.00 80.15 0.00
[14:33:24.814] [ARM-RX] [108] <0.00 -108.94 -4.13> result: 90.00 112.67 -57.15 0.00 79.82 0.00
[14:33:24.814] [ARM-RX] [109] <0.00 -111.27 -4.21> result: 90.00 113.08 -56.41 0.00 79.48 0.00
[14:33:24.814] [ARM-RX] [110] <0.00 -113.62 -4
[14:33:24.839] [ARM-RX] .30> result: 90.00 113.49 -55.65 0.00 79.14 0.00
[14:33:24.839] [ARM-RX] [111] <0.00 -115.97 -4.39> result: 90.00 113.91 -54.90 0.00 78.80 0.00
[14:33:24.839] [ARM-RX] [112] <0.00 -118.34 -4.48> result: 90.00 114.32 -54.13 0.00 78.45 0.00
[14:33:24.839] [ARM-RX] [113] <0.00 -120.73 -4.57> result: 90.00 114.74 -53.36 0.00 78
[14:33:24.873] [ARM-RX] .10 0.00
[14:33:24.874] [ARM-RX] [114] <0.00 -123.12 -4.66> result: 90.00 115.16 -52.58 0.00 77.74 0.00
[14:33:24.874] [ARM-RX] [115] <0.00 -125.53 -4.75> result: 90.00 115.59 -51.80 0.00 77.38 0.00
[14:33:24.874] [ARM-RX] [116] <0.00 -127.94 -4.85> result: 90.00 116.01 -51.01 0.00 77.02 0.00
[14:33:24.874] [ARM-RX] [117] <0.00 -130.37 -4.94> res
[14:33:24.893] [ARM-RX] ult: 90.00 116.44 -50.21 0.00 76.65 0.00
[14:33:24.894] [ARM-RX] [118] <0.00 -132.00 -5.00> result: 90.00 116.73 -49.67 0.00 76.40 0.00
[14:33:24.894] [ARM-RX] [119] <0.00 -132.00 -5.00> result: 90.00 116.73 -49.67 0.00 76.40 0.00
[14:33:24.894] [ARM-RX] [120] <0.00 -132.00 -5.00> result: 90.00 116.73 -49.67 0.00 76.40 0.00
[14:33:24.917] [ARM-RX] [121] <0.00 -132.00 -5.00> result: 90.00 116.73 -49.67 0.00 76.40 0.00
[14:33:24.917] [ARM-RX] [122] <0.00 -132.00 -5.00> result: 90.00 116.73 -49.67 0.00 76.40 0.00
[14:33:24.917] [ARM-RX] [123] <0.00 -132.00 -5.00> result: 90.00 116.73 -49.67 0.00 76.40 0.00
[14:33:24.917] [ARM-RX] [124] <0.00 -132.00 -5.00> result: 90.
[14:33:24.939] [ARM-RX] 00 116.73 -49.67 0.00 76.40 0.00
[14:33:24.940] [ARM-RX] [125] <0.00 -132.00 -5.00> result: 90.00 116.73 -49.67 0.00 76.40 0.00
[14:33:24.940] [ARM-RX] [126] <0.00 -132.00 -5.00> result: 90.00 116.73 -49.67 0.00 76.40 0.00
[14:33:24.940] [ARM-RX] [127] <0.00 -132.00 -5.00> result: 90.00 116.73 -49.67 0.00 76.40 0.00
[14:33:24.940] [ARM-RX] [128]
[14:33:24.963] [ARM-RX] <0.00 -132.00 -5.00> result: 90.00 116.73 -49.67 0.00 76.40 0.00
[14:33:24.963] [ARM-RX] [129] <0.00 -132.00 -5.00> result: 90.00 116.73 -49.67 0.00 76.40 0.00
[14:33:24.963] [ARM-RX] [130] <0.00 -132.00 -5.00> result: 90.00 116.73 -49.67 0.00 76.40 0.00
[14:33:24.963] [ARM-RX] [131] <0.00 -132.00 -5.00> result: 90.00 116.7
[14:33:24.986] [ARM-RX] 3 -49.67 0.00 76.40 0.00
[14:33:24.986] [ARM-RX] [132] <0.00 -132.00 -5.00> result: 90.00 116.73 -49.67 0.00 76.40 0.00
[14:33:24.987] [ARM-RX] [133] <0.00 -132.00 -5.00> result: 90.00 116.73 -49.67 0.00 76.40 0.00
[14:33:24.987] [ARM-RX] [134] <0.00 -132.00 -5.00> result: 90.00 116.73 -49.67 0.00 76.40 0.00
[14:33:24.987] [ARM-RX] [135] <0.00 -1
[14:33:25.009] [ARM-RX] 32.00 -5.00> result: 90.00 116.73 -49.67 0.00 76.40 0.00
[14:33:25.009] [ARM-RX] [136] <0.00 -132.00 -5.00> result: 90.00 116.73 -49.67 0.00 76.40 0.00
[14:33:25.010] [ARM-RX] [137] <0.00 -132.00 -5.00> result: 90.00 116.73 -49.67 0.00 76.40 0.00
[14:33:25.010] [ARM-RX] [138] <0.00 -132.00 -5.00> result: 90.00 116.73 -49.67
[14:33:25.043] [ARM-RX] 0.00 76.40 0.00
[14:33:25.044] [ARM-RX] [139] <0.00 -132.00 -5.00> result: 90.00 116.73 -49.67 0.00 76.40 0.00
[14:33:25.044] [ARM-RX] [140] <0.00 -132.00 -5.00> result: 90.00 116.73 -49.67 0.00 76.40 0.00
[14:33:25.044] [ARM-RX] [141] <0.00 -132.00 -5.00> result: 90.00 116.73 -49.67 0.00 76.40 0.00
[14:33:25.044] [ARM-RX] [142] <0.00 -132.00 -5
[14:33:25.065] [ARM-RX] .00> result: 90.00 116.73 -49.67 0.00 76.40 0.00
[14:33:25.066] [ARM-RX] [143] <0.00 -132.00 -5.00> result: 90.00 116.73 -49.67 0.00 76.40 0.00
[14:33:25.066] [ARM-RX] [144] <0.00 -132.00 -5.00> result: 90.00 116.73 -49.67 0.00 76.40 0.00
[14:33:25.068] [ARM-RX] [145] <0.00 -132.00 -5.00> result: 90.00 116.73 -49.67 0.00 76
[14:33:25.088] [ARM-RX] .40 0.00
[14:33:25.089] [ARM-RX] [146] <0.00 -132.00 -5.00> result: 90.00 116.73 -49.67 0.00 76.40 0.00
[14:33:25.089] [ARM-RX] [147] <0.00 -132.00 -5.00> result: 90.00 116.73 -49.67 0.00 76.40 0.00
[14:33:25.089] [ARM-RX] [148] <0.00 -132.00 -5.00> result: 90.00 116.73 -49.67 0.00 76.40 0.00
[14:33:25.089] [ARM-RX] [149] <0.00 -132.00 -5.00> res
[14:33:25.114] [ARM-RX] ult: 90.00 116.73 -49.67 0.00 76.40 0.00
[14:33:25.114] [ARM-RX] [150] <0.00 -132.00 -5.00> result: 90.00 116.73 -49.67 0.00 76.40 0.00
[14:33:25.114] [ARM-RX] [151] <0.00 -132.00 -5.00> result: 90.00 116.73 -49.67 0.00 76.40 0.00
[14:33:25.114] [ARM-RX] [152] <0.00 -132.00 -5.00> result: 90.00 116.73 -49.67 0.00 76.40 0.00
[14:33:25.137] [ARM-RX] [153] <0.00 -132.00 -5.00> result: 90.00 116.73 -49.67 0.00 76.40 0.00
[14:33:25.137] [ARM-RX] [154] <0.00 -132.00 -5.00> result: 90.00 116.73 -49.67 0.00 76.40 0.00
[14:33:25.137] [ARM-RX] [155] <0.00 -132.00 -5.00> result: 90.00 116.73 -49.67 0.00 76.40 0.00
[14:33:25.137] [ARM-RX] [156] <0.00 -132.00 -5.00> result: 90.
[14:33:25.158] [ARM-RX] 00 116.73 -49.67 0.00 76.40 0.00
[14:33:25.158] [ARM-RX] [157] <0.00 -132.00 -5.00> result: 90.00 116.73 -49.67 0.00 76.40 0.00
[14:33:25.158] [ARM-RX] [158] <0.00 -132.00 -5.00> result: 90.00 116.73 -49.67 0.00 76.40 0.00
[14:33:25.159] [ARM-RX] [159] <0.00 -132.00 -5.00> result: 90.00 116.73 -49.67 0.00 76.40 0.00
[14:33:25.159] [ARM-RX] [160]
[14:33:25.180] [ARM-RX] <0.00 -132.00 -5.00> result: 90.00 116.73 -49.67 0.00 76.40 0.00
[14:33:25.181] [ARM-RX] [161] <0.00 -132.00 -5.00> result: 90.00 116.73 -49.67 0.00 76.40 0.00
[14:33:25.181] [ARM-RX] [162] <0.00 -132.00 -5.00> result: 90.00 116.73 -49.67 0.00 76.40 0.00
[14:33:25.181] [ARM-RX] [163] <0.00 -132.00 -5.00> result: 90.00 116.7
[14:33:25.203] [ARM-RX] 3 -49.67 0.00 76.40 0.00
[14:33:25.204] [ARM-RX] [164] <0.00 -132.00 -5.00> result: 90.00 116.73 -49.67 0.00 76.40 0.00
[14:33:25.204] [ARM-RX] [165] <0.00 -132.00 -5.00> result: 90.00 116.73 -49.67 0.00 76.40 0.00
[14:33:25.204] [ARM-RX] [166] <0.00 -132.00 -5.00> result: 90.00 116.73 -49.67 0.00 76.40 0.00
[14:33:25.204] [ARM-RX] [167] <0.00 -1
[14:33:25.241] [ARM-RX] 32.00 -5.00> result: 90.00 116.73 -49.67 0.00 76.40 0.00
[14:33:25.241] [ARM-RX] [168] <0.00 -132.00 -5.00> result: 90.00 116.73 -49.67 0.00 76.40 0.00
[14:33:25.241] [ARM-RX] [169] <0.00 -132.00 -5.00> result: 90.00 116.73 -49.67 0.00 76.40 0.00
[14:33:25.241] [ARM-RX] [170] <0.00 -132.00 -5.00> result: 90.00 116.73 -49.67
[14:33:25.260] [ARM-RX] 0.00 76.40 0.00
[14:33:25.262] [ARM-RX] [171] <0.00 -132.00 -5.00> result: 90.00 116.73 -49.67 0.00 76.40 0.00
[14:33:25.262] [ARM-RX] [172] <0.00 -132.00 -5.00> result: 90.00 116.73 -49.67 0.00 76.40 0.00
[14:33:25.262] [ARM-RX] [173] <0.00 -132.00 -5.00> result: 90.00 116.73 -49.67 0.00 76.40 0.00
[14:33:25.262] [ARM-RX] [174] <0.00 -132.00 -5
[14:33:25.284] [ARM-RX] .00> result: 90.00 116.73 -49.67 0.00 76.40 0.00
[14:33:25.285] [ARM-RX] [175] <0.00 -132.00 -5.00> result: 90.00 116.73 -49.67 0.00 76.40 0.00
[14:33:25.285] [ARM-RX] [176] <0.00 -132.00 -5.00> result: 90.00 116.73 -49.67 0.00 76.40 0.00
[14:33:25.286] [ARM-RX] [177] <0.00 -132.00 -5.00> result: 90.00 116.73 -49.67 0.00 76
[14:33:25.306] [ARM-RX] .40 0.00
[14:33:25.306] [ARM-RX] [178] <0.00 -132.00 -5.00> result: 90.00 116.73 -49.67 0.00 76.40 0.00
[14:33:25.307] [ARM-RX] [179] <0.00 -132.00 -5.00> result: 90.00 116.73 -49.67 0.00 76.40 0.00
[14:33:25.307] [ARM-RX] [180] <0.00 -132.00 -5.00> result: 90.00 116.73 -49.67 0.00 76.40 0.00
[14:33:25.307] [ARM-RX] [181] <0.00 -132.00 -5.00> res
[14:33:25.330] [ARM-RX] ult: 90.00 116.73 -49.67 0.00 76.40 0.00
[14:33:25.330] [ARM-RX] [182] <0.00 -132.00 -5.00> result: 90.00 116.73 -49.67 0.00 76.40 0.00
[14:33:25.331] [ARM-RX] [183] <0.00 -132.00 -5.00> result: 90.00 116.73 -49.67 0.00 76.40 0.00
[14:33:25.331] [ARM-RX] [184] <0.00 -132.00 -5.00> result: 90.00 116.73 -49.67 0.00 76.40 0.00
[14:33:25.363] [ARM-RX] [185] <0.00 -132.00 -5.00> result: 90.00 116.73 -49.67 0.00 76.40 0.00
[14:33:25.363] [ARM-RX] [186] <0.00 -132.00 -5.00> result: 90.00 116.73 -49.67 0.00 76.40 0.00
[14:33:25.364] [ARM-RX] [187] <0.00 -132.00 -5.00> result: 90.00 116.73 -49.67 0.00 76.40 0.00
[14:33:25.365] [ARM-RX] [188] <0.00 -132.00 -5.00> result: 90.
[14:33:25.376] [ARM-RX] 00 116.73 -49.67 0.00 76.40 0.00
[14:33:25.376] [ARM-RX] [189] <0.00 -132.00 -5.00> result: 90.00 116.73 -49.67 0.00 76.40 0.00
[14:33:25.376] [ARM-RX] [190] <0.00 -132.00 -5.00> result: 90.00 116.73 -49.67 0.00 76.40 0.00
[14:33:25.376] [ARM-RX] [191] <0.00 -132.00 -5.00> result: 90.00 116.73 -49.67 0.00 76.40 0.00
[14:33:25.377] [ARM-RX] [192]
[14:33:25.410] [ARM-RX] <0.00 -132.00 -5.00> result: 90.00 116.73 -49.67 0.00 76.40 0.00
[14:33:25.410] [ARM-RX] [193] <0.00 -132.00 -5.00> result: 90.00 116.73 -49.67 0.00 76.40 0.00
[14:33:25.410] [ARM-RX] [194] <0.00 -132.00 -5.00> result: 90.00 116.73 -49.67 0.00 76.40 0.00
[14:33:25.411] [ARM-RX] [195] <0.00 -132.00 -5.00> result: 90.00 116.7
[14:33:25.433] [ARM-RX] 3 -49.67 0.00 76.40 0.00
[14:33:25.433] [ARM-RX] [196] <0.00 -132.00 -5.00> result: 90.00 116.73 -49.67 0.00 76.40 0.00
[14:33:25.433] [ARM-RX] [197] <0.00 -132.00 -5.00> result: 90.00 116.73 -49.67 0.00 76.40 0.00
[14:33:25.434] [ARM-RX] [198] <0.00 -132.00 -5.00> result: 90.00 116.73 -49.67 0.00 76.40 0.00
[14:33:25.434] [ARM-RX] [199] <0.00 -1
[14:33:25.455] [ARM-RX] 32.00 -5.00> result: 90.00 116.73 -49.67 0.00 76.40 0.00
[14:33:25.457] [ARM-RX] [200] <0.00 -132.00 -5.00> result: 90.00 116.73 -49.67 0.00 76.40 0.00
[14:33:25.457] [ARM-RX] [201] <0.00 -132.00 -5.00> result: 90.00 116.73 -49.67 0.00 76.40 0.00
[14:33:25.457] [ARM-RX] [202] <0.00 -132.00 -5.00> result: 90.00 116.73 -49.67
[14:33:25.479] [ARM-RX] 0.00 76.40 0.00
[14:33:25.480] [ARM-RX] [203] <0.00 -132.00 -5.00> result: 90.00 116.73 -49.67 0.00 76.40 0.00
[14:33:25.480] [ARM-RX] [204] <0.00 -132.00 -5.00> result: 90.00 116.73 -49.67 0.00 76.40 0.00
[14:33:25.480] [ARM-RX] [205] <0.00 -132.00 -5.00> result: 90.00 116.73 -49.67 0.00 76.40 0.00
[14:33:25.480] [ARM-RX] [206] <0.00 -132.00 -5
[14:33:25.501] [ARM-RX] .00> result: 90.00 116.73 -49.67 0.00 76.40 0.00
[14:33:25.502] [ARM-RX] [207] <0.00 -132.00 -5.00> result: 90.00 116.73 -49.67 0.00 76.40 0.00
[14:33:25.502] [ARM-RX] [208] <0.00 -132.00 -5.00> result: 90.00 116.73 -49.67 0.00 76.40 0.00
[14:33:25.502] [ARM-RX] [209] <0.00 -132.00 -5.00> result: 90.00 116.73 -49.67 0.00 76
[14:33:25.524] [ARM-RX] .40 0.00
[14:33:25.525] [ARM-RX] [210] <0.00 -132.00 -5.00> result: 90.00 116.73 -49.67 0.00 76.40 0.00
[14:33:25.525] [ARM-RX] [211] <0.00 -132.00 -5.00> result: 90.00 116.73 -49.67 0.00 76.40 0.00
[14:33:25.525] [ARM-RX] [212] <0.00 -132.00 -5.00> result: 90.00 116.73 -49.67 0.00 76.40 0.00
[14:33:25.525] [ARM-RX] [213] <0.00 -132.00 -5.00> res
[14:33:25.547] [ARM-RX] ult: 90.00 116.73 -49.67 0.00 76.40 0.00
[14:33:25.547] [ARM-RX] [214] <0.00 -132.00 -5.00> result: 90.00 116.73 -49.67 0.00 76.40 0.00
[14:33:25.547] [ARM-RX] [215] <0.00 -132.00 -5.00> result: 90.00 116.73 -49.67 0.00 76.40 0.00
[14:33:25.549] [ARM-RX] [216] <0.00 -132.00 -5.00> result: 90.00 116.73 -49.67 0.00 76.40 0.00
[14:33:25.571] [ARM-RX] [217] <0.00 -132.00 -5.00> result: 90.00 116.73 -49.67 0.00 76.40 0.00
[14:33:25.571] [ARM-RX] [218] <0.00 -132.00 -5.00> result: 90.00 116.73 -49.67 0.00 76.40 0.00
[14:33:25.571] [ARM-RX] [219] <0.00 -132.00 -5.00> result: 90.00 116.73 -49.67 0.00 76.40 0.00
[14:33:25.571] [ARM-RX] [220] <0.00 -132.00 -5.00> result: 90.
[14:33:25.605] [ARM-RX] 00 116.73 -49.67 0.00 76.40 0.00
[14:33:25.605] [ARM-RX] [221] <0.00 -132.00 -5.00> result: 90.00 116.73 -49.67 0.00 76.40 0.00
[14:33:25.605] [ARM-RX] [222] <0.00 -132.00 -5.00> result: 90.00 116.73 -49.67 0.00 76.40 0.00
[14:33:25.605] [ARM-RX] [223] <0.00 -132.00 -5.00> result: 90.00 116.73 -49.67 0.00 76.40 0.00
[14:33:25.606] [ARM-RX] [224]
[14:33:25.628] [ARM-RX] <0.00 -132.00 -5.00> result: 90.00 116.73 -49.67 0.00 76.40 0.00
[14:33:25.628] [ARM-RX] [225] <0.00 -132.00 -5.00> result: 90.00 116.73 -49.67 0.00 76.40 0.00
[14:33:25.628] [ARM-RX] [226] <0.00 -132.00 -5.00> result: 90.00 116.73 -49.67 0.00 76.40 0.00
[14:33:25.629] [ARM-RX] [227] <0.00 -132.00 -5.00> result: 90.00 116.7
[14:33:25.651] [ARM-RX] 3 -49.67 0.00 76.40 0.00
[14:33:25.651] [ARM-RX] [228] <0.00 -132.00 -5.00> result: 90.00 116.73 -49.67 0.00 76.40 0.00
[14:33:25.651] [ARM-RX] [229] <0.00 -132.00 -5.00> result: 90.00 116.73 -49.67 0.00 76.40 0.00
[14:33:25.652] [ARM-RX] [230] <0.00 -132.00 -5.00> result: 90.00 116.73 -49.67 0.00 76.40 0.00
[14:33:25.652] [ARM-RX] [231] <0.00 -1
[14:33:25.674] [ARM-RX] 32.00 -5.00> result: 90.00 116.73 -49.67 0.00 76.40 0.00
[14:33:25.674] [ARM-RX] [232] <0.00 -132.00 -5.00> result: 90.00 116.73 -49.67 0.00 76.40 0.00
[14:33:25.674] [ARM-RX] [233] <0.00 -132.00 -5.00> result: 90.00 116.73 -49.67 0.00 76.40 0.00
[14:33:25.679] [ARM-RX] [234] <0.00 -132.00 -5.00> result: 90.00 116.73 -49.67
[14:33:25.697] [ARM-RX] 0.00 76.40 0.00
[14:33:25.697] [ARM-RX] [235] <0.00 -132.00 -5.00> result: 90.00 116.73 -49.67 0.00 76.40 0.00
[14:33:25.698] [ARM-RX] [236] <0.00 -132.00 -5.00> result: 90.00 116.73 -49.67 0.00 76.40 0.00
[14:33:25.698] [ARM-RX] [237] <0.00 -132.00 -5.00> result: 90.00 116.73 -49.67 0.00 76.40 0.00
[14:33:25.698] [ARM-RX] [238] <0.00 -132.00 -5
[14:33:25.721] [ARM-RX] .00> result: 90.00 116.73 -49.67 0.00 76.40 0.00
[14:33:25.722] [ARM-RX] [239] <0.00 -132.00 -5.00> result: 90.00 116.73 -49.67 0.00 76.40 0.00
[14:33:25.722] [ARM-RX] [240] <0.00 -132.00 -5.00> result: 90.00 116.73 -49.67 0.00 76.40 0.00
[14:33:25.722] [ARM-RX] [241] <0.00 -132.00 -5.00> result: 90.00 116.73 -49.67 0.00 76
[14:33:25.743] [ARM-RX] .40 0.00
[14:33:25.743] [ARM-RX] [242] <0.00 -132.00 -5.00> result: 90.00 116.73 -49.67 0.00 76.40 0.00
[14:33:25.744] [ARM-RX] [243] <0.00 -132.00 -5.00> result: 90.00 116.73 -49.67 0.00 76.40 0.00
[14:33:25.744] [ARM-RX] [244] <0.00 -132.00 -5.00> result: 90.00 116.73 -49.67 0.00 76.40 0.00
[14:33:25.744] [ARM-RX] [245] <0.00 -132.00 -5.00> res
[14:33:25.779] [ARM-RX] ult: 90.00 116.73 -49.67 0.00 76.40 0.00
[14:33:25.779] [ARM-RX] [246] <0.00 -132.00 -5.00> result: 90.00 116.73 -49.67 0.00 76.40 0.00
[14:33:25.779] [ARM-RX] [247] <0.00 -132.00 -5.00> result: 90.00 116.73 -49.67 0.00 76.40 0.00
[14:33:25.779] [ARM-RX] [248] <0.00 -132.00 -5.00> result: 90.00 116.73 -49.67 0.00 76.40 0.00
[14:33:25.801] [ARM-RX] [249] <0.00 -132.00 -5.00> result: 90.00 116.73 -49.67 0.00 76.40 0.00
[14:33:25.801] [ARM-RX] [250] <0.00 -132.00 -5.00> result: 90.00 116.73 -49.67 0.00 76.40 0.00
[14:33:25.801] [ARM-RX] [251] <0.00 -132.00 -5.00> result: 90.00 116.73 -49.67 0.00 76.40 0.00
[14:33:25.801] [ARM-RX] [252] <0.00 -132.00 -5.00> result: 90.
[14:33:25.822] [ARM-RX] 00 116.73 -49.67 0.00 76.40 0.00
[14:33:25.822] [ARM-RX] [253] <0.00 -132.00 -5.00> result: 90.00 116.73 -49.67 0.00 76.40 0.00
[14:33:25.823] [ARM-RX] [254] <0.00 -132.00 -5.00> result: 90.00 116.73 -49.67 0.00 76.40 0.00
[14:33:25.823] [ARM-RX] [255] <0.00 -132.00 -5.00> result: 90.00 116.73 -49.67 0.00 76.40 0.00
[14:33:25.824] [ARM-RX] [256]
[14:33:25.846] [ARM-RX] <0.00 -132.00 -5.00> result: 90.00 116.73 -49.67 0.00 76.40 0.00
[14:33:25.846] [ARM-RX] [257] <0.00 -132.00 -5.00> result: 90.00 116.73 -49.67 0.00 76.40 0.00
[14:33:25.846] [ARM-RX] [258] <0.00 -132.00 -5.00> result: 90.00 116.73 -49.67 0.00 76.40 0.00
[14:33:25.846] [ARM-RX] [259] <0.00 -132.00 -5.00> result: 90.00 116.7
[14:33:25.903] [ARM-RX] 3 -49.67 0.00 76.40 0.00
[14:33:25.903] [ARM-RX] [260] <0.00 -132.00 -5.00> result: 90.00 116.73 -49.67 0.00 76.40 0.00
[14:33:25.903] [ARM-RX] [261] <0.00 -132.00 -5.00> result: 90.00 116.73 -49.67 0.00 76.40 0.00
[14:33:34.683] [ARM-TX] 发送命令 auto 0 -132 -10: auto 0 -132 -10
[14:36:08.809] [ARM-TX] 发送命令 laser_on: laser_on
[14:36:08.892] [ARM-RX] Found handler for 'laser_on', executing...
[14:36:08.892] [ARM-RX] laser_on
[14:36:12.662] [ARM-TX] 发送命令 laser_on: laser_on
[14:36:12.683] [ARM-RX] Found handler for 'laser_on', executing...
[14:36:12.683] [ARM-RX] laser_on
[14:36:13.589] [ARM-TX] 发送命令 laser_off: laser_off
[14:36:13.615] [ARM-RX] Found handler for 'laser_off', executing...
[14:36:13.615] [ARM-RX] laser_off
[14:36:14.320] [ARM-TX] 发送命令 laser_off: laser_off
[14:36:14.361] [ARM-RX] Found handler for 'laser_off', executing...
[14:36:14.361] [ARM-RX] laser_off
[14:36:21.150] [ARM-TX] 发送命令 soft_reset: soft_reset
[14:36:21.191] [ARM-RX] Found handler for 'soft_reset', executing...
[14:36:21.191] [ARM-RX] ROBOT_SOFT_RESET_EVENT
[14:36:21.191] [ARM-RX] --- Starting soft reset ---
[14:36:21.377] [ARM-RX] Soft reset motors enabled (J1~J5, J6 skipped).
[14:36:21.377] [ARM-RX] Soft resetting joint 4...
[14:36:21.439] [ARM-RX] robot_update_current_angle 4...
[14:36:21.439] [ARM-RX] [4] current:74.38, target:90.00, dir:1
[14:36:22.742] [ARM-RX] Soft resetting joint 3...
[14:36:22.805] [ARM-RX] robot_update_current_angle 3...
[14:36:22.805] [ARM-RX] [3] current:-0.00, target:0.00, dir:1
[14:36:22.927] [ARM-RX] Soft resetting joint 1...
[14:36:22.927] [ARM-RX] robot_update_current_angle 1...
[14:36:22.927] [ARM-RX] [1] current:137.57, target:90.00, dir:-1
[14:36:25.347] [ARM-RX] soft reset joint 1 settle timeout, keep going
[14:36:25.347] [ARM-RX] Soft resetting joint 2...
[14:36:25.347] [ARM-RX] robot_update_current_angle 2...
[14:36:25.347] [ARM-RX] [2] current:-13.80, target:-90.00, dir:-1
[14:36:28.379] [ARM-RX] soft reset joint 2 settle timeout, keep going
[14:36:28.379] [ARM-RX] Soft resetting joint 0...
[14:36:28.380] [ARM-RX] robot_update_current_angle 0...
[14:36:28.380] [ARM-RX] [0] current:90.02, target:90.00, dir:-1
[14:36:28.565] [ARM-RX] soft reset verify not pass, start refine loop...
[14:36:28.689] [ARM-RX] soft reset refine joint 2 round 1: cur=-80.16 target=-90.00 err=9.84 dir=-1
[14:36:29.866] [ARM-RX] soft reset refine joint 2 round 2: cur=-87.88 target=-90.00 err=2.12 dir=-1
[14:36:30.550] [ARM-RX] soft reset refine pass 1 success.
[14:36:30.550] [ARM-RX] soft reset final verify PASS (issues:2), pose set HOME.
[14:38:21.494] [ARM-INFO] 已关闭串口
[14:38:22.382] [ARM-INFO] opened COM7 @ 115200
[14:38:23.298] [JETSON-INFO] 已停止周期视觉发送
[14:38:23.299] [JETSON-INFO] 已关闭串口
[14:38:25.051] [JETSON-INFO] opened COM14 @ 115200
[14:38:25.991] [JETSON-INFO] opened COM14 @ 115200
[14:38:26.759] [JETSON-INFO] 已停止周期视觉发送
[14:38:26.761] [JETSON-INFO] 已关闭串口
[14:38:28.219] [JETSON-INFO] 已停止周期视觉发送
[14:38:28.221] [ARM-TX] 发送命令 target_disable: target_disable
[14:38:28.221] [ARM-TX] 发送命令 laser_off: laser_off
[14:38:28.223] [APP-SAFETY] 已停止视觉发送，并发送 target_disable / laser_off
[14:38:28.340] [ARM-RX] Found handler for 'target_disable', executing...
[14:38:28.340] [ARM-RX] target_disable
[14:38:28.340] [ARM-RX] Found handler for 'laser_off', executing...
[14:38:28.341] [ARM-RX] laser_off
[14:39:25.317] [ARM-TX] 发送命令 target_enable: target_enable
[14:39:25.363] [ARM-RX] Found handler for 'target_enable', executing...
[14:39:25.363] [ARM-RX] target_enable
[14:39:25.364] [ARM-RX] ROBOT_AUTO_EVENT
[14:39:25.364] [ARM-RX] [0] <0.00 0.00 0.00> result: 90.00 90.00 -90.00 0.00 90.00 0.00
[14:39:25.364] [ARM-RX] [1] <0.00 -0.00 -0.00> result: 90.00 90.00 -90.00 0.00 90.00 0.00
[14:39:25.364] [ARM-RX] [2] <0.00 -0.00 -0.00> result: 90.00 90.00 -
[14:39:25.384] [ARM-RX] 90.00 0.00 90.00 0.00
[14:39:25.384] [ARM-RX] [3] <0.00 -0.01 -0.00> result: 90.00 90.00 -90.00 0.00 90.00 0.00
[14:39:25.384] [ARM-RX] [4] <0.00 -0.02 -0.00> result: 90.00 90.01 -90.00 0.00 90.00 0.00
[14:39:25.385] [ARM-RX] [5] <0.00 -0.03 -0.00> result: 90.00 90.01 -89.99 0.00 90.00 0.00
[14:39:25.385] [ARM-RX] [6] <0.00 -0.05 -0.00> result: 9
[14:39:25.407] [ARM-RX] 0.00 90.02 -89.99 0.00 90.00 0.00
[14:39:25.407] [ARM-RX] [7] <0.00 -0.07 -0.00> result: 90.00 90.02 -89.98 0.00 90.00 0.00
[14:39:25.407] [ARM-RX] [8] <0.00 -0.11 -0.00> result: 90.00 90.03 -89.97 0.00 90.00 0.00
[14:39:25.407] [ARM-RX] [9] <0.00 -0.15 -0.00> result: 90.00 90.05 -89.96 0.00 90.00 0.00
[14:39:25.408] [ARM-RX] [10] <0.00 -0.20 -0.
[14:39:25.441] [ARM-RX] 01> result: 90.00 90.06 -89.94 0.00 90.01 0.00
[14:39:25.442] [ARM-RX] [11] <0.00 -0.27 -0.01> result: 90.00 90.08 -89.92 0.00 90.01 0.00
[14:39:25.442] [ARM-RX] [12] <0.00 -0.34 -0.01> result: 90.00 90.11 -89.90 0.00 90.01 0.00
[14:39:25.442] [ARM-RX] [13] <0.00 -0.43 -0.01> result: 90.00 90.14 -89.88 0.00 90.01 0.00
[14:39:25.442] [ARM-RX] [14]
[14:39:25.464] [ARM-RX] <0.00 -0.54 -0.01> result: 90.00 90.17 -89.85 0.00 90.02 0.00
[14:39:25.464] [ARM-RX] [15] <0.00 -0.65 -0.02> result: 90.00 90.20 -89.81 0.00 90.02 0.00
[14:39:25.464] [ARM-RX] [16] <0.00 -0.79 -0.02> result: 90.00 90.25 -89.78 0.00 90.02 0.00
[14:39:25.465] [ARM-RX] [17] <0.00 -0.94 -0.02> result: 90.00 90.29 -89.73 0.00
[14:39:25.486] [ARM-RX] 90.03 0.00
[14:39:25.486] [ARM-RX] [18] <0.00 -1.10 -0.03> result: 90.00 90.34 -89.69 0.00 90.03 0.00
[14:39:25.488] [ARM-RX] [19] <0.00 -1.29 -0.03> result: 90.00 90.40 -89.63 0.00 90.03 0.00
[14:39:25.488] [ARM-RX] [20] <0.00 -1.49 -0.04> result: 90.00 90.46 -89.57 0.00 90.04 0.00
[14:39:25.491] [ARM-RX] [21] <0.00 -1.72 -0.04> result: 90.00 90
[14:39:25.509] [ARM-RX] .53 -89.51 0.00 90.04 0.00
[14:39:25.510] [ARM-RX] [22] <0.00 -1.97 -0.05> result: 90.00 90.61 -89.44 0.00 90.05 0.00
[14:39:25.510] [ARM-RX] [23] <0.00 -2.23 -0.06> result: 90.00 90.69 -89.36 0.00 90.05 0.00
[14:39:25.510] [ARM-RX] [24] <0.00 -2.52 -0.06> result: 90.00 90.77 -89.28 0.00 90.05 0.00
[14:39:25.510] [ARM-RX] [25] <0.00 -2.84 -0.07>
[14:39:25.533] [ARM-RX] result: 90.00 90.87 -89.19 0.00 90.06 0.00
[14:39:25.533] [ARM-RX] [26] <0.00 -3.17 -0.08> result: 90.00 90.97 -89.10 0.00 90.06 0.00
[14:39:25.533] [ARM-RX] [27] <0.00 -3.53 -0.09> result: 90.00 91.07 -88.99 0.00 90.06 0.00
[14:39:25.534] [ARM-RX] [28] <0.00 -3.92 -0.10> result: 90.00 91.18 -88.88 0.00 90.07 0.00
[14:39:25.534] [ARM-RX] [29] <0.
[14:39:25.555] [ARM-RX] 00 -4.33 -0.11> result: 90.00 91.30 -88.76 0.00 90.07 0.00
[14:39:25.555] [ARM-RX] [30] <0.00 -4.77 -0.12> result: 90.00 91.43 -88.64 0.00 90.07 0.00
[14:39:25.556] [ARM-RX] [31] <0.00 -5.23 -0.13> result: 90.00 91.56 -88.51 0.00 90.07 0.00
[14:39:25.556] [ARM-RX] [32] <0.00 -5.72 -0.14> result: 90.00 91.70 -88.37 0.00 90.0
[14:39:25.578] [ARM-RX] 7 0.00
[14:39:25.578] [ARM-RX] [33] <0.00 -6.24 -0.16> result: 90.00 91.85 -88.22 0.00 90.06 0.00
[14:39:25.579] [ARM-RX] [34] <0.00 -6.79 -0.17> result: 90.00 92.00 -88.06 0.00 90.06 0.00
[14:39:25.579] [ARM-RX] [35] <0.00 -7.36 -0.18> result: 90.00 92.16 -87.89 0.00 90.05 0.00
[14:39:25.579] [ARM-RX] [36] <0.00 -7.96 -0.20> result: 90.00 92.32
[14:39:25.603] [ARM-RX] -87.72 0.00 90.04 0.00
[14:39:25.603] [ARM-RX] [37] <0.00 -8.60 -0.21> result: 90.00 92.49 -87.54 0.00 90.03 0.00
[14:39:25.604] [ARM-RX] [38] <0.00 -9.26 -0.23> result: 90.00 92.67 -87.35 0.00 90.02 0.00
[14:39:25.604] [ARM-RX] [39] <0.00 -9.95 -0.25> result: 90.00 92.85 -87.15 0.00 90.00 0.00
[14:39:25.604] [ARM-RX] [40] <0.00 -10.67 -0.27> res
[14:39:25.636] [ARM-RX] ult: 90.00 93.04 -86.94 0.00 89.98 0.00
[14:39:25.636] [ARM-RX] [41] <0.00 -11.42 -0.29> result: 90.00 93.24 -86.72 0.00 89.96 0.00
[14:39:25.636] [ARM-RX] [42] <0.00 -12.20 -0.30> result: 90.00 93.44 -86.50 0.00 89.93 0.00
[14:39:25.636] [ARM-RX] [43] <0.00 -13.01 -0.33> result: 90.00 93.64 -86.26 0.00 89.91 0.00
[14:39:25.636] [ARM-RX] [44] <0.
[14:39:25.658] [ARM-RX] 00 -13.85 -0.35> result: 90.00 93.85 -86.02 0.00 89.87 0.00
[14:39:25.658] [ARM-RX] [45] <0.00 -14.72 -0.37> result: 90.00 94.07 -85.77 0.00 89.84 0.00
[14:39:25.658] [ARM-RX] [46] <0.00 -15.62 -0.39> result: 90.00 94.29 -85.51 0.00 89.80 0.00
[14:39:25.658] [ARM-RX] [47] <0.00 -16.55 -0.41> result: 90.00 94.52 -85.24 0.00
[14:39:25.681] [ARM-RX] 89.75 0.00
[14:39:25.681] [ARM-RX] [48] <0.00 -17.51 -0.44> result: 90.00 94.75 -84.96 0.00 89.70 0.00
[14:39:25.682] [ARM-RX] [49] <0.00 -18.49 -0.46> result: 90.00 94.98 -84.67 0.00 89.65 0.00
[14:39:25.682] [ARM-RX] [50] <0.00 -19.51 -0.49> result: 90.00 95.22 -84.37 0.00 89.59 0.00
[14:39:25.682] [ARM-RX] [51] <0.00 -20.56 -0.51> result: 90.0
[14:39:25.707] [ARM-RX] 0 95.47 -84.06 0.00 89.53 0.00
[14:39:25.707] [ARM-RX] [52] <0.00 -21.64 -0.54> result: 90.00 95.71 -83.75 0.00 89.46 0.00
[14:39:25.707] [ARM-RX] [53] <0.00 -22.74 -0.57> result: 90.00 95.97 -83.43 0.00 89.39 0.00
[14:39:25.707] [ARM-RX] [54] <0.00 -23.88 -0.60> result: 90.00 96.22 -83.09 0.00 89.32 0.00
[14:39:25.707] [ARM-RX] [55] <0.00 -25.04
[14:39:25.728] [ARM-RX] -0.63> result: 90.00 96.48 -82.75 0.00 89.23 0.00
[14:39:25.728] [ARM-RX] [56] <0.00 -26.23 -0.66> result: 90.00 96.74 -82.40 0.00 89.15 0.00
[14:39:25.729] [ARM-RX] [57] <0.00 -27.44 -0.69> result: 90.00 97.01 -82.05 0.00 89.06 0.00
[14:39:25.729] [ARM-RX] [58] <0.00 -28.68 -0.72> result: 90.00 97.28 -81.68 0.00 88.96 0.0
[14:39:25.750] [ARM-RX] 0
[14:39:25.750] [ARM-RX] [59] <0.00 -29.95 -0.75> result: 90.00 97.55 -81.31 0.00 88.86 0.00
[14:39:25.750] [ARM-RX] [60] <0.00 -31.25 -0.78> result: 90.00 97.83 -80.92 0.00 88.75 0.00
[14:39:25.750] [ARM-RX] [61] <0.00 -32.57 -0.81> result: 90.00 98.10 -80.53 0.00 88.64 0.00
[14:39:25.751] [ARM-RX] [62] <0.00 -33.91 -0.85> result: 90.00 98.39 -
[14:39:25.772] [ARM-RX] 80.14 0.00 88.52 0.00
[14:39:25.774] [ARM-RX] [63] <0.00 -35.28 -0.88> result: 90.00 98.67 -79.73 0.00 88.40 0.00
[14:39:25.774] [ARM-RX] [64] <0.00 -36.67 -0.92> result: 90.00 98.95 -79.32 0.00 88.27 0.00
[14:39:25.774] [ARM-RX] [65] <0.00 -38.08 -0.95> result: 90.00 99.24 -78.90 0.00 88.14 0.00
[14:39:25.774] [ARM-RX] [66] <0.00 -39.51 -0.99> r
[14:39:25.806] [ARM-RX] esult: 90.00 99.53 -78.47 0.00 88.00 0.00
[14:39:25.808] [ARM-RX] [67] <0.00 -40.97 -1.02> result: 90.00 99.82 -78.04 0.00 87.86 0.00
[14:39:25.808] [ARM-RX] [68] <0.00 -42.44 -1.06> result: 90.00 100.11 -77.60 0.00 87.71 0.00
[14:39:25.808] [ARM-RX] [69] <0.00 -43.94 -1.10> result: 90.00 100.41 -77.15 0.00 87.56 0.00
[14:39:25.808] [ARM-RX] [70]
[14:39:25.831] [ARM-RX] <0.00 -45.45 -1.14> result: 90.00 100.70 -76.70 0.00 87.41 0.00
[14:39:25.831] [ARM-RX] [71] <0.00 -46.98 -1.17> result: 90.00 101.00 -76.24 0.00 87.25 0.00
[14:39:25.831] [ARM-RX] [72] <0.00 -48.53 -1.21> result: 90.00 101.30 -75.78 0.00 87.08 0.00
[14:39:25.832] [ARM-RX] [73] <0.00 -50.09 -1.25> result: 90.00 101.60 -75.
[14:39:25.853] [ARM-RX] 31 0.00 86.91 0.00
[14:39:25.853] [ARM-RX] [74] <0.00 -51.67 -1.29> result: 90.00 101.90 -74.84 0.00 86.74 0.00
[14:39:25.854] [ARM-RX] [75] <0.00 -53.26 -1.33> result: 90.00 102.20 -74.36 0.00 86.56 0.00
[14:39:25.854] [ARM-RX] [76] <0.00 -54.86 -1.37> result: 90.00 102.51 -73.87 0.00 86.38 0.00
[14:39:25.854] [ARM-RX] [77] <0.00 -56.48 -1.41> r
[14:39:25.876] [ARM-RX] esult: 90.00 102.81 -73.39 0.00 86.20 0.00
[14:39:25.876] [ARM-RX] [78] <0.00 -58.11 -1.45> result: 90.00 103.11 -72.89 0.00 86.01 0.00
[14:39:25.877] [ARM-RX] [79] <0.00 -59.75 -1.49> result: 90.00 103.42 -72.40 0.00 85.82 0.00
[14:39:25.877] [ARM-RX] [80] <0.00 -60.00 -1.50> result: 90.00 103.47 -72.32 0.00 85.79 0.00
[14:39:25.877] [ARM-RX] [8
[14:39:25.901] [ARM-RX] 1] <0.00 -60.00 -1.50> result: 90.00 103.47 -72.32 0.00 85.79 0.00
[14:39:25.901] [ARM-RX] [82] <0.00 -60.00 -1.50> result: 90.00 103.47 -72.32 0.00 85.79 0.00
[14:39:25.901] [ARM-RX] [83] <0.00 -60.00 -1.50> result: 90.00 103.47 -72.32 0.00 85.79 0.00
[14:39:25.902] [ARM-RX] [84] <0.00 -60.00 -1.50> result: 90.00 103.47 -7
[14:39:25.922] [ARM-RX] 2.32 0.00 85.79 0.00
[14:39:25.922] [ARM-RX] [85] <0.00 -60.00 -1.50> result: 90.00 103.47 -72.32 0.00 85.79 0.00
[14:39:25.922] [ARM-RX] [86] <0.00 -60.00 -1.50> result: 90.00 103.47 -72.32 0.00 85.79 0.00
[14:39:25.922] [ARM-RX] [87] <0.00 -60.00 -1.50> result: 90.00 103.47 -72.32 0.00 85.79 0.00
[14:39:25.924] [ARM-RX] [88] <0.00 -60.00 -1.50>
[14:39:25.946] [ARM-RX] result: 90.00 103.47 -72.32 0.00 85.79 0.00
[14:39:25.946] [ARM-RX] [89] <0.00 -60.00 -1.50> result: 90.00 103.47 -72.32 0.00 85.79 0.00
[14:39:25.946] [ARM-RX] [90] <0.00 -60.00 -1.50> result: 90.00 103.47 -72.32 0.00 85.79 0.00
[14:39:25.946] [ARM-RX] [91] <0.00 -60.00 -1.50> result: 90.00 103.47 -72.32 0.00 85.79 0.00
[14:39:25.967] [ARM-RX] [92] <0.00 -60.00 -1.50> result: 90.00 103.47 -72.32 0.00 85.79 0.00
[14:39:25.968] [ARM-RX] [93] <0.00 -60.00 -1.50> result: 90.00 103.47 -72.32 0.00 85.79 0.00
[14:39:25.968] [ARM-RX] [94] <0.00 -60.00 -1.50> result: 90.00 103.47 -72.32 0.00 85.79 0.00
[14:39:25.968] [ARM-RX] [95] <0.00 -60.00 -1.50> result: 90.00 103.47
[14:39:26.002] [ARM-RX] -72.32 0.00 85.79 0.00
[14:39:26.002] [ARM-RX] [96] <0.00 -60.00 -1.50> result: 90.00 103.47 -72.32 0.00 85.79 0.00
[14:39:26.002] [ARM-RX] [97] <0.00 -60.00 -1.50> result: 90.00 103.47 -72.32 0.00 85.79 0.00
[14:39:26.003] [ARM-RX] [98] <0.00 -60.00 -1.50> result: 90.00 103.47 -72.32 0.00 85.79 0.00
[14:39:26.003] [ARM-RX] [99] <0.00 -60.00 -1.5
[14:39:26.026] [ARM-RX] 0> result: 90.00 103.47 -72.32 0.00 85.79 0.00
[14:39:26.026] [ARM-RX] [100] <0.00 -60.00 -1.50> result: 90.00 103.47 -72.32 0.00 85.79 0.00
[14:39:26.026] [ARM-RX] [101] <0.00 -60.00 -1.50> result: 90.00 103.47 -72.32 0.00 85.79 0.00
[14:39:26.026] [ARM-RX] [102] <0.00 -60.00 -1.50> result: 90.00 103.47 -72.32 0.00 85.79 0
[14:39:26.048] [ARM-RX] .00
[14:39:26.048] [ARM-RX] [103] <0.00 -60.00 -1.50> result: 90.00 103.47 -72.32 0.00 85.79 0.00
[14:39:26.048] [ARM-RX] [104] <0.00 -60.00 -1.50> result: 90.00 103.47 -72.32 0.00 85.79 0.00
[14:39:26.049] [ARM-RX] [105] <0.00 -60.00 -1.50> result: 90.00 103.47 -72.32 0.00 85.79 0.00
[14:39:26.049] [ARM-RX] [106] <0.00 -60.00 -1.50> result: 90.0
[14:39:26.071] [ARM-RX] 0 103.47 -72.32 0.00 85.79 0.00
[14:39:26.072] [ARM-RX] [107] <0.00 -60.00 -1.50> result: 90.00 103.47 -72.32 0.00 85.79 0.00
[14:39:26.072] [ARM-RX] [108] <0.00 -60.00 -1.50> result: 90.00 103.47 -72.32 0.00 85.79 0.00
[14:39:26.072] [ARM-RX] [109] <0.00 -60.00 -1.50> result: 90.00 103.47 -72.32 0.00 85.79 0.00
[14:39:26.072] [ARM-RX] [110] <0.0
[14:39:26.095] [ARM-RX] 0 -60.00 -1.50> result: 90.00 103.47 -72.32 0.00 85.79 0.00
[14:39:26.095] [ARM-RX] [111] <0.00 -60.00 -1.50> result: 90.00 103.47 -72.32 0.00 85.79 0.00
[14:39:26.095] [ARM-RX] [112] <0.00 -60.00 -1.50> result: 90.00 103.47 -72.32 0.00 85.79 0.00
[14:39:26.095] [ARM-RX] [113] <0.00 -60.00 -1.50> result: 90.00 103.47 -72.32
[14:39:26.116] [ARM-RX] 0.00 85.79 0.00
[14:39:26.116] [ARM-RX] [114] <0.00 -60.00 -1.50> result: 90.00 103.47 -72.32 0.00 85.79 0.00
[14:39:26.116] [ARM-RX] [115] <0.00 -60.00 -1.50> result: 90.00 103.47 -72.32 0.00 85.79 0.00
[14:39:26.117] [ARM-RX] [116] <0.00 -60.00 -1.50> result: 90.00 103.47 -72.32 0.00 85.79 0.00
[14:39:26.117] [ARM-RX] [117] <0.00 -60.00 -1.50>
[14:39:26.140] [ARM-RX] result: 90.00 103.47 -72.32 0.00 85.79 0.00
[14:39:26.140] [ARM-RX] [118] <0.00 -60.00 -1.50> result: 90.00 103.47 -72.32 0.00 85.79 0.00
[14:39:26.140] [ARM-RX] [119] <0.00 -60.00 -1.50> result: 90.00 103.47 -72.32 0.00 85.79 0.00
[14:39:26.140] [ARM-RX] [120] <0.00 -60.00 -1.50> result: 90.00 103.47 -72.32 0.00 85.79 0.0
[14:39:26.179] [ARM-RX] 0
[14:39:26.180] [ARM-RX] [121] <0.00 -60.00 -1.50> result: 90.00 103.47 -72.32 0.00 85.79 0.00
[14:39:26.180] [ARM-RX] [122] <0.00 -60.00 -1.50> result: 90.00 103.47 -72.32 0.00 85.79 0.00
[14:39:26.180] [ARM-RX] [123] <0.00 -60.00 -1.50> result: 90.00 103.47 -72.32 0.00 85.79 0.00
[14:39:26.180] [ARM-RX] [124] <0.00 -60.00 -1.50> result: 90.00
[14:39:26.197] [ARM-RX] 103.47 -72.32 0.00 85.79 0.00
[14:39:26.197] [ARM-RX] [125] <0.00 -60.00 -1.50> result: 90.00 103.47 -72.32 0.00 85.79 0.00
[14:39:26.198] [ARM-RX] [126] <0.00 -60.00 -1.50> result: 90.00 103.47 -72.32 0.00 85.79 0.00
[14:39:26.198] [ARM-RX] [127] <0.00 -60.00 -1.50> result: 90.00 103.47 -72.32 0.00 85.79 0.00
[14:39:26.198] [ARM-RX] [128] <0.00
[14:39:26.222] [ARM-RX] -60.00 -1.50> result: 90.00 103.47 -72.32 0.00 85.79 0.00
[14:39:26.222] [ARM-RX] [129] <0.00 -60.00 -1.50> result: 90.00 103.47 -72.32 0.00 85.79 0.00
[14:39:26.222] [ARM-RX] [130] <0.00 -60.00 -1.50> result: 90.00 103.47 -72.32 0.00 85.79 0.00
[14:39:26.222] [ARM-RX] [131] <0.00 -60.00 -1.50> result: 90.00 103.47 -72.32 0
[14:39:26.244] [ARM-RX] .00 85.79 0.00
[14:39:26.244] [ARM-RX] [132] <0.00 -60.00 -1.50> result: 90.00 103.47 -72.32 0.00 85.79 0.00
[14:39:26.244] [ARM-RX] [133] <0.00 -60.00 -1.50> result: 90.00 103.47 -72.32 0.00 85.79 0.00
[14:39:26.244] [ARM-RX] [134] <0.00 -60.00 -1.50> result: 90.00 103.47 -72.32 0.00 85.79 0.00
[14:39:26.245] [ARM-RX] [135] <0.00 -60.00 -1.50> r
[14:39:26.265] [ARM-RX] esult: 90.00 103.47 -72.32 0.00 85.79 0.00
[14:39:26.265] [ARM-RX] [136] <0.00 -60.00 -1.50> result: 90.00 103.47 -72.32 0.00 85.79 0.00
[14:39:26.266] [ARM-RX] [137] <0.00 -60.00 -1.50> result: 90.00 103.47 -72.32 0.00 85.79 0.00
[14:39:26.266] [ARM-RX] [138] <0.00 -60.00 -1.50> result: 90.00 103.47 -72.32 0.00 85.79 0.00
[14:39:26.290] [ARM-RX] [139] <0.00 -60.00 -1.50> result: 90.00 103.47 -72.32 0.00 85.79 0.00
[14:39:26.290] [ARM-RX] [140] <0.00 -60.00 -1.50> result: 90.00 103.47 -72.32 0.00 85.79 0.00
[14:39:26.291] [ARM-RX] [141] <0.00 -60.00 -1.50> result: 90.00 103.47 -72.32 0.00 85.79 0.00
[14:39:26.291] [ARM-RX] [142] <0.00 -60.00 -1.50> result: 90.00 10
[14:39:26.312] [ARM-RX] 3.47 -72.32 0.00 85.79 0.00
[14:39:26.312] [ARM-RX] [143] <0.00 -60.00 -1.50> result: 90.00 103.47 -72.32 0.00 85.79 0.00
[14:39:26.312] [ARM-RX] [144] <0.00 -60.00 -1.50> result: 90.00 103.47 -72.32 0.00 85.79 0.00
[14:39:26.312] [ARM-RX] [145] <0.00 -60.00 -1.50> result: 90.00 103.47 -72.32 0.00 85.79 0.00
[14:39:26.313] [ARM-RX] [146] <0.00 -6
[14:39:26.334] [ARM-RX] 0.00 -1.50> result: 90.00 103.47 -72.32 0.00 85.79 0.00
[14:39:26.335] [ARM-RX] [147] <0.00 -60.00 -1.50> result: 90.00 103.47 -72.32 0.00 85.79 0.00
[14:39:26.335] [ARM-RX] [148] <0.00 -60.00 -1.50> result: 90.00 103.47 -72.32 0.00 85.79 0.00
[14:39:26.335] [ARM-RX] [149] <0.00 -60.00 -1.50> result: 90.00 103.47 -72.32 0.0
[14:39:26.369] [ARM-RX] 0 85.79 0.00
[14:39:26.370] [ARM-RX] [150] <0.00 -60.00 -1.50> result: 90.00 103.47 -72.32 0.00 85.79 0.00
[14:39:26.370] [ARM-RX] [151] <0.00 -60.00 -1.50> result: 90.00 103.47 -72.32 0.00 85.79 0.00
[14:39:26.370] [ARM-RX] [152] <0.00 -60.00 -1.50> result: 90.00 103.47 -72.32 0.00 85.79 0.00
[14:39:26.370] [ARM-RX] [153] <0.00 -60.00 -1.50> res
[14:39:26.392] [ARM-RX] ult: 90.00 103.47 -72.32 0.00 85.79 0.00
[14:39:26.392] [ARM-RX] [154] <0.00 -60.00 -1.50> result: 90.00 103.47 -72.32 0.00 85.79 0.00
[14:39:26.392] [ARM-RX] [155] <0.00 -60.00 -1.50> result: 90.00 103.47 -72.32 0.00 85.79 0.00
[14:39:26.393] [ARM-RX] [156] <0.00 -60.00 -1.50> result: 90.00 103.47 -72.32 0.00 85.79 0.00
[14:39:26.393] [ARM-RX] [
[14:39:26.415] [ARM-RX] 157] <0.00 -60.00 -1.50> result: 90.00 103.47 -72.32 0.00 85.79 0.00
[14:39:26.415] [ARM-RX] [158] <0.00 -60.00 -1.50> result: 90.00 103.47 -72.32 0.00 85.79 0.00
[14:39:26.416] [ARM-RX] [159] <0.00 -60.00 -1.50> result: 90.00 103.47 -72.32 0.00 85.79 0.00
[14:39:26.416] [ARM-RX] [160] <0.00 -60.00 -1.50> result: 90.00 103.
[14:39:26.438] [ARM-RX] 47 -72.32 0.00 85.79 0.00
[14:39:26.438] [ARM-RX] [161] <0.00 -60.00 -1.50> result: 90.00 103.47 -72.32 0.00 85.79 0.00
[14:39:26.438] [ARM-RX] [162] <0.00 -60.00 -1.50> result: 90.00 103.47 -72.32 0.00 85.79 0.00
[14:39:26.439] [ARM-RX] [163] <0.00 -60.00 -1.50> result: 90.00 103.47 -72.32 0.00 85.79 0.00
[14:39:26.439] [ARM-RX] [164] <0.00 -60.
[14:39:26.460] [ARM-RX] 00 -1.50> result: 90.00 103.47 -72.32 0.00 85.79 0.00
[14:39:26.460] [ARM-RX] [165] <0.00 -60.00 -1.50> result: 90.00 103.47 -72.32 0.00 85.79 0.00
[14:39:26.460] [ARM-RX] [166] <0.00 -60.00 -1.50> result: 90.00 103.47 -72.32 0.00 85.79 0.00
[14:39:26.461] [ARM-RX] [167] <0.00 -60.00 -1.50> result: 90.00 103.47 -72.32 0.00
[14:39:26.483] [ARM-RX] 85.79 0.00
[14:39:26.483] [ARM-RX] [168] <0.00 -60.00 -1.50> result: 90.00 103.47 -72.32 0.00 85.79 0.00
[14:39:26.484] [ARM-RX] [169] <0.00 -60.00 -1.50> result: 90.00 103.47 -72.32 0.00 85.79 0.00
[14:39:26.484] [ARM-RX] [170] <0.00 -60.00 -1.50> result: 90.00 103.47 -72.32 0.00 85.79 0.00
[14:39:26.484] [ARM-RX] [171] <0.00 -60.00 -1.50> resul
[14:39:26.506] [ARM-RX] t: 90.00 103.47 -72.32 0.00 85.79 0.00
[14:39:26.506] [ARM-RX] [172] <0.00 -60.00 -1.50> result: 90.00 103.47 -72.32 0.00 85.79 0.00
[14:39:26.507] [ARM-RX] [173] <0.00 -60.00 -1.50> result: 90.00 103.47 -72.32 0.00 85.79 0.00
[14:39:26.507] [ARM-RX] [174] <0.00 -60.00 -1.50> result: 90.00 103.47 -72.32 0.00 85.79 0.00
[14:39:26.507] [ARM-RX] [17
[14:39:26.562] [ARM-RX] 5] <0.00 -60.00 -1.50> result: 90.00 103.47 -72.32 0.00 85.79 0.00
[14:39:26.562] [ARM-RX] [176] <0.00 -60.00 -1.50> result: 90.00 103.47 -72.32 0.00 85.79 0.00
[14:39:28.484] [ARM-RX] [jpint 1] ave_error:0.02
[14:39:28.484] [ARM-RX] [jpint 2] ave_error:4.00
[14:39:28.485] [ARM-RX] [jpint 3] ave_error:5.65
[14:39:28.485] [ARM-RX] [jpint 4] ave_error:0.00
[14:39:28.485] [ARM-RX] [jpint 5] ave_error:3.71
[14:39:28.486] [ARM-RX] robot pid run finished!!
[14:39:29.293] [ARM-RX] AUTO final confirm failed: joint 2 err=15.57deg tol=3.00, pose invalid.
[14:39:36.190] [ARM-TX] 发送命令 soft_reset: soft_reset
[14:39:36.294] [ARM-RX] Found handler for 'soft_reset', executing...
[14:39:36.294] [ARM-RX] ROBOT_SOFT_RESET_EVENT
[14:39:36.294] [ARM-RX] --- Starting soft reset ---
[14:39:36.481] [ARM-RX] Soft reset motors enabled (J1~J5, J6 skipped).
[14:39:36.481] [ARM-RX] Soft resetting joint 4...
[14:39:36.542] [ARM-RX] robot_update_current_angle 4...
[14:39:36.542] [ARM-RX] [4] current:90.54, target:90.00, dir:-1
[14:39:36.666] [ARM-RX] Soft resetting joint 3...
[14:39:36.666] [ARM-RX] robot_update_current_angle 3...
[14:39:36.666] [ARM-RX] [3] current:-0.00, target:0.00, dir:1
[14:39:36.790] [ARM-RX] Soft resetting joint 1...
[14:39:36.851] [ARM-RX] robot_update_current_angle 1...
[14:39:36.851] [ARM-RX] [1] current:113.34, target:90.00, dir:-1
[14:39:38.642] [ARM-RX] soft reset joint 1 settle timeout, keep going
[14:39:38.642] [ARM-RX] Soft resetting joint 2...
[14:39:38.642] [ARM-RX] robot_update_current_angle 2...
[14:39:38.643] [ARM-RX] [2] current:-56.76, target:-90.00, dir:-1
[14:39:40.687] [ARM-RX] soft reset joint 2 settle timeout, keep going
[14:39:40.687] [ARM-RX] Soft resetting joint 0...
[14:39:40.687] [ARM-RX] robot_update_current_angle 0...
[14:39:40.687] [ARM-RX] [0] current:90.02, target:90.00, dir:-1
[14:39:40.811] [ARM-RX] soft reset verify not pass, start refine loop...
[14:39:40.873] [ARM-RX] soft reset refine joint 2 round 1: cur=-86.37 target=-90.00 err=3.63 dir=-1
[14:39:41.806] [ARM-RX] soft reset refine pass 1 success.
[14:39:41.806] [ARM-RX] soft reset final verify PASS (issues:2), pose set HOME.
[14:39:42.390] [ARM-TX] 发送命令 auto 0 -132 -5: auto 0 -132 -5
[14:39:42.427] [ARM-RX] Found handler for 'auto', executing...
[14:39:42.427] [ARM-RX] ROBOT_AUTO_EVENT
[14:39:42.427] [ARM-RX] [0] <0.00 0.00 0.00> result: 90.00 90.00 -90.00 0.00 90.00 0.00
[14:39:42.428] [ARM-RX] [1] <0.00 -0.00 -0.00> result: 90.00 90.00 -90.00 0.00 90.00 0.00
[14:39:42.428] [ARM-RX] [2] <0.00 -0.00 -0.00> result: 90.00 90.00 -90.00 0.00 90.00 0.00
[14:39:42.428] [ARM-RX] [
[14:39:42.450] [ARM-RX] 3] <0.00 -0.01 -0.00> result: 90.00 90.00 -90.00 0.00 90.00 0.00
[14:39:42.451] [ARM-RX] [4] <0.00 -0.01 -0.00> result: 90.00 90.00 -90.00 0.00 90.00 0.00
[14:39:42.451] [ARM-RX] [5] <0.00 -0.02 -0.00> result: 90.00 90.01 -89.99 0.00 90.00 0.00
[14:39:42.451] [ARM-RX] [6] <0.00 -0.03 -0.00> result: 90.00 90.01 -89.99 0.00 9
[14:39:42.473] [ARM-RX] 0.00 0.00
[14:39:42.474] [ARM-RX] [7] <0.00 -0.05 -0.00> result: 90.00 90.02 -89.99 0.00 90.00 0.00
[14:39:42.474] [ARM-RX] [8] <0.00 -0.07 -0.00> result: 90.00 90.02 -89.98 0.00 90.00 0.00
[14:39:42.474] [ARM-RX] [9] <0.00 -0.10 -0.00> result: 90.00 90.03 -89.97 0.00 90.00 0.00
[14:39:42.474] [ARM-RX] [10] <0.00 -0.14 -0.01> result: 90.00 90.05
[14:39:42.496] [ARM-RX] -89.96 0.00 90.01 0.00
[14:39:42.496] [ARM-RX] [11] <0.00 -0.18 -0.01> result: 90.00 90.06 -89.95 0.00 90.01 0.00
[14:39:42.497] [ARM-RX] [12] <0.00 -0.23 -0.01> result: 90.00 90.08 -89.93 0.00 90.01 0.00
[14:39:42.497] [ARM-RX] [13] <0.00 -0.29 -0.01> result: 90.00 90.10 -89.92 0.00 90.01 0.00
[14:39:42.497] [ARM-RX] [14] <0.00 -0.36 -0.01> resu
[14:39:42.522] [ARM-RX] lt: 90.00 90.12 -89.90 0.00 90.02 0.00
[14:39:42.522] [ARM-RX] [15] <0.00 -0.44 -0.02> result: 90.00 90.15 -89.87 0.00 90.02 0.00
[14:39:42.522] [ARM-RX] [16] <0.00 -0.54 -0.02> result: 90.00 90.17 -89.85 0.00 90.02 0.00
[14:39:42.522] [ARM-RX] [17] <0.00 -0.64 -0.02> result: 90.00 90.21 -89.82 0.00 90.03 0.00
[14:39:42.523] [ARM-RX] [18] <0.00 -
[14:39:42.542] [ARM-RX] 0.75 -0.03> result: 90.00 90.25 -89.79 0.00 90.03 0.00
[14:39:42.542] [ARM-RX] [19] <0.00 -0.88 -0.03> result: 90.00 90.29 -89.75 0.00 90.04 0.00
[14:39:42.542] [ARM-RX] [20] <0.00 -1.02 -0.04> result: 90.00 90.33 -89.71 0.00 90.04 0.00
[14:39:42.543] [ARM-RX] [21] <0.00 -1.18 -0.04> result: 90.00 90.38 -89.67 0.00 90.05 0.
[14:39:42.564] [ARM-RX] 00
[14:39:42.564] [ARM-RX] [22] <0.00 -1.35 -0.05> result: 90.00 90.44 -89.62 0.00 90.05 0.00
[14:39:42.565] [ARM-RX] [23] <0.00 -1.53 -0.06> result: 90.00 90.50 -89.57 0.00 90.06 0.00
[14:39:42.565] [ARM-RX] [24] <0.00 -1.74 -0.07> result: 90.00 90.56 -89.51 0.00 90.07 0.00
[14:39:42.565] [ARM-RX] [25] <0.00 -1.95 -0.07> result: 90.00 90.63 -89.
[14:39:42.599] [ARM-RX] 45 0.00 90.07 0.00
[14:39:42.599] [ARM-RX] [26] <0.00 -2.19 -0.08> result: 90.00 90.70 -89.38 0.00 90.08 0.00
[14:39:42.599] [ARM-RX] [27] <0.00 -2.44 -0.09> result: 90.00 90.78 -89.31 0.00 90.09 0.00
[14:39:42.599] [ARM-RX] [28] <0.00 -2.72 -0.10> result: 90.00 90.87 -89.23 0.00 90.10 0.00
[14:39:42.599] [ARM-RX] [29] <0.00 -3.01 -0.11> result:
[14:39:42.625] [ARM-RX] 90.00 90.96 -89.15 0.00 90.10 0.00
[14:39:42.625] [ARM-RX] [30] <0.00 -3.32 -0.13> result: 90.00 91.05 -89.06 0.00 90.11 0.00
[14:39:42.625] [ARM-RX] [31] <0.00 -3.65 -0.14> result: 90.00 91.15 -88.96 0.00 90.12 0.00
[14:39:42.625] [ARM-RX] [32] <0.00 -4.00 -0.15> result: 90.00 91.26 -88.86 0.00 90.12 0.00
[14:39:42.626] [ARM-RX] [33] <0.00 -4.37
[14:39:42.646] [ARM-RX] -0.17> result: 90.00 91.37 -88.76 0.00 90.13 0.00
[14:39:42.646] [ARM-RX] [34] <0.00 -4.77 -0.18> result: 90.00 91.49 -88.64 0.00 90.14 0.00
[14:39:42.646] [ARM-RX] [35] <0.00 -5.18 -0.20> result: 90.00 91.62 -88.53 0.00 90.14 0.00
[14:39:42.646] [ARM-RX] [36] <0.00 -5.62 -0.21> result: 90.00 91.74 -88.40 0.00 90.15 0.00
[14:39:42.667] [ARM-RX] [37] <0.00 -6.08 -0.23> result: 90.00 91.88 -88.27 0.00 90.15 0.00
[14:39:42.667] [ARM-RX] [38] <0.00 -6.57 -0.25> result: 90.00 92.02 -88.13 0.00 90.15 0.00
[14:39:42.668] [ARM-RX] [39] <0.00 -7.08 -0.27> result: 90.00 92.17 -87.98 0.00 90.15 0.00
[14:39:42.668] [ARM-RX] [40] <0.00 -7.61 -0.29> result: 90.00 92.32 -87.83 0
[14:39:42.690] [ARM-RX] .00 90.15 0.00
[14:39:42.691] [ARM-RX] [41] <0.00 -8.17 -0.31> result: 90.00 92.48 -87.67 0.00 90.15 0.00
[14:39:42.691] [ARM-RX] [42] <0.00 -8.75 -0.33> result: 90.00 92.64 -87.50 0.00 90.14 0.00
[14:39:42.691] [ARM-RX] [43] <0.00 -9.36 -0.35> result: 90.00 92.81 -87.33 0.00 90.14 0.00
[14:39:42.691] [ARM-RX] [44] <0.00 -10.00 -0.38> result: 90.
[14:39:42.713] [ARM-RX] 00 92.99 -87.14 0.00 90.13 0.00
[14:39:42.713] [ARM-RX] [45] <0.00 -10.66 -0.40> result: 90.00 93.17 -86.95 0.00 90.12 0.00
[14:39:42.714] [ARM-RX] [46] <0.00 -11.35 -0.43> result: 90.00 93.35 -86.76 0.00 90.11 0.00
[14:39:42.714] [ARM-RX] [47] <0.00 -12.06 -0.46> result: 90.00 93.54 -86.55 0.00 90.09 0.00
[14:39:42.714] [ARM-RX] [48] <0.00 -12.8
[14:39:42.737] [ARM-RX] 0 -0.49> result: 90.00 93.74 -86.33 0.00 90.07 0.00
[14:39:42.737] [ARM-RX] [49] <0.00 -13.57 -0.51> result: 90.00 93.94 -86.11 0.00 90.05 0.00
[14:39:42.737] [ARM-RX] [50] <0.00 -14.37 -0.54> result: 90.00 94.14 -85.88 0.00 90.03 0.00
[14:39:42.737] [ARM-RX] [51] <0.00 -15.20 -0.58> result: 90.00 94.36 -85.64 0.00 90.00 0.
[14:39:42.759] [ARM-RX] 00
[14:39:42.759] [ARM-RX] [52] <0.00 -16.05 -0.61> result: 90.00 94.57 -85.39 0.00 89.97 0.00
[14:39:42.760] [ARM-RX] [53] <0.00 -16.93 -0.64> result: 90.00 94.79 -85.14 0.00 89.93 0.00
[14:39:42.760] [ARM-RX] [54] <0.00 -17.85 -0.68> result: 90.00 95.02 -84.87 0.00 89.89 0.00
[14:39:42.760] [ARM-RX] [55] <0.00 -18.79 -0.71> result: 90.00 95.25
[14:39:42.793] [ARM-RX] -84.60 0.00 89.85 0.00
[14:39:42.793] [ARM-RX] [56] <0.00 -19.76 -0.75> result: 90.00 95.48 -84.32 0.00 89.80 0.00
[14:39:42.793] [ARM-RX] [57] <0.00 -20.75 -0.79> result: 90.00 95.72 -84.03 0.00 89.75 0.00
[14:39:42.794] [ARM-RX] [58] <0.00 -21.78 -0.83> result: 90.00 95.97 -83.72 0.00 89.69 0.00
[14:39:42.794] [ARM-RX] [59] <0.00 -22.84 -0.87>
[14:39:42.816] [ARM-RX] result: 90.00 96.22 -83.42 0.00 89.63 0.00
[14:39:42.816] [ARM-RX] [60] <0.00 -23.93 -0.91> result: 90.00 96.47 -83.10 0.00 89.57 0.00
[14:39:42.816] [ARM-RX] [61] <0.00 -25.05 -0.95> result: 90.00 96.72 -82.77 0.00 89.49 0.00
[14:39:42.817] [ARM-RX] [62] <0.00 -26.19 -0.99> result: 90.00 96.99 -82.43 0.00 89.42 0.00
[14:39:42.817] [ARM-RX] [63]
[14:39:42.839] [ARM-RX] <0.00 -27.37 -1.04> result: 90.00 97.25 -82.09 0.00 89.34 0.00
[14:39:42.840] [ARM-RX] [64] <0.00 -28.58 -1.08> result: 90.00 97.52 -81.73 0.00 89.25 0.00
[14:39:42.840] [ARM-RX] [65] <0.00 -29.81 -1.13> result: 90.00 97.79 -81.37 0.00 89.16 0.00
[14:39:42.840] [ARM-RX] [66] <0.00 -31.08 -1.18> result: 90.00 98.07 -80.99 0.
[14:39:42.864] [ARM-RX] 00 89.06 0.00
[14:39:42.864] [ARM-RX] [67] <0.00 -32.38 -1.23> result: 90.00 98.35 -80.61 0.00 88.96 0.00
[14:39:42.865] [ARM-RX] [68] <0.00 -33.71 -1.28> result: 90.00 98.63 -80.22 0.00 88.85 0.00
[14:39:42.865] [ARM-RX] [69] <0.00 -35.06 -1.33> result: 90.00 98.92 -79.82 0.00 88.74 0.00
[14:39:42.865] [ARM-RX] [70] <0.00 -36.45 -1.38> result: 9
[14:39:42.885] [ARM-RX] 0.00 99.21 -79.41 0.00 88.62 0.00
[14:39:42.885] [ARM-RX] [71] <0.00 -37.87 -1.43> result: 90.00 99.51 -78.99 0.00 88.50 0.00
[14:39:42.885] [ARM-RX] [72] <0.00 -39.31 -1.49> result: 90.00 99.81 -78.56 0.00 88.37 0.00
[14:39:42.886] [ARM-RX] [73] <0.00 -40.79 -1.54> result: 90.00 100.11 -78.12 0.00 88.23 0.00
[14:39:42.886] [ARM-RX] [74] <0.00 -4
[14:39:42.908] [ARM-RX] 2.29 -1.60> result: 90.00 100.42 -77.67 0.00 88.09 0.00
[14:39:42.908] [ARM-RX] [75] <0.00 -43.83 -1.66> result: 90.00 100.72 -77.21 0.00 87.94 0.00
[14:39:42.909] [ARM-RX] [76] <0.00 -45.39 -1.72> result: 90.00 101.04 -76.75 0.00 87.78 0.00
[14:39:42.909] [ARM-RX] [77] <0.00 -46.98 -1.78> result: 90.00 101.35 -76.27 0.00 8
[14:39:42.931] [ARM-RX] 7.62 0.00
[14:39:42.932] [ARM-RX] [78] <0.00 -48.60 -1.84> result: 90.00 101.67 -75.78 0.00 87.46 0.00
[14:39:42.932] [ARM-RX] [79] <0.00 -50.25 -1.90> result: 90.00 101.99 -75.29 0.00 87.28 0.00
[14:39:42.932] [ARM-RX] [80] <0.00 -51.93 -1.97> result: 90.00 102.32 -74.79 0.00 87.11 0.00
[14:39:42.932] [ARM-RX] [81] <0.00 -53.64 -2.03> result: 90
[14:39:42.966] [ARM-RX] .00 102.65 -74.27 0.00 86.92 0.00
[14:39:42.966] [ARM-RX] [82] <0.00 -55.37 -2.10> result: 90.00 102.98 -73.75 0.00 86.73 0.00
[14:39:42.966] [ARM-RX] [83] <0.00 -57.13 -2.16> result: 90.00 103.32 -73.22 0.00 86.54 0.00
[14:39:42.967] [ARM-RX] [84] <0.00 -58.92 -2.23> result: 90.00 103.66 -72.68 0.00 86.33 0.00
[14:39:42.967] [ARM-RX] [85] <0.00
[14:39:42.988] [ARM-RX] -60.73 -2.30> result: 90.00 104.00 -72.13 0.00 86.13 0.00
[14:39:42.989] [ARM-RX] [86] <0.00 -62.57 -2.37> result: 90.00 104.34 -71.57 0.00 85.91 0.00
[14:39:42.989] [ARM-RX] [87] <0.00 -64.44 -2.44> result: 90.00 104.69 -71.00 0.00 85.69 0.00
[14:39:42.989] [ARM-RX] [88] <0.00 -66.33 -2.51> result: 90.00 105.04 -70.43 0.00
[14:39:43.011] [ARM-RX] 85.47 0.00
[14:39:43.011] [ARM-RX] [89] <0.00 -68.25 -2.59> result: 90.00 105.40 -69.84 0.00 85.24 0.00
[14:39:43.012] [ARM-RX] [90] <0.00 -70.20 -2.66> result: 90.00 105.75 -69.25 0.00 85.00 0.00
[14:39:43.012] [ARM-RX] [91] <0.00 -72.17 -2.73> result: 90.00 106.11 -68.64 0.00 84.76 0.00
[14:39:43.012] [ARM-RX] [92] <0.00 -74.16 -2.81> result:
[14:39:43.035] [ARM-RX] 90.00 106.48 -68.03 0.00 84.51 0.00
[14:39:43.035] [ARM-RX] [93] <0.00 -76.17 -2.89> result: 90.00 106.84 -67.41 0.00 84.26 0.00
[14:39:43.036] [ARM-RX] [94] <0.00 -78.21 -2.96> result: 90.00 107.21 -66.79 0.00 84.00 0.00
[14:39:43.036] [ARM-RX] [95] <0.00 -80.28 -3.04> result: 90.00 107.58 -66.15 0.00 83.73 0.00
[14:39:43.036] [ARM-RX] [96] <0.0
[14:39:43.057] [ARM-RX] 0 -82.36 -3.12> result: 90.00 107.96 -65.50 0.00 83.46 0.00
[14:39:43.057] [ARM-RX] [97] <0.00 -84.47 -3.20> result: 90.00 108.34 -64.85 0.00 83.19 0.00
[14:39:43.057] [ARM-RX] [98] <0.00 -86.60 -3.28> result: 90.00 108.72 -64.19 0.00 82.91 0.00
[14:39:43.057] [ARM-RX] [99] <0.00 -88.75 -3.36> result: 90.00 109.10 -63.52 0.
[14:39:43.080] [ARM-RX] 00 82.62 0.00
[14:39:43.080] [ARM-RX] [100] <0.00 -90.92 -3.44> result: 90.00 109.49 -62.84 0.00 82.33 0.00
[14:39:43.081] [ARM-RX] [101] <0.00 -93.11 -3.53> result: 90.00 109.87 -62.16 0.00 82.03 0.00
[14:39:43.081] [ARM-RX] [102] <0.00 -95.32 -3.61> result: 90.00 110.27 -61.46 0.00 81.73 0.00
[14:39:43.081] [ARM-RX] [103] <0.00 -97.54 -3.69> re
[14:39:43.103] [ARM-RX] sult: 90.00 110.66 -60.76 0.00 81.42 0.00
[14:39:43.103] [ARM-RX] [104] <0.00 -99.79 -3.78> result: 90.00 111.06 -60.06 0.00 81.11 0.00
[14:39:43.103] [ARM-RX] [105] <0.00 -102.05 -3.87> result: 90.00 111.46 -59.34 0.00 80.80 0.00
[14:39:43.103] [ARM-RX] [106] <0.00 -104.33 -3.95> result: 90.00 111.86 -58.62 0.00 80.47 0.00
[14:39:43.126] [ARM-RX] [107] <0.00 -106.63 -4.04> result: 90.00 112.26 -57.89 0.00 80.15 0.00
[14:39:43.126] [ARM-RX] [108] <0.00 -108.94 -4.13> result: 90.00 112.67 -57.15 0.00 79.82 0.00
[14:39:43.126] [ARM-RX] [109] <0.00 -111.27 -4.21> result: 90.00 113.08 -56.41 0.00 79.48 0.00
[14:39:43.127] [ARM-RX] [110] <0.00 -113.62 -4.30> result: 90.
[14:39:43.160] [ARM-RX] 00 113.49 -55.65 0.00 79.14 0.00
[14:39:43.160] [ARM-RX] [111] <0.00 -115.97 -4.39> result: 90.00 113.91 -54.90 0.00 78.80 0.00
[14:39:43.160] [ARM-RX] [112] <0.00 -118.34 -4.48> result: 90.00 114.32 -54.13 0.00 78.45 0.00
[14:39:43.160] [ARM-RX] [113] <0.00 -120.73 -4.57> result: 90.00 114.74 -53.36 0.00 78.10 0.00
[14:39:43.162] [ARM-RX] [114]
[14:39:43.183] [ARM-RX] <0.00 -123.12 -4.66> result: 90.00 115.16 -52.58 0.00 77.74 0.00
[14:39:43.183] [ARM-RX] [115] <0.00 -125.53 -4.75> result: 90.00 115.59 -51.80 0.00 77.38 0.00
[14:39:43.183] [ARM-RX] [116] <0.00 -127.94 -4.85> result: 90.00 116.01 -51.01 0.00 77.02 0.00
[14:39:43.184] [ARM-RX] [117] <0.00 -130.37 -4.94> result: 90.00 116.4
[14:39:43.206] [ARM-RX] 4 -50.21 0.00 76.65 0.00
[14:39:43.207] [ARM-RX] [118] <0.00 -132.00 -5.00> result: 90.00 116.73 -49.67 0.00 76.40 0.00
[14:39:43.207] [ARM-RX] [119] <0.00 -132.00 -5.00> result: 90.00 116.73 -49.67 0.00 76.40 0.00
[14:39:43.207] [ARM-RX] [120] <0.00 -132.00 -5.00> result: 90.00 116.73 -49.67 0.00 76.40 0.00
[14:39:43.207] [ARM-RX] [121] <0.00 -1
[14:39:43.229] [ARM-RX] 32.00 -5.00> result: 90.00 116.73 -49.67 0.00 76.40 0.00
[14:39:43.230] [ARM-RX] [122] <0.00 -132.00 -5.00> result: 90.00 116.73 -49.67 0.00 76.40 0.00
[14:39:43.230] [ARM-RX] [123] <0.00 -132.00 -5.00> result: 90.00 116.73 -49.67 0.00 76.40 0.00
[14:39:43.230] [ARM-RX] [124] <0.00 -132.00 -5.00> result: 90.00 116.73 -49.67
[14:39:43.252] [ARM-RX] 0.00 76.40 0.00
[14:39:43.254] [ARM-RX] [125] <0.00 -132.00 -5.00> result: 90.00 116.73 -49.67 0.00 76.40 0.00
[14:39:43.260] [ARM-RX] [126] <0.00 -132.00 -5.00> result: 90.00 116.73 -49.67 0.00 76.40 0.00
[14:39:43.260] [ARM-RX] [127] <0.00 -132.00 -5.00> result: 90.00 116.73 -49.67 0.00 76.40 0.00
[14:39:43.260] [ARM-RX] [128] <0.00 -132.00 -5
[14:39:43.275] [ARM-RX] .00> result: 90.00 116.73 -49.67 0.00 76.40 0.00
[14:39:43.276] [ARM-RX] [129] <0.00 -132.00 -5.00> result: 90.00 116.73 -49.67 0.00 76.40 0.00
[14:39:43.276] [ARM-RX] [130] <0.00 -132.00 -5.00> result: 90.00 116.73 -49.67 0.00 76.40 0.00
[14:39:43.276] [ARM-RX] [131] <0.00 -132.00 -5.00> result: 90.00 116.73 -49.67 0.00 76
[14:39:43.298] [ARM-RX] .40 0.00
[14:39:43.299] [ARM-RX] [132] <0.00 -132.00 -5.00> result: 90.00 116.73 -49.67 0.00 76.40 0.00
[14:39:43.299] [ARM-RX] [133] <0.00 -132.00 -5.00> result: 90.00 116.73 -49.67 0.00 76.40 0.00
[14:39:43.299] [ARM-RX] [134] <0.00 -132.00 -5.00> result: 90.00 116.73 -49.67 0.00 76.40 0.00
[14:39:43.299] [ARM-RX] [135] <0.00 -132.00 -5.00> res
[14:39:43.334] [ARM-RX] ult: 90.00 116.73 -49.67 0.00 76.40 0.00
[14:39:43.334] [ARM-RX] [136] <0.00 -132.00 -5.00> result: 90.00 116.73 -49.67 0.00 76.40 0.00
[14:39:43.335] [ARM-RX] [137] <0.00 -132.00 -5.00> result: 90.00 116.73 -49.67 0.00 76.40 0.00
[14:39:43.335] [ARM-RX] [138] <0.00 -132.00 -5.00> result: 90.00 116.73 -49.67 0.00 76.40 0.00
[14:39:43.355] [ARM-RX] [139] <0.00 -132.00 -5.00> result: 90.00 116.73 -49.67 0.00 76.40 0.00
[14:39:43.355] [ARM-RX] [140] <0.00 -132.00 -5.00> result: 90.00 116.73 -49.67 0.00 76.40 0.00
[14:39:43.355] [ARM-RX] [141] <0.00 -132.00 -5.00> result: 90.00 116.73 -49.67 0.00 76.40 0.00
[14:39:43.357] [ARM-RX] [142] <0.00 -132.00 -5.00> result: 90.
[14:39:43.378] [ARM-RX] 00 116.73 -49.67 0.00 76.40 0.00
[14:39:43.379] [ARM-RX] [143] <0.00 -132.00 -5.00> result: 90.00 116.73 -49.67 0.00 76.40 0.00
[14:39:43.379] [ARM-RX] [144] <0.00 -132.00 -5.00> result: 90.00 116.73 -49.67 0.00 76.40 0.00
[14:39:43.379] [ARM-RX] [145] <0.00 -132.00 -5.00> result: 90.00 116.73 -49.67 0.00 76.40 0.00
[14:39:43.380] [ARM-RX] [146]
[14:39:43.401] [ARM-RX] <0.00 -132.00 -5.00> result: 90.00 116.73 -49.67 0.00 76.40 0.00
[14:39:43.402] [ARM-RX] [147] <0.00 -132.00 -5.00> result: 90.00 116.73 -49.67 0.00 76.40 0.00
[14:39:43.402] [ARM-RX] [148] <0.00 -132.00 -5.00> result: 90.00 116.73 -49.67 0.00 76.40 0.00
[14:39:43.402] [ARM-RX] [149] <0.00 -132.00 -5.00> result: 90.00 116.7
[14:39:43.424] [ARM-RX] 3 -49.67 0.00 76.40 0.00
[14:39:43.424] [ARM-RX] [150] <0.00 -132.00 -5.00> result: 90.00 116.73 -49.67 0.00 76.40 0.00
[14:39:43.424] [ARM-RX] [151] <0.00 -132.00 -5.00> result: 90.00 116.73 -49.67 0.00 76.40 0.00
[14:39:43.425] [ARM-RX] [152] <0.00 -132.00 -5.00> result: 90.00 116.73 -49.67 0.00 76.40 0.00
[14:39:43.425] [ARM-RX] [153] <0.00 -1
[14:39:43.447] [ARM-RX] 32.00 -5.00> result: 90.00 116.73 -49.67 0.00 76.40 0.00
[14:39:43.447] [ARM-RX] [154] <0.00 -132.00 -5.00> result: 90.00 116.73 -49.67 0.00 76.40 0.00
[14:39:43.447] [ARM-RX] [155] <0.00 -132.00 -5.00> result: 90.00 116.73 -49.67 0.00 76.40 0.00
[14:39:43.447] [ARM-RX] [156] <0.00 -132.00 -5.00> result: 90.00 116.73 -49.67
[14:39:43.470] [ARM-RX] 0.00 76.40 0.00
[14:39:43.470] [ARM-RX] [157] <0.00 -132.00 -5.00> result: 90.00 116.73 -49.67 0.00 76.40 0.00
[14:39:43.470] [ARM-RX] [158] <0.00 -132.00 -5.00> result: 90.00 116.73 -49.67 0.00 76.40 0.00
[14:39:43.471] [ARM-RX] [159] <0.00 -132.00 -5.00> result: 90.00 116.73 -49.67 0.00 76.40 0.00
[14:39:43.471] [ARM-RX] [160] <0.00 -132.00 -5
[14:39:43.493] [ARM-RX] .00> result: 90.00 116.73 -49.67 0.00 76.40 0.00
[14:39:43.493] [ARM-RX] [161] <0.00 -132.00 -5.00> result: 90.00 116.73 -49.67 0.00 76.40 0.00
[14:39:43.494] [ARM-RX] [162] <0.00 -132.00 -5.00> result: 90.00 116.73 -49.67 0.00 76.40 0.00
[14:39:43.494] [ARM-RX] [163] <0.00 -132.00 -5.00> result: 90.00 116.73 -49.67 0.00 76
[14:39:43.526] [ARM-RX] .40 0.00
[14:39:43.528] [ARM-RX] [164] <0.00 -132.00 -5.00> result: 90.00 116.73 -49.67 0.00 76.40 0.00
[14:39:43.528] [ARM-RX] [165] <0.00 -132.00 -5.00> result: 90.00 116.73 -49.67 0.00 76.40 0.00
[14:39:43.534] [ARM-RX] [166] <0.00 -132.00 -5.00> result: 90.00 116.73 -49.67 0.00 76.40 0.00
[14:39:43.535] [ARM-RX] [167] <0.00 -132.00 -5.00> res
[14:39:43.551] [ARM-RX] ult: 90.00 116.73 -49.67 0.00 76.40 0.00
[14:39:43.552] [ARM-RX] [168] <0.00 -132.00 -5.00> result: 90.00 116.73 -49.67 0.00 76.40 0.00
[14:39:43.552] [ARM-RX] [169] <0.00 -132.00 -5.00> result: 90.00 116.73 -49.67 0.00 76.40 0.00
[14:39:43.552] [ARM-RX] [170] <0.00 -132.00 -5.00> result: 90.00 116.73 -49.67 0.00 76.40 0.00
[14:39:43.573] [ARM-RX] [171] <0.00 -132.00 -5.00> result: 90.00 116.73 -49.67 0.00 76.40 0.00
[14:39:43.573] [ARM-RX] [172] <0.00 -132.00 -5.00> result: 90.00 116.73 -49.67 0.00 76.40 0.00
[14:39:43.574] [ARM-RX] [173] <0.00 -132.00 -5.00> result: 90.00 116.73 -49.67 0.00 76.40 0.00
[14:39:43.574] [ARM-RX] [174] <0.00 -132.00 -5.00> result: 90.
[14:39:43.596] [ARM-RX] 00 116.73 -49.67 0.00 76.40 0.00
[14:39:43.597] [ARM-RX] [175] <0.00 -132.00 -5.00> result: 90.00 116.73 -49.67 0.00 76.40 0.00
[14:39:43.597] [ARM-RX] [176] <0.00 -132.00 -5.00> result: 90.00 116.73 -49.67 0.00 76.40 0.00
[14:39:43.598] [ARM-RX] [177] <0.00 -132.00 -5.00> result: 90.00 116.73 -49.67 0.00 76.40 0.00
[14:39:43.598] [ARM-RX] [178]
[14:39:43.624] [ARM-RX] <0.00 -132.00 -5.00> result: 90.00 116.73 -49.67 0.00 76.40 0.00
[14:39:43.624] [ARM-RX] [179] <0.00 -132.00 -5.00> result: 90.00 116.73 -49.67 0.00 76.40 0.00
[14:39:43.625] [ARM-RX] [180] <0.00 -132.00 -5.00> result: 90.00 116.73 -49.67 0.00 76.40 0.00
[14:39:43.625] [ARM-RX] [181] <0.00 -132.00 -5.00> result: 90.00 116.7
[14:39:43.642] [ARM-RX] 3 -49.67 0.00 76.40 0.00
[14:39:43.642] [ARM-RX] [182] <0.00 -132.00 -5.00> result: 90.00 116.73 -49.67 0.00 76.40 0.00
[14:39:43.642] [ARM-RX] [183] <0.00 -132.00 -5.00> result: 90.00 116.73 -49.67 0.00 76.40 0.00
[14:39:43.642] [ARM-RX] [184] <0.00 -132.00 -5.00> result: 90.00 116.73 -49.67 0.00 76.40 0.00
[14:39:43.642] [ARM-RX] [185] <0.00 -1
[14:39:43.666] [ARM-RX] 32.00 -5.00> result: 90.00 116.73 -49.67 0.00 76.40 0.00
[14:39:43.666] [ARM-RX] [186] <0.00 -132.00 -5.00> result: 90.00 116.73 -49.67 0.00 76.40 0.00
[14:39:43.666] [ARM-RX] [187] <0.00 -132.00 -5.00> result: 90.00 116.73 -49.67 0.00 76.40 0.00
[14:39:43.666] [ARM-RX] [188] <0.00 -132.00 -5.00> result: 90.00 116.73 -49.67
[14:39:43.700] [ARM-RX] 0.00 76.40 0.00
[14:39:43.700] [ARM-RX] [189] <0.00 -132.00 -5.00> result: 90.00 116.73 -49.67 0.00 76.40 0.00
[14:39:43.700] [ARM-RX] [190] <0.00 -132.00 -5.00> result: 90.00 116.73 -49.67 0.00 76.40 0.00
[14:39:43.700] [ARM-RX] [191] <0.00 -132.00 -5.00> result: 90.00 116.73 -49.67 0.00 76.40 0.00
[14:39:43.700] [ARM-RX] [192] <0.00 -132.00 -5
[14:39:43.723] [ARM-RX] .00> result: 90.00 116.73 -49.67 0.00 76.40 0.00
[14:39:43.723] [ARM-RX] [193] <0.00 -132.00 -5.00> result: 90.00 116.73 -49.67 0.00 76.40 0.00
[14:39:43.723] [ARM-RX] [194] <0.00 -132.00 -5.00> result: 90.00 116.73 -49.67 0.00 76.40 0.00
[14:39:43.723] [ARM-RX] [195] <0.00 -132.00 -5.00> result: 90.00 116.73 -49.67 0.00 76
[14:39:43.745] [ARM-RX] .40 0.00
[14:39:43.745] [ARM-RX] [196] <0.00 -132.00 -5.00> result: 90.00 116.73 -49.67 0.00 76.40 0.00
[14:39:43.745] [ARM-RX] [197] <0.00 -132.00 -5.00> result: 90.00 116.73 -49.67 0.00 76.40 0.00
[14:39:43.746] [ARM-RX] [198] <0.00 -132.00 -5.00> result: 90.00 116.73 -49.67 0.00 76.40 0.00
[14:39:43.746] [ARM-RX] [199] <0.00 -132.00 -5.00> res
[14:39:43.768] [ARM-RX] ult: 90.00 116.73 -49.67 0.00 76.40 0.00
[14:39:43.768] [ARM-RX] [200] <0.00 -132.00 -5.00> result: 90.00 116.73 -49.67 0.00 76.40 0.00
[14:39:43.768] [ARM-RX] [201] <0.00 -132.00 -5.00> result: 90.00 116.73 -49.67 0.00 76.40 0.00
[14:39:43.769] [ARM-RX] [202] <0.00 -132.00 -5.00> result: 90.00 116.73 -49.67 0.00 76.40 0.00
[14:39:43.791] [ARM-RX] [203] <0.00 -132.00 -5.00> result: 90.00 116.73 -49.67 0.00 76.40 0.00
[14:39:43.792] [ARM-RX] [204] <0.00 -132.00 -5.00> result: 90.00 116.73 -49.67 0.00 76.40 0.00
[14:39:43.792] [ARM-RX] [205] <0.00 -132.00 -5.00> result: 90.00 116.73 -49.67 0.00 76.40 0.00
[14:39:43.792] [ARM-RX] [206] <0.00 -132.00 -5.00> result: 90.
[14:39:43.814] [ARM-RX] 00 116.73 -49.67 0.00 76.40 0.00
[14:39:43.814] [ARM-RX] [207] <0.00 -132.00 -5.00> result: 90.00 116.73 -49.67 0.00 76.40 0.00
[14:39:43.814] [ARM-RX] [208] <0.00 -132.00 -5.00> result: 90.00 116.73 -49.67 0.00 76.40 0.00
[14:39:43.815] [ARM-RX] [209] <0.00 -132.00 -5.00> result: 90.00 116.73 -49.67 0.00 76.40 0.00
[14:39:43.815] [ARM-RX] [210]
[14:39:43.837] [ARM-RX] <0.00 -132.00 -5.00> result: 90.00 116.73 -49.67 0.00 76.40 0.00
[14:39:43.837] [ARM-RX] [211] <0.00 -132.00 -5.00> result: 90.00 116.73 -49.67 0.00 76.40 0.00
[14:39:43.838] [ARM-RX] [212] <0.00 -132.00 -5.00> result: 90.00 116.73 -49.67 0.00 76.40 0.00
[14:39:43.838] [ARM-RX] [213] <0.00 -132.00 -5.00> result: 90.00 116.7
[14:39:43.860] [ARM-RX] 3 -49.67 0.00 76.40 0.00
[14:39:43.860] [ARM-RX] [214] <0.00 -132.00 -5.00> result: 90.00 116.73 -49.67 0.00 76.40 0.00
[14:39:43.861] [ARM-RX] [215] <0.00 -132.00 -5.00> result: 90.00 116.73 -49.67 0.00 76.40 0.00
[14:39:43.861] [ARM-RX] [216] <0.00 -132.00 -5.00> result: 90.00 116.73 -49.67 0.00 76.40 0.00
[14:39:43.861] [ARM-RX] [217] <0.00 -1
[14:39:43.896] [ARM-RX] 32.00 -5.00> result: 90.00 116.73 -49.67 0.00 76.40 0.00
[14:39:43.896] [ARM-RX] [218] <0.00 -132.00 -5.00> result: 90.00 116.73 -49.67 0.00 76.40 0.00
[14:39:43.896] [ARM-RX] [219] <0.00 -132.00 -5.00> result: 90.00 116.73 -49.67 0.00 76.40 0.00
[14:39:43.896] [ARM-RX] [220] <0.00 -132.00 -5.00> result: 90.00 116.73 -49.67
[14:39:43.917] [ARM-RX] 0.00 76.40 0.00
[14:39:43.918] [ARM-RX] [221] <0.00 -132.00 -5.00> result: 90.00 116.73 -49.67 0.00 76.40 0.00
[14:39:43.918] [ARM-RX] [222] <0.00 -132.00 -5.00> result: 90.00 116.73 -49.67 0.00 76.40 0.00
[14:39:43.918] [ARM-RX] [223] <0.00 -132.00 -5.00> result: 90.00 116.73 -49.67 0.00 76.40 0.00
[14:39:43.919] [ARM-RX] [224] <0.00 -132.00 -5
[14:39:43.940] [ARM-RX] .00> result: 90.00 116.73 -49.67 0.00 76.40 0.00
[14:39:43.941] [ARM-RX] [225] <0.00 -132.00 -5.00> result: 90.00 116.73 -49.67 0.00 76.40 0.00
[14:39:43.941] [ARM-RX] [226] <0.00 -132.00 -5.00> result: 90.00 116.73 -49.67 0.00 76.40 0.00
[14:39:43.941] [ARM-RX] [227] <0.00 -132.00 -5.00> result: 90.00 116.73 -49.67 0.00 76
[14:39:43.963] [ARM-RX] .40 0.00
[14:39:43.963] [ARM-RX] [228] <0.00 -132.00 -5.00> result: 90.00 116.73 -49.67 0.00 76.40 0.00
[14:39:43.963] [ARM-RX] [229] <0.00 -132.00 -5.00> result: 90.00 116.73 -49.67 0.00 76.40 0.00
[14:39:43.963] [ARM-RX] [230] <0.00 -132.00 -5.00> result: 90.00 116.73 -49.67 0.00 76.40 0.00
[14:39:43.965] [ARM-RX] [231] <0.00 -132.00 -5.00> res
[14:39:43.987] [ARM-RX] ult: 90.00 116.73 -49.67 0.00 76.40 0.00
[14:39:43.987] [ARM-RX] [232] <0.00 -132.00 -5.00> result: 90.00 116.73 -49.67 0.00 76.40 0.00
[14:39:43.987] [ARM-RX] [233] <0.00 -132.00 -5.00> result: 90.00 116.73 -49.67 0.00 76.40 0.00
[14:39:43.988] [ARM-RX] [234] <0.00 -132.00 -5.00> result: 90.00 116.73 -49.67 0.00 76.40 0.00
[14:39:44.008] [ARM-RX] [235] <0.00 -132.00 -5.00> result: 90.00 116.73 -49.67 0.00 76.40 0.00
[14:39:44.008] [ARM-RX] [236] <0.00 -132.00 -5.00> result: 90.00 116.73 -49.67 0.00 76.40 0.00
[14:39:44.008] [ARM-RX] [237] <0.00 -132.00 -5.00> result: 90.00 116.73 -49.67 0.00 76.40 0.00
[14:39:44.009] [ARM-RX] [238] <0.00 -132.00 -5.00> result: 90.
[14:39:44.032] [ARM-RX] 00 116.73 -49.67 0.00 76.40 0.00
[14:39:44.032] [ARM-RX] [239] <0.00 -132.00 -5.00> result: 90.00 116.73 -49.67 0.00 76.40 0.00
[14:39:44.032] [ARM-RX] [240] <0.00 -132.00 -5.00> result: 90.00 116.73 -49.67 0.00 76.40 0.00
[14:39:44.032] [ARM-RX] [241] <0.00 -132.00 -5.00> result: 90.00 116.73 -49.67 0.00 76.40 0.00
[14:39:44.032] [ARM-RX] [242]
[14:39:44.066] [ARM-RX] <0.00 -132.00 -5.00> result: 90.00 116.73 -49.67 0.00 76.40 0.00
[14:39:44.066] [ARM-RX] [243] <0.00 -132.00 -5.00> result: 90.00 116.73 -49.67 0.00 76.40 0.00
[14:39:44.067] [ARM-RX] [244] <0.00 -132.00 -5.00> result: 90.00 116.73 -49.67 0.00 76.40 0.00
[14:39:44.067] [ARM-RX] [245] <0.00 -132.00 -5.00> result: 90.00 116.7
[14:39:44.089] [ARM-RX] 3 -49.67 0.00 76.40 0.00
[14:39:44.089] [ARM-RX] [246] <0.00 -132.00 -5.00> result: 90.00 116.73 -49.67 0.00 76.40 0.00
[14:39:44.089] [ARM-RX] [247] <0.00 -132.00 -5.00> result: 90.00 116.73 -49.67 0.00 76.40 0.00
[14:39:44.089] [ARM-RX] [248] <0.00 -132.00 -5.00> result: 90.00 116.73 -49.67 0.00 76.40 0.00
[14:39:44.089] [ARM-RX] [249] <0.00 -1
[14:39:44.112] [ARM-RX] 32.00 -5.00> result: 90.00 116.73 -49.67 0.00 76.40 0.00
[14:39:44.113] [ARM-RX] [250] <0.00 -132.00 -5.00> result: 90.00 116.73 -49.67 0.00 76.40 0.00
[14:39:44.113] [ARM-RX] [251] <0.00 -132.00 -5.00> result: 90.00 116.73 -49.67 0.00 76.40 0.00
[14:39:44.113] [ARM-RX] [252] <0.00 -132.00 -5.00> result: 90.00 116.73 -49.67
[14:39:44.135] [ARM-RX] 0.00 76.40 0.00
[14:39:44.136] [ARM-RX] [253] <0.00 -132.00 -5.00> result: 90.00 116.73 -49.67 0.00 76.40 0.00
[14:39:44.136] [ARM-RX] [254] <0.00 -132.00 -5.00> result: 90.00 116.73 -49.67 0.00 76.40 0.00
[14:39:44.136] [ARM-RX] [255] <0.00 -132.00 -5.00> result: 90.00 116.73 -49.67 0.00 76.40 0.00
[14:39:44.136] [ARM-RX] [256] <0.00 -132.00 -5
[14:39:44.157] [ARM-RX] .00> result: 90.00 116.73 -49.67 0.00 76.40 0.00
[14:39:44.157] [ARM-RX] [257] <0.00 -132.00 -5.00> result: 90.00 116.73 -49.67 0.00 76.40 0.00
[14:39:44.158] [ARM-RX] [258] <0.00 -132.00 -5.00> result: 90.00 116.73 -49.67 0.00 76.40 0.00
[14:39:44.158] [ARM-RX] [259] <0.00 -132.00 -5.00> result: 90.00 116.73 -49.67 0.00 76
[14:39:44.221] [ARM-RX] .40 0.00
[14:39:44.221] [ARM-RX] [260] <0.00 -132.00 -5.00> result: 90.00 116.73 -49.67 0.00 76.40 0.00
[14:39:44.221] [ARM-RX] [261] <0.00 -132.00 -5.00> result: 90.00 116.73 -49.67 0.00 76.40 0.00
[14:39:48.424] [ARM-RX] AUTO final confirm failed: joint 2 err=35.80deg tol=3.00, pose invalid.
[14:40:31.657] [ARM-TX] 发送命令 soft_reset: soft_reset
[14:40:46.432] [JETSON-INFO] 已停止周期视觉发送
