[16:07:58.361] [APP-INFO] 已刷新串口: COM27, COM22, COM21
[16:07:58.361] [APP-INFO] log file: E:\Renesas\RA6M5-Robot\Robot_FreeRTOS - Arm\UpperComputer\dist\logs\ra6m5_upper_console_20260718_160758.log
[16:08:05.363] [APP-INFO] 已刷新串口: COM27, COM22, COM21
[16:08:05.534] [APP-INFO] 已刷新串口: COM27, COM22, COM21
[16:08:10.297] [ARM-INFO] opened COM27 @ 115200
[16:08:10.849] [ARM-RX] [JETSON_UART] rx_bytes=247021 frames_ok=20422 crc_fail=0 overflo[JETSON_UART] rx_bytes=247021 frames_ok=20422 crc_fail=0 overflo1 last_seq=121
[16:08:11.748] [ARM-TX] 发送命令 soft_reset: soft_reset
[16:08:11.785] [ARM-RX] uart cmd parse error: 'uart cmd parse error: 'uart cm@`@`re`'
[16:08:11.846] [ARM-RX] [JETSON_UART] rx_bytes=247021 frames_ok=20422 crc_fail=0 overflow=0 tx_ok=322 tx_start_fail=0 tx_timeout=0 last_type=0x0
[16:08:11.909] [ARM-RX] 1 last_seq=121
[16:08:12.902] [ARM-RX] [JETSON_UART] rx_bytes=247021 frames_ok=20422 crc_fail=0 overflow=0 tx_ok=322 tx_start_fail=0 tx_timeout=0 last_type=0x01 last_seq=121
[16:08:13.894] [ARM-RX] [JETSON_UART] rx_bytes=247021 frames_ok=20422 crc_fail=0 overflow=0 tx_ok=322 tx_start_fail=0 tx_timeout=0 last_type=0x01 last_seq=121
[16:08:14.889] [ARM-RX] [JETSON_UART] rx_bytes=247021 frames_ok=20422 crc_fail=0 overflow=0 tx_ok=322 tx_start_fail=0 tx_timeout=0 last_type=0x01 last_seq=121
[16:08:15.883] [ARM-RX] [JETSON_UART] rx_bytes=247021 frames_ok=20422 crc_fail=0 overflow=0 tx_ok=322 tx_start_fail=0 tx_timeout=0 last_type=0x01 last_seq=121
[16:08:16.668] [ARM-TX] 发送命令 soft_reset: soft_reset
[16:08:16.689] [ARM-RX] Found handler for 'soft_reset', executing...
[16:08:16.689] [ARM-RX] ROBOT_SOFT_RESET_EVENT
[16:08:16.690] [ARM-RX] --- Starting soft reset ---
[16:08:16.874] [ARM-RX] [JETSON_UART] rx_bytes=247021 frames_ok=20422 crc_fail=0 overflow=0 tx_ok=322 tx_start_fail=0 tx_timeout=0 last_type=0x01 last_seq=121
[16:08:16.937] [ARM-RX] Soft reset motors enabled (J1~J5, J6 skipped).
[16:08:16.938] [ARM-RX] Soft resetting joint 4...
[16:08:16.938] [ARM-RX] robot_update_current_angle 4...
[16:08:16.939] [ARM-RX] [4] current:81.63, target:90.00, dir:1
[16:08:17.866] [ARM-RX] Soft resetting joint 3...
[16:08:17.866] [ARM-RX] robot_update_current_angle 3...
[16:08:17.866] [ARM-RX] [3] current:-1.34, target:0.00, dir:1
[16:08:17.867] [ARM-RX] [JETSON_UART] rx_bytes=247021 frames_ok=20422 crc_fail=0 overflow=0 tx_ok=322 tx_start_fail=0 tx_timeout=0 last_type=0x01 last_seq=121
[16:08:18.177] [ARM-RX] Soft resetting joint 1...
[16:08:18.364] [ARM-RX] joint 1 update current angle timeout.
[16:08:18.552] [ARM-RX] joint 1 update current angle timeout.
[16:08:18.738] [ARM-RX] joint 1 update current angle timeout.
[16:08:18.738] [ARM-RX] joint 1 update current angle retry failed.
[16:08:18.738] [ARM-RX] soft reset skip joint 1: read angle failed
[16:08:18.739] [ARM-RX] Soft resetting joint 2...
[16:08:18.801] [ARM-RX] robot_update_current_angle 2...
[16:08:18.801] [ARM-RX] [2] current:-50.43, target:-90.00, dir:-1
[16:08:18.862] [ARM-RX] [JETSON_UART] rx_bytes=247021 frames_ok=20422 crc_fail=0 overflow=0 tx_ok=322 tx_start_fail=0 tx_timeout=0 last_type=0x01 last_seq=121
[16:08:19.915] [ARM-RX] [JETSON_UART] rx_bytes=247021 frames_ok=20422 crc_fail=0 overflow=0 tx_ok=322 tx_start_fail=0 tx_timeout=0 last_type=0x01 last_seq=121
[16:08:20.910] [ARM-RX] [JETSON_UART] rx_bytes=247021 frames_ok=20422 crc_fail=0 overflow=0 tx_ok=322 tx_start_fail=0 tx_timeout=0 last_type=0x01 last_seq=121
[16:08:20.972] [ARM-RX] soft reset joint 2 settle timeout, keep going
[16:08:20.972] [ARM-RX] Soft resetting joint 0...
[16:08:20.974] [ARM-RX] robot_update_current_angle 0...
[16:08:20.974] [ARM-RX] [0] current:91.34, target:90.00, dir:-1
[16:08:21.468] [ARM-RX] joint 1 update current angle timeout.
[16:08:21.654] [ARM-RX] joint 1 update current angle timeout.
[16:08:21.839] [ARM-RX] joint 1 update current angle timeout.
[16:08:21.901] [ARM-RX] [JETSON_UART] rx_bytes=247021 frames_ok=20422 crc_fail=0 overflow=0 tx_ok=322 tx_start_fail=0 tx_timeout=0 last_type=0x01 last_seq=121
[16:08:21.925] [ARM-RX] joint 1 update current angle retry failed.
[16:08:21.925] [ARM-RX] soft reset verify not pass, start refine loop...
[16:08:22.102] [ARM-RX] joint 1 update current angle timeout.
[16:08:22.287] [ARM-RX] joint 1 update current angle timeout.
[16:08:22.471] [ARM-RX] joint 1 update current angle timeout.
[16:08:22.533] [ARM-RX] joint 1 update current angle retry failed.
[16:08:22.718] [ARM-RX] joint 1 update current angle timeout.
[16:08:22.902] [ARM-RX] [JETSON_UART] rx_bytes=247021 frames_ok=20422 crc_fail=0 overflow=0 tx_ok=322 tx_start_fail=0 tx_timeout=0 last_type=0x01 last_seq=121
[16:08:22.902] [ARM-RX] joint 1 update current angle timeout.
[16:08:23.088] [ARM-RX] joint 1 update current angle timeout.
[16:08:23.088] [ARM-RX] joint 1 update current angle retry failed.
[16:08:23.274] [ARM-RX] joint 1 update current angle timeout.
[16:08:23.460] [ARM-RX] joint 1 update current angle timeout.
[16:08:23.647] [ARM-RX] joint 1 update current angle timeout.
[16:08:23.709] [ARM-RX] joint 1 update current angle retry failed.
[16:08:23.895] [ARM-RX] [JETSON_UART] rx_bytes=247021 frames_ok=20422 crc_fail=0 overflow=0 tx_ok=322 tx_start_fail=0 tx_timeout=0 last_type=0x01 last_seq=121
[16:08:23.958] [ARM-RX] joint 1 update current angle timeout.
[16:08:24.145] [ARM-RX] joint 1 update current angle timeout.
[16:08:24.332] [ARM-RX] joint 1 update current angle timeout.
[16:08:24.332] [ARM-RX] joint 1 update current angle retry failed.
[16:08:24.332] [ARM-RX] soft reset refine pass 1 not enough, continue...
[16:08:24.581] [ARM-RX] joint 1 update current angle timeout.
[16:08:24.767] [ARM-RX] joint 1 update current angle timeout.
[16:08:24.891] [ARM-RX] [JETSON_UART] rx_bytes=247021 frames_ok=20422 crc_fail=0 overflow=0 tx_ok=322 tx_start_fail=0 tx_timeout=0 last_type=0x01 last_seq=121
[16:08:24.955] [ARM-RX] joint 1 update current angle timeout.
[16:08:24.959] [ARM-RX] joint 1 update current angle retry failed.
[16:08:25.141] [ARM-RX] joint 1 update current angle timeout.
[16:08:25.329] [ARM-RX] joint 1 update current angle timeout.
[16:08:25.516] [ARM-RX] joint 1 update current angle timeout.
[16:08:25.537] [ARM-RX] joint 1 update current angle retry failed.
[16:08:25.717] [ARM-RX] joint 1 update current angle timeout.
[16:08:25.901] [ARM-RX] [JETSON_UART] rx_bytes=247021 frames_ok=20422 crc_fail=0 overflow=0 tx_ok=322 tx_start_fail=0 tx_timeout=0 last_type=0x01 last_seq=121
[16:08:25.901] [ARM-RX] joint 1 update current angle timeout.
[16:08:26.088] [ARM-RX] joint 1 update current angle timeout.
[16:08:26.151] [ARM-RX] joint 1 update current angle retry failed.
[16:08:26.338] [ARM-RX] joint 1 update current angle timeout.
[16:08:26.525] [ARM-RX] joint 1 update current angle timeout.
[16:08:26.776] [ARM-RX] joint 1 update current angle timeout.
[16:08:26.776] [ARM-RX] joint 1 update current angle retry failed.
[16:08:26.776] [ARM-RX] soft reset refine pass 2 not enough, continue...
[16:08:26.900] [ARM-RX] [JETSON_UART] rx_bytes=247021 frames_ok=20422 crc_fail=0 overflow=0 tx_ok=322 tx_start_fail=0 tx_timeout=0 last_type=0x01 last_seq=121
[16:08:26.961] [ARM-RX] joint 1 update current angle timeout.
[16:08:27.207] [ARM-RX] joint 1 update current angle timeout.
[16:08:27.394] [ARM-RX] joint 1 update current angle timeout.
[16:08:27.395] [ARM-RX] joint 1 update current angle retry failed.
[16:08:27.581] [ARM-RX] joint 1 update current angle timeout.
[16:08:27.769] [ARM-RX] joint 1 update current angle timeout.
[16:08:27.893] [ARM-RX] [JETSON_UART] rx_bytes=247021 frames_ok=20422 crc_fail=0 overflow=0 tx_ok=322 tx_start_fail=0 tx_timeout=0 last_type=0x01 last_seq=121
[16:08:27.955] [ARM-RX] joint 1 update current angle timeout.
[16:08:27.955] [ARM-RX] joint 1 update current angle retry failed.
[16:08:28.141] [ARM-RX] joint 1 update current angle timeout.
[16:08:28.328] [ARM-RX] joint 1 update current angle timeout.
[16:08:28.514] [ARM-RX] joint 1 update current angle timeout.
[16:08:28.576] [ARM-RX] joint 1 update current angle retry failed.
[16:09:09.994] [ARM-RX] [JETSON_UART] rx_bytes=0 frames_ok=0 crc_fail=0 overflow=0 tx_ok=0 tx_start_fail=0 tx_timeout=0 last_type=0x00 last_seq=0
[16:09:14.746] [ARM-ERROR] ClearCommError failed (PermissionError(13, '设备不识别此命令。', None, 22))
[16:16:23.163] [JETSON-INFO] 已停止周期视觉发送
[16:16:23.163] [JETSON-INFO] heartbeat stopped
[16:16:23.164] [JETSON-INFO] safe distance stopped
