[10:47:47.576] [APP-INFO] 已刷新串口: COM7, COM16, COM22, COM21, COM14
[10:47:47.576] [APP-INFO] log file: E:\Renesas\RA6M5-Robot\Robot_FreeRTOS - Arm\UpperComputer\dist\logs\ra6m5_upper_console_20260704_104747.log
[10:47:54.623] [APP-INFO] 已刷新串口: COM7, COM16, COM22, COM21, COM14
[10:47:55.073] [APP-INFO] 已刷新串口: COM7, COM16, COM22, COM21, COM14
[10:47:55.304] [APP-INFO] 已刷新串口: COM7, COM16, COM22, COM21, COM14
[10:47:55.685] [APP-INFO] 已刷新串口: COM7, COM16, COM22, COM21, COM14
[10:47:56.526] [APP-INFO] 已刷新串口: COM7, COM16, COM22, COM21, COM14
[10:47:56.994] [APP-INFO] 已刷新串口: COM7, COM16, COM22, COM21, COM14
[10:48:02.043] [APP-INFO] 已刷新串口: COM7, COM16, COM22, COM21, COM14
[10:48:02.599] [APP-INFO] 已刷新串口: COM7, COM16, COM22, COM21, COM14
[10:48:03.043] [APP-INFO] 已刷新串口: COM7, COM16, COM22, COM21, COM14
[10:48:03.552] [APP-INFO] 已刷新串口: COM7, COM16, COM22, COM21, COM14
[10:48:05.640] [APP-INFO] 已刷新串口: COM22, COM21
[10:48:06.241] [APP-INFO] 已刷新串口: COM22, COM21
[10:48:06.541] [APP-INFO] 已刷新串口: COM22, COM21
[10:48:06.871] [APP-INFO] 已刷新串口: COM22, COM21
[10:48:14.693] [APP-INFO] 已刷新串口: COM7, COM16, COM22, COM21, COM14
[10:48:19.558] [ARM-INFO] opened COM7 @ 115200
[10:48:28.205] [ARM-TX] 发送命令 circle 8000 5: circle 8000 5
[10:48:28.259] [ARM-RX] uart cmd parse error: 'BSP_UART_Init Success!circle 8000 5'
[10:48:38.436] [ARM-WARN] 空命令已忽略。
[10:48:39.105] [ARM-WARN] 空命令已忽略。
[10:48:50.287] [ARM-TX] 发送命令 laser_on: laser_on
[10:48:50.396] [ARM-RX] Found handler for 'laser_on', executing...
[10:48:50.396] [ARM-RX] laser_on
[10:49:00.836] [ARM-TX] 发送命令 laser_off: laser_off
[10:49:00.934] [ARM-RX] Found handler for 'laser_off', executing...
[10:49:00.934] [ARM-RX] laser_off
[10:49:26.485] [ARM-TX] 发送命令 auto 23.25 -50 -23: auto 23.25 -50 -23
[10:49:26.556] [ARM-RX] Found handler for 'auto', executing...
[10:49:26.556] [ARM-RX] ROBOT_AUTO_EVENT
[10:49:26.556] [ARM-RX] [0] <0.00 0.00 0.00> result: 90.00 90.00 -90.00 0.00 90.00 0.00
[10:49:26.584] [ARM-RX] [1] <0.00 -0.00 -0.00> result: 90.00 90.00 -90.00 -0.00 90.00 0.00
[10:49:26.584] [ARM-RX] [2] <0.00 -0.00 -0.00> result: 90.00 90.00 -90.00 -0.00 90.00 0.00
[10:49:26.585] [ARM-RX] [3] <0.00 -0.01 -0.00> result: 90.00 90.00 -90.00 -0.00 90.00 0.00
[10:49:26.585] [ARM-RX] [4] <0.01 -0.01 -0.01> result: 90.01 90.01 -90.00 -
[10:49:26.607] [ARM-RX] 0.01 90.01 0.00
[10:49:26.607] [ARM-RX] [5] <0.01 -0.02 -0.01> result: 90.01 90.02 -89.99 -0.01 90.01 0.00
[10:49:26.607] [ARM-RX] [6] <0.02 -0.04 -0.02> result: 90.02 90.03 -89.99 -0.02 90.02 0.00
[10:49:26.607] [ARM-RX] [7] <0.03 -0.06 -0.03> result: 90.03 90.05 -89.98 -0.03 90.03 0.00
[10:49:26.608] [ARM-RX] [8] <0.04 -0.09 -0.04> result: 90.0
[10:49:26.630] [ARM-RX] 5 90.07 -89.98 -0.05 90.05 0.00
[10:49:26.630] [ARM-RX] [9] <0.06 -0.13 -0.06> result: 90.07 90.10 -89.97 -0.07 90.07 0.00
[10:49:26.630] [ARM-RX] [10] <0.08 -0.17 -0.08> result: 90.10 90.14 -89.96 -0.10 90.09 0.00
[10:49:26.630] [ARM-RX] [11] <0.10 -0.23 -0.10> result: 90.13 90.18 -89.95 -0.13 90.12 0.00
[10:49:26.630] [ARM-RX] [12] <0.13 -0.29
[10:49:26.653] [ARM-RX] -0.13> result: 90.16 90.23 -89.93 -0.16 90.16 0.00
[10:49:26.653] [ARM-RX] [13] <0.17 -0.36 -0.17> result: 90.20 90.29 -89.91 -0.20 90.20 0.00
[10:49:26.654] [ARM-RX] [14] <0.21 -0.45 -0.21> result: 90.25 90.36 -89.89 -0.25 90.25 0.00
[10:49:26.654] [ARM-RX] [15] <0.25 -0.55 -0.25> result: 90.30 90.43 -89.87 -0.30 90.30 0.0
[10:49:26.677] [ARM-RX] 0
[10:49:26.677] [ARM-RX] [16] <0.31 -0.66 -0.30> result: 90.36 90.52 -89.84 -0.36 90.36 0.00
[10:49:26.677] [ARM-RX] [17] <0.37 -0.79 -0.36> result: 90.43 90.62 -89.81 -0.43 90.43 0.00
[10:49:26.677] [ARM-RX] [18] <0.43 -0.93 -0.43> result: 90.51 90.73 -89.77 -0.51 90.50 0.00
[10:49:26.678] [ARM-RX] [19] <0.50 -1.08 -0.50> result: 90.59 90.85 -8
[10:49:26.699] [ARM-RX] 9.73 -0.59 90.58 0.00
[10:49:26.699] [ARM-RX] [20] <0.58 -1.25 -0.58> result: 90.68 90.98 -89.69 -0.68 90.67 0.00
[10:49:26.700] [ARM-RX] [21] <0.67 -1.44 -0.66> result: 90.78 91.13 -89.64 -0.78 90.77 0.00
[10:49:26.700] [ARM-RX] [22] <0.77 -1.65 -0.76> result: 90.89 91.29 -89.59 -0.89 90.88 0.00
[10:49:26.700] [ARM-RX] [23] <0.87 -1.87 -0.86> re
[10:49:26.723] [ARM-RX] sult: 91.01 91.46 -89.54 -1.01 90.99 0.00
[10:49:26.724] [ARM-RX] [24] <0.98 -2.12 -0.97> result: 91.13 91.64 -89.47 -1.13 91.11 0.00
[10:49:26.724] [ARM-RX] [25] <1.11 -2.38 -1.09> result: 91.27 91.84 -89.41 -1.27 91.24 0.00
[10:49:26.724] [ARM-RX] [26] <1.24 -2.66 -1.22> result: 91.41 92.05 -89.34 -1.41 91.38 0.00
[10:49:26.724] [ARM-RX] [27] <
[10:49:26.748] [ARM-RX] 1.38 -2.96 -1.36> result: 91.56 92.27 -89.26 -1.56 91.53 0.00
[10:49:26.748] [ARM-RX] [28] <1.53 -3.29 -1.51> result: 91.72 92.51 -89.18 -1.72 91.68 0.00
[10:49:26.748] [ARM-RX] [29] <1.69 -3.63 -1.67> result: 91.89 92.76 -89.09 -1.89 91.85 0.00
[10:49:26.749] [ARM-RX] robot_auto_move_interpolation robot kinematics inverse
[10:49:26.805] [ARM-RX] failed
[10:49:46.346] [ARM-TX] 发送命令 auto 23.25 -50 0: auto 23.25 -50 0
[10:49:46.381] [ARM-RX] Found handler for 'auto', executing...
[10:49:46.381] [ARM-RX] ROBOT_AUTO_EVENT
[10:49:46.381] [ARM-RX] [0] <0.00 0.00 0.00> result: 90.00 90.00 -90.00 0.00 90.00 0.00
[10:49:46.412] [ARM-RX] [1] <0.00 -0.00 0.00> result: 90.00 90.00 -90.00 -0.00 90.00 0.00
[10:49:46.414] [ARM-RX] [2] <0.00 -0.00 0.00> result: 90.00 90.00 -90.00 -0.00 90.00 0.00
[10:49:46.414] [ARM-RX] [3] <0.00 -0.01 0.00> result: 90.00 90.00 -90.00 -0.00 90.00 0.00
[10:49:46.414] [ARM-RX] [4] <0.01 -0.02 0.00> result: 90.01 90.00 -90.00 -0.01
[10:49:46.436] [ARM-RX] 90.00 0.00
[10:49:46.437] [ARM-RX] [5] <0.01 -0.03 0.00> result: 90.02 90.01 -89.99 -0.02 90.00 0.00
[10:49:46.437] [ARM-RX] [6] <0.02 -0.05 0.00> result: 90.03 90.01 -89.99 -0.03 90.00 0.00
[10:49:46.437] [ARM-RX] [7] <0.03 -0.07 0.00> result: 90.04 90.02 -89.98 -0.04 90.00 0.00
[10:49:46.437] [ARM-RX] [8] <0.05 -0.10 0.00> result: 90.06 90.03
[10:49:46.459] [ARM-RX] -89.97 -0.06 90.00 0.00
[10:49:46.460] [ARM-RX] [9] <0.07 -0.14 0.00> result: 90.08 90.04 -89.96 -0.08 90.00 0.00
[10:49:46.460] [ARM-RX] [10] <0.09 -0.19 0.00> result: 90.11 90.06 -89.94 -0.11 90.00 0.00
[10:49:46.460] [ARM-RX] [11] <0.12 -0.25 0.00> result: 90.14 90.07 -89.93 -0.14 90.00 0.00
[10:49:46.460] [ARM-RX] [12] <0.15 -0.33 0.00> resul
[10:49:46.483] [ARM-RX] t: 90.18 90.09 -89.91 -0.18 90.00 0.00
[10:49:46.483] [ARM-RX] [13] <0.19 -0.41 0.00> result: 90.23 90.12 -89.88 -0.23 90.00 0.00
[10:49:46.483] [ARM-RX] [14] <0.24 -0.51 0.00> result: 90.28 90.14 -89.85 -0.28 90.00 0.00
[10:49:46.483] [ARM-RX] [15] <0.29 -0.62 0.00> result: 90.34 90.18 -89.82 -0.34 90.00 0.00
[10:49:46.483] [ARM-RX] [16] <0.35 -
[10:49:46.505] [ARM-RX] 0.74 0.00> result: 90.41 90.21 -89.79 -0.41 90.00 0.00
[10:49:46.505] [ARM-RX] [17] <0.41 -0.88 0.00> result: 90.49 90.25 -89.75 -0.49 90.00 0.00
[10:49:46.507] [ARM-RX] [18] <0.48 -1.04 0.00> result: 90.57 90.30 -89.70 -0.57 90.00 0.00
[10:49:46.507] [ARM-RX] [19] <0.57 -1.22 0.00> result: 90.66 90.35 -89.65 -0.66 90.00 0.
[10:49:46.528] [ARM-RX] 00
[10:49:46.528] [ARM-RX] [20] <0.66 -1.41 0.00> result: 90.77 90.40 -89.59 -0.77 89.99 0.00
[10:49:46.528] [ARM-RX] [21] <0.75 -1.62 0.00> result: 90.88 90.46 -89.53 -0.88 89.99 0.00
[10:49:46.528] [ARM-RX] [22] <0.86 -1.86 0.00> result: 91.00 90.52 -89.47 -1.00 89.99 0.00
[10:49:46.529] [ARM-RX] [23] <0.98 -2.11 0.00> result: 91.13 90.59 -89.3
[10:49:46.552] [ARM-RX] 9 -1.13 89.99 0.00
[10:49:46.552] [ARM-RX] [24] <1.11 -2.38 0.00> result: 91.27 90.67 -89.31 -1.27 89.98 0.00
[10:49:46.552] [ARM-RX] [25] <1.24 -2.67 0.00> result: 91.42 90.75 -89.23 -1.42 89.98 0.00
[10:49:46.552] [ARM-RX] [26] <1.39 -2.99 0.00> result: 91.57 90.84 -89.14 -1.57 89.97 0.00
[10:49:46.553] [ARM-RX] [27] <1.55 -3.33 0.00> result: 9
[10:49:46.585] [ARM-RX] 1.74 90.93 -89.04 -1.74 89.97 0.00
[10:49:46.586] [ARM-RX] [28] <1.72 -3.69 0.00> result: 91.92 91.03 -88.93 -1.92 89.96 0.00
[10:49:46.586] [ARM-RX] [29] <1.90 -4.08 0.00> result: 92.10 91.13 -88.82 -2.10 89.95 0.00
[10:49:46.586] [ARM-RX] [30] <2.09 -4.49 0.00> result: 92.29 91.25 -88.70 -2.29 89.94 0.00
[10:49:46.586] [ARM-RX] [31] <2.29 -4.92
[10:49:46.608] [ARM-RX] 0.00> result: 92.49 91.36 -88.57 -2.49 89.93 0.00
[10:49:46.608] [ARM-RX] [32] <2.50 -5.38 0.00> result: 92.70 91.48 -88.43 -2.70 89.92 0.00
[10:49:46.608] [ARM-RX] [33] <2.73 -5.87 0.00> result: 92.92 91.61 -88.29 -2.92 89.91 0.00
[10:49:46.608] [ARM-RX] [34] <2.97 -6.38 0.00> result: 93.14 91.75 -88.14 -3.14 89.89 0.00
[10:49:46.632] [ARM-RX] [35] <3.22 -6.92 0.00> result: 93.37 91.89 -87.98 -3.37 89.87 0.00
[10:49:46.632] [ARM-RX] [36] <3.48 -7.48 0.00> result: 93.61 92.04 -87.81 -3.61 89.85 0.00
[10:49:46.632] [ARM-RX] [37] <3.75 -8.07 0.00> result: 93.85 92.19 -87.64 -3.85 89.83 0.00
[10:49:46.632] [ARM-RX] [38] <4.04 -8.69 0.00> result: 94.10 92.35 -87.45 -4
[10:49:46.657] [ARM-RX] .10 89.80 0.00
[10:49:46.657] [ARM-RX] [39] <4.34 -9.33 0.00> result: 94.36 92.51 -87.26 -4.36 89.77 0.00
[10:49:46.657] [ARM-RX] [40] <4.65 -10.00 0.00> result: 94.61 92.68 -87.06 -4.61 89.74 0.00
[10:49:46.658] [ARM-RX] [41] <4.98 -10.70 0.00> result: 94.88 92.85 -86.85 -4.88 89.71 0.00
[10:49:46.658] [ARM-RX] [42] <5.31 -11.43 0.00> result: 95
[10:49:46.677] [ARM-RX] .14 93.04 -86.63 -5.14 89.67 0.00
[10:49:46.677] [ARM-RX] [43] <5.66 -12.18 0.00> result: 95.41 93.22 -86.40 -5.41 89.63 0.00
[10:49:46.677] [ARM-RX] [44] <6.03 -12.96 0.00> result: 95.68 93.41 -86.17 -5.68 89.58 0.00
[10:49:46.677] [ARM-RX] [45] <6.40 -13.76 0.00> result: 95.95 93.61 -85.92 -5.95 89.53 0.00
[10:49:46.679] [ARM-RX] [46] <6.79 -14
[10:49:46.700] [ARM-RX] .60 0.00> result: 96.23 93.81 -85.67 -6.23 89.48 0.00
[10:49:46.700] [ARM-RX] [47] <7.19 -15.46 0.00> result: 96.50 94.02 -85.41 -6.50 89.42 0.00
[10:49:46.700] [ARM-RX] [48] <7.60 -16.35 0.00> result: 96.78 94.23 -85.13 -6.78 89.36 0.00
[10:49:46.700] [ARM-RX] [49] <8.03 -17.26 0.00> result: 97.05 94.44 -84.85 -7.05 89.30
[10:49:46.724] [ARM-RX] 0.00
[10:49:46.724] [ARM-RX] [50] <8.46 -18.20 0.00> result: 97.33 94.66 -84.56 -7.33 89.23 0.00
[10:49:46.725] [ARM-RX] [51] <8.91 -19.17 0.00> result: 97.60 94.88 -84.27 -7.60 89.16 0.00
[10:49:46.725] [ARM-RX] [52] <9.37 -20.16 0.00> result: 97.87 95.11 -83.96 -7.87 89.08 0.00
[10:49:46.725] [ARM-RX] [53] <9.85 -21.17 0.00> result: 98.14 95.34
[10:49:46.747] [ARM-RX] -83.64 -8.15 89.00 0.00
[10:49:46.747] [ARM-RX] [54] <10.33 -22.22 0.00> result: 98.41 95.58 -83.32 -8.41 88.91 0.00
[10:49:46.747] [ARM-RX] [55] <10.83 -23.28 0.00> result: 98.68 95.82 -82.99 -8.68 88.82 0.00
[10:49:46.747] [ARM-RX] [56] <11.33 -24.37 0.00> result: 98.94 96.06 -82.65 -8.95 88.73 0.00
[10:49:46.747] [ARM-RX] [57] <11.85 -25.49 0
[10:49:46.781] [ARM-RX] .00> result: 99.21 96.31 -82.30 -9.21 88.63 0.00
[10:49:46.781] [ARM-RX] [58] <12.38 -26.62 0.00> result: 99.47 96.56 -81.94 -9.47 88.52 0.00
[10:49:46.782] [ARM-RX] [59] <12.92 -27.78 0.00> result: 99.72 96.81 -81.58 -9.72 88.41 0.00
[10:49:46.782] [ARM-RX] [60] <13.47 -28.96 0.00> result: 99.97 97.07 -81.21 -9.98 88.30 0.
[10:49:46.804] [ARM-RX] 00
[10:49:46.804] [ARM-RX] [61] <14.03 -30.16 0.00> result: 100.22 97.32 -80.83 -10.23 88.18 0.00
[10:49:46.804] [ARM-RX] [62] <14.59 -31.38 0.00> result: 100.46 97.58 -80.44 -10.47 88.06 0.00
[10:49:46.804] [ARM-RX] [63] <15.17 -32.63 0.00> result: 100.70 97.85 -80.05 -10.71 87.93 0.00
[10:49:46.805] [ARM-RX] [64] <15.76 -33.89 0.00> result: 100
[10:49:46.827] [ARM-RX] .94 98.11 -79.65 -10.95 87.80 0.00
[10:49:46.828] [ARM-RX] [65] <16.35 -35.17 0.00> result: 101.17 98.38 -79.24 -11.18 87.67 0.00
[10:49:46.828] [ARM-RX] [66] <16.96 -36.46 0.00> result: 101.40 98.65 -78.83 -11.41 87.53 0.00
[10:49:46.828] [ARM-RX] [67] <17.57 -37.78 0.00> result: 101.62 98.92 -78.41 -11.63 87.38 0.00
[10:49:46.828] [ARM-RX] [68]
[10:49:46.850] [ARM-RX] <18.18 -39.11 0.00> result: 101.84 99.20 -77.98 -11.85 87.24 0.00
[10:49:46.850] [ARM-RX] [69] <18.81 -40.45 0.00> result: 102.05 99.47 -77.55 -12.07 87.09 0.00
[10:49:46.850] [ARM-RX] [70] <19.44 -41.81 0.00> result: 102.26 99.75 -77.11 -12.28 86.93 0.00
[10:49:46.850] [ARM-RX] [71] <20.08 -43.18 0.00> result: 102.47 100.
[10:49:46.873] [ARM-RX] 03 -76.67 -12.49 86.77 0.00
[10:49:46.873] [ARM-RX] [72] <20.72 -44.57 0.00> result: 102.67 100.30 -76.22 -12.69 86.61 0.00
[10:49:46.873] [ARM-RX] [73] <21.37 -45.96 0.00> result: 102.86 100.58 -75.77 -12.89 86.45 0.00
[10:49:46.874] [ARM-RX] [74] <22.03 -47.37 0.00> result: 103.05 100.87 -75.31 -13.08 86.28 0.00
[10:49:46.874] [ARM-RX] [75] <22
[10:49:46.896] [ARM-RX] .69 -48.79 0.00> result: 103.24 101.15 -74.85 -13.27 86.11 0.00
[10:49:46.896] [ARM-RX] [76] <23.25 -50.00 0.00> result: 103.40 101.39 -74.46 -13.43 85.96 0.00
[10:49:46.896] [ARM-RX] [77] <23.25 -50.00 0.00> result: 103.40 101.39 -74.46 -13.43 85.96 0.00
[10:49:46.896] [ARM-RX] [78] <23.25 -50.00 0.00> result: 103.40 101.3
[10:49:46.919] [ARM-RX] 9 -74.46 -13.43 85.96 0.00
[10:49:46.920] [ARM-RX] [79] <23.25 -50.00 0.00> result: 103.40 101.39 -74.46 -13.43 85.96 0.00
[10:49:46.920] [ARM-RX] [80] <23.25 -50.00 0.00> result: 103.40 101.39 -74.46 -13.43 85.96 0.00
[10:49:46.920] [ARM-RX] [81] <23.25 -50.00 0.00> result: 103.40 101.39 -74.46 -13.43 85.96 0.00
[10:49:46.920] [ARM-RX] [82] <23.
[10:49:46.954] [ARM-RX] 25 -50.00 0.00> result: 103.40 101.39 -74.46 -13.43 85.96 0.00
[10:49:46.955] [ARM-RX] [83] <23.25 -50.00 0.00> result: 103.40 101.39 -74.46 -13.43 85.96 0.00
[10:49:46.955] [ARM-RX] [84] <23.25 -50.00 0.00> result: 103.40 101.39 -74.46 -13.43 85.96 0.00
[10:49:46.955] [ARM-RX] [85] <23.25 -50.00 0.00> result: 103.40 101.39
[10:49:46.978] [ARM-RX] -74.46 -13.43 85.96 0.00
[10:49:46.979] [ARM-RX] [86] <23.25 -50.00 0.00> result: 103.40 101.39 -74.46 -13.43 85.96 0.00
[10:49:46.979] [ARM-RX] [87] <23.25 -50.00 0.00> result: 103.40 101.39 -74.46 -13.43 85.96 0.00
[10:49:46.979] [ARM-RX] [88] <23.25 -50.00 0.00> result: 103.40 101.39 -74.46 -13.43 85.96 0.00
[10:49:46.979] [ARM-RX] [89] <23.2
[10:49:47.000] [ARM-RX] 5 -50.00 0.00> result: 103.40 101.39 -74.46 -13.43 85.96 0.00
[10:49:47.000] [ARM-RX] [90] <23.25 -50.00 0.00> result: 103.40 101.39 -74.46 -13.43 85.96 0.00
[10:49:47.001] [ARM-RX] [91] <23.25 -50.00 0.00> result: 103.40 101.39 -74.46 -13.43 85.96 0.00
[10:49:47.001] [ARM-RX] [92] <23.25 -50.00 0.00> result: 103.40 101.39
[10:49:47.023] [ARM-RX] -74.46 -13.43 85.96 0.00
[10:49:47.023] [ARM-RX] [93] <23.25 -50.00 0.00> result: 103.40 101.39 -74.46 -13.43 85.96 0.00
[10:49:47.024] [ARM-RX] [94] <23.25 -50.00 0.00> result: 103.40 101.39 -74.46 -13.43 85.96 0.00
[10:49:47.024] [ARM-RX] [95] <23.25 -50.00 0.00> result: 103.40 101.39 -74.46 -13.43 85.96 0.00
[10:49:47.024] [ARM-RX] [96] <23.25
[10:49:47.045] [ARM-RX] -50.00 0.00> result: 103.40 101.39 -74.46 -13.43 85.96 0.00
[10:49:47.046] [ARM-RX] [97] <23.25 -50.00 0.00> result: 103.40 101.39 -74.46 -13.43 85.96 0.00
[10:49:47.046] [ARM-RX] [98] <23.25 -50.00 0.00> result: 103.40 101.39 -74.46 -13.43 85.96 0.00
[10:49:47.046] [ARM-RX] [99] <23.25 -50.00 0.00> result: 103.40 101.39 -
[10:49:47.070] [ARM-RX] 74.46 -13.43 85.96 0.00
[10:49:47.075] [ARM-RX] [100] <23.25 -50.00 0.00> result: 103.40 101.39 -74.46 -13.43 85.96 0.00
[10:49:47.075] [ARM-RX] [101] <23.25 -50.00 0.00> result: 103.40 101.39 -74.46 -13.43 85.96 0.00
[10:49:47.075] [ARM-RX] [102] <23.25 -50.00 0.00> result: 103.40 101.39 -74.46 -13.43 85.96 0.00
[10:49:47.075] [ARM-RX] [103] <23
[10:49:47.092] [ARM-RX] .25 -50.00 0.00> result: 103.40 101.39 -74.46 -13.43 85.96 0.00
[10:49:47.092] [ARM-RX] [104] <23.25 -50.00 0.00> result: 103.40 101.39 -74.46 -13.43 85.96 0.00
[10:49:47.092] [ARM-RX] [105] <23.25 -50.00 0.00> result: 103.40 101.39 -74.46 -13.43 85.96 0.00
[10:49:47.093] [ARM-RX] [106] <23.25 -50.00 0.00> result: 103.40 10
[10:49:47.115] [ARM-RX] 1.39 -74.46 -13.43 85.96 0.00
[10:49:47.116] [ARM-RX] [107] <23.25 -50.00 0.00> result: 103.40 101.39 -74.46 -13.43 85.96 0.00
[10:49:47.116] [ARM-RX] [108] <23.25 -50.00 0.00> result: 103.40 101.39 -74.46 -13.43 85.96 0.00
[10:49:47.116] [ARM-RX] [109] <23.25 -50.00 0.00> result: 103.40 101.39 -74.46 -13.43 85.96 0.00
[10:49:47.116] [ARM-RX] [11
[10:49:47.150] [ARM-RX] 0] <23.25 -50.00 0.00> result: 103.40 101.39 -74.46 -13.43 85.96 0.00
[10:49:47.150] [ARM-RX] [111] <23.25 -50.00 0.00> result: 103.40 101.39 -74.46 -13.43 85.96 0.00
[10:49:47.151] [ARM-RX] [112] <23.25 -50.00 0.00> result: 103.40 101.39 -74.46 -13.43 85.96 0.00
[10:49:47.151] [ARM-RX] [113] <23.25 -50.00 0.00> result: 103
[10:49:47.173] [ARM-RX] .40 101.39 -74.46 -13.43 85.96 0.00
[10:49:47.174] [ARM-RX] [114] <23.25 -50.00 0.00> result: 103.40 101.39 -74.46 -13.43 85.96 0.00
[10:49:47.174] [ARM-RX] [115] <23.25 -50.00 0.00> result: 103.40 101.39 -74.46 -13.43 85.96 0.00
[10:49:47.174] [ARM-RX] [116] <23.25 -50.00 0.00> result: 103.40 101.39 -74.46 -13.43 85.96 0.0
[10:49:47.197] [ARM-RX] 0
[10:49:47.197] [ARM-RX] [117] <23.25 -50.00 0.00> result: 103.40 101.39 -74.46 -13.43 85.96 0.00
[10:49:47.197] [ARM-RX] [118] <23.25 -50.00 0.00> result: 103.40 101.39 -74.46 -13.43 85.96 0.00
[10:49:47.197] [ARM-RX] [119] <23.25 -50.00 0.00> result: 103.40 101.39 -74.46 -13.43 85.96 0.00
[10:49:47.198] [ARM-RX] [120] <23.25 -50.00 0.00> resul
[10:49:47.219] [ARM-RX] t: 103.40 101.39 -74.46 -13.43 85.96 0.00
[10:49:47.219] [ARM-RX] [121] <23.25 -50.00 0.00> result: 103.40 101.39 -74.46 -13.43 85.96 0.00
[10:49:47.219] [ARM-RX] [122] <23.25 -50.00 0.00> result: 103.40 101.39 -74.46 -13.43 85.96 0.00
[10:49:47.220] [ARM-RX] [123] <23.25 -50.00 0.00> result: 103.40 101.39 -74.46 -13.43 85.
[10:49:47.242] [ARM-RX] 96 0.00
[10:49:47.242] [ARM-RX] [124] <23.25 -50.00 0.00> result: 103.40 101.39 -74.46 -13.43 85.96 0.00
[10:49:47.242] [ARM-RX] [125] <23.25 -50.00 0.00> result: 103.40 101.39 -74.46 -13.43 85.96 0.00
[10:49:47.243] [ARM-RX] [126] <23.25 -50.00 0.00> result: 103.40 101.39 -74.46 -13.43 85.96 0.00
[10:49:47.243] [ARM-RX] [127] <23.25 -50.00 0.00>
[10:49:47.266] [ARM-RX] result: 103.40 101.39 -74.46 -13.43 85.96 0.00
[10:49:47.266] [ARM-RX] [128] <23.25 -50.00 0.00> result: 103.40 101.39 -74.46 -13.43 85.96 0.00
[10:49:47.266] [ARM-RX] [129] <23.25 -50.00 0.00> result: 103.40 101.39 -74.46 -13.43 85.96 0.00
[10:49:47.266] [ARM-RX] [130] <23.25 -50.00 0.00> result: 103.40 101.39 -74.46 -13.
[10:49:47.289] [ARM-RX] 43 85.96 0.00
[10:49:47.289] [ARM-RX] [131] <23.25 -50.00 0.00> result: 103.40 101.39 -74.46 -13.43 85.96 0.00
[10:49:47.289] [ARM-RX] [132] <23.25 -50.00 0.00> result: 103.40 101.39 -74.46 -13.43 85.96 0.00
[10:49:47.289] [ARM-RX] [133] <23.25 -50.00 0.00> result: 103.40 101.39 -74.46 -13.43 85.96 0.00
[10:49:47.289] [ARM-RX] [134] <23.25 -50.00
[10:49:47.324] [ARM-RX] 0.00> result: 103.40 101.39 -74.46 -13.43 85.96 0.00
[10:49:47.326] [ARM-RX] [135] <23.25 -50.00 0.00> result: 103.40 101.39 -74.46 -13.43 85.96 0.00
[10:49:47.326] [ARM-RX] [136] <23.25 -50.00 0.00> result: 103.40 101.39 -74.46 -13.43 85.96 0.00
[10:49:47.326] [ARM-RX] [137] <23.25 -50.00 0.00> result: 103.40 101.39 -74.4
[10:49:47.345] [ARM-RX] 6 -13.43 85.96 0.00
[10:49:47.347] [ARM-RX] [138] <23.25 -50.00 0.00> result: 103.40 101.39 -74.46 -13.43 85.96 0.00
[10:49:47.347] [ARM-RX] [139] <23.25 -50.00 0.00> result: 103.40 101.39 -74.46 -13.43 85.96 0.00
[10:49:47.347] [ARM-RX] [140] <23.25 -50.00 0.00> result: 103.40 101.39 -74.46 -13.43 85.96 0.00
[10:49:47.347] [ARM-RX] [141] <23.25
[10:49:47.369] [ARM-RX] -50.00 0.00> result: 103.40 101.39 -74.46 -13.43 85.96 0.00
[10:49:47.370] [ARM-RX] [142] <23.25 -50.00 0.00> result: 103.40 101.39 -74.46 -13.43 85.96 0.00
[10:49:47.370] [ARM-RX] [143] <23.25 -50.00 0.00> result: 103.40 101.39 -74.46 -13.43 85.96 0.00
[10:49:47.370] [ARM-RX] [144] <23.25 -50.00 0.00> result: 103.40 101.39
[10:49:47.392] [ARM-RX] -74.46 -13.43 85.96 0.00
[10:49:47.393] [ARM-RX] [145] <23.25 -50.00 0.00> result: 103.40 101.39 -74.46 -13.43 85.96 0.00
[10:49:47.393] [ARM-RX] [146] <23.25 -50.00 0.00> result: 103.40 101.39 -74.46 -13.43 85.96 0.00
[10:49:47.393] [ARM-RX] [147] <23.25 -50.00 0.00> result: 103.40 101.39 -74.46 -13.43 85.96 0.00
[10:49:47.393] [ARM-RX] [148] <
[10:49:47.415] [ARM-RX] 23.25 -50.00 0.00> result: 103.40 101.39 -74.46 -13.43 85.96 0.00
[10:49:47.415] [ARM-RX] [149] <23.25 -50.00 0.00> result: 103.40 101.39 -74.46 -13.43 85.96 0.00
[10:49:47.416] [ARM-RX] [150] <23.25 -50.00 0.00> result: 103.40 101.39 -74.46 -13.43 85.96 0.00
[10:49:47.416] [ARM-RX] [151] <23.25 -50.00 0.00> result: 103.40
[10:49:47.438] [ARM-RX] 101.39 -74.46 -13.43 85.96 0.00
[10:49:47.438] [ARM-RX] [152] <23.25 -50.00 0.00> result: 103.40 101.39 -74.46 -13.43 85.96 0.00
[10:49:47.438] [ARM-RX] [153] <23.25 -50.00 0.00> result: 103.40 101.39 -74.46 -13.43 85.96 0.00
[10:49:47.439] [ARM-RX] [154] <23.25 -50.00 0.00> result: 103.40 101.39 -74.46 -13.43 85.96 0.00
[10:49:47.439] [ARM-RX] [
[10:49:47.461] [ARM-RX] 155] <23.25 -50.00 0.00> result: 103.40 101.39 -74.46 -13.43 85.96 0.00
[10:49:47.461] [ARM-RX] [156] <23.25 -50.00 0.00> result: 103.40 101.39 -74.46 -13.43 85.96 0.00
[10:49:47.461] [ARM-RX] [157] <23.25 -50.00 0.00> result: 103.40 101.39 -74.46 -13.43 85.96 0.00
[10:49:47.462] [ARM-RX] [158] <23.25 -50.00 0.00> result: 1
[10:49:47.484] [ARM-RX] 03.40 101.39 -74.46 -13.43 85.96 0.00
[10:49:47.485] [ARM-RX] [159] <23.25 -50.00 0.00> result: 103.40 101.39 -74.46 -13.43 85.96 0.00
[10:49:47.485] [ARM-RX] [160] <23.25 -50.00 0.00> result: 103.40 101.39 -74.46 -13.43 85.96 0.00
[10:49:47.485] [ARM-RX] [161] <23.25 -50.00 0.00> result: 103.40 101.39 -74.46 -13.43 85.96 0
[10:49:47.518] [ARM-RX] .00
[10:49:47.518] [ARM-RX] [162] <23.25 -50.00 0.00> result: 103.40 101.39 -74.46 -13.43 85.96 0.00
[10:49:47.518] [ARM-RX] [163] <23.25 -50.00 0.00> result: 103.40 101.39 -74.46 -13.43 85.96 0.00
[10:49:47.519] [ARM-RX] [164] <23.25 -50.00 0.00> result: 103.40 101.39 -74.46 -13.43 85.96 0.00
[10:49:47.519] [ARM-RX] [165] <23.25 -50.00 0.00> res
[10:49:47.542] [ARM-RX] ult: 103.40 101.39 -74.46 -13.43 85.96 0.00
[10:49:47.543] [ARM-RX] [166] <23.25 -50.00 0.00> result: 103.40 101.39 -74.46 -13.43 85.96 0.00
[10:49:47.543] [ARM-RX] [167] <23.25 -50.00 0.00> result: 103.40 101.39 -74.46 -13.43 85.96 0.00
[10:49:47.543] [ARM-RX] [168] <23.25 -50.00 0.00> result: 103.40 101.39 -74.46 -13.43 8
[10:49:47.602] [ARM-RX] 5.96 0.00
[10:49:47.602] [ARM-RX] [169] <23.25 -50.00 0.00> result: 103.40 101.39 -74.46 -13.43 85.96 0.00
[10:49:49.410] [ARM-RX] [jpint 1] ave_error:3.58
[10:49:49.410] [ARM-RX] [jpint 2] ave_error:3.43
[10:49:49.410] [ARM-RX] [jpint 3] ave_error:5.02
[10:49:49.410] [ARM-RX] [jpint 4] ave_error:5.06
[10:49:49.410] [ARM-RX] [jpint 5] ave_error:3.31
[10:49:49.412] [ARM-RX] robot pid run finished!!
[10:49:50.220] [ARM-RX] AUTO final confirm failed: joint 2 err=13.58deg tol=3.00, pose invalid.
[10:50:04.236] [ARM-TX] 发送命令 soft_reset: soft_reset
[10:50:04.377] [ARM-RX] Found handler for 'soft_reset', executing...
[10:50:04.377] [ARM-RX] ROBOT_SOFT_RESET_EVENT
[10:50:04.377] [ARM-RX] --- Starting soft reset ---
[10:50:04.563] [ARM-RX] Soft reset motors enabled (J1~J5, J6 skipped).
[10:50:04.563] [ARM-RX] Soft resetting joint 4...
[10:50:04.563] [ARM-RX] robot_update_current_angle 4...
[10:50:04.563] [ARM-RX] [4] current:90.61, target:90.00, dir:-1
[10:50:04.685] [ARM-RX] Soft resetting joint 3...
[10:50:04.747] [ARM-RX] robot_update_current_angle 3...
[10:50:04.747] [ARM-RX] [3] current:-24.95, target:0.00, dir:1
[10:50:06.554] [ARM-RX] soft reset joint 3 settle timeout, keep going
[10:50:06.554] [ARM-RX] Soft resetting joint 1...
[10:50:06.554] [ARM-RX] robot_update_current_angle 1...
[10:50:06.554] [ARM-RX] [1] current:110.27, target:90.00, dir:-1
[10:50:08.301] [ARM-RX] soft reset joint 1 settle timeout, keep going
[10:50:08.301] [ARM-RX] Soft resetting joint 2...
[10:50:08.301] [ARM-RX] robot_update_current_angle 2...
[10:50:08.301] [ARM-RX] [2] current:-60.89, target:-90.00, dir:-1
[10:50:10.231] [ARM-RX] soft reset joint 2 settle timeout, keep going
[10:50:10.231] [ARM-RX] Soft resetting joint 0...
[10:50:10.231] [ARM-RX] robot_update_current_angle 0...
[10:50:10.231] [ARM-RX] [0] current:109.17, target:90.00, dir:-1
[10:50:11.973] [ARM-RX] soft reset joint 0 settle timeout, keep going
[10:50:11.973] [ARM-RX] soft reset verify not pass, start refine loop...
[10:50:11.973] [ARM-RX] soft reset refine joint 0 round 1: cur=91.84 target=90.00 err=1.84 dir=-1
[10:50:12.530] [ARM-RX] soft reset refine pass 1 success.
[10:50:12.530] [ARM-RX] soft reset final verify PASS (issues:4), pose set HOME.
[10:52:52.700] [ARM-INFO] opened COM7 @ 115200
[10:52:53.699] [ARM-INFO] opened COM7 @ 115200
[10:52:58.674] [ARM-TX] 发送命令 auto 23.25 -50 0: auto 23.25 -50 0
[10:52:58.744] [ARM-RX] Found handler for 'auto', executing...
[10:52:58.744] [ARM-RX] ROBOT_AUTO_EVENT
[10:52:58.744] [ARM-RX] [0] <0.00 0.00 0.00> result: 90.00 90.00 -90.00 0.00 90.00 0.00
[10:52:58.769] [ARM-RX] [1] <0.00 -0.00 0.00> result: 90.00 90.00 -90.00 -0.00 90.00 0.00
[10:52:58.769] [ARM-RX] [2] <0.00 -0.00 0.00> result: 90.00 90.00 -90.00 -0.00 90.00 0.00
[10:52:58.770] [ARM-RX] [3] <0.00 -0.01 0.00> result: 90.00 90.00 -90.00 -0.00 90.00 0.00
[10:52:58.770] [ARM-RX] [4] <0.01 -0.02 0.00> result: 90.01 90.00 -90.00 -0.01
[10:52:58.790] [ARM-RX] 90.00 0.00
[10:52:58.792] [ARM-RX] [5] <0.01 -0.03 0.00> result: 90.02 90.01 -89.99 -0.02 90.00 0.00
[10:52:58.792] [ARM-RX] [6] <0.02 -0.05 0.00> result: 90.03 90.01 -89.99 -0.03 90.00 0.00
[10:52:58.792] [ARM-RX] [7] <0.03 -0.07 0.00> result: 90.04 90.02 -89.98 -0.04 90.00 0.00
[10:52:58.792] [ARM-RX] [8] <0.05 -0.10 0.00> result: 90.06 90.03
[10:52:58.814] [ARM-RX] -89.97 -0.06 90.00 0.00
[10:52:58.814] [ARM-RX] [9] <0.07 -0.14 0.00> result: 90.08 90.04 -89.96 -0.08 90.00 0.00
[10:52:58.814] [ARM-RX] [10] <0.09 -0.19 0.00> result: 90.11 90.06 -89.94 -0.11 90.00 0.00
[10:52:58.815] [ARM-RX] [11] <0.12 -0.25 0.00> result: 90.14 90.07 -89.93 -0.14 90.00 0.00
[10:52:58.815] [ARM-RX] [12] <0.15 -0.33 0.00> resul
[10:52:58.837] [ARM-RX] t: 90.18 90.09 -89.91 -0.18 90.00 0.00
[10:52:58.838] [ARM-RX] [13] <0.19 -0.41 0.00> result: 90.23 90.12 -89.88 -0.23 90.00 0.00
[10:52:58.838] [ARM-RX] [14] <0.24 -0.51 0.00> result: 90.28 90.14 -89.85 -0.28 90.00 0.00
[10:52:58.838] [ARM-RX] [15] <0.29 -0.62 0.00> result: 90.34 90.18 -89.82 -0.34 90.00 0.00
[10:52:58.838] [ARM-RX] [16] <0.35 -
[10:52:58.860] [ARM-RX] 0.74 0.00> result: 90.41 90.21 -89.79 -0.41 90.00 0.00
[10:52:58.860] [ARM-RX] [17] <0.41 -0.88 0.00> result: 90.49 90.25 -89.75 -0.49 90.00 0.00
[10:52:58.860] [ARM-RX] [18] <0.48 -1.04 0.00> result: 90.57 90.30 -89.70 -0.57 90.00 0.00
[10:52:58.861] [ARM-RX] [19] <0.57 -1.22 0.00> result: 90.66 90.35 -89.65 -0.66 90.00 0.
[10:52:58.883] [ARM-RX] 00
[10:52:58.883] [ARM-RX] [20] <0.66 -1.41 0.00> result: 90.77 90.40 -89.59 -0.77 89.99 0.00
[10:52:58.883] [ARM-RX] [21] <0.75 -1.62 0.00> result: 90.88 90.46 -89.53 -0.88 89.99 0.00
[10:52:58.884] [ARM-RX] [22] <0.86 -1.86 0.00> result: 91.00 90.52 -89.47 -1.00 89.99 0.00
[10:52:58.884] [ARM-RX] [23] <0.98 -2.11 0.00> result: 91.13 90.59 -89.3
[10:52:58.906] [ARM-RX] 9 -1.13 89.99 0.00
[10:52:58.906] [ARM-RX] [24] <1.11 -2.38 0.00> result: 91.27 90.67 -89.31 -1.27 89.98 0.00
[10:52:58.907] [ARM-RX] [25] <1.24 -2.67 0.00> result: 91.42 90.75 -89.23 -1.42 89.98 0.00
[10:52:58.907] [ARM-RX] [26] <1.39 -2.99 0.00> result: 91.57 90.84 -89.14 -1.57 89.97 0.00
[10:52:58.907] [ARM-RX] [27] <1.55 -3.33 0.00> result: 9
[10:52:58.941] [ARM-RX] 1.74 90.93 -89.04 -1.74 89.97 0.00
[10:52:58.941] [ARM-RX] [28] <1.72 -3.69 0.00> result: 91.92 91.03 -88.93 -1.92 89.96 0.00
[10:52:58.941] [ARM-RX] [29] <1.90 -4.08 0.00> result: 92.10 91.13 -88.82 -2.10 89.95 0.00
[10:52:58.941] [ARM-RX] [30] <2.09 -4.49 0.00> result: 92.29 91.25 -88.70 -2.29 89.94 0.00
[10:52:58.942] [ARM-RX] [31] <2.29 -4.92
[10:52:58.964] [ARM-RX] 0.00> result: 92.49 91.36 -88.57 -2.49 89.93 0.00
[10:52:58.964] [ARM-RX] [32] <2.50 -5.38 0.00> result: 92.70 91.48 -88.43 -2.70 89.92 0.00
[10:52:58.964] [ARM-RX] [33] <2.73 -5.87 0.00> result: 92.92 91.61 -88.29 -2.92 89.91 0.00
[10:52:58.964] [ARM-RX] [34] <2.97 -6.38 0.00> result: 93.14 91.75 -88.14 -3.14 89.89 0.00
[10:52:58.987] [ARM-RX] [35] <3.22 -6.92 0.00> result: 93.37 91.89 -87.98 -3.37 89.87 0.00
[10:52:58.987] [ARM-RX] [36] <3.48 -7.48 0.00> result: 93.61 92.04 -87.81 -3.61 89.85 0.00
[10:52:58.988] [ARM-RX] [37] <3.75 -8.07 0.00> result: 93.85 92.19 -87.64 -3.85 89.83 0.00
[10:52:58.988] [ARM-RX] [38] <4.04 -8.69 0.00> result: 94.10 92.35 -87.45 -4
[10:52:59.010] [ARM-RX] .10 89.80 0.00
[10:52:59.011] [ARM-RX] [39] <4.34 -9.33 0.00> result: 94.36 92.51 -87.26 -4.36 89.77 0.00
[10:52:59.011] [ARM-RX] [40] <4.65 -10.00 0.00> result: 94.61 92.68 -87.06 -4.61 89.74 0.00
[10:52:59.011] [ARM-RX] [41] <4.98 -10.70 0.00> result: 94.88 92.85 -86.85 -4.88 89.71 0.00
[10:52:59.012] [ARM-RX] [42] <5.31 -11.43 0.00> result: 95
[10:52:59.033] [ARM-RX] .14 93.04 -86.63 -5.14 89.67 0.00
[10:52:59.033] [ARM-RX] [43] <5.66 -12.18 0.00> result: 95.41 93.22 -86.40 -5.41 89.63 0.00
[10:52:59.033] [ARM-RX] [44] <6.03 -12.96 0.00> result: 95.68 93.41 -86.17 -5.68 89.58 0.00
[10:52:59.033] [ARM-RX] [45] <6.40 -13.76 0.00> result: 95.95 93.61 -85.92 -5.95 89.53 0.00
[10:52:59.034] [ARM-RX] [46] <6.79 -14
[10:52:59.056] [ARM-RX] .60 0.00> result: 96.23 93.81 -85.67 -6.23 89.48 0.00
[10:52:59.056] [ARM-RX] [47] <7.19 -15.46 0.00> result: 96.50 94.02 -85.41 -6.50 89.42 0.00
[10:52:59.056] [ARM-RX] [48] <7.60 -16.35 0.00> result: 96.78 94.23 -85.13 -6.78 89.36 0.00
[10:52:59.057] [ARM-RX] [49] <8.03 -17.26 0.00> result: 97.05 94.44 -84.85 -7.05 89.30
[10:52:59.079] [ARM-RX] 0.00
[10:52:59.080] [ARM-RX] [50] <8.46 -18.20 0.00> result: 97.33 94.66 -84.56 -7.33 89.23 0.00
[10:52:59.080] [ARM-RX] [51] <8.91 -19.17 0.00> result: 97.60 94.88 -84.27 -7.60 89.16 0.00
[10:52:59.080] [ARM-RX] [52] <9.37 -20.16 0.00> result: 97.87 95.11 -83.96 -7.87 89.08 0.00
[10:52:59.080] [ARM-RX] [53] <9.85 -21.17 0.00> result: 98.14 95.34
[10:52:59.102] [ARM-RX] -83.64 -8.15 89.00 0.00
[10:52:59.103] [ARM-RX] [54] <10.33 -22.22 0.00> result: 98.41 95.58 -83.32 -8.41 88.91 0.00
[10:52:59.103] [ARM-RX] [55] <10.83 -23.28 0.00> result: 98.68 95.82 -82.99 -8.68 88.82 0.00
[10:52:59.103] [ARM-RX] [56] <11.33 -24.37 0.00> result: 98.94 96.06 -82.65 -8.95 88.73 0.00
[10:52:59.103] [ARM-RX] [57] <11.85 -25.49 0
[10:52:59.136] [ARM-RX] .00> result: 99.21 96.31 -82.30 -9.21 88.63 0.00
[10:52:59.137] [ARM-RX] [58] <12.38 -26.62 0.00> result: 99.47 96.56 -81.94 -9.47 88.52 0.00
[10:52:59.137] [ARM-RX] [59] <12.92 -27.78 0.00> result: 99.72 96.81 -81.58 -9.72 88.41 0.00
[10:52:59.137] [ARM-RX] [60] <13.47 -28.96 0.00> result: 99.97 97.07 -81.21 -9.98 88.30 0.
[10:52:59.159] [ARM-RX] 00
[10:52:59.160] [ARM-RX] [61] <14.03 -30.16 0.00> result: 100.22 97.32 -80.83 -10.23 88.18 0.00
[10:52:59.160] [ARM-RX] [62] <14.59 -31.38 0.00> result: 100.46 97.58 -80.44 -10.47 88.06 0.00
[10:52:59.160] [ARM-RX] [63] <15.17 -32.63 0.00> result: 100.70 97.85 -80.05 -10.71 87.93 0.00
[10:52:59.160] [ARM-RX] [64] <15.76 -33.89 0.00> result: 100
[10:52:59.183] [ARM-RX] .94 98.11 -79.65 -10.95 87.80 0.00
[10:52:59.183] [ARM-RX] [65] <16.35 -35.17 0.00> result: 101.17 98.38 -79.24 -11.18 87.67 0.00
[10:52:59.183] [ARM-RX] [66] <16.96 -36.46 0.00> result: 101.40 98.65 -78.83 -11.41 87.53 0.00
[10:52:59.183] [ARM-RX] [67] <17.57 -37.78 0.00> result: 101.62 98.92 -78.41 -11.63 87.38 0.00
[10:52:59.185] [ARM-RX] [68]
[10:52:59.206] [ARM-RX] <18.18 -39.11 0.00> result: 101.84 99.20 -77.98 -11.85 87.24 0.00
[10:52:59.206] [ARM-RX] [69] <18.81 -40.45 0.00> result: 102.05 99.47 -77.55 -12.07 87.09 0.00
[10:52:59.207] [ARM-RX] [70] <19.44 -41.81 0.00> result: 102.26 99.75 -77.11 -12.28 86.93 0.00
[10:52:59.207] [ARM-RX] [71] <20.08 -43.18 0.00> result: 102.47 100.
[10:52:59.231] [ARM-RX] 03 -76.67 -12.49 86.77 0.00
[10:52:59.232] [ARM-RX] [72] <20.72 -44.57 0.00> result: 102.67 100.30 -76.22 -12.69 86.61 0.00
[10:52:59.232] [ARM-RX] [73] <21.37 -45.96 0.00> result: 102.86 100.58 -75.77 -12.89 86.45 0.00
[10:52:59.232] [ARM-RX] [74] <22.03 -47.37 0.00> result: 103.05 100.87 -75.31 -13.08 86.28 0.00
[10:52:59.232] [ARM-RX] [75] <22
[10:52:59.252] [ARM-RX] .69 -48.79 0.00> result: 103.24 101.15 -74.85 -13.27 86.11 0.00
[10:52:59.253] [ARM-RX] [76] <23.25 -50.00 0.00> result: 103.40 101.39 -74.46 -13.43 85.96 0.00
[10:52:59.253] [ARM-RX] [77] <23.25 -50.00 0.00> result: 103.40 101.39 -74.46 -13.43 85.96 0.00
[10:52:59.253] [ARM-RX] [78] <23.25 -50.00 0.00> result: 103.40 101.3
[10:52:59.274] [ARM-RX] 9 -74.46 -13.43 85.96 0.00
[10:52:59.276] [ARM-RX] [79] <23.25 -50.00 0.00> result: 103.40 101.39 -74.46 -13.43 85.96 0.00
[10:52:59.276] [ARM-RX] [80] <23.25 -50.00 0.00> result: 103.40 101.39 -74.46 -13.43 85.96 0.00
[10:52:59.276] [ARM-RX] [81] <23.25 -50.00 0.00> result: 103.40 101.39 -74.46 -13.43 85.96 0.00
[10:52:59.276] [ARM-RX] [82] <23.
[10:52:59.309] [ARM-RX] 25 -50.00 0.00> result: 103.40 101.39 -74.46 -13.43 85.96 0.00
[10:52:59.309] [ARM-RX] [83] <23.25 -50.00 0.00> result: 103.40 101.39 -74.46 -13.43 85.96 0.00
[10:52:59.309] [ARM-RX] [84] <23.25 -50.00 0.00> result: 103.40 101.39 -74.46 -13.43 85.96 0.00
[10:52:59.309] [ARM-RX] [85] <23.25 -50.00 0.00> result: 103.40 101.39
[10:52:59.332] [ARM-RX] -74.46 -13.43 85.96 0.00
[10:52:59.332] [ARM-RX] [86] <23.25 -50.00 0.00> result: 103.40 101.39 -74.46 -13.43 85.96 0.00
[10:52:59.332] [ARM-RX] [87] <23.25 -50.00 0.00> result: 103.40 101.39 -74.46 -13.43 85.96 0.00
[10:52:59.332] [ARM-RX] [88] <23.25 -50.00 0.00> result: 103.40 101.39 -74.46 -13.43 85.96 0.00
[10:52:59.333] [ARM-RX] [89] <23.2
[10:52:59.356] [ARM-RX] 5 -50.00 0.00> result: 103.40 101.39 -74.46 -13.43 85.96 0.00
[10:52:59.356] [ARM-RX] [90] <23.25 -50.00 0.00> result: 103.40 101.39 -74.46 -13.43 85.96 0.00
[10:52:59.356] [ARM-RX] [91] <23.25 -50.00 0.00> result: 103.40 101.39 -74.46 -13.43 85.96 0.00
[10:52:59.356] [ARM-RX] [92] <23.25 -50.00 0.00> result: 103.40 101.39
[10:52:59.380] [ARM-RX] -74.46 -13.43 85.96 0.00
[10:52:59.380] [ARM-RX] [93] <23.25 -50.00 0.00> result: 103.40 101.39 -74.46 -13.43 85.96 0.00
[10:52:59.380] [ARM-RX] [94] <23.25 -50.00 0.00> result: 103.40 101.39 -74.46 -13.43 85.96 0.00
[10:52:59.380] [ARM-RX] [95] <23.25 -50.00 0.00> result: 103.40 101.39 -74.46 -13.43 85.96 0.00
[10:52:59.380] [ARM-RX] [96] <23.25
[10:52:59.401] [ARM-RX] -50.00 0.00> result: 103.40 101.39 -74.46 -13.43 85.96 0.00
[10:52:59.401] [ARM-RX] [97] <23.25 -50.00 0.00> result: 103.40 101.39 -74.46 -13.43 85.96 0.00
[10:52:59.402] [ARM-RX] [98] <23.25 -50.00 0.00> result: 103.40 101.39 -74.46 -13.43 85.96 0.00
[10:52:59.402] [ARM-RX] [99] <23.25 -50.00 0.00> result: 103.40 101.39 -
[10:52:59.425] [ARM-RX] 74.46 -13.43 85.96 0.00
[10:52:59.426] [ARM-RX] [100] <23.25 -50.00 0.00> result: 103.40 101.39 -74.46 -13.43 85.96 0.00
[10:52:59.426] [ARM-RX] [101] <23.25 -50.00 0.00> result: 103.40 101.39 -74.46 -13.43 85.96 0.00
[10:52:59.426] [ARM-RX] [102] <23.25 -50.00 0.00> result: 103.40 101.39 -74.46 -13.43 85.96 0.00
[10:52:59.426] [ARM-RX] [103] <23
[10:52:59.447] [ARM-RX] .25 -50.00 0.00> result: 103.40 101.39 -74.46 -13.43 85.96 0.00
[10:52:59.451] [ARM-RX] [104] <23.25 -50.00 0.00> result: 103.40 101.39 -74.46 -13.43 85.96 0.00
[10:52:59.451] [ARM-RX] [105] <23.25 -50.00 0.00> result: 103.40 101.39 -74.46 -13.43 85.96 0.00
[10:52:59.451] [ARM-RX] [106] <23.25 -50.00 0.00> result: 103.40 10
[10:52:59.471] [ARM-RX] 1.39 -74.46 -13.43 85.96 0.00
[10:52:59.472] [ARM-RX] [107] <23.25 -50.00 0.00> result: 103.40 101.39 -74.46 -13.43 85.96 0.00
[10:52:59.472] [ARM-RX] [108] <23.25 -50.00 0.00> result: 103.40 101.39 -74.46 -13.43 85.96 0.00
[10:52:59.472] [ARM-RX] [109] <23.25 -50.00 0.00> result: 103.40 101.39 -74.46 -13.43 85.96 0.00
[10:52:59.472] [ARM-RX] [11
[10:52:59.505] [ARM-RX] 0] <23.25 -50.00 0.00> result: 103.40 101.39 -74.46 -13.43 85.96 0.00
[10:52:59.505] [ARM-RX] [111] <23.25 -50.00 0.00> result: 103.40 101.39 -74.46 -13.43 85.96 0.00
[10:52:59.505] [ARM-RX] [112] <23.25 -50.00 0.00> result: 103.40 101.39 -74.46 -13.43 85.96 0.00
[10:52:59.506] [ARM-RX] [113] <23.25 -50.00 0.00> result: 103
[10:52:59.528] [ARM-RX] .40 101.39 -74.46 -13.43 85.96 0.00
[10:52:59.528] [ARM-RX] [114] <23.25 -50.00 0.00> result: 103.40 101.39 -74.46 -13.43 85.96 0.00
[10:52:59.529] [ARM-RX] [115] <23.25 -50.00 0.00> result: 103.40 101.39 -74.46 -13.43 85.96 0.00
[10:52:59.529] [ARM-RX] [116] <23.25 -50.00 0.00> result: 103.40 101.39 -74.46 -13.43 85.96 0.0
[10:52:59.551] [ARM-RX] 0
[10:52:59.552] [ARM-RX] [117] <23.25 -50.00 0.00> result: 103.40 101.39 -74.46 -13.43 85.96 0.00
[10:52:59.552] [ARM-RX] [118] <23.25 -50.00 0.00> result: 103.40 101.39 -74.46 -13.43 85.96 0.00
[10:52:59.552] [ARM-RX] [119] <23.25 -50.00 0.00> result: 103.40 101.39 -74.46 -13.43 85.96 0.00
[10:52:59.552] [ARM-RX] [120] <23.25 -50.00 0.00> resul
[10:52:59.574] [ARM-RX] t: 103.40 101.39 -74.46 -13.43 85.96 0.00
[10:52:59.574] [ARM-RX] [121] <23.25 -50.00 0.00> result: 103.40 101.39 -74.46 -13.43 85.96 0.00
[10:52:59.574] [ARM-RX] [122] <23.25 -50.00 0.00> result: 103.40 101.39 -74.46 -13.43 85.96 0.00
[10:52:59.575] [ARM-RX] [123] <23.25 -50.00 0.00> result: 103.40 101.39 -74.46 -13.43 85.
[10:52:59.597] [ARM-RX] 96 0.00
[10:52:59.597] [ARM-RX] [124] <23.25 -50.00 0.00> result: 103.40 101.39 -74.46 -13.43 85.96 0.00
[10:52:59.597] [ARM-RX] [125] <23.25 -50.00 0.00> result: 103.40 101.39 -74.46 -13.43 85.96 0.00
[10:52:59.597] [ARM-RX] [126] <23.25 -50.00 0.00> result: 103.40 101.39 -74.46 -13.43 85.96 0.00
[10:52:59.598] [ARM-RX] [127] <23.25 -50.00 0.00>
[10:52:59.620] [ARM-RX] result: 103.40 101.39 -74.46 -13.43 85.96 0.00
[10:52:59.620] [ARM-RX] [128] <23.25 -50.00 0.00> result: 103.40 101.39 -74.46 -13.43 85.96 0.00
[10:52:59.620] [ARM-RX] [129] <23.25 -50.00 0.00> result: 103.40 101.39 -74.46 -13.43 85.96 0.00
[10:52:59.621] [ARM-RX] [130] <23.25 -50.00 0.00> result: 103.40 101.39 -74.46 -13.
[10:52:59.643] [ARM-RX] 43 85.96 0.00
[10:52:59.643] [ARM-RX] [131] <23.25 -50.00 0.00> result: 103.40 101.39 -74.46 -13.43 85.96 0.00
[10:52:59.644] [ARM-RX] [132] <23.25 -50.00 0.00> result: 103.40 101.39 -74.46 -13.43 85.96 0.00
[10:52:59.644] [ARM-RX] [133] <23.25 -50.00 0.00> result: 103.40 101.39 -74.46 -13.43 85.96 0.00
[10:52:59.644] [ARM-RX] [134] <23.25 -50.00
[10:52:59.678] [ARM-RX] 0.00> result: 103.40 101.39 -74.46 -13.43 85.96 0.00
[10:52:59.678] [ARM-RX] [135] <23.25 -50.00 0.00> result: 103.40 101.39 -74.46 -13.43 85.96 0.00
[10:52:59.679] [ARM-RX] [136] <23.25 -50.00 0.00> result: 103.40 101.39 -74.46 -13.43 85.96 0.00
[10:52:59.679] [ARM-RX] [137] <23.25 -50.00 0.00> result: 103.40 101.39 -74.4
[10:52:59.701] [ARM-RX] 6 -13.43 85.96 0.00
[10:52:59.702] [ARM-RX] [138] <23.25 -50.00 0.00> result: 103.40 101.39 -74.46 -13.43 85.96 0.00
[10:52:59.702] [ARM-RX] [139] <23.25 -50.00 0.00> result: 103.40 101.39 -74.46 -13.43 85.96 0.00
[10:52:59.702] [ARM-RX] [140] <23.25 -50.00 0.00> result: 103.40 101.39 -74.46 -13.43 85.96 0.00
[10:52:59.702] [ARM-RX] [141] <23.25
[10:52:59.724] [ARM-RX] -50.00 0.00> result: 103.40 101.39 -74.46 -13.43 85.96 0.00
[10:52:59.724] [ARM-RX] [142] <23.25 -50.00 0.00> result: 103.40 101.39 -74.46 -13.43 85.96 0.00
[10:52:59.724] [ARM-RX] [143] <23.25 -50.00 0.00> result: 103.40 101.39 -74.46 -13.43 85.96 0.00
[10:52:59.724] [ARM-RX] [144] <23.25 -50.00 0.00> result: 103.40 101.39
[10:52:59.748] [ARM-RX] -74.46 -13.43 85.96 0.00
[10:52:59.748] [ARM-RX] [145] <23.25 -50.00 0.00> result: 103.40 101.39 -74.46 -13.43 85.96 0.00
[10:52:59.748] [ARM-RX] [146] <23.25 -50.00 0.00> result: 103.40 101.39 -74.46 -13.43 85.96 0.00
[10:52:59.748] [ARM-RX] [147] <23.25 -50.00 0.00> result: 103.40 101.39 -74.46 -13.43 85.96 0.00
[10:52:59.749] [ARM-RX] [148] <
[10:52:59.770] [ARM-RX] 23.25 -50.00 0.00> result: 103.40 101.39 -74.46 -13.43 85.96 0.00
[10:52:59.771] [ARM-RX] [149] <23.25 -50.00 0.00> result: 103.40 101.39 -74.46 -13.43 85.96 0.00
[10:52:59.771] [ARM-RX] [150] <23.25 -50.00 0.00> result: 103.40 101.39 -74.46 -13.43 85.96 0.00
[10:52:59.771] [ARM-RX] [151] <23.25 -50.00 0.00> result: 103.40
[10:52:59.794] [ARM-RX] 101.39 -74.46 -13.43 85.96 0.00
[10:52:59.794] [ARM-RX] [152] <23.25 -50.00 0.00> result: 103.40 101.39 -74.46 -13.43 85.96 0.00
[10:52:59.794] [ARM-RX] [153] <23.25 -50.00 0.00> result: 103.40 101.39 -74.46 -13.43 85.96 0.00
[10:52:59.794] [ARM-RX] [154] <23.25 -50.00 0.00> result: 103.40 101.39 -74.46 -13.43 85.96 0.00
[10:52:59.795] [ARM-RX] [
[10:52:59.816] [ARM-RX] 155] <23.25 -50.00 0.00> result: 103.40 101.39 -74.46 -13.43 85.96 0.00
[10:52:59.816] [ARM-RX] [156] <23.25 -50.00 0.00> result: 103.40 101.39 -74.46 -13.43 85.96 0.00
[10:52:59.817] [ARM-RX] [157] <23.25 -50.00 0.00> result: 103.40 101.39 -74.46 -13.43 85.96 0.00
[10:52:59.817] [ARM-RX] [158] <23.25 -50.00 0.00> result: 1
[10:52:59.839] [ARM-RX] 03.40 101.39 -74.46 -13.43 85.96 0.00
[10:52:59.839] [ARM-RX] [159] <23.25 -50.00 0.00> result: 103.40 101.39 -74.46 -13.43 85.96 0.00
[10:52:59.839] [ARM-RX] [160] <23.25 -50.00 0.00> result: 103.40 101.39 -74.46 -13.43 85.96 0.00
[10:52:59.839] [ARM-RX] [161] <23.25 -50.00 0.00> result: 103.40 101.39 -74.46 -13.43 85.96 0
[10:52:59.874] [ARM-RX] .00
[10:52:59.874] [ARM-RX] [162] <23.25 -50.00 0.00> result: 103.40 101.39 -74.46 -13.43 85.96 0.00
[10:52:59.875] [ARM-RX] [163] <23.25 -50.00 0.00> result: 103.40 101.39 -74.46 -13.43 85.96 0.00
[10:52:59.875] [ARM-RX] [164] <23.25 -50.00 0.00> result: 103.40 101.39 -74.46 -13.43 85.96 0.00
[10:52:59.875] [ARM-RX] [165] <23.25 -50.00 0.00> res
[10:52:59.897] [ARM-RX] ult: 103.40 101.39 -74.46 -13.43 85.96 0.00
[10:52:59.897] [ARM-RX] [166] <23.25 -50.00 0.00> result: 103.40 101.39 -74.46 -13.43 85.96 0.00
[10:52:59.897] [ARM-RX] [167] <23.25 -50.00 0.00> result: 103.40 101.39 -74.46 -13.43 85.96 0.00
[10:52:59.898] [ARM-RX] [168] <23.25 -50.00 0.00> result: 103.40 101.39 -74.46 -13.43 8
[10:52:59.963] [ARM-RX] 5.96 0.00
[10:52:59.963] [ARM-RX] [169] <23.25 -50.00 0.00> result: 103.40 101.39 -74.46 -13.43 85.96 0.00
[10:53:01.772] [ARM-RX] [jpint 1] ave_error:3.63
[10:53:01.772] [ARM-RX] [jpint 2] ave_error:3.43
[10:53:01.772] [ARM-RX] [jpint 3] ave_error:5.00
[10:53:01.772] [ARM-RX] [jpint 4] ave_error:5.01
[10:53:01.773] [ARM-RX] [jpint 5] ave_error:3.34
[10:53:01.773] [ARM-RX] robot pid run finished!!
[10:53:02.582] [ARM-RX] AUTO final confirm failed: joint 2 err=13.54deg tol=3.00, pose invalid.
[10:53:09.482] [APP-INFO] 已刷新串口: COM7, COM16, COM22, COM21, COM14
[10:53:37.585] [ARM-TX] 发送命令 soft_reset: soft_reset
[10:53:37.691] [ARM-RX] Found handler for 'soft_reset', executing...
[10:53:37.691] [ARM-RX] ROBOT_SOFT_RESET_EVENT
[10:53:37.691] [ARM-RX] --- Starting soft reset ---
[10:53:37.941] [ARM-RX] Soft reset motors enabled (J1~J5, J6 skipped).
[10:53:37.941] [ARM-RX] Soft resetting joint 4...
[10:53:37.941] [ARM-RX] robot_update_current_angle 4...
[10:53:37.941] [ARM-RX] [4] current:90.66, target:90.00, dir:-1
[10:53:38.066] [ARM-RX] Soft resetting joint 3...
[10:53:38.066] [ARM-RX] robot_update_current_angle 3...
[10:53:38.066] [ARM-RX] [3] current:-24.74, target:0.00, dir:1
[10:53:39.874] [ARM-RX] soft reset joint 3 settle timeout, keep going
[10:53:39.874] [ARM-RX] Soft resetting joint 1...
[10:53:39.938] [ARM-RX] robot_update_current_angle 1...
[10:53:39.938] [ARM-RX] [1] current:110.28, target:90.00, dir:-1
[10:53:41.628] [ARM-RX] soft reset joint 1 settle timeout, keep going
[10:53:41.628] [ARM-RX] Soft resetting joint 2...
[10:53:41.628] [ARM-RX] robot_update_current_angle 2...
[10:53:41.628] [ARM-RX] [2] current:-60.93, target:-90.00, dir:-1
[10:53:43.556] [ARM-RX] soft reset joint 2 settle timeout, keep going
[10:53:43.556] [ARM-RX] Soft resetting joint 0...
[10:53:43.619] [ARM-RX] robot_update_current_angle 0...
[10:53:43.619] [ARM-RX] [0] current:109.29, target:90.00, dir:-1
[10:53:45.301] [ARM-RX] soft reset joint 0 settle timeout, keep going
[10:53:45.301] [ARM-RX] soft reset verify not pass, start refine loop...
[10:53:45.425] [ARM-RX] soft reset refine joint 0 round 1: cur=91.46 target=90.00 err=1.46 dir=-1
[10:53:45.860] [ARM-RX] soft reset refine pass 1 success.
[10:53:45.860] [ARM-RX] soft reset final verify PASS (issues:4), pose set HOME.
[10:53:49.883] [JETSON-ERROR] Jetson模拟串口未打开，控制帧未发送。
[10:53:59.545] [JETSON-INFO] opened COM14 @ 115200
[10:54:01.534] [JETSON-TX] TARGET_CTRL_START: AA 01 01 BB
[10:54:01.572] [ARM-RX] [JETSON_RX] target_ctrl=1
[10:54:01.573] [ARM-RX] ROBOT_AUTO_EVENT
[10:54:01.573] [ARM-RX] [0] <0.00 0.00 0.00> result: 90.00 90.00 -90.00 0.00 90.00 0.00
[10:54:01.573] [ARM-RX] [1] <0.00 -0.00 -0.00> result: 90.00 90.00 -90.00 0.00 90.00 0.00
[10:54:01.573] [ARM-RX] [2] <0.00 -0.00 -0.00> result: 90.00 90.00 -90.00 0.00 90.00 0.00
[10:54:01.574] [ARM-RX] [3] <0.00 -0.
[10:54:01.596] [ARM-RX] 01 -0.00> result: 90.00 90.00 -90.00 0.00 90.00 0.00
[10:54:01.596] [ARM-RX] [4] <0.00 -0.02 -0.00> result: 90.00 90.01 -90.00 0.00 90.00 0.00
[10:54:01.596] [ARM-RX] [5] <0.00 -0.03 -0.00> result: 90.00 90.01 -89.99 0.00 90.00 0.00
[10:54:01.596] [ARM-RX] [6] <0.00 -0.05 -0.00> result: 90.00 90.02 -89.99 0.00 90.00 0.00
[10:54:01.597] [ARM-RX] [
[10:54:01.603] [JETSON-RX] CC 04 01 DD
[10:54:01.603] [JETSON-STATUS] TARGET_CTRL_ON: CC 04 01 DD
[10:54:01.619] [ARM-RX] 7] <0.00 -0.07 -0.00> result: 90.00 90.02 -89.98 0.00 90.00 0.00
[10:54:01.619] [ARM-RX] [8] <0.00 -0.11 -0.00> result: 90.00 90.03 -89.97 0.00 90.00 0.00
[10:54:01.619] [ARM-RX] [9] <0.00 -0.15 -0.00> result: 90.00 90.05 -89.96 0.00 90.00 0.00
[10:54:01.620] [ARM-RX] [10] <0.00 -0.20 -0.01> result: 90.00 90.06 -89.94 0.00
[10:54:01.642] [ARM-RX] 90.01 0.00
[10:54:01.642] [ARM-RX] [11] <0.00 -0.27 -0.01> result: 90.00 90.08 -89.92 0.00 90.01 0.00
[10:54:01.642] [ARM-RX] [12] <0.00 -0.34 -0.01> result: 90.00 90.11 -89.90 0.00 90.01 0.00
[10:54:01.642] [ARM-RX] [13] <0.00 -0.43 -0.01> result: 90.00 90.14 -89.88 0.00 90.01 0.00
[10:54:01.642] [ARM-RX] [14] <0.00 -0.54 -0.01> result: 90.00 90
[10:54:01.668] [ARM-RX] .17 -89.85 0.00 90.02 0.00
[10:54:01.669] [ARM-RX] [15] <0.00 -0.65 -0.02> result: 90.00 90.20 -89.81 0.00 90.02 0.00
[10:54:01.669] [ARM-RX] [16] <0.00 -0.79 -0.02> result: 90.00 90.25 -89.78 0.00 90.02 0.00
[10:54:01.669] [ARM-RX] [17] <0.00 -0.94 -0.02> result: 90.00 90.29 -89.73 0.00 90.03 0.00
[10:54:01.669] [ARM-RX] [18] <0.00 -1.10 -0.03>
[10:54:01.687] [ARM-RX] result: 90.00 90.34 -89.69 0.00 90.03 0.00
[10:54:01.687] [ARM-RX] [19] <0.00 -1.29 -0.03> result: 90.00 90.40 -89.63 0.00 90.03 0.00
[10:54:01.687] [ARM-RX] [20] <0.00 -1.49 -0.04> result: 90.00 90.46 -89.57 0.00 90.04 0.00
[10:54:01.687] [ARM-RX] [21] <0.00 -1.72 -0.04> result: 90.00 90.53 -89.51 0.00 90.04 0.00
[10:54:01.688] [ARM-RX] [22] <0.
[10:54:01.710] [ARM-RX] 00 -1.97 -0.05> result: 90.00 90.61 -89.44 0.00 90.05 0.00
[10:54:01.710] [ARM-RX] [23] <0.00 -2.23 -0.06> result: 90.00 90.69 -89.36 0.00 90.05 0.00
[10:54:01.710] [ARM-RX] [24] <0.00 -2.52 -0.06> result: 90.00 90.77 -89.28 0.00 90.05 0.00
[10:54:01.711] [ARM-RX] [25] <0.00 -2.84 -0.07> result: 90.00 90.87 -89.19 0.00 90.0
[10:54:01.745] [ARM-RX] 6 0.00
[10:54:01.745] [ARM-RX] [26] <0.00 -3.17 -0.08> result: 90.00 90.97 -89.10 0.00 90.06 0.00
[10:54:01.745] [ARM-RX] [27] <0.00 -3.53 -0.09> result: 90.00 91.07 -88.99 0.00 90.06 0.00
[10:54:01.745] [ARM-RX] [28] <0.00 -3.92 -0.10> result: 90.00 91.18 -88.88 0.00 90.07 0.00
[10:54:01.746] [ARM-RX] [29] <0.00 -4.33 -0.11> result: 90.00 91.30
[10:54:01.767] [ARM-RX] -88.76 0.00 90.07 0.00
[10:54:01.767] [ARM-RX] [30] <0.00 -4.77 -0.12> result: 90.00 91.43 -88.64 0.00 90.07 0.00
[10:54:01.767] [ARM-RX] [31] <0.00 -5.23 -0.13> result: 90.00 91.56 -88.51 0.00 90.07 0.00
[10:54:01.767] [ARM-RX] [32] <0.00 -5.72 -0.14> result: 90.00 91.70 -88.37 0.00 90.07 0.00
[10:54:01.768] [ARM-RX] [33] <0.00 -6.24 -0.16> resu
[10:54:01.790] [ARM-RX] lt: 90.00 91.85 -88.22 0.00 90.06 0.00
[10:54:01.790] [ARM-RX] [34] <0.00 -6.79 -0.17> result: 90.00 92.00 -88.06 0.00 90.06 0.00
[10:54:01.790] [ARM-RX] [35] <0.00 -7.36 -0.18> result: 90.00 92.16 -87.89 0.00 90.05 0.00
[10:54:01.791] [ARM-RX] [36] <0.00 -7.96 -0.20> result: 90.00 92.32 -87.72 0.00 90.04 0.00
[10:54:01.791] [ARM-RX] [37] <0.00 -
[10:54:01.813] [ARM-RX] 8.60 -0.21> result: 90.00 92.49 -87.54 0.00 90.03 0.00
[10:54:01.813] [ARM-RX] [38] <0.00 -9.26 -0.23> result: 90.00 92.67 -87.35 0.00 90.02 0.00
[10:54:01.814] [ARM-RX] [39] <0.00 -9.95 -0.25> result: 90.00 92.85 -87.15 0.00 90.00 0.00
[10:54:01.814] [ARM-RX] [40] <0.00 -10.67 -0.27> result: 90.00 93.04 -86.94 0.00 89.98 0
[10:54:01.835] [ARM-RX] .00
[10:54:01.836] [ARM-RX] [41] <0.00 -11.42 -0.29> result: 90.00 93.24 -86.72 0.00 89.96 0.00
[10:54:01.836] [ARM-RX] [42] <0.00 -12.20 -0.30> result: 90.00 93.44 -86.50 0.00 89.93 0.00
[10:54:01.836] [ARM-RX] [43] <0.00 -13.01 -0.33> result: 90.00 93.64 -86.26 0.00 89.91 0.00
[10:54:01.836] [ARM-RX] [44] <0.00 -13.85 -0.35> result: 90.00 93.85
[10:54:01.860] [ARM-RX] -86.02 0.00 89.87 0.00
[10:54:01.860] [ARM-RX] [45] <0.00 -14.72 -0.37> result: 90.00 94.07 -85.77 0.00 89.84 0.00
[10:54:01.860] [ARM-RX] [46] <0.00 -15.62 -0.39> result: 90.00 94.29 -85.51 0.00 89.80 0.00
[10:54:01.861] [ARM-RX] [47] <0.00 -16.55 -0.41> result: 90.00 94.52 -85.24 0.00 89.75 0.00
[10:54:01.861] [ARM-RX] [48] <0.00 -17.51 -0.44>
[10:54:01.882] [ARM-RX] result: 90.00 94.75 -84.96 0.00 89.70 0.00
[10:54:01.882] [ARM-RX] [49] <0.00 -18.49 -0.46> result: 90.00 94.98 -84.67 0.00 89.65 0.00
[10:54:01.883] [ARM-RX] [50] <0.00 -19.51 -0.49> result: 90.00 95.22 -84.37 0.00 89.59 0.00
[10:54:01.883] [ARM-RX] [51] <0.00 -20.56 -0.51> result: 90.00 95.47 -84.06 0.00 89.53 0.00
[10:54:01.883] [ARM-RX] [52]
[10:54:01.905] [ARM-RX] <0.00 -21.64 -0.54> result: 90.00 95.71 -83.75 0.00 89.46 0.00
[10:54:01.905] [ARM-RX] [53] <0.00 -22.74 -0.57> result: 90.00 95.97 -83.43 0.00 89.39 0.00
[10:54:01.905] [ARM-RX] [54] <0.00 -23.88 -0.60> result: 90.00 96.22 -83.09 0.00 89.32 0.00
[10:54:01.906] [ARM-RX] [55] <0.00 -25.04 -0.63> result: 90.00 96.48 -82.75 0
[10:54:01.939] [ARM-RX] .00 89.23 0.00
[10:54:01.939] [ARM-RX] [56] <0.00 -26.23 -0.66> result: 90.00 96.74 -82.40 0.00 89.15 0.00
[10:54:01.939] [ARM-RX] [57] <0.00 -27.44 -0.69> result: 90.00 97.01 -82.05 0.00 89.06 0.00
[10:54:01.939] [ARM-RX] [58] <0.00 -28.68 -0.72> result: 90.00 97.28 -81.68 0.00 88.96 0.00
[10:54:01.939] [ARM-RX] [59] <0.00 -29.95 -0.75> result:
[10:54:01.962] [ARM-RX] 90.00 97.55 -81.31 0.00 88.86 0.00
[10:54:01.962] [ARM-RX] [60] <0.00 -31.25 -0.78> result: 90.00 97.83 -80.92 0.00 88.75 0.00
[10:54:01.962] [ARM-RX] [61] <0.00 -32.57 -0.81> result: 90.00 98.10 -80.53 0.00 88.64 0.00
[10:54:01.962] [ARM-RX] [62] <0.00 -33.91 -0.85> result: 90.00 98.39 -80.14 0.00 88.52 0.00
[10:54:01.963] [ARM-RX] [63] <0.00 -3
[10:54:01.985] [ARM-RX] 5.28 -0.88> result: 90.00 98.67 -79.73 0.00 88.40 0.00
[10:54:01.985] [ARM-RX] [64] <0.00 -36.67 -0.92> result: 90.00 98.95 -79.32 0.00 88.27 0.00
[10:54:01.986] [ARM-RX] [65] <0.00 -38.08 -0.95> result: 90.00 99.24 -78.90 0.00 88.14 0.00
[10:54:01.986] [ARM-RX] [66] <0.00 -39.51 -0.99> result: 90.00 99.53 -78.47 0.00 88.00
[10:54:02.008] [ARM-RX] 0.00
[10:54:02.008] [ARM-RX] [67] <0.00 -40.97 -1.02> result: 90.00 99.82 -78.04 0.00 87.86 0.00
[10:54:02.008] [ARM-RX] [68] <0.00 -42.44 -1.06> result: 90.00 100.11 -77.60 0.00 87.71 0.00
[10:54:02.008] [ARM-RX] [69] <0.00 -43.94 -1.10> result: 90.00 100.41 -77.15 0.00 87.56 0.00
[10:54:02.009] [ARM-RX] [70] <0.00 -45.45 -1.14> result: 90.00 1
[10:54:02.031] [ARM-RX] 00.70 -76.70 0.00 87.41 0.00
[10:54:02.031] [ARM-RX] [71] <0.00 -46.98 -1.17> result: 90.00 101.00 -76.24 0.00 87.25 0.00
[10:54:02.031] [ARM-RX] [72] <0.00 -48.53 -1.21> result: 90.00 101.30 -75.78 0.00 87.08 0.00
[10:54:02.032] [ARM-RX] [73] <0.00 -50.09 -1.25> result: 90.00 101.60 -75.31 0.00 86.91 0.00
[10:54:02.032] [ARM-RX] [74] <0.00 -51.6
[10:54:02.054] [ARM-RX] 7 -1.29> result: 90.00 101.90 -74.84 0.00 86.74 0.00
[10:54:02.054] [ARM-RX] [75] <0.00 -53.26 -1.33> result: 90.00 102.20 -74.36 0.00 86.56 0.00
[10:54:02.054] [ARM-RX] [76] <0.00 -54.86 -1.37> result: 90.00 102.51 -73.87 0.00 86.38 0.00
[10:54:02.055] [ARM-RX] [77] <0.00 -56.48 -1.41> result: 90.00 102.81 -73.39 0.00 86.2
[10:54:02.076] [ARM-RX] 0 0.00
[10:54:02.076] [ARM-RX] [78] <0.00 -58.11 -1.45> result: 90.00 103.11 -72.89 0.00 86.01 0.00
[10:54:02.076] [ARM-RX] [79] <0.00 -59.75 -1.49> result: 90.00 103.42 -72.40 0.00 85.82 0.00
[10:54:02.078] [ARM-RX] [80] <0.00 -60.00 -1.50> result: 90.00 103.47 -72.32 0.00 85.79 0.00
[10:54:02.078] [ARM-RX] [81] <0.00 -60.00 -1.50> result: 90.00
[10:54:02.111] [ARM-RX] 103.47 -72.32 0.00 85.79 0.00
[10:54:02.112] [ARM-RX] [82] <0.00 -60.00 -1.50> result: 90.00 103.47 -72.32 0.00 85.79 0.00
[10:54:02.112] [ARM-RX] [83] <0.00 -60.00 -1.50> result: 90.00 103.47 -72.32 0.00 85.79 0.00
[10:54:02.112] [ARM-RX] [84] <0.00 -60.00 -1.50> result: 90.00 103.47 -72.32 0.00 85.79 0.00
[10:54:02.112] [ARM-RX] [85] <0.00 -60
[10:54:02.133] [ARM-RX] .00 -1.50> result: 90.00 103.47 -72.32 0.00 85.79 0.00
[10:54:02.134] [ARM-RX] [86] <0.00 -60.00 -1.50> result: 90.00 103.47 -72.32 0.00 85.79 0.00
[10:54:02.134] [ARM-RX] [87] <0.00 -60.00 -1.50> result: 90.00 103.47 -72.32 0.00 85.79 0.00
[10:54:02.139] [ARM-RX] [88] <0.00 -60.00 -1.50> result: 90.00 103.47 -72.32 0.00 85
[10:54:02.157] [ARM-RX] .79 0.00
[10:54:02.157] [ARM-RX] [89] <0.00 -60.00 -1.50> result: 90.00 103.47 -72.32 0.00 85.79 0.00
[10:54:02.157] [ARM-RX] [90] <0.00 -60.00 -1.50> result: 90.00 103.47 -72.32 0.00 85.79 0.00
[10:54:02.158] [ARM-RX] [91] <0.00 -60.00 -1.50> result: 90.00 103.47 -72.32 0.00 85.79 0.00
[10:54:02.158] [ARM-RX] [92] <0.00 -60.00 -1.50> result: 90.
[10:54:02.180] [ARM-RX] 00 103.47 -72.32 0.00 85.79 0.00
[10:54:02.180] [ARM-RX] [93] <0.00 -60.00 -1.50> result: 90.00 103.47 -72.32 0.00 85.79 0.00
[10:54:02.180] [ARM-RX] [94] <0.00 -60.00 -1.50> result: 90.00 103.47 -72.32 0.00 85.79 0.00
[10:54:02.181] [ARM-RX] [95] <0.00 -60.00 -1.50> result: 90.00 103.47 -72.32 0.00 85.79 0.00
[10:54:02.181] [ARM-RX] [96] <0.00 -
[10:54:02.203] [ARM-RX] 60.00 -1.50> result: 90.00 103.47 -72.32 0.00 85.79 0.00
[10:54:02.203] [ARM-RX] [97] <0.00 -60.00 -1.50> result: 90.00 103.47 -72.32 0.00 85.79 0.00
[10:54:02.203] [ARM-RX] [98] <0.00 -60.00 -1.50> result: 90.00 103.47 -72.32 0.00 85.79 0.00
[10:54:02.204] [ARM-RX] [99] <0.00 -60.00 -1.50> result: 90.00 103.47 -72.32 0.00
[10:54:02.228] [ARM-RX] 85.79 0.00
[10:54:02.228] [ARM-RX] [100] <0.00 -60.00 -1.50> result: 90.00 103.47 -72.32 0.00 85.79 0.00
[10:54:02.229] [ARM-RX] [101] <0.00 -60.00 -1.50> result: 90.00 103.47 -72.32 0.00 85.79 0.00
[10:54:02.229] [ARM-RX] [102] <0.00 -60.00 -1.50> result: 90.00 103.47 -72.32 0.00 85.79 0.00
[10:54:02.229] [ARM-RX] [103] <0.00 -60.00 -1.50> resul
[10:54:02.249] [ARM-RX] t: 90.00 103.47 -72.32 0.00 85.79 0.00
[10:54:02.249] [ARM-RX] [104] <0.00 -60.00 -1.50> result: 90.00 103.47 -72.32 0.00 85.79 0.00
[10:54:02.250] [ARM-RX] [105] <0.00 -60.00 -1.50> result: 90.00 103.47 -72.32 0.00 85.79 0.00
[10:54:02.250] [ARM-RX] [106] <0.00 -60.00 -1.50> result: 90.00 103.47 -72.32 0.00 85.79 0.00
[10:54:02.250] [ARM-RX] [10
[10:54:02.272] [ARM-RX] 7] <0.00 -60.00 -1.50> result: 90.00 103.47 -72.32 0.00 85.79 0.00
[10:54:02.273] [ARM-RX] [108] <0.00 -60.00 -1.50> result: 90.00 103.47 -72.32 0.00 85.79 0.00
[10:54:02.273] [ARM-RX] [109] <0.00 -60.00 -1.50> result: 90.00 103.47 -72.32 0.00 85.79 0.00
[10:54:02.273] [ARM-RX] [110] <0.00 -60.00 -1.50> result: 90.00 103.47
[10:54:02.305] [ARM-RX] -72.32 0.00 85.79 0.00
[10:54:02.305] [ARM-RX] [111] <0.00 -60.00 -1.50> result: 90.00 103.47 -72.32 0.00 85.79 0.00
[10:54:02.305] [ARM-RX] [112] <0.00 -60.00 -1.50> result: 90.00 103.47 -72.32 0.00 85.79 0.00
[10:54:02.307] [ARM-RX] [113] <0.00 -60.00 -1.50> result: 90.00 103.47 -72.32 0.00 85.79 0.00
[10:54:02.307] [ARM-RX] [114] <0.00 -60.00
[10:54:02.329] [ARM-RX] -1.50> result: 90.00 103.47 -72.32 0.00 85.79 0.00
[10:54:02.329] [ARM-RX] [115] <0.00 -60.00 -1.50> result: 90.00 103.47 -72.32 0.00 85.79 0.00
[10:54:02.330] [ARM-RX] [116] <0.00 -60.00 -1.50> result: 90.00 103.47 -72.32 0.00 85.79 0.00
[10:54:02.330] [ARM-RX] [117] <0.00 -60.00 -1.50> result: 90.00 103.47 -72.32 0.00 85
[10:54:02.352] [ARM-RX] .79 0.00
[10:54:02.352] [ARM-RX] [118] <0.00 -60.00 -1.50> result: 90.00 103.47 -72.32 0.00 85.79 0.00
[10:54:02.352] [ARM-RX] [119] <0.00 -60.00 -1.50> result: 90.00 103.47 -72.32 0.00 85.79 0.00
[10:54:02.352] [ARM-RX] [120] <0.00 -60.00 -1.50> result: 90.00 103.47 -72.32 0.00 85.79 0.00
[10:54:02.353] [ARM-RX] [121] <0.00 -60.00 -1.50> result:
[10:54:02.375] [ARM-RX] 90.00 103.47 -72.32 0.00 85.79 0.00
[10:54:02.375] [ARM-RX] [122] <0.00 -60.00 -1.50> result: 90.00 103.47 -72.32 0.00 85.79 0.00
[10:54:02.376] [ARM-RX] [123] <0.00 -60.00 -1.50> result: 90.00 103.47 -72.32 0.00 85.79 0.00
[10:54:02.376] [ARM-RX] [124] <0.00 -60.00 -1.50> result: 90.00 103.47 -72.32 0.00 85.79 0.00
[10:54:02.376] [ARM-RX] [125]
[10:54:02.398] [ARM-RX] <0.00 -60.00 -1.50> result: 90.00 103.47 -72.32 0.00 85.79 0.00
[10:54:02.398] [ARM-RX] [126] <0.00 -60.00 -1.50> result: 90.00 103.47 -72.32 0.00 85.79 0.00
[10:54:02.398] [ARM-RX] [127] <0.00 -60.00 -1.50> result: 90.00 103.47 -72.32 0.00 85.79 0.00
[10:54:02.398] [ARM-RX] [128] <0.00 -60.00 -1.50> result: 90.00 103.47 -
[10:54:02.421] [ARM-RX] 72.32 0.00 85.79 0.00
[10:54:02.421] [ARM-RX] [129] <0.00 -60.00 -1.50> result: 90.00 103.47 -72.32 0.00 85.79 0.00
[10:54:02.422] [ARM-RX] [130] <0.00 -60.00 -1.50> result: 90.00 103.47 -72.32 0.00 85.79 0.00
[10:54:02.422] [ARM-RX] [131] <0.00 -60.00 -1.50> result: 90.00 103.47 -72.32 0.00 85.79 0.00
[10:54:02.422] [ARM-RX] [132] <0.00 -60.00 -
[10:54:02.444] [ARM-RX] 1.50> result: 90.00 103.47 -72.32 0.00 85.79 0.00
[10:54:02.444] [ARM-RX] [133] <0.00 -60.00 -1.50> result: 90.00 103.47 -72.32 0.00 85.79 0.00
[10:54:02.445] [ARM-RX] [134] <0.00 -60.00 -1.50> result: 90.00 103.47 -72.32 0.00 85.79 0.00
[10:54:02.445] [ARM-RX] [135] <0.00 -60.00 -1.50> result: 90.00 103.47 -72.32 0.00 85.7
[10:54:02.477] [ARM-RX] 9 0.00
[10:54:02.478] [ARM-RX] [136] <0.00 -60.00 -1.50> result: 90.00 103.47 -72.32 0.00 85.79 0.00
[10:54:02.478] [ARM-RX] [137] <0.00 -60.00 -1.50> result: 90.00 103.47 -72.32 0.00 85.79 0.00
[10:54:02.478] [ARM-RX] [138] <0.00 -60.00 -1.50> result: 90.00 103.47 -72.32 0.00 85.79 0.00
[10:54:02.478] [ARM-RX] [139] <0.00 -60.00 -1.50> result: 9
[10:54:02.500] [ARM-RX] 0.00 103.47 -72.32 0.00 85.79 0.00
[10:54:02.501] [ARM-RX] [140] <0.00 -60.00 -1.50> result: 90.00 103.47 -72.32 0.00 85.79 0.00
[10:54:02.501] [ARM-RX] [141] <0.00 -60.00 -1.50> result: 90.00 103.47 -72.32 0.00 85.79 0.00
[10:54:02.501] [ARM-RX] [142] <0.00 -60.00 -1.50> result: 90.00 103.47 -72.32 0.00 85.79 0.00
[10:54:02.501] [ARM-RX] [143] <
[10:54:02.524] [ARM-RX] 0.00 -60.00 -1.50> result: 90.00 103.47 -72.32 0.00 85.79 0.00
[10:54:02.524] [ARM-RX] [144] <0.00 -60.00 -1.50> result: 90.00 103.47 -72.32 0.00 85.79 0.00
[10:54:02.524] [ARM-RX] [145] <0.00 -60.00 -1.50> result: 90.00 103.47 -72.32 0.00 85.79 0.00
[10:54:02.525] [ARM-RX] [146] <0.00 -60.00 -1.50> result: 90.00 103.47 -72
[10:54:02.547] [ARM-RX] .32 0.00 85.79 0.00
[10:54:02.547] [ARM-RX] [147] <0.00 -60.00 -1.50> result: 90.00 103.47 -72.32 0.00 85.79 0.00
[10:54:02.548] [ARM-RX] [148] <0.00 -60.00 -1.50> result: 90.00 103.47 -72.32 0.00 85.79 0.00
[10:54:02.548] [ARM-RX] [149] <0.00 -60.00 -1.50> result: 90.00 103.47 -72.32 0.00 85.79 0.00
[10:54:02.548] [ARM-RX] [150] <0.00 -60.00 -1.
[10:54:02.570] [ARM-RX] 50> result: 90.00 103.47 -72.32 0.00 85.79 0.00
[10:54:02.570] [ARM-RX] [151] <0.00 -60.00 -1.50> result: 90.00 103.47 -72.32 0.00 85.79 0.00
[10:54:02.570] [ARM-RX] [152] <0.00 -60.00 -1.50> result: 90.00 103.47 -72.32 0.00 85.79 0.00
[10:54:02.570] [ARM-RX] [153] <0.00 -60.00 -1.50> result: 90.00 103.47 -72.32 0.00 85.79
[10:54:02.593] [ARM-RX] 0.00
[10:54:02.593] [ARM-RX] [154] <0.00 -60.00 -1.50> result: 90.00 103.47 -72.32 0.00 85.79 0.00
[10:54:02.593] [ARM-RX] [155] <0.00 -60.00 -1.50> result: 90.00 103.47 -72.32 0.00 85.79 0.00
[10:54:02.594] [ARM-RX] [156] <0.00 -60.00 -1.50> result: 90.00 103.47 -72.32 0.00 85.79 0.00
[10:54:02.594] [ARM-RX] [157] <0.00 -60.00 -1.50> result: 90.
[10:54:02.618] [ARM-RX] 00 103.47 -72.32 0.00 85.79 0.00
[10:54:02.618] [ARM-RX] [158] <0.00 -60.00 -1.50> result: 90.00 103.47 -72.32 0.00 85.79 0.00
[10:54:02.618] [ARM-RX] [159] <0.00 -60.00 -1.50> result: 90.00 103.47 -72.32 0.00 85.79 0.00
[10:54:02.619] [ARM-RX] [160] <0.00 -60.00 -1.50> result: 90.00 103.47 -72.32 0.00 85.79 0.00
[10:54:02.619] [ARM-RX] [161] <0.
[10:54:02.638] [ARM-RX] 00 -60.00 -1.50> result: 90.00 103.47 -72.32 0.00 85.79 0.00
[10:54:02.638] [ARM-RX] [162] <0.00 -60.00 -1.50> result: 90.00 103.47 -72.32 0.00 85.79 0.00
[10:54:02.638] [ARM-RX] [163] <0.00 -60.00 -1.50> result: 90.00 103.47 -72.32 0.00 85.79 0.00
[10:54:02.639] [ARM-RX] [164] <0.00 -60.00 -1.50> result: 90.00 103.47 -72.3
[10:54:02.672] [ARM-RX] 2 0.00 85.79 0.00
[10:54:02.672] [ARM-RX] [165] <0.00 -60.00 -1.50> result: 90.00 103.47 -72.32 0.00 85.79 0.00
[10:54:02.674] [ARM-RX] [166] <0.00 -60.00 -1.50> result: 90.00 103.47 -72.32 0.00 85.79 0.00
[10:54:02.674] [ARM-RX] [167] <0.00 -60.00 -1.50> result: 90.00 103.47 -72.32 0.00 85.79 0.00
[10:54:02.674] [ARM-RX] [168] <0.00 -60.00 -1.50
[10:54:02.699] [ARM-RX] > result: 90.00 103.47 -72.32 0.00 85.79 0.00
[10:54:02.699] [ARM-RX] [169] <0.00 -60.00 -1.50> result: 90.00 103.47 -72.32 0.00 85.79 0.00
[10:54:02.699] [ARM-RX] [170] <0.00 -60.00 -1.50> result: 90.00 103.47 -72.32 0.00 85.79 0.00
[10:54:02.699] [ARM-RX] [171] <0.00 -60.00 -1.50> result: 90.00 103.47 -72.32 0.00 85.79 0.
[10:54:02.719] [ARM-RX] 00
[10:54:02.719] [ARM-RX] [172] <0.00 -60.00 -1.50> result: 90.00 103.47 -72.32 0.00 85.79 0.00
[10:54:02.719] [ARM-RX] [173] <0.00 -60.00 -1.50> result: 90.00 103.47 -72.32 0.00 85.79 0.00
[10:54:02.719] [ARM-RX] [174] <0.00 -60.00 -1.50> result: 90.00 103.47 -72.32 0.00 85.79 0.00
[10:54:02.720] [ARM-RX] [175] <0.00 -60.00 -1.50> result: 90.00
[10:54:02.772] [ARM-RX] 103.47 -72.32 0.00 85.79 0.00
[10:54:02.772] [ARM-RX] [176] <0.00 -60.00 -1.50> result: 90.00 103.47 -72.32 0.00 85.79 0.00
[10:54:04.643] [ARM-RX] [jpint 1] ave_error:0.02
[10:54:04.643] [ARM-RX] [jpint 2] ave_error:4.01
[10:54:04.643] [ARM-RX] [jpint 3] ave_error:5.68
[10:54:04.644] [ARM-RX] [jpint 4] ave_error:0.00
[10:54:04.644] [ARM-RX] [jpint 5] ave_error:
[10:54:04.707] [ARM-RX] 4.14
[10:54:04.707] [ARM-RX] robot pid run finished!!
[10:54:05.460] [ARM-RX] AUTO final confirm failed: joint 2 err=15.68deg tol=3.00, pose invalid.
[10:54:11.144] [JETSON-INFO] vision sequence started: 15,-10:2;8,-5:1;0,0:0
[10:54:11.144] [JETSON-TX] VISION dcx=15 dcy=-10: FF 05 03 0F 00 F6 FF 0C FE
[10:54:11.188] [ARM-RX] [JETSON_RX] vision dcx=15 dcy=-10
[10:54:11.188] [ARM-RX] [TARGET] vision state=PRE_POSITION enabled=1 dcx=15 dcy=-10 stable=0
[10:54:11.345] [JETSON-TX] VISION dcx=15 dcy=-10: FF 05 03 0F 00 F6 FF 0C FE
[10:54:11.376] [ARM-RX] [JETSON_RX] vision dcx=15 dcy=-10
[10:54:11.376] [ARM-RX] [TARGET] vision state=PRE_POSITION enabled=1 dcx=15 dcy=-10 stable=0
[10:54:11.546] [JETSON-TX] VISION dcx=8 dcy=-5: FF 05 03 08 00 FB FF 0A FE
[10:54:11.625] [ARM-RX] [JETSON_RX] vision dcx=8 dcy=-5
[10:54:11.625] [ARM-RX] [TARGET] vision state=PRE_POSITION enabled=1 dcx=8 dcy=-5 stable=0
[10:54:11.747] [JETSON-TX] VISION dcx=0 dcy=0: FF 05 03 00 00 00 00 08 FE
[10:54:11.812] [ARM-RX] [JETSON_RX] vision dcx=0 dcy=0
[10:54:11.812] [ARM-RX] [TARGET] vision state=PRE_POSITION enabled=1 dcx=0 dcy=0 stable=0
[10:54:11.948] [JETSON-TX] VISION dcx=0 dcy=0: FF 05 03 00 00 00 00 08 FE
[10:54:11.999] [ARM-RX] [JETSON_RX] vision dcx=0 dcy=0
[10:54:11.999] [ARM-RX] [TARGET] vision state=PRE_POSITION enabled=1 dcx=0 dcy=0 stable=0
[10:54:12.148] [JETSON-TX] VISION dcx=0 dcy=0: FF 05 03 00 00 00 00 08 FE
[10:54:12.186] [ARM-RX] [JETSON_RX] vision dcx=0 dcy=0
[10:54:12.186] [ARM-RX] [TARGET] vision state=PRE_POSITION enabled=1 dcx=0 dcy=0 stable=0
[10:54:12.349] [JETSON-TX] VISION dcx=0 dcy=0: FF 05 03 00 00 00 00 08 FE
[10:54:12.372] [ARM-RX] [JETSON_RX] vision dcx=0 dcy=0
[10:54:12.372] [ARM-RX] [TARGET] vision state=PRE_POSITION enabled=1 dcx=0 dcy=0 stable=0
[10:54:12.550] [JETSON-TX] VISION dcx=0 dcy=0: FF 05 03 00 00 00 00 08 FE
[10:54:12.622] [ARM-RX] [JETSON_RX] vision dcx=0 dcy=0
[10:54:12.622] [ARM-RX] [TARGET] vision state=PRE_POSITION enabled=1 dcx=0 dcy=0 stable=0
[10:54:12.750] [JETSON-TX] VISION dcx=0 dcy=0: FF 05 03 00 00 00 00 08 FE
[10:54:12.810] [ARM-RX] [JETSON_RX] vision dcx=0 dcy=0
[10:54:12.810] [ARM-RX] [TARGET] vision state=PRE_POSITION enabled=1 dcx=0 dcy=0 stable=0
[10:54:12.951] [JETSON-TX] VISION dcx=0 dcy=0: FF 05 03 00 00 00 00 08 FE
[10:54:12.998] [ARM-RX] [JETSON_RX] vision dcx=0 dcy=0
[10:54:12.998] [ARM-RX] [TARGET] vision state=PRE_POSITION enabled=1 dcx=0 dcy=0 stable=0
[10:54:13.152] [JETSON-TX] VISION dcx=0 dcy=0: FF 05 03 00 00 00 00 08 FE
[10:54:13.185] [ARM-RX] [JETSON_RX] vision dcx=0 dcy=0
[10:54:13.185] [ARM-RX] [TARGET] vision state=PRE_POSITION enabled=1 dcx=0 dcy=0 stable=0
[10:54:13.353] [JETSON-TX] VISION dcx=0 dcy=0: FF 05 03 00 00 00 00 08 FE
[10:54:13.374] [ARM-RX] [JETSON_RX] vision dcx=0 dcy=0
[10:54:13.374] [ARM-RX] [TARGET] vision state=PRE_POSITION enabled=1 dcx=0 dcy=0 stable=0
[10:54:13.554] [JETSON-TX] VISION dcx=0 dcy=0: FF 05 03 00 00 00 00 08 FE
[10:54:13.622] [ARM-RX] [JETSON_RX] vision dcx=0 dcy=0
[10:54:13.622] [ARM-RX] [TARGET] vision state=PRE_POSITION enabled=1 dcx=0 dcy=0 stable=0
[10:54:13.755] [JETSON-TX] VISION dcx=0 dcy=0: FF 05 03 00 00 00 00 08 FE
[10:54:13.808] [ARM-RX] [JETSON_RX] vision dcx=0 dcy=0
[10:54:13.808] [ARM-RX] [TARGET] vision state=PRE_POSITION enabled=1 dcx=0 dcy=0 stable=0
[10:54:13.956] [JETSON-TX] VISION dcx=0 dcy=0: FF 05 03 00 00 00 00 08 FE
[10:54:13.996] [ARM-RX] [JETSON_RX] vision dcx=0 dcy=0
[10:54:13.996] [ARM-RX] [TARGET] vision state=PRE_POSITION enabled=1 dcx=0 dcy=0 stable=0
[10:54:14.156] [JETSON-TX] VISION dcx=0 dcy=0: FF 05 03 00 00 00 00 08 FE
[10:54:14.181] [ARM-RX] [JETSON_RX] vision dcx=0 dcy=0
[10:54:14.181] [ARM-RX] [TARGET] vision state=PRE_POSITION enabled=1 dcx=0 dcy=0 stable=0
[10:54:14.357] [JETSON-TX] VISION dcx=0 dcy=0: FF 05 03 00 00 00 00 08 FE
[10:54:14.429] [ARM-RX] [JETSON_RX] vision dcx=0 dcy=0
[10:54:14.429] [ARM-RX] [TARGET] vision state=PRE_POSITION enabled=1 dcx=0 dcy=0 stable=0
[10:54:14.557] [JETSON-TX] VISION dcx=0 dcy=0: FF 05 03 00 00 00 00 08 FE
[10:54:14.614] [ARM-RX] [JETSON_RX] vision dcx=0 dcy=0
[10:54:14.614] [ARM-RX] [TARGET] vision state=PRE_POSITION enabled=1 dcx=0 dcy=0 stable=0
[10:54:14.758] [JETSON-TX] VISION dcx=0 dcy=0: FF 05 03 00 00 00 00 08 FE
[10:54:14.801] [ARM-RX] [JETSON_RX] vision dcx=0 dcy=0
[10:54:14.801] [ARM-RX] [TARGET] vision state=PRE_POSITION enabled=1 dcx=0 dcy=0 stable=0
[10:54:14.959] [JETSON-TX] VISION dcx=0 dcy=0: FF 05 03 00 00 00 00 08 FE
[10:54:14.985] [ARM-RX] [JETSON_RX] vision dcx=0 dcy=0
[10:54:14.985] [ARM-RX] [TARGET] vision state=PRE_POSITION enabled=1 dcx=0 dcy=0 stable=0
[10:54:15.160] [JETSON-TX] VISION dcx=0 dcy=0: FF 05 03 00 00 00 00 08 FE
[10:54:15.236] [ARM-RX] [JETSON_RX] vision dcx=0 dcy=0
[10:54:15.236] [ARM-RX] [TARGET] vision state=PRE_POSITION enabled=1 dcx=0 dcy=0 stable=0
[10:54:15.360] [JETSON-TX] VISION dcx=0 dcy=0: FF 05 03 00 00 00 00 08 FE
[10:54:15.423] [ARM-RX] [JETSON_RX] vision dcx=0 dcy=0
[10:54:15.423] [ARM-RX] [TARGET] vision state=PRE_POSITION enabled=1 dcx=0 dcy=0 stable=0
[10:54:15.561] [JETSON-TX] VISION dcx=0 dcy=0: FF 05 03 00 00 00 00 08 FE
[10:54:15.610] [ARM-RX] [JETSON_RX] vision dcx=0 dcy=0
[10:54:15.610] [ARM-RX] [TARGET] vision state=PRE_POSITION enabled=1 dcx=0 dcy=0 stable=0
[10:54:15.762] [JETSON-TX] VISION dcx=0 dcy=0: FF 05 03 00 00 00 00 08 FE
[10:54:15.796] [ARM-RX] [JETSON_RX] vision dcx=0 dcy=0
[10:54:15.796] [ARM-RX] [TARGET] vision state=PRE_POSITION enabled=1 dcx=0 dcy=0 stable=0
[10:54:15.962] [JETSON-TX] VISION dcx=0 dcy=0: FF 05 03 00 00 00 00 08 FE
[10:54:15.981] [ARM-RX] [JETSON_RX] vision dcx=0 dcy=0
[10:54:15.981] [ARM-RX] [TARGET] vision state=PRE_POSITION enabled=1 dcx=0 dcy=0 stable=0
[10:54:16.163] [JETSON-TX] VISION dcx=0 dcy=0: FF 05 03 00 00 00 00 08 FE
[10:54:16.226] [ARM-RX] [JETSON_RX] vision dcx=0 dcy=0
[10:54:16.226] [ARM-RX] [TARGET] vision state=PRE_POSITION enabled=1 dcx=0 dcy=0 stable=0
[10:54:16.364] [JETSON-TX] VISION dcx=0 dcy=0: FF 05 03 00 00 00 00 08 FE
[10:54:16.412] [ARM-RX] [JETSON_RX] vision dcx=0 dcy=0
[10:54:16.412] [ARM-RX] [TARGET] vision state=PRE_POSITION enabled=1 dcx=0 dcy=0 stable=0
[10:54:16.565] [JETSON-TX] VISION dcx=0 dcy=0: FF 05 03 00 00 00 00 08 FE
[10:54:16.598] [ARM-RX] [JETSON_RX] vision dcx=0 dcy=0
[10:54:16.598] [ARM-RX] [TARGET] vision state=PRE_POSITION enabled=1 dcx=0 dcy=0 stable=0
[10:54:16.766] [JETSON-TX] VISION dcx=0 dcy=0: FF 05 03 00 00 00 00 08 FE
[10:54:16.785] [ARM-RX] [JETSON_RX] vision dcx=0 dcy=0
[10:54:16.785] [ARM-RX] [TARGET] vision state=PRE_POSITION enabled=1 dcx=0 dcy=0 stable=0
[10:54:16.966] [JETSON-TX] VISION dcx=0 dcy=0: FF 05 03 00 00 00 00 08 FE
[10:54:17.033] [ARM-RX] [JETSON_RX] vision dcx=0 dcy=0
[10:54:17.033] [ARM-RX] [TARGET] vision state=PRE_POSITION enabled=1 dcx=0 dcy=0 stable=0
[10:54:17.167] [JETSON-TX] VISION dcx=0 dcy=0: FF 05 03 00 00 00 00 08 FE
[10:54:17.220] [ARM-RX] [JETSON_RX] vision dcx=0 dcy=0
[10:54:17.220] [ARM-RX] [TARGET] vision state=PRE_POSITION enabled=1 dcx=0 dcy=0 stable=0
[10:54:17.368] [JETSON-TX] VISION dcx=0 dcy=0: FF 05 03 00 00 00 00 08 FE
[10:54:17.406] [ARM-RX] [JETSON_RX] vision dcx=0 dcy=0
[10:54:17.406] [ARM-RX] [TARGET] vision state=PRE_POSITION enabled=1 dcx=0 dcy=0 stable=0
[10:54:17.569] [JETSON-TX] VISION dcx=0 dcy=0: FF 05 03 00 00 00 00 08 FE
[10:54:17.592] [ARM-RX] [JETSON_RX] vision dcx=0 dcy=0
[10:54:17.592] [ARM-RX] [TARGET] vision state=PRE_POSITION enabled=1 dcx=0 dcy=0 stable=0
[10:54:17.770] [JETSON-TX] VISION dcx=0 dcy=0: FF 05 03 00 00 00 00 08 FE
[10:54:17.843] [ARM-RX] [JETSON_RX] vision dcx=0 dcy=0
[10:54:17.843] [ARM-RX] [TARGET] vision state=PRE_POSITION enabled=1 dcx=0 dcy=0 stable=0
[10:54:17.970] [JETSON-TX] VISION dcx=0 dcy=0: FF 05 03 00 00 00 00 08 FE
[10:54:18.032] [ARM-RX] [JETSON_RX] vision dcx=0 dcy=0
[10:54:18.032] [ARM-RX] [TARGET] vision state=PRE_POSITION enabled=1 dcx=0 dcy=0 stable=0
[10:54:18.171] [JETSON-TX] VISION dcx=0 dcy=0: FF 05 03 00 00 00 00 08 FE
[10:54:18.217] [ARM-RX] [JETSON_RX] vision dcx=0 dcy=0
[10:54:18.217] [ARM-RX] [TARGET] vision state=PRE_POSITION enabled=1 dcx=0 dcy=0 stable=0
[10:54:18.372] [JETSON-TX] VISION dcx=0 dcy=0: FF 05 03 00 00 00 00 08 FE
[10:54:18.406] [ARM-RX] [JETSON_RX] vision dcx=0 dcy=0
[10:54:18.406] [ARM-RX] [TARGET] vision state=PRE_POSITION enabled=1 dcx=0 dcy=0 stable=0
[10:54:18.573] [JETSON-TX] VISION dcx=0 dcy=0: FF 05 03 00 00 00 00 08 FE
[10:54:18.595] [ARM-RX] [JETSON_RX] vision dcx=0 dcy=0
[10:54:18.595] [ARM-RX] [TARGET] vision state=PRE_POSITION enabled=1 dcx=0 dcy=0 stable=0
[10:54:18.774] [JETSON-TX] VISION dcx=0 dcy=0: FF 05 03 00 00 00 00 08 FE
[10:54:18.842] [ARM-RX] [JETSON_RX] vision dcx=0 dcy=0
[10:54:18.842] [ARM-RX] [TARGET] vision state=PRE_POSITION enabled=1 dcx=0 dcy=0 stable=0
[10:54:18.974] [JETSON-TX] VISION dcx=0 dcy=0: FF 05 03 00 00 00 00 08 FE
[10:54:19.028] [ARM-RX] [JETSON_RX] vision dcx=0 dcy=0
[10:54:19.028] [ARM-RX] [TARGET] vision state=PRE_POSITION enabled=1 dcx=0 dcy=0 stable=0
[10:54:19.175] [JETSON-TX] VISION dcx=0 dcy=0: FF 05 03 00 00 00 00 08 FE
[10:54:19.214] [ARM-RX] [JETSON_RX] vision dcx=0 dcy=0
[10:54:19.214] [ARM-RX] [TARGET] vision state=PRE_POSITION enabled=1 dcx=0 dcy=0 stable=0
[10:54:19.376] [JETSON-TX] VISION dcx=0 dcy=0: FF 05 03 00 00 00 00 08 FE
[10:54:19.401] [ARM-RX] [JETSON_RX] vision dcx=0 dcy=0
[10:54:19.401] [ARM-RX] [TARGET] vision state=PRE_POSITION enabled=1 dcx=0 dcy=0 stable=0
[10:54:19.578] [JETSON-TX] VISION dcx=0 dcy=0: FF 05 03 00 00 00 00 08 FE
[10:54:19.647] [ARM-RX] [JETSON_RX] vision dcx=0 dcy=0
[10:54:19.647] [ARM-RX] [TARGET] vision state=PRE_POSITION enabled=1 dcx=0 dcy=0 stable=0
[10:54:19.778] [JETSON-TX] VISION dcx=0 dcy=0: FF 05 03 00 00 00 00 08 FE
[10:54:19.836] [ARM-RX] [JETSON_RX] vision dcx=0 dcy=0
[10:54:19.836] [ARM-RX] [TARGET] vision state=PRE_POSITION enabled=1 dcx=0 dcy=0 stable=0
[10:54:19.979] [JETSON-TX] VISION dcx=0 dcy=0: FF 05 03 00 00 00 00 08 FE
[10:54:20.023] [ARM-RX] [JETSON_RX] vision dcx=0 dcy=0
[10:54:20.023] [ARM-RX] [TARGET] vision state=PRE_POSITION enabled=1 dcx=0 dcy=0 stable=0
[10:54:20.180] [JETSON-TX] VISION dcx=0 dcy=0: FF 05 03 00 00 00 00 08 FE
[10:54:20.212] [ARM-RX] [JETSON_RX] vision dcx=0 dcy=0
[10:54:20.212] [ARM-RX] [TARGET] vision state=PRE_POSITION enabled=1 dcx=0 dcy=0 stable=0
[10:54:20.380] [JETSON-TX] VISION dcx=0 dcy=0: FF 05 03 00 00 00 00 08 FE
[10:54:20.399] [ARM-RX] [JETSON_RX] vision dcx=0 dcy=0
[10:54:20.399] [ARM-RX] [TARGET] vision state=PRE_POSITION enabled=1 dcx=0 dcy=0 stable=0
[10:54:20.581] [JETSON-TX] VISION dcx=0 dcy=0: FF 05 03 00 00 00 00 08 FE
[10:54:20.647] [ARM-RX] [JETSON_RX] vision dcx=0 dcy=0
[10:54:20.647] [ARM-RX] [TARGET] vision state=PRE_POSITION enabled=1 dcx=0 dcy=0 stable=0
[10:54:20.782] [JETSON-TX] VISION dcx=0 dcy=0: FF 05 03 00 00 00 00 08 FE
[10:54:20.834] [ARM-RX] [JETSON_RX] vision dcx=0 dcy=0
[10:54:20.834] [ARM-RX] [TARGET] vision state=PRE_POSITION enabled=1 dcx=0 dcy=0 stable=0
[10:54:20.983] [JETSON-TX] VISION dcx=0 dcy=0: FF 05 03 00 00 00 00 08 FE
[10:54:21.022] [ARM-RX] [JETSON_RX] vision dcx=0 dcy=0
[10:54:21.022] [ARM-RX] [TARGET] vision state=PRE_POSITION enabled=1 dcx=0 dcy=0 stable=0
[10:54:21.184] [JETSON-TX] VISION dcx=0 dcy=0: FF 05 03 00 00 00 00 08 FE
[10:54:21.208] [ARM-RX] [JETSON_RX] vision dcx=0 dcy=0
[10:54:21.208] [ARM-RX] [TARGET] vision state=PRE_POSITION enabled=1 dcx=0 dcy=0 stable=0
[10:54:21.385] [JETSON-TX] VISION dcx=0 dcy=0: FF 05 03 00 00 00 00 08 FE
[10:54:21.454] [ARM-RX] [JETSON_RX] vision dcx=0 dcy=0
[10:54:21.454] [ARM-RX] [TARGET] vision state=PRE_POSITION enabled=1 dcx=0 dcy=0 stable=0
[10:54:21.586] [JETSON-TX] VISION dcx=0 dcy=0: FF 05 03 00 00 00 00 08 FE
[10:54:21.640] [ARM-RX] [JETSON_RX] vision dcx=0 dcy=0
[10:54:21.640] [ARM-RX] [TARGET] vision state=PRE_POSITION enabled=1 dcx=0 dcy=0 stable=0
[10:54:21.787] [JETSON-TX] VISION dcx=0 dcy=0: FF 05 03 00 00 00 00 08 FE
[10:54:21.826] [ARM-RX] [JETSON_RX] vision dcx=0 dcy=0
[10:54:21.826] [ARM-RX] [TARGET] vision state=PRE_POSITION enabled=1 dcx=0 dcy=0 stable=0
[10:54:21.903] [JETSON-INFO] 已停止周期视觉发送
[10:54:24.116] [JETSON-TX] TARGET_CTRL_STOP: AA 01 00 BB
[10:54:24.131] [ARM-RX] [JETSON_RX] target_ctrl=0
[10:54:24.178] [JETSON-RX] CC 04 00 DD
[10:54:24.178] [JETSON-STATUS] TARGET_CTRL_OFF: CC 04 00 DD
[10:54:25.483] [JETSON-TX] TARGET_CTRL_STOP: AA 01 00 BB
[10:54:25.554] [JETSON-RX] CC 04 00 DD
[10:54:25.554] [JETSON-STATUS] TARGET_CTRL_OFF: CC 04 00 DD
[10:54:25.569] [ARM-RX] [JETSON_RX] target_ctrl=0
[10:54:25.844] [JETSON-TX] TARGET_CTRL_STOP: AA 01 00 BB
[10:54:25.883] [ARM-RX] [JETSON_RX] target_ctrl=0
[10:54:25.913] [JETSON-RX] CC 04 00 DD
[10:54:25.913] [JETSON-STATUS] TARGET_CTRL_OFF: CC 04 00 DD
[10:54:26.023] [JETSON-TX] TARGET_CTRL_STOP: AA 01 00 BB
[10:54:26.069] [ARM-RX] [JETSON_RX] target_ctrl=0
[10:54:26.099] [JETSON-RX] CC 04 00 DD
[10:54:26.099] [JETSON-STATUS] TARGET_CTRL_OFF: CC 04 00 DD
[10:54:26.903] [ARM-TX] 发送命令 soft_reset: soft_reset
[10:54:26.941] [ARM-RX] Found handler for 'soft_reset', executing...
[10:54:26.941] [ARM-RX] ROBOT_SOFT_RESET_EVENT
[10:54:26.941] [ARM-RX] --- Starting soft reset ---
[10:54:27.129] [ARM-RX] Soft reset motors enabled (J1~J5, J6 skipped).
[10:54:27.129] [ARM-RX] Soft resetting joint 4...
[10:54:27.191] [ARM-RX] robot_update_current_angle 4...
[10:54:27.191] [ARM-RX] [4] current:89.25, target:90.00, dir:1
[10:54:27.315] [ARM-RX] Soft resetting joint 3...
[10:54:27.315] [ARM-RX] robot_update_current_angle 3...
[10:54:27.316] [ARM-RX] [3] current:0.00, target:0.00, dir:-1
[10:54:27.439] [ARM-RX] Soft resetting joint 1...
[10:54:27.502] [ARM-RX] robot_update_current_angle 1...
[10:54:27.502] [ARM-RX] [1] current:113.34, target:90.00, dir:-1
[10:54:29.311] [ARM-RX] soft reset joint 1 settle timeout, keep going
[10:54:29.311] [ARM-RX] Soft resetting joint 2...
[10:54:29.311] [ARM-RX] robot_update_current_angle 2...
[10:54:29.311] [ARM-RX] [2] current:-56.64, target:-90.00, dir:-1
[10:54:31.297] [ARM-RX] soft reset joint 2 settle timeout, keep going
[10:54:31.297] [ARM-RX] Soft resetting joint 0...
[10:54:31.297] [ARM-RX] robot_update_current_angle 0...
[10:54:31.297] [ARM-RX] [0] current:89.99, target:90.00, dir:1
[10:54:31.419] [ARM-RX] soft reset verify not pass, start refine loop...
[10:54:31.542] [ARM-RX] soft reset refine joint 2 round 1: cur=-86.29 target=-90.00 err=3.71 dir=-1
[10:54:32.465] [ARM-RX] soft reset refine pass 1 success.
[10:54:32.465] [ARM-RX] soft reset final verify PASS (issues:2), pose set HOME.
[10:54:47.524] [JETSON-INFO] 已停止周期视觉发送
