[22:39:56.743] [APP-INFO] 已刷新串口: COM7, COM16, COM14
[22:39:56.743] [APP-INFO] log file: E:\Renesas\RA6M5-Robot\Robot_FreeRTOS - Arm\UpperComputer\dist\logs\ra6m5_upper_console_20260704_223956.log
[22:39:59.335] [ARM-INFO] opened COM7 @ 115200
[22:39:59.925] [JETSON-INFO] opened COM14 @ 115200
[22:40:01.075] [ARM-TX] 发送命令 soft_reset: soft_reset
[22:40:01.197] [ARM-RX] Found handler for 'soft_reset', executing...
[22:40:01.197] [ARM-RX] ROBOT_SOFT_RESET_EVENT
[22:40:01.197] [ARM-RX] --- Starting soft reset ---
[22:40:01.383] [ARM-RX] Soft reset motors enabled (J1~J5, J6 skipped).
[22:40:01.383] [ARM-RX] Soft resetting joint 4...
[22:40:01.383] [ARM-RX] robot_update_current_angle 4...
[22:40:01.385] [ARM-RX] [4] current:89.80, target:90.00, dir:1
[22:40:01.508] [ARM-RX] Soft resetting joint 3...
[22:40:01.571] [ARM-RX] robot_update_current_angle 3...
[22:40:01.571] [ARM-RX] [3] current:-3.83, target:0.00, dir:1
[22:40:02.262] [ARM-RX] Soft resetting joint 1...
[22:40:02.324] [ARM-RX] robot_update_current_angle 1...
[22:40:02.324] [ARM-RX] [1] current:107.01, target:90.00, dir:-1
[22:40:03.948] [ARM-RX] soft reset joint 1 settle timeout, keep going
[22:40:03.948] [ARM-RX] Soft resetting joint 2...
[22:40:03.949] [ARM-RX] robot_update_current_angle 2...
[22:40:03.949] [ARM-RX] [2] current:-72.43, target:-90.00, dir:-1
[22:40:05.693] [ARM-RX] soft reset joint 2 settle timeout, keep going
[22:40:05.693] [ARM-RX] Soft resetting joint 0...
[22:40:05.693] [ARM-RX] robot_update_current_angle 0...
[22:40:05.694] [ARM-RX] [0] current:93.61, target:90.00, dir:-1
[22:40:06.441] [ARM-RX] soft reset final verify PASS (issues:2), pose set HOME.
[22:40:13.694] [JETSON-INFO] 已停止周期视觉发送
