[12:19:14.806] [APP-INFO] 已刷新串口: COM16, COM22, COM21, COM24, COM10
[12:19:14.806] [APP-INFO] log file: E:\Renesas\RA6M5-Robot\Robot_FreeRTOS - Arm\UpperComputer\dist\logs\ra6m5_upper_console_20260716_121914.log
[12:19:20.304] [ARM-INFO] opened COM16 @ 115200
[12:19:22.657] [ARM-INFO] opened COM16 @ 115200
[12:19:23.426] [ARM-INFO] 已关闭串口
[12:19:26.972] [JETSON-INFO] opened COM10 @ 115200
[12:19:26.977] [JETSON-INFO] heartbeat started: 200 ms
[12:19:26.980] [JETSON-INFO] safe distance started: 120 mm, 200 ms
[12:19:27.354] [ARM-INFO] opened COM24 @ 115200
[12:19:28.472] [ARM-TX] 发送命令 soft_reset: soft_reset
[12:19:28.549] [ARM-RX] Found handler for 'soft_reset', executing...
[12:19:28.550] [ARM-RX] ROBOT_SOFT_RESET_EVENT
[12:19:28.550] [ARM-RX] --- Starting soft reset ---
[12:19:28.782] [ARM-RX] Soft reset motors enabled (J1~J5, J6 skipped).
[12:19:28.782] [ARM-RX] Soft resetting joint 4...
[12:19:28.782] [ARM-RX] robot_update_current_angle 4...
[12:19:28.782] [ARM-RX] [4] current:75.29, target:90.00, dir:1
[12:19:30.072] [ARM-RX] Soft resetting joint 3...
[12:19:30.072] [ARM-RX] robot_update_current_angle 3...
[12:19:30.072] [ARM-RX] [3] current:0.00, target:0.00, dir:-1
[12:19:30.258] [ARM-RX] Soft resetting joint 1...
[12:19:30.258] [ARM-RX] robot_update_current_angle 1...
[12:19:30.258] [ARM-RX] [1] current:114.94, target:90.00, dir:-1
[12:19:32.056] [ARM-RX] soft reset joint 1 settle timeout, keep going
[12:19:32.056] [ARM-RX] Soft resetting joint 2...
[12:19:32.056] [ARM-RX] robot_update_current_angle 2...
[12:19:32.057] [ARM-RX] [2] current:-50.21, target:-90.00, dir:-1
[12:19:34.269] [ARM-RX] soft reset joint 2 settle timeout, keep going
[12:19:34.269] [ARM-RX] Soft resetting joint 0...
[12:19:34.270] [ARM-RX] robot_update_current_angle 0...
[12:19:34.270] [ARM-RX] [0] current:90.00, target:90.00, dir:1
[12:19:34.503] [ARM-RX] soft reset verify not pass, start refine loop...
[12:19:34.503] [ARM-RX] soft reset refine joint 2 round 1: cur=-85.23 target=-90.00 err=4.77 dir=-1
[12:19:35.603] [ARM-RX] soft reset refine pass 1 success.
[12:19:35.603] [ARM-RX] soft reset final verify PASS (issues:2), pose set HOME.
[12:22:56.944] [ARM-RX] BSP_UART_Init Success!!!
[12:22:56.944] [ARM-RX] BSP_USB_CDC_Init Success!!!
[12:22:56.946] [ARM-RX] BSP_CAN_Init Success!!!
[12:22:56.946] [ARM-RX] robot control task runing!!!
[12:22:56.947] [ARM-RX] robot cmd service task ready and running!
[12:24:38.570] [JETSON-ERROR] GetOverlappedResult failed (PermissionError(13, '拒绝访问。', None, 5))
[12:24:38.642] [JETSON-ERROR] WriteFile failed (PermissionError(13, '拒绝访问。', None, 5))
[12:24:38.643] [JETSON-ERROR] WriteFile failed (PermissionError(13, '拒绝访问。', None, 5))
[12:25:19.113] [ARM-RX] [JETSON_RX] workflow_ctrl seq=59 action=4
[12:25:19.114] [ARM-RX] [JETSON_RX] workflow_ctrl seq=61 action=3
[12:25:19.114] [ARM-RX] [TARGET] INIT -> HOLD
[12:25:19.115] [ARM-RX] [WORKFLOW] IDLE -> ABORT_HOLD
[12:25:19.376] [ARM-RX] [JETSON_RX] crc failed type=0x01 rx=0x5AA5 calc=0x65EA
[12:25:33.528] [ARM-RX] BSP_UART_Init Success!!!
[12:25:33.528] [ARM-RX] BSP_USB_CDC_Init Success!!!
[12:25:33.529] [ARM-RX] BSP_CAN_Init Success!!!
[12:25:33.529] [ARM-RX] robot control task runing!!!
[12:25:33.530] [ARM-RX] robot cmd service task ready and running!
[12:25:35.195] [ARM-RX] [JETSON_RX] workflow_ctrl seq=161 action=4
[12:25:35.306] [ARM-RX] [JETSON_RX] workflow_ctrl seq=162 action=3
[12:25:35.306] [ARM-RX] [TARGET] INIT -> HOLD
[12:25:35.307] [ARM-RX] [WORKFLOW] IDLE -> ABORT_HOLD
[12:25:47.202] [ARM-RX] [JETSON_RX] crc failed type=0x01 rx=0x5AA5 calc=0x3C01
[12:26:59.259] [JETSON-INFO] 已停止周期视觉发送
[12:26:59.259] [JETSON-INFO] heartbeat stopped
[12:26:59.259] [JETSON-INFO] safe distance stopped
[12:26:59.260] [JETSON-INFO] 已关闭串口
[12:27:00.349] [ARM-INFO] 已关闭串口
[12:27:02.749] [JETSON-INFO] 已停止周期视觉发送
[12:27:02.750] [JETSON-INFO] heartbeat stopped
[12:27:02.750] [JETSON-INFO] safe distance stopped
[12:27:02.751] [ARM-ERROR] ARM串口未打开，命令未发送: target_disable
[12:27:02.752] [ARM-ERROR] ARM串口未打开，命令未发送: laser_off
[12:27:02.752] [APP-SAFETY] 已停止视觉发送，并发送 target_disable / laser_off
[17:07:33.260] [ARM-ERROR] ARM串口未打开，命令未发送: soft_reset
[17:07:34.852] [ARM-INFO] opened COM24 @ 115200
[17:07:35.677] [ARM-TX] 发送命令 soft_reset: soft_reset
[17:07:35.743] [ARM-RX] Found handler for 'soft_reset', executing...
[17:07:35.743] [ARM-RX] ROBOT_SOFT_RESET_EVENT
[17:07:35.743] [ARM-RX] --- Starting soft reset ---
[17:07:35.978] [ARM-RX] Soft reset motors enabled (J1~J5, J6 skipped).
[17:07:35.978] [ARM-RX] Soft resetting joint 4...
[17:07:35.978] [ARM-RX] robot_update_current_angle 4...
[17:07:35.980] [ARM-RX] [4] current:82.69, target:90.00, dir:1
[17:07:36.849] [ARM-RX] Soft resetting joint 3...
[17:07:36.849] [ARM-RX] robot_update_current_angle 3...
[17:07:36.849] [ARM-RX] [3] current:4.96, target:0.00, dir:-1
[17:07:37.772] [ARM-RX] Soft resetting joint 1...
[17:07:37.772] [ARM-RX] robot_update_current_angle 1...
[17:07:37.772] [ARM-RX] [1] current:122.57, target:90.00, dir:-1
[17:07:39.784] [ARM-RX] soft reset joint 1 settle timeout, keep going
[17:07:39.784] [ARM-RX] Soft resetting joint 2...
[17:07:39.784] [ARM-RX] robot_update_current_angle 2...
[17:07:39.784] [ARM-RX] [2] current:-50.21, target:-90.00, dir:-1
[17:07:41.989] [ARM-RX] soft reset joint 2 settle timeout, keep going
[17:07:41.989] [ARM-RX] Soft resetting joint 0...
[17:07:41.989] [ARM-RX] robot_update_current_angle 0...
[17:07:41.989] [ARM-RX] [0] current:99.94, target:90.00, dir:-1
[17:07:43.413] [ARM-RX] soft reset final verify PASS (issues:2), pose set HOME.
[17:07:43.454] [ARM-INFO] 已关闭串口
[17:32:59.883] [ARM-INFO] opened COM24 @ 115200
[17:33:00.722] [ARM-TX] 发送命令 soft_reset: soft_reset
[17:33:00.787] [ARM-RX] Found handler for 'soft_reset', executing...
[17:33:00.787] [ARM-RX] ROBOT_SOFT_RESET_EVENT
[17:33:00.787] [ARM-RX] --- Starting soft reset ---
[17:33:01.022] [ARM-RX] Soft reset motors enabled (J1~J5, J6 skipped).
[17:33:01.023] [ARM-RX] Soft resetting joint 4...
[17:33:01.023] [ARM-RX] robot_update_current_angle 4...
[17:33:01.023] [ARM-RX] [4] current:80.49, target:90.00, dir:1
[17:33:02.016] [ARM-RX] Soft resetting joint 3...
[17:33:02.016] [ARM-RX] robot_update_current_angle 3...
[17:33:02.016] [ARM-RX] [3] current:-0.00, target:0.00, dir:1
[17:33:02.168] [ARM-RX] Soft resetting joint 1...
[17:33:02.168] [ARM-RX] robot_update_current_angle 1...
[17:33:02.168] [ARM-RX] [1] current:119.37, target:90.00, dir:-1
[17:33:04.117] [ARM-RX] soft reset joint 1 settle timeout, keep going
[17:33:04.117] [ARM-RX] Soft resetting joint 2...
[17:33:04.117] [ARM-RX] robot_update_current_angle 2...
[17:33:04.117] [ARM-RX] [2] current:-51.09, target:-90.00, dir:-1
[17:33:06.300] [ARM-RX] soft reset joint 2 settle timeout, keep going
[17:33:06.300] [ARM-RX] Soft resetting joint 0...
[17:33:06.300] [ARM-RX] robot_update_current_angle 0...
[17:33:06.302] [ARM-RX] [0] current:90.00, target:90.00, dir:1
[17:33:06.487] [ARM-RX] soft reset verify not pass, start refine loop...
[17:33:06.580] [ARM-RX] soft reset refine joint 2 round 1: cur=-85.64 target=-90.00 err=4.36 dir=-1
[17:33:07.605] [ARM-RX] soft reset refine pass 1 success.
[17:33:07.605] [ARM-RX] soft reset final verify PASS (issues:2), pose set HOME.
[17:33:09.414] [ARM-RX] BSP_UART_Init Success!!!
[17:33:09.415] [ARM-RX] BSP_USB_CDC_Init Success!!!
[17:33:09.415] [ARM-RX] BSP_CAN_Init Success!!!
[17:33:09.415] [ARM-RX] robot control task runing!!!
[17:33:09.415] [ARM-RX] robot cmd service task ready and running!
[17:33:09.990] [ARM-RX] BSP_UART_Init Success!!!
[17:33:09.990] [ARM-RX] BSP_USB_CDC_Init Success!!!
[17:33:09.992] [ARM-RX] BSP_CAN_Init Success!!!
[17:33:09.992] [ARM-RX] robot control task runing!!!
[17:33:09.992] [ARM-RX] robot cmd service task ready and running!
[17:33:10.300] [ARM-RX] BSP_UART_Init Success!!!
[17:33:10.300] [ARM-RX] BSP_USB_CDC_Init Success!!!
[17:33:10.300] [ARM-RX] BSP_CAN_Init Success!!!
[17:33:10.300] [ARM-RX] robot control task runing!!!
[17:33:10.300] [ARM-RX] robot cmd service task ready and running!
[17:33:26.139] [ARM-RX] [JETSON_RX] workflow_ctrl seq=27 action=1
[17:33:26.139] [ARM-RX] [TARGET] INIT -> HOLD
[17:33:26.139] [ARM-RX] ROBOT_SOFT_RESET_EVENT
[17:33:26.139] [ARM-RX] --- Starting soft reset ---
[17:33:26.139] [ARM-RX] [WORKFLOW] IDLE -> HOMING
[17:33:26.372] [ARM-RX] Soft reset motors enabled (J1~J5, J6 skipped).
[17:33:26.372] [ARM-RX] Soft resetting joint 4...
[17:33:26.372] [ARM-RX] robot_update_current_angle 4...
[17:33:26.372] [ARM-RX] [4] current:90.00, target:90.00, dir:-1
[17:33:26.525] [ARM-RX] Soft resetting joint 3...
[17:33:26.525] [ARM-RX] robot_update_current_angle 3...
[17:33:26.525] [ARM-RX] [3] current:-0.00, target:0.00, dir:1
[17:33:26.680] [ARM-RX] Soft resetting joint 1...
[17:33:26.680] [ARM-RX] robot_update_current_angle 1...
[17:33:26.680] [ARM-RX] [1] current:90.00, target:90.00, dir:-1
[17:33:26.821] [ARM-RX] Soft resetting joint 2...
[17:33:26.821] [ARM-RX] robot_update_current_angle 2...
[17:33:26.821] [ARM-RX] [2] current:-90.14, target:-90.00, dir:1
[17:33:26.990] [ARM-RX] Soft resetting joint 0...
[17:33:26.990] [ARM-RX] robot_update_current_angle 0...
[17:33:26.990] [ARM-RX] [0] current:90.00, target:90.00, dir:1
[17:33:27.160] [ARM-RX] soft reset final verify PASS (issues:0), pose set HOME.
[17:33:27.160] [ARM-RX] ROBOT_AUTO_EVENT
[17:33:27.160] [ARM-RX] AUTO slow profile scale=0.40 target=<0.00 -130.00 -15.00>
[17:33:27.160] [ARM-RX] [0] <0.00 0.00 0.00> result: 90.00 90.00 -90.00 0.00 90.00 0.00
[17:33:27.161] [ARM-RX] [1] <0.00 -0.00 -0.00> resul
[17:33:27.182] [ARM-RX] t: 90.00 90.00 -90.00 0.00 90.00 0.00
[17:33:27.183] [ARM-RX] [2] <0.00 -0.00 -0.00> result: 90.00 90.00 -90.00 0.00 90.00 0.00
[17:33:27.183] [ARM-RX] [3] <0.00 -0.00 -0.00> result: 90.00 90.00 -90.00 0.00 90.00 0.00
[17:33:27.183] [ARM-RX] [4] <0.00 -0.01 -0.00> result: 90.00 90.00 -90.00 0.00 90.00 0.00
[17:33:27.184] [ARM-RX] [5] <0.00 -0.01
[17:33:27.206] [ARM-RX] -0.00> result: 90.00 90.00 -90.00 0.00 90.00 0.00
[17:33:27.208] [ARM-RX] [6] <0.00 -0.02 -0.00> result: 90.00 90.01 -90.00 0.00 90.00 0.00
[17:33:27.208] [ARM-RX] [7] <0.00 -0.03 -0.00> result: 90.00 90.01 -89.99 0.00 90.00 0.00
[17:33:27.208] [ARM-RX] [8] <0.00 -0.04 -0.00> result: 90.00 90.02 -89.99 0.00 90.01 0.00
[17:33:27.208] [ARM-RX] [9]
[17:33:27.231] [ARM-RX] <0.00 -0.06 -0.01> result: 90.00 90.02 -89.98 0.00 90.01 0.00
[17:33:27.232] [ARM-RX] [10] <0.00 -0.08 -0.01> result: 90.00 90.03 -89.98 0.00 90.01 0.00
[17:33:27.232] [ARM-RX] [11] <0.00 -0.10 -0.01> result: 90.00 90.04 -89.97 0.00 90.01 0.00
[17:33:27.232] [ARM-RX] [12] <0.00 -0.13 -0.01> result: 90.00 90.05 -89.96 0.00 9
[17:33:27.255] [ARM-RX] 0.02 0.00
[17:33:27.255] [ARM-RX] [13] <0.00 -0.16 -0.02> result: 90.00 90.07 -89.96 0.00 90.02 0.00
[17:33:27.256] [ARM-RX] [14] <0.00 -0.20 -0.02> result: 90.00 90.08 -89.95 0.00 90.03 0.00
[17:33:27.256] [ARM-RX] [15] <0.00 -0.24 -0.03> result: 90.00 90.10 -89.93 0.00 90.03 0.00
[17:33:27.256] [ARM-RX] [16] <0.00 -0.29 -0.03> result: 90.00 90.
[17:33:27.279] [ARM-RX] 12 -89.92 0.00 90.04 0.00
[17:33:27.281] [ARM-RX] [17] <0.00 -0.35 -0.04> result: 90.00 90.14 -89.90 0.00 90.05 0.00
[17:33:27.281] [ARM-RX] [18] <0.00 -0.41 -0.05> result: 90.00 90.17 -89.89 0.00 90.06 0.00
[17:33:27.281] [ARM-RX] [19] <0.00 -0.48 -0.06> result: 90.00 90.20 -89.87 0.00 90.07 0.00
[17:33:27.281] [ARM-RX] [20] <0.00 -0.56 -0.06> r
[17:33:27.304] [ARM-RX] esult: 90.00 90.23 -89.85 0.00 90.08 0.00
[17:33:27.305] [ARM-RX] [21] <0.00 -0.64 -0.07> result: 90.00 90.26 -89.82 0.00 90.09 0.00
[17:33:27.305] [ARM-RX] [22] <0.00 -0.73 -0.08> result: 90.00 90.30 -89.80 0.00 90.10 0.00
[17:33:27.305] [ARM-RX] [23] <0.00 -0.83 -0.10> result: 90.00 90.34 -89.77 0.00 90.11 0.00
[17:33:27.305] [ARM-RX] [24] <0.0
[17:33:27.329] [ARM-RX] 0 -0.94 -0.11> result: 90.00 90.39 -89.74 0.00 90.13 0.00
[17:33:27.330] [ARM-RX] [25] <0.00 -1.06 -0.12> result: 90.00 90.43 -89.71 0.00 90.14 0.00
[17:33:27.330] [ARM-RX] [26] <0.00 -1.18 -0.14> result: 90.00 90.48 -89.67 0.00 90.16 0.00
[17:33:27.330] [ARM-RX] [27] <0.00 -1.32 -0.15> result: 90.00 90.54 -89.64 0.00 90.17
[17:33:27.353] [ARM-RX] 0.00
[17:33:27.353] [ARM-RX] [28] <0.00 -1.46 -0.17> result: 90.00 90.60 -89.60 0.00 90.19 0.00
[17:33:27.353] [ARM-RX] [29] <0.00 -1.62 -0.19> result: 90.00 90.66 -89.55 0.00 90.21 0.00
[17:33:27.353] [ARM-RX] [30] <0.00 -1.78 -0.21> result: 90.00 90.72 -89.51 0.00 90.23 0.00
[17:33:27.355] [ARM-RX] [31] <0.00 -1.96 -0.23> result: 90.00 90.79 -
[17:33:27.378] [ARM-RX] 89.46 0.00 90.25 0.00
[17:33:27.378] [ARM-RX] [32] <0.00 -2.14 -0.25> result: 90.00 90.87 -89.41 0.00 90.27 0.00
[17:33:27.378] [ARM-RX] [33] <0.00 -2.34 -0.27> result: 90.00 90.94 -89.35 0.00 90.30 0.00
[17:33:27.379] [ARM-RX] [34] <0.00 -2.54 -0.29> result: 90.00 91.02 -89.30 0.00 90.32 0.00
[17:33:27.379] [ARM-RX] [35] <0.00 -2.76 -0.32> resul
[17:33:27.402] [ARM-RX] t: 90.00 91.11 -89.24 0.00 90.34 0.00
[17:33:27.403] [ARM-RX] [36] <0.00 -2.99 -0.34> result: 90.00 91.20 -89.17 0.00 90.37 0.00
[17:33:27.403] [ARM-RX] [37] <0.00 -3.23 -0.37> result: 90.00 91.29 -89.10 0.00 90.39 0.00
[17:33:27.403] [ARM-RX] [38] <0.00 -3.48 -0.40> result: 90.00 91.38 -89.04 0.00 90.42 0.00
[17:33:27.403] [ARM-RX] [39] <0.00 -3
[17:33:27.427] [ARM-RX] .74 -0.43> result: 90.00 91.48 -88.96 0.00 90.45 0.00
[17:33:27.427] [ARM-RX] [40] <0.00 -4.02 -0.46> result: 90.00 91.59 -88.89 0.00 90.47 0.00
[17:33:27.427] [ARM-RX] [41] <0.00 -4.30 -0.50> result: 90.00 91.69 -88.81 0.00 90.50 0.00
[17:33:27.428] [ARM-RX] [42] <0.00 -4.60 -0.53> result: 90.00 91.81 -88.72 0.00 90.53 0.0
[17:33:27.454] [ARM-RX] 0
[17:33:27.454] [ARM-RX] [43] <0.00 -4.91 -0.57> result: 90.00 91.92 -88.64 0.00 90.56 0.00
[17:33:27.454] [ARM-RX] [44] <0.00 -5.23 -0.60> result: 90.00 92.04 -88.55 0.00 90.58 0.00
[17:33:27.455] [ARM-RX] [45] <0.00 -5.56 -0.64> result: 90.00 92.16 -88.45 0.00 90.61 0.00
[17:33:27.455] [ARM-RX] [46] <0.00 -5.90 -0.68> result: 90.00 92.28 -88.3
[17:33:27.476] [ARM-RX] 6 0.00 90.64 0.00
[17:33:27.476] [ARM-RX] [47] <0.00 -6.26 -0.72> result: 90.00 92.41 -88.26 0.00 90.67 0.00
[17:33:27.476] [ARM-RX] [48] <0.00 -6.63 -0.76> result: 90.00 92.55 -88.15 0.00 90.70 0.00
[17:33:27.476] [ARM-RX] [49] <0.00 -7.01 -0.81> result: 90.00 92.68 -88.05 0.00 90.73 0.00
[17:33:27.477] [ARM-RX] [50] <0.00 -7.40 -0.85> result: 9
[17:33:27.500] [ARM-RX] 0.00 92.82 -87.94 0.00 90.76 0.00
[17:33:27.500] [ARM-RX] [51] <0.00 -7.80 -0.90> result: 90.00 92.96 -87.82 0.00 90.78 0.00
[17:33:27.501] [ARM-RX] [52] <0.00 -8.22 -0.95> result: 90.00 93.10 -87.71 0.00 90.81 0.00
[17:33:27.501] [ARM-RX] [53] <0.00 -8.65 -1.00> result: 90.00 93.25 -87.58 0.00 90.84 0.00
[17:33:27.501] [ARM-RX] [54] <0.00 -9.08
[17:33:27.524] [ARM-RX] -1.05> result: 90.00 93.40 -87.46 0.00 90.86 0.00
[17:33:27.525] [ARM-RX] [55] <0.00 -9.53 -1.10> result: 90.00 93.55 -87.33 0.00 90.89 0.00
[17:33:27.525] [ARM-RX] [56] <0.00 -10.00 -1.15> result: 90.00 93.71 -87.20 0.00 90.91 0.00
[17:33:27.525] [ARM-RX] [57] <0.00 -10.47 -1.21> result: 90.00 93.87 -87.07 0.00 90.94 0.00
[17:33:27.550] [ARM-RX] [58] <0.00 -10.95 -1.26> result: 90.00 94.03 -86.93 0.00 90.96 0.00
[17:33:27.550] [ARM-RX] [59] <0.00 -11.45 -1.32> result: 90.00 94.19 -86.79 0.00 90.98 0.00
[17:33:27.550] [ARM-RX] [60] <0.00 -11.96 -1.38> result: 90.00 94.35 -86.65 0.00 91.00 0.00
[17:33:27.551] [ARM-RX] [61] <0.00 -12.47 -1.44> result: 90.00 94.52 -86
[17:33:27.573] [ARM-RX] .50 0.00 91.02 0.00
[17:33:27.573] [ARM-RX] [62] <0.00 -13.00 -1.50> result: 90.00 94.69 -86.35 0.00 91.04 0.00
[17:33:27.575] [ARM-RX] [63] <0.00 -13.54 -1.56> result: 90.00 94.86 -86.19 0.00 91.05 0.00
[17:33:27.575] [ARM-RX] [64] <0.00 -14.09 -1.63> result: 90.00 95.03 -86.04 0.00 91.07 0.00
[17:33:27.575] [ARM-RX] [65] <0.00 -14.65 -1.69> res
[17:33:27.597] [ARM-RX] ult: 90.00 95.20 -85.88 0.00 91.08 0.00
[17:33:27.599] [ARM-RX] [66] <0.00 -15.21 -1.76> result: 90.00 95.38 -85.72 0.00 91.09 0.00
[17:33:27.599] [ARM-RX] [67] <0.00 -15.79 -1.82> result: 90.00 95.55 -85.55 0.00 91.10 0.00
[17:33:27.599] [ARM-RX] [68] <0.00 -16.38 -1.89> result: 90.00 95.73 -85.38 0.00 91.11 0.00
[17:33:27.599] [ARM-RX] [69] <0.
[17:33:27.623] [ARM-RX] 00 -16.97 -1.96> result: 90.00 95.91 -85.21 0.00 91.12 0.00
[17:33:27.623] [ARM-RX] [70] <0.00 -17.58 -2.03> result: 90.00 96.09 -85.04 0.00 91.13 0.00
[17:33:27.623] [ARM-RX] [71] <0.00 -18.19 -2.10> result: 90.00 96.27 -84.86 0.00 91.13 0.00
[17:33:27.624] [ARM-RX] [72] <0.00 -18.81 -2.17> result: 90.00 96.45 -84.68 0.00
[17:33:27.648] [ARM-RX] 91.13 0.00
[17:33:27.648] [ARM-RX] [73] <0.00 -19.44 -2.24> result: 90.00 96.63 -84.50 0.00 91.13 0.00
[17:33:27.648] [ARM-RX] [74] <0.00 -20.08 -2.32> result: 90.00 96.81 -84.32 0.00 91.13 0.00
[17:33:27.648] [ARM-RX] [75] <0.00 -20.72 -2.39> result: 90.00 97.00 -84.13 0.00 91.13 0.00
[17:33:27.649] [ARM-RX] [76] <0.00 -21.37 -2.47> result: 90.0
[17:33:27.671] [ARM-RX] 0 97.18 -83.94 0.00 91.12 0.00
[17:33:27.672] [ARM-RX] [77] <0.00 -22.03 -2.54> result: 90.00 97.36 -83.75 0.00 91.12 0.00
[17:33:27.672] [ARM-RX] [78] <0.00 -22.70 -2.62> result: 90.00 97.55 -83.56 0.00 91.11 0.00
[17:33:27.673] [ARM-RX] [79] <0.00 -23.37 -2.70> result: 90.00 97.73 -83.37 0.00 91.10 0.00
[17:33:27.673] [ARM-RX] [80] <0.00 -24.04
[17:33:27.696] [ARM-RX] -2.77> result: 90.00 97.92 -83.17 0.00 91.08 0.00
[17:33:27.697] [ARM-RX] [81] <0.00 -24.72 -2.85> result: 90.00 98.10 -82.97 0.00 91.07 0.00
[17:33:27.697] [ARM-RX] [82] <0.00 -25.41 -2.93> result: 90.00 98.28 -82.77 0.00 91.05 0.00
[17:33:27.697] [ARM-RX] [83] <0.00 -26.10 -3.01> result: 90.00 98.47 -82.57 0.00 91.04 0.0
[17:33:27.720] [ARM-RX] 0
[17:33:27.721] [ARM-RX] [84] <0.00 -26.79 -3.09> result: 90.00 98.65 -82.37 0.00 91.02 0.00
[17:33:27.721] [ARM-RX] [85] <0.00 -27.49 -3.17> result: 90.00 98.83 -82.16 0.00 91.00 0.00
[17:33:27.721] [ARM-RX] [86] <0.00 -28.19 -3.25> result: 90.00 99.01 -81.96 0.00 90.97 0.00
[17:33:27.721] [ARM-RX] [87] <0.00 -28.90 -3.33> result: 90.00 99.20 -
[17:33:27.745] [ARM-RX] 81.75 0.00 90.95 0.00
[17:33:27.746] [ARM-RX] [88] <0.00 -29.61 -3.42> result: 90.00 99.38 -81.55 0.00 90.92 0.00
[17:33:27.746] [ARM-RX] [89] <0.00 -30.32 -3.50> result: 90.00 99.56 -81.34 0.00 90.90 0.00
[17:33:27.746] [ARM-RX] [90] <0.00 -31.03 -3.58> result: 90.00 99.74 -81.13 0.00 90.87 0.00
[17:33:27.746] [ARM-RX] [91] <0.00 -31.74 -3.66> r
[17:33:27.769] [ARM-RX] esult: 90.00 99.92 -80.92 0.00 90.84 0.00
[17:33:27.770] [ARM-RX] [92] <0.00 -32.46 -3.74> result: 90.00 100.09 -80.71 0.00 90.80 0.00
[17:33:27.770] [ARM-RX] [93] <0.00 -33.17 -3.83> result: 90.00 100.27 -80.50 0.00 90.77 0.00
[17:33:27.770] [ARM-RX] [94] <0.00 -33.89 -3.91> result: 90.00 100.44 -80.29 0.00 90.74 0.00
[17:33:27.770] [ARM-RX] [95
[17:33:27.794] [ARM-RX] ] <0.00 -34.60 -3.99> result: 90.00 100.62 -80.08 0.00 90.70 0.00
[17:33:27.794] [ARM-RX] [96] <0.00 -35.32 -4.07> result: 90.00 100.79 -79.87 0.00 90.66 0.00
[17:33:27.795] [ARM-RX] [97] <0.00 -36.03 -4.16> result: 90.00 100.96 -79.66 0.00 90.62 0.00
[17:33:27.795] [ARM-RX] [98] <0.00 -36.75 -4.24> result: 90.00 101.14 -79
[17:33:27.818] [ARM-RX] .45 0.00 90.58 0.00
[17:33:27.819] [ARM-RX] [99] <0.00 -37.46 -4.32> result: 90.00 101.31 -79.24 0.00 90.54 0.00
[17:33:27.819] [ARM-RX] [100] <0.00 -38.18 -4.41> result: 90.00 101.47 -79.02 0.00 90.50 0.00
[17:33:27.819] [ARM-RX] [101] <0.00 -38.89 -4.49> result: 90.00 101.64 -78.81 0.00 90.46 0.00
[17:33:27.819] [ARM-RX] [102] <0.00 -39.61 -4.5
[17:33:27.844] [ARM-RX] 7> result: 90.00 101.81 -78.60 0.00 90.41 0.00
[17:33:27.844] [ARM-RX] [103] <0.00 -40.32 -4.65> result: 90.00 101.98 -78.39 0.00 90.37 0.00
[17:33:27.844] [ARM-RX] [104] <0.00 -41.04 -4.74> result: 90.00 102.14 -78.18 0.00 90.32 0.00
[17:33:27.844] [ARM-RX] [105] <0.00 -41.75 -4.82> result: 90.00 102.31 -77.96 0.00 90.27 0
[17:33:27.867] [ARM-RX] .00
[17:33:27.868] [ARM-RX] [106] <0.00 -42.47 -4.90> result: 90.00 102.47 -77.75 0.00 90.22 0.00
[17:33:27.868] [ARM-RX] [107] <0.00 -43.18 -4.98> result: 90.00 102.63 -77.54 0.00 90.17 0.00
[17:33:27.868] [ARM-RX] [108] <0.00 -43.90 -5.07> result: 90.00 102.79 -77.33 0.00 90.12 0.00
[17:33:27.868] [ARM-RX] [109] <0.00 -44.61 -5.15> result: 90.0
[17:33:27.892] [ARM-RX] 0 102.95 -77.11 0.00 90.07 0.00
[17:33:27.892] [ARM-RX] [110] <0.00 -45.33 -5.23> result: 90.00 103.12 -76.90 0.00 90.02 0.00
[17:33:27.892] [ARM-RX] [111] <0.00 -46.05 -5.31> result: 90.00 103.27 -76.69 0.00 89.96 0.00
[17:33:27.892] [ARM-RX] [112] <0.00 -46.76 -5.40> result: 90.00 103.43 -76.47 0.00 89.91 0.00
[17:33:27.893] [ARM-RX] [113] <0.0
[17:33:27.917] [ARM-RX] 0 -47.48 -5.48> result: 90.00 103.59 -76.26 0.00 89.85 0.00
[17:33:27.917] [ARM-RX] [114] <0.00 -48.19 -5.56> result: 90.00 103.75 -76.05 0.00 89.80 0.00
[17:33:27.918] [ARM-RX] [115] <0.00 -48.91 -5.64> result: 90.00 103.91 -75.83 0.00 89.74 0.00
[17:33:27.918] [ARM-RX] [116] <0.00 -49.62 -5.73> result: 90.00 104.06 -75.62
[17:33:27.941] [ARM-RX] 0.00 89.68 0.00
[17:33:27.941] [ARM-RX] [117] <0.00 -50.34 -5.81> result: 90.00 104.22 -75.40 0.00 89.62 0.00
[17:33:27.941] [ARM-RX] [118] <0.00 -51.05 -5.89> result: 90.00 104.37 -75.19 0.00 89.56 0.00
[17:33:27.942] [ARM-RX] [119] <0.00 -51.77 -5.97> result: 90.00 104.53 -74.98 0.00 89.50 0.00
[17:33:27.942] [ARM-RX] [120] <0.00 -52.48 -6.06>
[17:33:27.966] [ARM-RX] result: 90.00 104.68 -74.76 0.00 89.44 0.00
[17:33:27.966] [ARM-RX] [121] <0.00 -53.20 -6.14> result: 90.00 104.83 -74.55 0.00 89.38 0.00
[17:33:27.966] [ARM-RX] [122] <0.00 -53.91 -6.22> result: 90.00 104.99 -74.33 0.00 89.32 0.00
[17:33:27.966] [ARM-RX] [123] <0.00 -54.63 -6.30> result: 90.00 105.14 -74.12 0.00 89.25 0.0
[17:33:27.991] [ARM-RX] 0
[17:33:27.991] [ARM-RX] [124] <0.00 -55.34 -6.39> result: 90.00 105.29 -73.90 0.00 89.19 0.00
[17:33:27.991] [ARM-RX] [125] <0.00 -56.06 -6.47> result: 90.00 105.44 -73.68 0.00 89.12 0.00
[17:33:27.991] [ARM-RX] [126] <0.00 -56.77 -6.55> result: 90.00 105.59 -73.47 0.00 89.06 0.00
[17:33:27.992] [ARM-RX] [127] <0.00 -57.49 -6.63> result: 90.00
[17:33:28.014] [ARM-RX] 105.74 -73.25 0.00 88.99 0.00
[17:33:28.015] [ARM-RX] [128] <0.00 -58.20 -6.72> result: 90.00 105.89 -73.04 0.00 88.93 0.00
[17:33:28.015] [ARM-RX] [129] <0.00 -58.92 -6.80> result: 90.00 106.04 -72.82 0.00 88.86 0.00
[17:33:28.015] [ARM-RX] [130] <0.00 -59.64 -6.88> result: 90.00 106.19 -72.60 0.00 88.79 0.00
[17:33:28.015] [ARM-RX] [131] <0.00
[17:33:28.039] [ARM-RX] -60.35 -6.96> result: 90.00 106.33 -72.39 0.00 88.72 0.00
[17:33:28.039] [ARM-RX] [132] <0.00 -61.07 -7.05> result: 90.00 106.48 -72.17 0.00 88.65 0.00
[17:33:28.039] [ARM-RX] [133] <0.00 -61.78 -7.13> result: 90.00 106.63 -71.95 0.00 88.58 0.00
[17:33:28.040] [ARM-RX] [134] <0.00 -62.50 -7.21> result: 90.00 106.77 -71.74 0
[17:33:28.063] [ARM-RX] .00 88.51 0.00
[17:33:28.064] [ARM-RX] [135] <0.00 -63.21 -7.29> result: 90.00 106.92 -71.52 0.00 88.44 0.00
[17:33:28.064] [ARM-RX] [136] <0.00 -63.93 -7.38> result: 90.00 107.07 -71.30 0.00 88.37 0.00
[17:33:28.064] [ARM-RX] [137] <0.00 -64.64 -7.46> result: 90.00 107.21 -71.09 0.00 88.30 0.00
[17:33:28.064] [ARM-RX] [138] <0.00 -65.36 -7.54> r
[17:33:28.088] [ARM-RX] esult: 90.00 107.36 -70.87 0.00 88.22 0.00
[17:33:28.089] [ARM-RX] [139] <0.00 -66.07 -7.62> result: 90.00 107.50 -70.65 0.00 88.15 0.00
[17:33:28.089] [ARM-RX] [140] <0.00 -66.79 -7.71> result: 90.00 107.64 -70.43 0.00 88.08 0.00
[17:33:28.089] [ARM-RX] [141] <0.00 -67.50 -7.79> result: 90.00 107.79 -70.21 0.00 88.00 0.00
[17:33:28.114] [ARM-RX] [142] <0.00 -68.22 -7.87> result: 90.00 107.93 -70.00 0.00 87.93 0.00
[17:33:28.115] [ARM-RX] [143] <0.00 -68.93 -7.95> result: 90.00 108.07 -69.78 0.00 87.85 0.00
[17:33:28.115] [ARM-RX] [144] <0.00 -69.65 -8.04> result: 90.00 108.22 -69.56 0.00 87.78 0.00
[17:33:28.115] [ARM-RX] [145] <0.00 -70.36 -8.12> result: 90.00 10
[17:33:28.137] [ARM-RX] 8.36 -69.34 0.00 87.70 0.00
[17:33:28.137] [ARM-RX] [146] <0.00 -71.08 -8.20> result: 90.00 108.50 -69.12 0.00 87.62 0.00
[17:33:28.137] [ARM-RX] [147] <0.00 -71.79 -8.28> result: 90.00 108.64 -68.90 0.00 87.54 0.00
[17:33:28.138] [ARM-RX] [148] <0.00 -72.51 -8.37> result: 90.00 108.78 -68.68 0.00 87.47 0.00
[17:33:28.138] [ARM-RX] [149] <0.00 -7
[17:33:28.162] [ARM-RX] 3.23 -8.45> result: 90.00 108.93 -68.46 0.00 87.39 0.00
[17:33:28.162] [ARM-RX] [150] <0.00 -73.94 -8.53> result: 90.00 109.07 -68.24 0.00 87.31 0.00
[17:33:28.162] [ARM-RX] [151] <0.00 -74.66 -8.61> result: 90.00 109.21 -68.02 0.00 87.23 0.00
[17:33:28.163] [ARM-RX] [152] <0.00 -75.37 -8.70> result: 90.00 109.35 -67.80 0.0
[17:33:28.186] [ARM-RX] 0 87.15 0.00
[17:33:28.186] [ARM-RX] [153] <0.00 -76.09 -8.78> result: 90.00 109.49 -67.58 0.00 87.07 0.00
[17:33:28.186] [ARM-RX] [154] <0.00 -76.80 -8.86> result: 90.00 109.63 -67.36 0.00 86.99 0.00
[17:33:28.186] [ARM-RX] [155] <0.00 -77.52 -8.94> result: 90.00 109.76 -67.14 0.00 86.91 0.00
[17:33:28.188] [ARM-RX] [156] <0.00 -78.23 -9.03> res
[17:33:28.210] [ARM-RX] ult: 90.00 109.90 -66.92 0.00 86.83 0.00
[17:33:28.211] [ARM-RX] [157] <0.00 -78.95 -9.11> result: 90.00 110.04 -66.70 0.00 86.74 0.00
[17:33:28.211] [ARM-RX] [158] <0.00 -79.66 -9.19> result: 90.00 110.18 -66.48 0.00 86.66 0.00
[17:33:28.211] [ARM-RX] [159] <0.00 -80.38 -9.27> result: 90.00 110.32 -66.26 0.00 86.58 0.00
[17:33:28.211] [ARM-RX] [
[17:33:28.235] [ARM-RX] 160] <0.00 -81.09 -9.36> result: 90.00 110.46 -66.04 0.00 86.50 0.00
[17:33:28.235] [ARM-RX] [161] <0.00 -81.81 -9.44> result: 90.00 110.60 -65.82 0.00 86.41 0.00
[17:33:28.235] [ARM-RX] [162] <0.00 -82.52 -9.52> result: 90.00 110.73 -65.59 0.00 86.33 0.00
[17:33:28.235] [ARM-RX] [163] <0.00 -83.24 -9.60> result: 90.00 110.
[17:33:28.260] [ARM-RX] 87 -65.37 0.00 86.24 0.00
[17:33:28.260] [ARM-RX] [164] <0.00 -83.95 -9.69> result: 90.00 111.01 -65.15 0.00 86.16 0.00
[17:33:28.260] [ARM-RX] [165] <0.00 -84.67 -9.77> result: 90.00 111.14 -64.93 0.00 86.07 0.00
[17:33:28.261] [ARM-RX] [166] <0.00 -85.38 -9.85> result: 90.00 111.28 -64.71 0.00 85.99 0.00
[17:33:28.261] [ARM-RX] [167] <0.00 -86.
[17:33:28.284] [ARM-RX] 10 -9.93> result: 90.00 111.42 -64.48 0.00 85.90 0.00
[17:33:28.284] [ARM-RX] [168] <0.00 -86.81 -10.02> result: 90.00 111.55 -64.26 0.00 85.81 0.00
[17:33:28.285] [ARM-RX] [169] <0.00 -87.53 -10.10> result: 90.00 111.69 -64.04 0.00 85.73 0.00
[17:33:28.285] [ARM-RX] [170] <0.00 -88.25 -10.18> result: 90.00 111.83 -63.81 0.
[17:33:28.309] [ARM-RX] 00 85.64 0.00
[17:33:28.309] [ARM-RX] [171] <0.00 -88.96 -10.26> result: 90.00 111.96 -63.59 0.00 85.55 0.00
[17:33:28.309] [ARM-RX] [172] <0.00 -89.68 -10.35> result: 90.00 112.10 -63.37 0.00 85.46 0.00
[17:33:28.309] [ARM-RX] [173] <0.00 -90.39 -10.43> result: 90.00 112.23 -63.14 0.00 85.38 0.00
[17:33:28.309] [ARM-RX] [174] <0.00 -91.11 -10.51
[17:33:28.334] [ARM-RX] > result: 90.00 112.37 -62.92 0.00 85.29 0.00
[17:33:28.334] [ARM-RX] [175] <0.00 -91.82 -10.59> result: 90.00 112.50 -62.70 0.00 85.20 0.00
[17:33:28.334] [ARM-RX] [176] <0.00 -92.54 -10.68> result: 90.00 112.64 -62.47 0.00 85.11 0.00
[17:33:28.334] [ARM-RX] [177] <0.00 -93.25 -10.76> result: 90.00 112.77 -62.25 0.00 85.02
[17:33:28.358] [ARM-RX] 0.00
[17:33:28.358] [ARM-RX] [178] <0.00 -93.97 -10.84> result: 90.00 112.91 -62.02 0.00 84.93 0.00
[17:33:28.358] [ARM-RX] [179] <0.00 -94.68 -10.92> result: 90.00 113.04 -61.80 0.00 84.84 0.00
[17:33:28.358] [ARM-RX] [180] <0.00 -95.40 -11.01> result: 90.00 113.18 -61.57 0.00 84.75 0.00
[17:33:28.359] [ARM-RX] [181] <0.00 -96.11 -11.09> result
[17:33:28.382] [ARM-RX] : 90.00 113.31 -61.35 0.00 84.66 0.00
[17:33:28.382] [ARM-RX] [182] <0.00 -96.83 -11.17> result: 90.00 113.44 -61.12 0.00 84.57 0.00
[17:33:28.383] [ARM-RX] [183] <0.00 -97.54 -11.26> result: 90.00 113.58 -60.90 0.00 84.48 0.00
[17:33:28.383] [ARM-RX] [184] <0.00 -98.26 -11.34> result: 90.00 113.71 -60.67 0.00 84.38 0.00
[17:33:28.383] [ARM-RX] [
[17:33:28.407] [ARM-RX] 185] <0.00 -98.97 -11.42> result: 90.00 113.85 -60.45 0.00 84.29 0.00
[17:33:28.407] [ARM-RX] [186] <0.00 -99.68 -11.50> result: 90.00 113.98 -60.22 0.00 84.20 0.00
[17:33:28.407] [ARM-RX] [187] <0.00 -100.39 -11.58> result: 90.00 114.11 -60.00 0.00 84.11 0.00
[17:33:28.407] [ARM-RX] [188] <0.00 -101.10 -11.67> result: 90.0
[17:33:28.431] [ARM-RX] 0 114.24 -59.77 0.00 84.01 0.00
[17:33:28.432] [ARM-RX] [189] <0.00 -101.80 -11.75> result: 90.00 114.37 -59.55 0.00 83.92 0.00
[17:33:28.432] [ARM-RX] [190] <0.00 -102.51 -11.83> result: 90.00 114.50 -59.33 0.00 83.83 0.00
[17:33:28.432] [ARM-RX] [191] <0.00 -103.20 -11.91> result: 90.00 114.63 -59.10 0.00 83.74 0.00
[17:33:28.432] [ARM-RX] [192
[17:33:28.455] [ARM-RX] ] <0.00 -103.90 -11.99> result: 90.00 114.76 -58.88 0.00 83.65 0.00
[17:33:28.457] [ARM-RX] [193] <0.00 -104.59 -12.07> result: 90.00 114.89 -58.66 0.00 83.56 0.00
[17:33:28.457] [ARM-RX] [194] <0.00 -105.28 -12.15> result: 90.00 115.02 -58.44 0.00 83.46 0.00
[17:33:28.457] [ARM-RX] [195] <0.00 -105.96 -12.23> result: 90.00
[17:33:28.481] [ARM-RX] 115.15 -58.23 0.00 83.37 0.00
[17:33:28.481] [ARM-RX] [196] <0.00 -106.63 -12.30> result: 90.00 115.27 -58.01 0.00 83.28 0.00
[17:33:28.481] [ARM-RX] [197] <0.00 -107.30 -12.38> result: 90.00 115.40 -57.80 0.00 83.19 0.00
[17:33:28.481] [ARM-RX] [198] <0.00 -107.97 -12.46> result: 90.00 115.52 -57.59 0.00 83.10 0.00
[17:33:28.482] [ARM-RX] [199]
[17:33:28.505] [ARM-RX] <0.00 -108.62 -12.53> result: 90.00 115.64 -57.38 0.00 83.02 0.00
[17:33:28.505] [ARM-RX] [200] <0.00 -109.28 -12.61> result: 90.00 115.76 -57.17 0.00 82.93 0.00
[17:33:28.506] [ARM-RX] [201] <0.00 -109.92 -12.68> result: 90.00 115.88 -56.96 0.00 82.84 0.00
[17:33:28.506] [ARM-RX] [202] <0.00 -110.56 -12.76> result: 90.00
[17:33:28.529] [ARM-RX] 116.00 -56.76 0.00 82.75 0.00
[17:33:28.530] [ARM-RX] [203] <0.00 -111.19 -12.83> result: 90.00 116.11 -56.55 0.00 82.67 0.00
[17:33:28.530] [ARM-RX] [204] <0.00 -111.81 -12.90> result: 90.00 116.23 -56.36 0.00 82.58 0.00
[17:33:28.530] [ARM-RX] [205] <0.00 -112.42 -12.97> result: 90.00 116.34 -56.16 0.00 82.50 0.00
[17:33:28.530] [ARM-RX] [206]
[17:33:28.553] [ARM-RX] <0.00 -113.02 -13.04> result: 90.00 116.45 -55.96 0.00 82.42 0.00
[17:33:28.554] [ARM-RX] [207] <0.00 -113.62 -13.11> result: 90.00 116.56 -55.77 0.00 82.33 0.00
[17:33:28.554] [ARM-RX] [208] <0.00 -114.21 -13.18> result: 90.00 116.67 -55.58 0.00 82.25 0.00
[17:33:28.554] [ARM-RX] [209] <0.00 -114.79 -13.24> result: 90.00 1
[17:33:28.579] [ARM-RX] 16.78 -55.40 0.00 82.17 0.00
[17:33:28.579] [ARM-RX] [210] <0.00 -115.35 -13.31> result: 90.00 116.88 -55.21 0.00 82.10 0.00
[17:33:28.585] [ARM-RX] [211] <0.00 -115.91 -13.37> result: 90.00 116.99 -55.03 0.00 82.02 0.00
[17:33:28.586] [ARM-RX] [212] <0.00 -116.46 -13.44> result: 90.00 117.09 -54.86 0.00 81.94 0.00
[17:33:28.586] [ARM-RX] [213] <
[17:33:28.602] [ARM-RX] 0.00 -117.00 -13.50> result: 90.00 117.19 -54.68 0.00 81.87 0.00
[17:33:28.603] [ARM-RX] [214] <0.00 -117.53 -13.56> result: 90.00 117.28 -54.51 0.00 81.79 0.00
[17:33:28.603] [ARM-RX] [215] <0.00 -118.04 -13.62> result: 90.00 117.38 -54.34 0.00 81.72 0.00
[17:33:28.603] [ARM-RX] [216] <0.00 -118.55 -13.68> result: 90.00 11
[17:33:28.628] [ARM-RX] 7.47 -54.18 0.00 81.65 0.00
[17:33:28.628] [ARM-RX] [217] <0.00 -119.05 -13.74> result: 90.00 117.56 -54.02 0.00 81.58 0.00
[17:33:28.628] [ARM-RX] [218] <0.00 -119.53 -13.79> result: 90.00 117.65 -53.86 0.00 81.51 0.00
[17:33:28.629] [ARM-RX] [219] <0.00 -120.00 -13.85> result: 90.00 117.74 -53.71 0.00 81.45 0.00
[17:33:28.629] [ARM-RX] [220] <0
[17:33:28.652] [ARM-RX] .00 -120.47 -13.90> result: 90.00 117.82 -53.56 0.00 81.38 0.00
[17:33:28.653] [ARM-RX] [221] <0.00 -120.92 -13.95> result: 90.00 117.91 -53.41 0.00 81.32 0.00
[17:33:28.653] [ARM-RX] [222] <0.00 -121.35 -14.00> result: 90.00 117.99 -53.27 0.00 81.25 0.00
[17:33:28.653] [ARM-RX] [223] <0.00 -121.78 -14.05> result: 90.00 118
[17:33:28.676] [ARM-RX] .07 -53.13 0.00 81.19 0.00
[17:33:28.677] [ARM-RX] [224] <0.00 -122.20 -14.10> result: 90.00 118.14 -52.99 0.00 81.13 0.00
[17:33:28.677] [ARM-RX] [225] <0.00 -122.60 -14.15> result: 90.00 118.22 -52.86 0.00 81.08 0.00
[17:33:28.677] [ARM-RX] [226] <0.00 -122.99 -14.19> result: 90.00 118.29 -52.73 0.00 81.02 0.00
[17:33:28.677] [ARM-RX] [227] <0.
[17:33:28.701] [ARM-RX] 00 -123.37 -14.24> result: 90.00 118.36 -52.61 0.00 80.97 0.00
[17:33:28.701] [ARM-RX] [228] <0.00 -123.74 -14.28> result: 90.00 118.43 -52.49 0.00 80.91 0.00
[17:33:28.702] [ARM-RX] [229] <0.00 -124.10 -14.32> result: 90.00 118.49 -52.37 0.00 80.86 0.00
[17:33:28.702] [ARM-RX] [230] <0.00 -124.44 -14.36> result: 90.00 118.
[17:33:28.725] [ARM-RX] 55 -52.26 0.00 80.81 0.00
[17:33:28.725] [ARM-RX] [231] <0.00 -124.77 -14.40> result: 90.00 118.62 -52.15 0.00 80.77 0.00
[17:33:28.725] [ARM-RX] [232] <0.00 -125.09 -14.43> result: 90.00 118.67 -52.05 0.00 80.72 0.00
[17:33:28.725] [ARM-RX] [233] <0.00 -125.40 -14.47> result: 90.00 118.73 -51.94 0.00 80.68 0.00
[17:33:28.727] [ARM-RX] [234] <0.0
[17:33:28.749] [ARM-RX] 0 -125.70 -14.50> result: 90.00 118.79 -51.85 0.00 80.63 0.00
[17:33:28.750] [ARM-RX] [235] <0.00 -125.98 -14.54> result: 90.00 118.84 -51.75 0.00 80.59 0.00
[17:33:28.750] [ARM-RX] [236] <0.00 -126.26 -14.57> result: 90.00 118.89 -51.66 0.00 80.55 0.00
[17:33:28.750] [ARM-RX] [237] <0.00 -126.52 -14.60> result: 90.00 118.9
[17:33:28.774] [ARM-RX] 4 -51.58 0.00 80.52 0.00
[17:33:28.775] [ARM-RX] [238] <0.00 -126.77 -14.63> result: 90.00 118.98 -51.50 0.00 80.48 0.00
[17:33:28.775] [ARM-RX] [239] <0.00 -127.01 -14.66> result: 90.00 119.03 -51.42 0.00 80.44 0.00
[17:33:28.775] [ARM-RX] [240] <0.00 -127.24 -14.68> result: 90.00 119.07 -51.34 0.00 80.41 0.00
[17:33:28.775] [ARM-RX] [241] <0.00
[17:33:28.799] [ARM-RX] -127.46 -14.71> result: 90.00 119.11 -51.27 0.00 80.38 0.00
[17:33:28.799] [ARM-RX] [242] <0.00 -127.66 -14.73> result: 90.00 119.15 -51.20 0.00 80.35 0.00
[17:33:28.800] [ARM-RX] [243] <0.00 -127.86 -14.75> result: 90.00 119.18 -51.14 0.00 80.32 0.00
[17:33:28.800] [ARM-RX] [244] <0.00 -128.04 -14.77> result: 90.00 119.22
[17:33:28.823] [ARM-RX] -51.08 0.00 80.30 0.00
[17:33:28.824] [ARM-RX] [245] <0.00 -128.22 -14.79> result: 90.00 119.25 -51.02 0.00 80.27 0.00
[17:33:28.824] [ARM-RX] [246] <0.00 -128.38 -14.81> result: 90.00 119.28 -50.97 0.00 80.25 0.00
[17:33:28.824] [ARM-RX] [247] <0.00 -128.53 -14.83> result: 90.00 119.31 -50.92 0.00 80.22 0.00
[17:33:28.824] [ARM-RX] [248] <0.00
[17:33:28.847] [ARM-RX] -128.68 -14.85> result: 90.00 119.33 -50.87 0.00 80.20 0.00
[17:33:28.849] [ARM-RX] [249] <0.00 -128.82 -14.86> result: 90.00 119.36 -50.82 0.00 80.18 0.00
[17:33:28.849] [ARM-RX] [250] <0.00 -128.94 -14.88> result: 90.00 119.38 -50.78 0.00 80.16 0.00
[17:33:28.849] [ARM-RX] [251] <0.00 -129.06 -14.89> result: 90.00 119.40
[17:33:28.873] [ARM-RX] -50.74 0.00 80.15 0.00
[17:33:28.873] [ARM-RX] [252] <0.00 -129.17 -14.90> result: 90.00 119.42 -50.71 0.00 80.13 0.00
[17:33:28.873] [ARM-RX] [253] <0.00 -129.27 -14.92> result: 90.00 119.44 -50.68 0.00 80.12 0.00
[17:33:28.873] [ARM-RX] [254] <0.00 -129.36 -14.93> result: 90.00 119.46 -50.65 0.00 80.10 0.00
[17:33:28.873] [ARM-RX] [255] <0.00 -
[17:33:28.897] [ARM-RX] 129.44 -14.94> result: 90.00 119.47 -50.62 0.00 80.09 0.00
[17:33:28.897] [ARM-RX] [256] <0.00 -129.52 -14.94> result: 90.00 119.49 -50.59 0.00 80.08 0.00
[17:33:28.897] [ARM-RX] [257] <0.00 -129.59 -14.95> result: 90.00 119.50 -50.57 0.00 80.07 0.00
[17:33:28.897] [ARM-RX] [258] <0.00 -129.65 -14.96> result: 90.00 119.51 -
[17:33:28.921] [ARM-RX] 50.55 0.00 80.06 0.00
[17:33:28.922] [ARM-RX] [259] <0.00 -129.71 -14.97> result: 90.00 119.52 -50.53 0.00 80.05 0.00
[17:33:28.922] [ARM-RX] [260] <0.00 -129.76 -14.97> result: 90.00 119.53 -50.51 0.00 80.05 0.00
[17:33:28.922] [ARM-RX] [261] <0.00 -129.80 -14.98> result: 90.00 119.54 -50.50 0.00 80.04 0.00
[17:33:28.923] [ARM-RX] [262] <0.00 -1
[17:33:28.946] [ARM-RX] 29.84 -14.98> result: 90.00 119.55 -50.49 0.00 80.03 0.00
[17:33:28.946] [ARM-RX] [263] <0.00 -129.87 -14.99> result: 90.00 119.55 -50.48 0.00 80.03 0.00
[17:33:28.947] [ARM-RX] [264] <0.00 -129.90 -14.99> result: 90.00 119.56 -50.47 0.00 80.02 0.00
[17:33:28.947] [ARM-RX] [265] <0.00 -129.92 -14.99> result: 90.00 119.56 -5
[17:33:28.971] [ARM-RX] 0.46 0.00 80.02 0.00
[17:33:28.971] [ARM-RX] [266] <0.00 -129.94 -14.99> result: 90.00 119.57 -50.45 0.00 80.02 0.00
[17:33:28.971] [ARM-RX] [267] <0.00 -129.96 -15.00> result: 90.00 119.57 -50.45 0.00 80.02 0.00
[17:33:28.971] [ARM-RX] [268] <0.00 -129.97 -15.00> result: 90.00 119.57 -50.44 0.00 80.01 0.00
[17:33:28.972] [ARM-RX] [269] <0.00 -12
[17:33:28.996] [ARM-RX] 9.98 -15.00> result: 90.00 119.57 -50.44 0.00 80.01 0.00
[17:33:28.996] [ARM-RX] [270] <0.00 -129.99 -15.00> result: 90.00 119.57 -50.44 0.00 80.01 0.00
[17:33:28.996] [ARM-RX] [271] <0.00 -129.99 -15.00> result: 90.00 119.58 -50.44 0.00 80.01 0.00
[17:33:28.996] [ARM-RX] [272] <0.00 -130.00 -15.00> result: 90.00 119.58 -50
[17:33:29.020] [ARM-RX] .43 0.00 80.01 0.00
[17:33:29.020] [ARM-RX] [273] <0.00 -130.00 -15.00> result: 90.00 119.58 -50.43 0.00 80.01 0.00
[17:33:29.020] [ARM-RX] [274] <0.00 -130.00 -15.00> result: 90.00 119.58 -50.43 0.00 80.01 0.00
[17:33:29.021] [ARM-RX] [275] <0.00 -130.00 -15.00> result: 90.00 119.58 -50.43 0.00 80.01 0.00
[17:33:29.021] [ARM-RX] [276] <0.00 -130
[17:33:29.091] [ARM-RX] .00 -15.00> result: 90.00 119.58 -50.43 0.00 80.01 0.00
[17:33:32.019] [ARM-RX] [joint 1] ave_error:0.00
[17:33:32.019] [ARM-RX] [joint 2] ave_error:1.85
[17:33:32.019] [ARM-RX] [joint 3] ave_error:2.08
[17:33:32.019] [ARM-RX] [joint 4] ave_error:0.00
[17:33:32.019] [ARM-RX] [joint 5] ave_error:0.69
[17:33:32.021] [ARM-RX] robot pid run finished!!
[17:33:32.021] [ARM-RX] [WORKFLOW] MEASURE_POSITION -> WAIT_SAFE_DISTANCE
[17:33:35.905] [ARM-RX] [JETSON_RX] crc failed type=0x01 rx=0x5701 calc=0xCA82
[17:33:51.836] [ARM-RX] [JETSON_RX] workflow_ctrl seq=185 action=3
[17:33:51.836] [ARM-RX] [WORKFLOW] WAIT_SAFE_DISTANCE -> ABORT_HOLD
[17:35:43.249] [ARM-RX] [JETSON_RX] workflow_ctrl seq=2 action=3
[19:51:43.936] [ARM-INFO] 已关闭串口
[22:25:38.707] [ARM-INFO] opened COM24 @ 115200
[22:25:39.723] [ARM-TX] 发送命令 soft_reset: soft_reset
[22:25:39.793] [ARM-RX] Found handler for 'soft_reset', executing...
[22:25:39.793] [ARM-RX] ROBOT_SOFT_RESET_EVENT
[22:25:39.793] [ARM-RX] --- Starting soft reset ---
[22:25:40.030] [ARM-RX] Soft reset motors enabled (J1~J5, J6 skipped).
[22:25:40.030] [ARM-RX] Soft resetting joint 4...
[22:25:40.030] [ARM-RX] robot_update_current_angle 4...
[22:25:40.030] [ARM-RX] [4] current:80.87, target:90.00, dir:1
[22:25:41.010] [ARM-RX] Soft resetting joint 3...
[22:25:41.010] [ARM-RX] robot_update_current_angle 3...
[22:25:41.010] [ARM-RX] [3] current:8.49, target:0.00, dir:-1
[22:25:42.236] [ARM-RX] Soft resetting joint 1...
[22:25:42.236] [ARM-RX] robot_update_current_angle 1...
[22:25:42.236] [ARM-RX] [1] current:120.61, target:90.00, dir:-1
[22:25:44.190] [ARM-RX] soft reset joint 1 settle timeout, keep going
[22:25:44.190] [ARM-RX] Soft resetting joint 2...
[22:25:44.190] [ARM-RX] robot_update_current_angle 2...
[22:25:44.190] [ARM-RX] [2] current:-50.31, target:-90.00, dir:-1
[22:25:46.395] [ARM-RX] soft reset joint 2 settle timeout, keep going
[22:25:46.395] [ARM-RX] Soft resetting joint 0...
[22:25:46.395] [ARM-RX] robot_update_current_angle 0...
[22:25:46.395] [ARM-RX] [0] current:102.08, target:90.00, dir:-1
[22:25:47.988] [ARM-RX] soft reset final verify PASS (issues:2), pose set HOME.
[22:26:05.145] [ARM-ERROR] GetOverlappedResult failed (PermissionError(13, '拒绝访问。', None, 5))
[22:43:27.147] [JETSON-INFO] 已停止周期视觉发送
[22:43:27.147] [JETSON-INFO] heartbeat stopped
[22:43:27.147] [JETSON-INFO] safe distance stopped
