[16:47:01.907] [APP-INFO] 已刷新串口: COM3, COM38, COM22, COM21, COM39
[16:47:01.908] [APP-INFO] log file: E:\Renesas\RA6M5-Robot\Robot_FreeRTOS - Arm\UpperComputer\dist\logs\ra6m5_upper_console_20260913_164701.log
[21:09:05.820] [ARM-INFO] opened COM39 @ 115200
[21:09:07.782] [ARM-INFO] 已关闭串口
[21:09:29.803] [ARM-INFO] opened COM3 @ 115200
[21:09:29.984] [ARM-RX] [JETSON_UART] rx_bytes=0 frames_ok=0 crc_fail=0 overflow=0 tx_ok[JETSON_UART] rx_bytes=0 frames_ok=0 crc_fail=0 overflow=0 tx_ok0
[21:09:30.982] [ARM-RX] [JETSON_UART] rx_bytes=0 frames_ok=0 crc_fail=0 overflow=0 tx_ok=0 tx_start_fail=0 tx_timeout=0 last_type=0x00 last_seq=0
[21:09:31.353] [ARM-TX] 发送命令 soft_reset: soft_reset
[21:09:31.418] [ARM-RX] Found handler for 'soft_reset', executing...
[21:09:31.418] [ARM-RX] ROBOT_SOFT_RESET_EVENT
[21:09:31.419] [ARM-RX] --- Starting soft reset ---
[21:09:31.604] [ARM-RX] Soft reset motors enabled (J1~J5, J6 skipped).
[21:09:31.604] [ARM-RX] Soft resetting joint 4...
[21:09:31.605] [ARM-RX] robot_update_current_angle 4...
[21:09:31.605] [ARM-RX] [4] current:90.00, target:90.00, dir:1
[21:09:31.729] [ARM-RX] Soft resetting joint 3...
[21:09:31.792] [ARM-RX] robot_update_current_angle 3...
[21:09:31.792] [ARM-RX] [3] current:-0.00, target:0.00, dir:1
[21:09:31.916] [ARM-RX] Soft resetting joint 1...
[21:09:31.916] [ARM-RX] robot_update_current_angle 1...
[21:09:31.917] [ARM-RX] [1] current:90.00, target:90.00, dir:1
[21:09:31.980] [ARM-RX] [JETSON_UART] rx_bytes=0 frames_ok=0 crc_fail=0 overflow=0 tx_ok=0 tx_start_fail=0 tx_timeout=0 last_type=0x00 last_seq=0
[21:09:32.042] [ARM-RX] Soft resetting joint 2...
[21:09:32.104] [ARM-RX] robot_update_current_angle 2...
[21:09:32.104] [ARM-RX] [2] current:-90.00, target:-90.00, dir:-1
[21:09:32.229] [ARM-RX] Soft resetting joint 0...
[21:09:32.229] [ARM-RX] robot_update_current_angle 0...
[21:09:32.229] [ARM-RX] [0] current:90.00, target:90.00, dir:1
[21:09:32.478] [ARM-RX] soft reset final verify PASS (issues:0), pose set HOME.
[21:09:32.981] [ARM-RX] [JETSON_UART] rx_bytes=0 frames_ok=0 crc_fail=0 overflow=0 tx_ok=0 tx_start_fail=0 tx_timeout=0 last_type=0x00 last_seq=0
[21:09:33.984] [ARM-RX] [JETSON_UART] rx_bytes=0 frames_ok=0 crc_fail=0 overflow=0 tx_ok=0 tx_start_fail=0 tx_timeout=0 last_type=0x00 last_seq=0
[21:09:34.979] [ARM-RX] [JETSON_UART] rx_bytes=0 frames_ok=0 crc_fail=0 overflow=0 tx_ok=0 tx_start_fail=0 tx_timeout=0 last_type=0x00 last_seq=0
[21:09:35.976] [ARM-RX] [JETSON_UART] rx_bytes=0 frames_ok=0 crc_fail=0 overflow=0 tx_ok=0 tx_start_fail=0 tx_timeout=0 last_type=0x00 last_seq=0
[21:09:36.974] [ARM-RX] [JETSON_UART] rx_bytes=0 frames_ok=0 crc_fail=0 overflow=0 tx_ok=0 tx_start_fail=0 tx_timeout=0 last_type=0x00 last_seq=0
[21:09:37.388] [ARM-TX] 发送命令 auto 0 -50 0: auto 0 -50 0
[21:09:37.412] [ARM-RX] Found handler for 'auto', executing...
[21:09:37.412] [ARM-RX] ROBOT_AUTO_EVENT
[21:09:37.437] [ARM-RX] [0] <0.00 0.00 0.00> result: 90.00 90.00 -90.00 0.00 90.00 0.00
[21:09:37.438] [ARM-RX] [1] <0.00 -0.00 0.00> result: 90.00 90.00 -90.00 0.00 90.00 0.00
[21:09:37.438] [ARM-RX] [2] <0.00 -0.00 0.00> result: 90.00 90.00 -90.00 0.00 90.00 0.00
[21:09:37.438] [ARM-RX] [3] <0.00 -0.01 0.00> result: 90.00 90.00 -90.00 0.00 90.00 0.00
[21:09:37.460] [ARM-RX] [4] <0.00 -0.01 0.00> result: 90.00 90.00 -90.00 0.00 90.00 0.00
[21:09:37.461] [ARM-RX] [5] <0.00 -0.02 0.00> result: 90.00 90.01 -89.99 0.00 90.00 0.00
[21:09:37.461] [ARM-RX] [6] <0.00 -0.04 0.00> result: 90.00 90.01 -89.99 0.00 90.00 0.00
[21:09:37.461] [ARM-RX] [7] <0.00 -0.06 0.00> result: 90.00 90.02 -89.98 0.00 90.00 0.00
[21:09:37.483] [ARM-RX] [8] <0.00 -0.09 0.00> result: 90.00 90.03 -89.97 0.00 90.00 0.00
[21:09:37.484] [ARM-RX] [9] <0.00 -0.13 0.00> result: 90.00 90.04 -89.96 0.00 90.00 0.00
[21:09:37.484] [ARM-RX] [10] <0.00 -0.17 0.00> result: 90.00 90.05 -89.95 0.00 90.00 0.00
[21:09:37.484] [ARM-RX] [11] <0.00 -0.22 0.00> result: 90.00 90.06 -89.94 0.00 90.00 0.00
[21:09:37.505] [ARM-RX] [12] <0.00 -0.29 0.00> result: 90.00 90.08 -89.92 0.00 90.00 0.00
[21:09:37.506] [ARM-RX] [13] <0.00 -0.36 0.00> result: 90.00 90.10 -89.90 0.00 90.00 0.00
[21:09:37.506] [ARM-RX] [14] <0.00 -0.45 0.00> result: 90.00 90.13 -89.87 0.00 90.00 0.00
[21:09:37.506] [ARM-RX] [15] <0.00 -0.54 0.00> result: 90.00 90.16 -89.84 0.00 90.00 0.00
[21:09:37.528] [ARM-RX] [16] <0.00 -0.66 0.00> result: 90.00 90.19 -89.81 0.00 90.00 0.00
[21:09:37.529] [ARM-RX] [17] <0.00 -0.78 0.00> result: 90.00 90.22 -89.78 0.00 90.00 0.00
[21:09:37.529] [ARM-RX] [18] <0.00 -0.92 0.00> result: 90.00 90.26 -89.74 0.00 90.00 0.00
[21:09:37.530] [ARM-RX] [19] <0.00 -1.08 0.00> result: 90.00 90.30 -89.69 0.00 90.00 0.00
[21:09:37.552] [ARM-RX] [20] <0.00 -1.25 0.00> result: 90.00 90.35 -89.64 0.00 90.00 0.00
[21:09:37.552] [ARM-RX] [21] <0.00 -1.43 0.00> result: 90.00 90.41 -89.59 0.00 89.99 0.00
[21:09:37.553] [ARM-RX] [22] <0.00 -1.64 0.00> result: 90.00 90.46 -89.53 0.00 89.99 0.00
[21:09:37.553] [ARM-RX] [23] <0.00 -1.86 0.00> result: 90.00 90.52 -89.47 0.00 89.99 0.00
[21:09:37.574] [ARM-RX] [24] <0.00 -2.10 0.00> result: 90.00 90.59 -89.40 0.00 89.99 0.00
[21:09:37.574] [ARM-RX] [25] <0.00 -2.36 0.00> result: 90.00 90.66 -89.32 0.00 89.98 0.00
[21:09:37.574] [ARM-RX] [26] <0.00 -2.64 0.00> result: 90.00 90.74 -89.24 0.00 89.98 0.00
[21:09:37.608] [ARM-RX] [27] <0.00 -2.95 0.00> result: 90.00 90.82 -89.15 0.00 89.98 0.00
[21:09:37.609] [ARM-RX] [28] <0.00 -3.27 0.00> result: 90.00 90.91 -89.06 0.00 89.97 0.00
[21:09:37.609] [ARM-RX] [29] <0.00 -3.61 0.00> result: 90.00 91.00 -88.96 0.00 89.96 0.00
[21:09:37.610] [ARM-RX] [30] <0.00 -3.97 0.00> result: 90.00 91.10 -88.86 0.00 89.96 0.00
[21:09:37.635] [ARM-RX] [31] <0.00 -4.36 0.00> result: 90.00 91.20 -88.75 0.00 89.95 0.00
[21:09:37.635] [ARM-RX] [32] <0.00 -4.77 0.00> result: 90.00 91.31 -88.63 0.00 89.94 0.00
[21:09:37.635] [ARM-RX] [33] <0.00 -5.20 0.00> result: 90.00 91.42 -88.50 0.00 89.93 0.00
[21:09:37.635] [ARM-RX] [34] <0.00 -5.66 0.00> result: 90.00 91.54 -88.37 0.00 89.91 0.00
[21:09:37.657] [ARM-RX] [35] <0.00 -6.14 0.00> result: 90.00 91.66 -88.23 0.00 89.90 0.00
[21:09:37.658] [ARM-RX] [36] <0.00 -6.64 0.00> result: 90.00 91.79 -88.09 0.00 89.88 0.00
[21:09:37.658] [ARM-RX] [37] <0.00 -7.17 0.00> result: 90.00 91.93 -87.94 0.00 89.86 0.00
[21:09:37.658] [ARM-RX] [38] <0.00 -7.72 0.00> result: 90.00 92.07 -87.78 0.00 89.84 0.00
[21:09:37.677] [ARM-RX] [39] <0.00 -8.29 0.00> result: 90.00 92.21 -87.61 0.00 89.82 0.00
[21:09:37.677] [ARM-RX] [40] <0.00 -8.89 0.00> result: 90.00 92.36 -87.44 0.00 89.80 0.00
[21:09:37.677] [ARM-RX] [41] <0.00 -9.52 0.00> result: 90.00 92.52 -87.25 0.00 89.77 0.00
[21:09:37.677] [ARM-RX] [42] <0.00 -10.17 0.00> result: 90.00 92.67 -87.07 0.00 89.74 0.00
[21:09:37.700] [ARM-RX] [43] <0.00 -10.84 0.00> result: 90.00 92.84 -86.87 0.00 89.71 0.00
[21:09:37.700] [ARM-RX] [44] <0.00 -11.54 0.00> result: 90.00 93.01 -86.67 0.00 89.67 0.00
[21:09:37.700] [ARM-RX] [45] <0.00 -12.27 0.00> result: 90.00 93.18 -86.45 0.00 89.63 0.00
[21:09:37.723] [ARM-RX] [46] <0.00 -13.02 0.00> result: 90.00 93.36 -86.24 0.00 89.59 0.00
[21:09:37.727] [ARM-RX] [47] <0.00 -13.79 0.00> result: 90.00 93.54 -86.01 0.00 89.55 0.00
[21:09:37.727] [ARM-RX] [48] <0.00 -14.59 0.00> result: 90.00 93.72 -85.78 0.00 89.50 0.00
[21:09:37.728] [ARM-RX] [49] <0.00 -15.42 0.00> result: 90.00 93.91 -85.54 0.00 89.45 0.00
[21:09:37.746] [ARM-RX] [50] <0.00 -16.27 0.00> result: 90.00 94.11 -85.29 0.00 89.39 0.00
[21:09:37.746] [ARM-RX] [51] <0.00 -17.14 0.00> result: 90.00 94.30 -85.03 0.00 89.34 0.00
[21:09:37.746] [ARM-RX] [52] <0.00 -18.04 0.00> result: 90.00 94.50 -84.77 0.00 89.27 0.00
[21:09:37.746] [ARM-RX] [53] <0.00 -18.96 0.00> result: 90.00 94.71 -84.50 0.00 89.21 0.00
[21:09:37.768] [ARM-RX] [54] <0.00 -19.90 0.00> result: 90.00 94.92 -84.22 0.00 89.14 0.00
[21:09:37.768] [ARM-RX] [55] <0.00 -20.87 0.00> result: 90.00 95.13 -83.94 0.00 89.07 0.00
[21:09:37.768] [ARM-RX] [56] <0.00 -21.86 0.00> result: 90.00 95.34 -83.65 0.00 88.99 0.00
[21:09:37.768] [ARM-RX] [57] <0.00 -22.88 0.00> result: 90.00 95.56 -83.35 0.00 88.91 0.00
[21:09:37.803] [ARM-RX] [58] <0.00 -23.91 0.00> result: 90.00 95.78 -83.05 0.00 88.82 0.00
[21:09:37.803] [ARM-RX] [59] <0.00 -24.97 0.00> result: 90.00 96.00 -82.73 0.00 88.74 0.00
[21:09:37.803] [ARM-RX] [60] <0.00 -26.05 0.00> result: 90.00 96.23 -82.42 0.00 88.64 0.00
[21:09:37.825] [ARM-RX] [61] <0.00 -27.15 0.00> result: 90.00 96.45 -82.09 0.00 88.55 0.00
[21:09:37.826] [ARM-RX] [62] <0.00 -28.27 0.00> result: 90.00 96.68 -81.76 0.00 88.45 0.00
[21:09:37.826] [ARM-RX] [63] <0.00 -29.41 0.00> result: 90.00 96.92 -81.42 0.00 88.34 0.00
[21:09:37.826] [ARM-RX] [64] <0.00 -30.57 0.00> result: 90.00 97.15 -81.08 0.00 88.23 0.00
[21:09:37.848] [ARM-RX] [65] <0.00 -31.74 0.00> result: 90.00 97.39 -80.73 0.00 88.12 0.00
[21:09:37.848] [ARM-RX] [66] <0.00 -32.94 0.00> result: 90.00 97.63 -80.38 0.00 88.01 0.00
[21:09:37.848] [ARM-RX] [67] <0.00 -34.15 0.00> result: 90.00 97.87 -80.02 0.00 87.89 0.00
[21:09:37.849] [ARM-RX] [68] <0.00 -35.38 0.00> result: 90.00 98.11 -79.65 0.00 87.76 0.00
[21:09:37.871] [ARM-RX] [69] <0.00 -36.63 0.00> result: 90.00 98.35 -79.28 0.00 87.64 0.00
[21:09:37.872] [ARM-RX] [70] <0.00 -37.89 0.00> result: 90.00 98.60 -78.91 0.00 87.51 0.00
[21:09:37.872] [ARM-RX] [71] <0.00 -39.17 0.00> result: 90.00 98.85 -78.53 0.00 87.37 0.00
[21:09:37.872] [ARM-RX] [72] <0.00 -40.45 0.00> result: 90.00 99.09 -78.14 0.00 87.23 0.00
[21:09:37.899] [ARM-RX] [73] <0.00 -41.76 0.00> result: 90.00 99.34 -77.75 0.00 87.09 0.00
[21:09:37.899] [ARM-RX] [74] <0.00 -43.07 0.00> result: 90.00 99.59 -77.36 0.00 86.95 0.00
[21:09:37.901] [ARM-RX] [75] <0.00 -44.40 0.00> result: 90.00 99.84 -76.96 0.00 86.80 0.00
[21:09:37.901] [ARM-RX] [76] <0.00 -45.74 0.00> result: 90.00 100.09 -76.56 0.00 86.65 0.00
[21:09:37.917] [ARM-RX] [77] <0.00 -47.08 0.00> result: 90.00 100.34 -76.16 0.00 86.50 0.00
[21:09:37.917] [ARM-RX] [78] <0.00 -48.44 0.00> result: 90.00 100.60 -75.75 0.00 86.35 0.00
[21:09:37.917] [ARM-RX] [79] <0.00 -49.81 0.00> result: 90.00 100.85 -75.34 0.00 86.19 0.00
[21:09:37.940] [ARM-RX] [80] <0.00 -50.00 0.00> result: 90.00 100.89 -75.28 0.00 86.17 0.00
[21:09:37.940] [ARM-RX] [81] <0.00 -50.00 0.00> result: 90.00 100.89 -75.28 0.00 86.17 0.00
[21:09:37.940] [ARM-RX] [82] <0.00 -50.00 0.00> result: 90.00 100.89 -75.28 0.00 86.17 0.00
[21:09:37.941] [ARM-RX] [83] <0.00 -50.00 0.00> result: 90.00 100.89 -75.28 0.00 86.17 0.00
[21:09:37.973] [ARM-RX] [84] <0.00 -50.00 0.00> result: 90.00 100.89 -75.28 0.00 86.17 0.00
[21:09:37.974] [ARM-RX] [85] <0.00 -50.00 0.00> result: 90.00 100.89 -75.28 0.00 86.17 0.00
[21:09:37.974] [ARM-RX] [86] <0.00 -50.00 0.00> result: 90.00 100.89 -75.28 0.00 86.17 0.00
[21:09:37.974] [ARM-RX] [87] <0.00 -50.00 0.00> result: 90.00 100.89 -75.28 0.00 86.17 0.00
[21:09:37.997] [ARM-RX] [88] <0.00 -50.00 0.00> result: 90.00 100.89 -75.28 0.00 86.17 0.00
[21:09:37.997] [ARM-RX] [89] <0.00 -50.00 0.00> result: 90.00 100.89 -75.28 0.00 86.17 0.00
[21:09:37.997] [ARM-RX] [90] <0.00 -50.00 0.00> result: 90.00 100.89 -75.28 0.00 86.17 0.00
[21:09:38.020] [ARM-RX] [91] <0.00 -50.00 0.00> result: 90.00 100.89 -75.28 0.00 86.17 0.00
[21:09:38.020] [ARM-RX] [92] <0.00 -50.00 0.00> result: 90.00 100.89 -75.28 0.00 86.17 0.00
[21:09:38.020] [ARM-RX] [93] <0.00 -50.00 0.00> result: 90.00 100.89 -75.28 0.00 86.17 0.00
[21:09:38.020] [ARM-RX] [94] <0.00 -50.00 0.00> result: 90.00 100.89 -75.28 0.00 86.17 0.00
[21:09:38.043] [ARM-RX] [95] <0.00 -50.00 0.00> result: 90.00 100.89 -75.28 0.00 86.17 0.00
[21:09:38.043] [ARM-RX] [96] <0.00 -50.00 0.00> result: 90.00 100.89 -75.28 0.00 86.17 0.00
[21:09:38.043] [ARM-RX] [97] <0.00 -50.00 0.00> result: 90.00 100.89 -75.28 0.00 86.17 0.00
[21:09:38.044] [ARM-RX] [98] <0.00 -50.00 0.00> result: 90.00 100.89 -75.28 0.00 86.17 0.00
[21:09:38.065] [ARM-RX] [99] <0.00 -50.00 0.00> result: 90.00 100.89 -75.28 0.00 86.17 0.00
[21:09:38.067] [ARM-RX] [100] <0.00 -50.00 0.00> result: 90.00 100.89 -75.28 0.00 86.17 0.00
[21:09:38.067] [ARM-RX] [101] <0.00 -50.00 0.00> result: 90.00 100.89 -75.28 0.00 86.17 0.00
[21:09:38.089] [ARM-RX] [102] <0.00 -50.00 0.00> result: 90.00 100.89 -75.28 0.00 86.17 0.00
[21:09:38.089] [ARM-RX] [103] <0.00 -50.00 0.00> result: 90.00 100.89 -75.28 0.00 86.17 0.00
[21:09:38.090] [ARM-RX] [104] <0.00 -50.00 0.00> result: 90.00 100.89 -75.28 0.00 86.17 0.00
[21:09:38.090] [ARM-RX] [105] <0.00 -50.00 0.00> result: 90.00 100.89 -75.28 0.00 86.17 0.00
[21:09:38.111] [ARM-RX] [106] <0.00 -50.00 0.00> result: 90.00 100.89 -75.28 0.00 86.17 0.00
[21:09:38.111] [ARM-RX] [107] <0.00 -50.00 0.00> result: 90.00 100.89 -75.28 0.00 86.17 0.00
[21:09:38.111] [ARM-RX] [108] <0.00 -50.00 0.00> result: 90.00 100.89 -75.28 0.00 86.17 0.00
[21:09:38.111] [ARM-RX] [109] <0.00 -50.00 0.00> result: 90.00 100.89 -75.28 0.00 86.17 0.00
[21:09:38.134] [ARM-RX] [110] <0.00 -50.00 0.00> result: 90.00 100.89 -75.28 0.00 86.17 0.00
[21:09:38.134] [ARM-RX] [111] <0.00 -50.00 0.00> result: 90.00 100.89 -75.28 0.00 86.17 0.00
[21:09:38.134] [ARM-RX] [112] <0.00 -50.00 0.00> result: 90.00 100.89 -75.28 0.00 86.17 0.00
[21:09:38.169] [ARM-RX] [113] <0.00 -50.00 0.00> result: 90.00 100.89 -75.28 0.00 86.17 0.00
[21:09:38.170] [ARM-RX] [114] <0.00 -50.00 0.00> result: 90.00 100.89 -75.28 0.00 86.17 0.00
[21:09:38.170] [ARM-RX] [115] <0.00 -50.00 0.00> result: 90.00 100.89 -75.28 0.00 86.17 0.00
[21:09:38.171] [ARM-RX] [116] <0.00 -50.00 0.00> result: 90.00 100.89 -75.28 0.00 86.17 0.00
[21:09:38.192] [ARM-RX] [117] <0.00 -50.00 0.00> result: 90.00 100.89 -75.28 0.00 86.17 0.00
[21:09:38.192] [ARM-RX] [118] <0.00 -50.00 0.00> result: 90.00 100.89 -75.28 0.00 86.17 0.00
[21:09:38.192] [ARM-RX] [119] <0.00 -50.00 0.00> result: 90.00 100.89 -75.28 0.00 86.17 0.00
[21:09:38.193] [ARM-RX] [120] <0.00 -50.00 0.00> result: 90.00 100.89 -75.28 0.00 86.17 0.00
[21:09:38.213] [ARM-RX] [121] <0.00 -50.00 0.00> result: 90.00 100.89 -75.28 0.00 86.17 0.00
[21:09:38.214] [ARM-RX] [122] <0.00 -50.00 0.00> result: 90.00 100.89 -75.28 0.00 86.17 0.00
[21:09:38.214] [ARM-RX] [123] <0.00 -50.00 0.00> result: 90.00 100.89 -75.28 0.00 86.17 0.00
[21:09:38.237] [ARM-RX] [124] <0.00 -50.00 0.00> result: 90.00 100.89 -75.28 0.00 86.17 0.00
[21:09:38.237] [ARM-RX] [125] <0.00 -50.00 0.00> result: 90.00 100.89 -75.28 0.00 86.17 0.00
[21:09:38.237] [ARM-RX] [126] <0.00 -50.00 0.00> result: 90.00 100.89 -75.28 0.00 86.17 0.00
[21:09:38.237] [ARM-RX] [127] <0.00 -50.00 0.00> result: 90.00 100.89 -75.28 0.00 86.17 0.00
[21:09:38.260] [ARM-RX] [128] <0.00 -50.00 0.00> result: 90.00 100.89 -75.28 0.00 86.17 0.00
[21:09:38.260] [ARM-RX] [129] <0.00 -50.00 0.00> result: 90.00 100.89 -75.28 0.00 86.17 0.00
[21:09:38.261] [ARM-RX] [130] <0.00 -50.00 0.00> result: 90.00 100.89 -75.28 0.00 86.17 0.00
[21:09:38.261] [ARM-RX] [131] <0.00 -50.00 0.00> result: 90.00 100.89 -75.28 0.00 86.17 0.00
[21:09:38.285] [ARM-RX] [132] <0.00 -50.00 0.00> result: 90.00 100.89 -75.28 0.00 86.17 0.00
[21:09:38.285] [ARM-RX] [133] <0.00 -50.00 0.00> result: 90.00 100.89 -75.28 0.00 86.17 0.00
[21:09:38.285] [ARM-RX] [134] <0.00 -50.00 0.00> result: 90.00 100.89 -75.28 0.00 86.17 0.00
[21:09:38.305] [ARM-RX] [135] <0.00 -50.00 0.00> result: 90.00 100.89 -75.28 0.00 86.17 0.00
[21:09:38.306] [ARM-RX] [136] <0.00 -50.00 0.00> result: 90.00 100.89 -75.28 0.00 86.17 0.00
[21:09:38.306] [ARM-RX] [137] <0.00 -50.00 0.00> result: 90.00 100.89 -75.28 0.00 86.17 0.00
[21:09:38.306] [ARM-RX] [138] <0.00 -50.00 0.00> result: 90.00 100.89 -75.28 0.00 86.17 0.00
[21:09:38.340] [ARM-RX] [139] <0.00 -50.00 0.00> result: 90.00 100.89 -75.28 0.00 86.17 0.00
[21:09:38.341] [ARM-RX] [140] <0.00 -50.00 0.00> result: 90.00 100.89 -75.28 0.00 86.17 0.00
[21:09:38.341] [ARM-RX] [141] <0.00 -50.00 0.00> result: 90.00 100.89 -75.28 0.00 86.17 0.00
[21:09:38.342] [ARM-RX] [142] <0.00 -50.00 0.00> result: 90.00 100.89 -75.28 0.00 86.17 0.00
[21:09:38.363] [ARM-RX] [143] <0.00 -50.00 0.00> result: 90.00 100.89 -75.28 0.00 86.17 0.00
[21:09:38.363] [ARM-RX] [144] <0.00 -50.00 0.00> result: 90.00 100.89 -75.28 0.00 86.17 0.00
[21:09:38.363] [ARM-RX] [145] <0.00 -50.00 0.00> result: 90.00 100.89 -75.28 0.00 86.17 0.00
[21:09:38.386] [ARM-RX] [146] <0.00 -50.00 0.00> result: 90.00 100.89 -75.28 0.00 86.17 0.00
[21:09:38.386] [ARM-RX] [147] <0.00 -50.00 0.00> result: 90.00 100.89 -75.28 0.00 86.17 0.00
[21:09:38.386] [ARM-RX] [148] <0.00 -50.00 0.00> result: 90.00 100.89 -75.28 0.00 86.17 0.00
[21:09:38.387] [ARM-RX] [149] <0.00 -50.00 0.00> result: 90.00 100.89 -75.28 0.00 86.17 0.00
[21:09:38.409] [ARM-RX] [150] <0.00 -50.00 0.00> result: 90.00 100.89 -75.28 0.00 86.17 0.00
[21:09:38.409] [ARM-RX] [151] <0.00 -50.00 0.00> result: 90.00 100.89 -75.28 0.00 86.17 0.00
[21:09:38.409] [ARM-RX] [152] <0.00 -50.00 0.00> result: 90.00 100.89 -75.28 0.00 86.17 0.00
[21:09:38.409] [ARM-RX] [153] <0.00 -50.00 0.00> result: 90.00 100.89 -75.28 0.00 86.17 0.00
[21:09:38.431] [ARM-RX] [154] <0.00 -50.00 0.00> result: 90.00 100.89 -75.28 0.00 86.17 0.00
[21:09:38.431] [ARM-RX] [155] <0.00 -50.00 0.00> result: 90.00 100.89 -75.28 0.00 86.17 0.00
[21:09:38.432] [ARM-RX] [156] <0.00 -50.00 0.00> result: 90.00 100.89 -75.28 0.00 86.17 0.00
[21:09:38.454] [ARM-RX] [157] <0.00 -50.00 0.00> result: 90.00 100.89 -75.28 0.00 86.17 0.00
[21:09:38.454] [ARM-RX] [158] <0.00 -50.00 0.00> result: 90.00 100.89 -75.28 0.00 86.17 0.00
[21:09:38.455] [ARM-RX] [159] <0.00 -50.00 0.00> result: 90.00 100.89 -75.28 0.00 86.17 0.00
[21:09:38.455] [ARM-RX] [160] <0.00 -50.00 0.00> result: 90.00 100.89 -75.28 0.00 86.17 0.00
[21:09:38.477] [ARM-RX] [161] <0.00 -50.00 0.00> result: 90.00 100.89 -75.28 0.00 86.17 0.00
[21:09:38.477] [ARM-RX] [162] <0.00 -50.00 0.00> result: 90.00 100.89 -75.28 0.00 86.17 0.00
[21:09:38.478] [ARM-RX] [163] <0.00 -50.00 0.00> result: 90.00 100.89 -75.28 0.00 86.17 0.00
[21:09:38.478] [ARM-RX] [164] <0.00 -50.00 0.00> result: 90.00 100.89 -75.28 0.00 86.17 0.00
[21:09:38.500] [ARM-RX] [165] <0.00 -50.00 0.00> result: 90.00 100.89 -75.28 0.00 86.17 0.00
[21:09:38.501] [ARM-RX] [166] <0.00 -50.00 0.00> result: 90.00 100.89 -75.28 0.00 86.17 0.00
[21:09:38.501] [ARM-RX] [167] <0.00 -50.00 0.00> result: 90.00 100.89 -75.28 0.00 86.17 0.00
[21:09:38.533] [ARM-RX] [168] <0.00 -50.00 0.00> result: 90.00 100.89 -75.28 0.00 86.17 0.00
[21:09:38.534] [ARM-RX] [169] <0.00 -50.00 0.00> result: 90.00 100.89 -75.28 0.00 86.17 0.00
[21:09:38.534] [ARM-RX] [170] <0.00 -50.00 0.00> result: 90.00 100.89 -75.28 0.00 86.17 0.00
[21:09:38.534] [ARM-RX] [171] <0.00 -50.00 0.00> result: 90.00 100.89 -75.28 0.00 86.17 0.00
[21:09:38.555] [ARM-RX] [172] <0.00 -50.00 0.00> result: 90.00 100.89 -75.28 0.00 86.17 0.00
[21:09:38.556] [ARM-RX] [173] <0.00 -50.00 0.00> result: 90.00 100.89 -75.28 0.00 86.17 0.00
[21:09:38.556] [ARM-RX] [174] <0.00 -50.00 0.00> result: 90.00 100.89 -75.28 0.00 86.17 0.00
[21:09:38.557] [ARM-RX] [175] <0.00 -50.00 0.00> result: 90.00 100.89 -75.28 0.00 86.17 0.00
[21:09:38.611] [ARM-RX] [176] <0.00 -50.00 0.00> result: 90.00 100.89 -75.28 0.00 86.17 0.00
[21:09:38.986] [ARM-RX] [JETSON_UART] rx_bytes=0 frames_ok=0 crc_fail=0 overflow=0 tx_ok=0 tx_start_fail=0 tx_timeout=0 last_type=0x00 last_seq=0
[21:09:39.963] [ARM-RX] [JETSON_UART] rx_bytes=0 frames_ok=0 crc_fail=0 overflow=0 tx_ok=0 tx_start_fail=0 tx_timeout=0 last_type=0x00 last_seq=0
[21:09:40.463] [ARM-RX] [joint 1] ave_error:0.00
[21:09:40.463] [ARM-RX] [joint 2] ave_error:1.95
[21:09:40.463] [ARM-RX] [joint 3] ave_error:1.90
[21:09:40.464] [ARM-RX] [joint 4] ave_error:0.00
[21:09:40.464] [ARM-RX] [joint 5] ave_error:0.19
[21:09:40.464] [ARM-RX] robot pid run finished!!
[21:09:40.525] [ARM-RX] [AUTO] finished target=<0.0 -50.0 0.0>
[21:09:40.963] [ARM-RX] [JETSON_UART] rx_bytes=0 frames_ok=0 crc_fail=0 overflow=0 tx_ok=0 tx_start_fail=0 tx_timeout=0 last_type=0x00 last_seq=0
[21:09:42.019] [ARM-RX] [JETSON_UART] rx_bytes=0 frames_ok=0 crc_fail=0 overflow=0 tx_ok=0 tx_start_fail=0 tx_timeout=0 last_type=0x00 last_seq=0
[21:09:43.024] [ARM-RX] [JETSON_UART] rx_bytes=0 frames_ok=0 crc_fail=0 overflow=0 tx_ok=0 tx_start_fail=0 tx_timeout=0 last_type=0x00 last_seq=0
[21:09:43.653] [ARM-TX] 发送命令 soft_reset: soft_reset
[21:09:43.711] [ARM-RX] Found handler for 'soft_reset', executing...
[21:09:43.711] [ARM-RX] ROBOT_SOFT_RESET_EVENT
[21:09:43.712] [ARM-RX] --- Starting soft reset ---
[21:09:43.897] [ARM-RX] Soft reset motors enabled (J1~J5, J6 skipped).
[21:09:43.897] [ARM-RX] Soft resetting joint 4...
[21:09:43.960] [ARM-RX] robot_update_current_angle 4...
[21:09:43.960] [ARM-RX] [4] current:86.15, target:90.00, dir:1
[21:09:44.021] [ARM-RX] [JETSON_UART] rx_bytes=0 frames_ok=0 crc_fail=0 overflow=0 tx_ok=0 tx_start_fail=0 tx_timeout=0 last_type=0x00 last_seq=0
[21:09:44.460] [ARM-RX] Soft resetting joint 3...
[21:09:44.523] [ARM-RX] robot_update_current_angle 3...
[21:09:44.523] [ARM-RX] [3] current:-0.00, target:0.00, dir:1
[21:09:44.648] [ARM-RX] Soft resetting joint 1...
[21:09:44.648] [ARM-RX] robot_update_current_angle 1...
[21:09:44.649] [ARM-RX] [1] current:102.11, target:90.00, dir:-1
[21:09:45.022] [ARM-RX] [JETSON_UART] rx_bytes=0 frames_ok=0 crc_fail=0 overflow=0 tx_ok=0 tx_start_fail=0 tx_timeout=0 last_type=0x00 last_seq=0
[21:09:46.015] [ARM-RX] [JETSON_UART] rx_bytes=0 frames_ok=0 crc_fail=0 overflow=0 tx_ok=0 tx_start_fail=0 tx_timeout=0 last_type=0x00 last_seq=0
[21:09:46.141] [ARM-RX] soft reset joint 1 settle timeout, keep going
[21:09:46.141] [ARM-RX] Soft resetting joint 2...
[21:09:46.203] [ARM-RX] robot_update_current_angle 2...
[21:09:46.203] [ARM-RX] [2] current:-74.64, target:-90.00, dir:-1
[21:09:47.014] [ARM-RX] [JETSON_UART] rx_bytes=0 frames_ok=0 crc_fail=0 overflow=0 tx_ok=0 tx_start_fail=0 tx_timeout=0 last_type=0x00 last_seq=0
[21:09:47.765] [ARM-RX] soft reset joint 2 settle timeout, keep going
[21:09:47.765] [ARM-RX] Soft resetting joint 0...
[21:09:47.765] [ARM-RX] robot_update_current_angle 0...
[21:09:47.765] [ARM-RX] [0] current:90.00, target:90.00, dir:1
[21:09:48.014] [ARM-RX] [JETSON_UART] rx_bytes=0 frames_ok=0 crc_fail=0 overflow=0 tx_ok=0 tx_start_fail=0 tx_timeout=0 last_type=0x00 last_seq=0
[21:09:48.014] [ARM-RX] soft reset final verify PASS (issues:2), pose set HOME.
[21:09:49.014] [ARM-RX] [JETSON_UART] rx_bytes=0 frames_ok=0 crc_fail=0 overflow=0 tx_ok=0 tx_start_fail=0 tx_timeout=0 last_type=0x00 last_seq=0
[21:09:50.014] [ARM-RX] [JETSON_UART] rx_bytes=0 frames_ok=0 crc_fail=0 overflow=0 tx_ok=0 tx_start_fail=0 tx_timeout=0 last_type=0x00 last_seq=0
[21:09:51.015] [ARM-RX] [JETSON_UART] rx_bytes=0 frames_ok=0 crc_fail=0 overflow=0 tx_ok=0 tx_start_fail=0 tx_timeout=0 last_type=0x00 last_seq=0
[21:09:52.011] [ARM-RX] [JETSON_UART] rx_bytes=0 frames_ok=0 crc_fail=0 overflow=0 tx_ok=0 tx_start_fail=0 tx_timeout=0 last_type=0x00 last_seq=0
[21:09:53.012] [ARM-RX] [JETSON_UART] rx_bytes=0 frames_ok=0 crc_fail=0 overflow=0 tx_ok=0 tx_start_fail=0 tx_timeout=0 last_type=0x00 last_seq=0
[21:09:54.008] [ARM-RX] [JETSON_UART] rx_bytes=0 frames_ok=0 crc_fail=0 overflow=0 tx_ok=0 tx_start_fail=0 tx_timeout=0 last_type=0x00 last_seq=0
[21:09:55.007] [ARM-RX] [JETSON_UART] rx_bytes=0 frames_ok=0 crc_fail=0 overflow=0 tx_ok=0 tx_start_fail=0 tx_timeout=0 last_type=0x00 last_seq=0
[21:09:56.008] [ARM-RX] [JETSON_UART] rx_bytes=0 frames_ok=0 crc_fail=0 overflow=0 tx_ok=0 tx_start_fail=0 tx_timeout=0 last_type=0x00 last_seq=0
[21:09:57.007] [ARM-RX] [JETSON_UART] rx_bytes=0 frames_ok=0 crc_fail=0 overflow=0 tx_ok=0 tx_start_fail=0 tx_timeout=0 last_type=0x00 last_seq=0
[21:09:58.009] [ARM-RX] [JETSON_UART] rx_bytes=0 frames_ok=0 crc_fail=0 overflow=0 tx_ok=0 tx_start_fail=0 tx_timeout=0 last_type=0x00 last_seq=0
[21:09:59.005] [ARM-RX] [JETSON_UART] rx_bytes=0 frames_ok=0 crc_fail=0 overflow=0 tx_ok=0 tx_start_fail=0 tx_timeout=0 last_type=0x00 last_seq=0
[21:10:00.004] [ARM-RX] [JETSON_UART] rx_bytes=0 frames_ok=0 crc_fail=0 overflow=0 tx_ok=0 tx_start_fail=0 tx_timeout=0 last_type=0x00 last_seq=0
[21:10:01.003] [ARM-RX] [JETSON_UART] rx_bytes=0 frames_ok=0 crc_fail=0 overflow=0 tx_ok=0 tx_start_fail=0 tx_timeout=0 last_type=0x00 last_seq=0
[21:10:02.003] [ARM-RX] [JETSON_UART] rx_bytes=0 frames_ok=0 crc_fail=0 overflow=0 tx_ok=0 tx_start_fail=0 tx_timeout=0 last_type=0x00 last_seq=0
[21:10:03.000] [ARM-RX] [JETSON_UART] rx_bytes=0 frames_ok=0 crc_fail=0 overflow=0 tx_ok=0 tx_start_fail=0 tx_timeout=0 last_type=0x00 last_seq=0
[21:10:03.363] [ARM-TX] 发送命令 auto -34 -120 0: auto -34 -120 0
[21:10:03.401] [ARM-RX] Found handler for 'auto', executing...
[21:10:03.402] [ARM-RX] ROBOT_AUTO_EVENT
[21:10:03.402] [ARM-RX] AUTO slow profile scale=0.40 target=<-34.00 -120.00 0.00>
[21:10:03.402] [ARM-RX] [0] <0.00 0.00 0.00> result: 90.00 90.00 -90.00 0.00 90.00 0.00
[21:10:03.402] [ARM-RX] [1] <-0.00 -0.00 0.00> result: 90.00 90.00 -90.00 0.00 90.00 0.00
[21:10:03.424] [ARM-RX] [2] <-0.00 -0.00 0.00> result: 90.00 90.00 -90.00 0.00 90.00 0.00
[21:10:03.424] [ARM-RX] [3] <-0.00 -0.00 0.00> result: 90.00 90.00 -90.00 0.00 90.00 0.00
[21:10:03.424] [ARM-RX] [4] <-0.00 -0.00 0.00> result: 90.00 90.00 -90.00 0.00 90.00 0.00
[21:10:03.447] [ARM-RX] [5] <-0.00 -0.01 0.00> result: 90.00 90.00 -90.00 0.00 90.00 0.00
[21:10:03.447] [ARM-RX] [6] <-0.00 -0.01 0.00> result: 90.00 90.00 -90.00 0.00 90.00 0.00
[21:10:03.447] [ARM-RX] [7] <-0.01 -0.02 0.00> result: 89.99 90.01 -89.99 0.01 90.00 0.00
[21:10:03.447] [ARM-RX] [8] <-0.01 -0.03 0.00> result: 89.99 90.01 -89.99 0.01 90.00 0.00
[21:10:03.468] [ARM-RX] [9] <-0.01 -0.04 0.00> result: 89.99 90.01 -89.99 0.01 90.00 0.00
[21:10:03.469] [ARM-RX] [10] <-0.01 -0.05 0.00> result: 89.98 90.01 -89.99 0.02 90.00 0.00
[21:10:03.470] [ARM-RX] [11] <-0.02 -0.07 0.00> result: 89.98 90.02 -89.98 0.02 90.00 0.00
[21:10:03.470] [ARM-RX] [12] <-0.02 -0.09 0.00> result: 89.97 90.02 -89.98 0.03 90.00 0.00
[21:10:03.492] [ARM-RX] [13] <-0.03 -0.11 0.00> result: 89.96 90.03 -89.97 0.04 90.00 0.00
[21:10:03.492] [ARM-RX] [14] <-0.04 -0.13 0.00> result: 89.95 90.04 -89.96 0.05 90.00 0.00
[21:10:03.492] [ARM-RX] [15] <-0.05 -0.16 0.00> result: 89.94 90.05 -89.95 0.06 90.00 0.00
[21:10:03.493] [ARM-RX] [16] <-0.06 -0.20 0.00> result: 89.93 90.06 -89.94 0.07 90.00 0.00
[21:10:03.515] [ARM-RX] [17] <-0.07 -0.24 0.00> result: 89.92 90.07 -89.93 0.08 90.00 0.00
[21:10:03.516] [ARM-RX] [18] <-0.08 -0.28 0.00> result: 89.91 90.08 -89.92 0.09 90.00 0.00
[21:10:03.516] [ARM-RX] [19] <-0.09 -0.33 0.00> result: 89.89 90.09 -89.91 0.11 90.00 0.00
[21:10:03.516] [ARM-RX] [20] <-0.11 -0.38 0.00> result: 89.87 90.11 -89.89 0.13 90.00 0.00
[21:10:03.538] [ARM-RX] [21] <-0.12 -0.43 0.00> result: 89.85 90.12 -89.88 0.15 90.00 0.00
[21:10:03.538] [ARM-RX] [22] <-0.14 -0.50 0.00> result: 89.83 90.14 -89.86 0.17 90.00 0.00
[21:10:03.538] [ARM-RX] [23] <-0.16 -0.57 0.00> result: 89.81 90.16 -89.84 0.19 90.00 0.00
[21:10:03.573] [ARM-RX] [24] <-0.18 -0.64 0.00> result: 89.78 90.18 -89.82 0.22 90.00 0.00
[21:10:03.574] [ARM-RX] [25] <-0.20 -0.72 0.00> result: 89.76 90.20 -89.79 0.24 90.00 0.00
[21:10:03.574] [ARM-RX] [26] <-0.23 -0.81 0.00> result: 89.73 90.23 -89.77 0.27 90.00 0.00
[21:10:03.574] [ARM-RX] [27] <-0.25 -0.90 0.00> result: 89.70 90.26 -89.74 0.30 90.00 0.00
[21:10:03.596] [ARM-RX] [28] <-0.28 -1.00 0.00> result: 89.67 90.28 -89.71 0.33 90.00 0.00
[21:10:03.596] [ARM-RX] [29] <-0.31 -1.11 0.00> result: 89.63 90.31 -89.68 0.37 90.00 0.00
[21:10:03.596] [ARM-RX] [30] <-0.35 -1.22 0.00> result: 89.59 90.35 -89.65 0.41 90.00 0.00
[21:10:03.597] [ARM-RX] [31] <-0.38 -1.34 0.00> result: 89.56 90.38 -89.62 0.44 89.99 0.00
[21:10:03.619] [ARM-RX] [32] <-0.42 -1.47 0.00> result: 89.51 90.42 -89.58 0.49 89.99 0.00
[21:10:03.619] [ARM-RX] [33] <-0.45 -1.60 0.00> result: 89.47 90.45 -89.54 0.53 89.99 0.00
[21:10:03.620] [ARM-RX] [34] <-0.49 -1.75 0.00> result: 89.43 90.49 -89.50 0.57 89.99 0.00
[21:10:03.620] [ARM-RX] [35] <-0.54 -1.90 0.00> result: 89.38 90.53 -89.45 0.62 89.99 0.00
[21:10:03.642] [ARM-RX] [36] <-0.58 -2.06 0.00> result: 89.33 90.58 -89.41 0.67 89.99 0.00
[21:10:03.642] [ARM-RX] [37] <-0.63 -2.22 0.00> result: 89.28 90.63 -89.36 0.72 89.99 0.00
[21:10:03.642] [ARM-RX] [38] <-0.68 -2.40 0.00> result: 89.22 90.67 -89.31 0.78 89.98 0.00
[21:10:03.666] [ARM-RX] [39] <-0.73 -2.58 0.00> result: 89.16 90.72 -89.26 0.84 89.98 0.00
[21:10:03.666] [ARM-RX] [40] <-0.79 -2.78 0.00> result: 89.11 90.78 -89.20 0.89 89.98 0.00
[21:10:03.666] [ARM-RX] [41] <-0.84 -2.98 0.00> result: 89.04 90.83 -89.14 0.96 89.97 0.00
[21:10:03.667] [ARM-RX] [42] <-0.90 -3.19 0.00> result: 88.98 90.89 -89.08 1.02 89.97 0.00
[21:10:03.687] [ARM-RX] [43] <-0.97 -3.41 0.00> result: 88.92 90.95 -89.02 1.08 89.97 0.00
[21:10:03.688] [ARM-RX] [44] <-1.03 -3.64 0.00> result: 88.85 91.01 -88.95 1.15 89.96 0.00
[21:10:03.688] [ARM-RX] [45] <-1.10 -3.87 0.00> result: 88.78 91.07 -88.88 1.22 89.96 0.00
[21:10:03.688] [ARM-RX] [46] <-1.17 -4.12 0.00> result: 88.71 91.14 -88.81 1.29 89.95 0.00
[21:10:03.711] [ARM-RX] [47] <-1.24 -4.37 0.00> result: 88.63 91.21 -88.74 1.37 89.95 0.00
[21:10:03.713] [ARM-RX] [48] <-1.31 -4.64 0.00> result: 88.56 91.28 -88.66 1.44 89.94 0.00
[21:10:03.713] [ARM-RX] [49] <-1.39 -4.91 0.00> result: 88.48 91.35 -88.58 1.52 89.93 0.00
[21:10:03.713] [ARM-RX] [50] <-1.47 -5.20 0.00> result: 88.40 91.43 -88.50 1.60 89.93 0.00
[21:10:03.734] [ARM-RX] [51] <-1.56 -5.49 0.00> result: 88.32 91.50 -88.41 1.68 89.92 0.00
[21:10:03.734] [ARM-RX] [52] <-1.64 -5.79 0.00> result: 88.24 91.58 -88.33 1.76 89.91 0.00
[21:10:03.734] [ARM-RX] [53] <-1.73 -6.11 0.00> result: 88.16 91.66 -88.23 1.84 89.90 0.00
[21:10:03.769] [ARM-RX] [54] <-1.82 -6.43 0.00> result: 88.07 91.75 -88.14 1.93 89.89 0.00
[21:10:03.769] [ARM-RX] [55] <-1.92 -6.76 0.00> result: 87.98 91.83 -88.04 2.02 89.88 0.00
[21:10:03.770] [ARM-RX] [56] <-2.01 -7.10 0.00> result: 87.89 91.92 -87.94 2.11 89.87 0.00
[21:10:03.770] [ARM-RX] [57] <-2.11 -7.45 0.00> result: 87.81 92.01 -87.84 2.19 89.85 0.00
[21:10:03.792] [ARM-RX] [58] <-2.21 -7.81 0.00> result: 87.71 92.10 -87.74 2.29 89.84 0.00
[21:10:03.792] [ARM-RX] [59] <-2.32 -8.18 0.00> result: 87.62 92.20 -87.63 2.38 89.82 0.00
[21:10:03.793] [ARM-RX] [60] <-2.43 -8.56 0.00> result: 87.53 92.29 -87.52 2.47 89.81 0.00
[21:10:03.793] [ARM-RX] [61] <-2.54 -8.95 0.00> result: 87.43 92.39 -87.40 2.57 89.79 0.00
[21:10:03.816] [ARM-RX] [62] <-2.65 -9.35 0.00> result: 87.34 92.49 -87.29 2.66 89.77 0.00
[21:10:03.816] [ARM-RX] [63] <-2.76 -9.76 0.00> result: 87.24 92.59 -87.17 2.76 89.76 0.00
[21:10:03.816] [ARM-RX] [64] <-2.88 -10.17 0.00> result: 87.15 92.69 -87.04 2.85 89.74 0.00
[21:10:03.816] [ARM-RX] [65] <-3.00 -10.60 0.00> result: 87.05 92.80 -86.92 2.95 89.72 0.00
[21:10:03.839] [ARM-RX] [66] <-3.13 -11.04 0.00> result: 86.95 92.90 -86.79 3.05 89.69 0.00
[21:10:03.839] [ARM-RX] [67] <-3.25 -11.48 0.00> result: 86.85 93.01 -86.66 3.15 89.67 0.00
[21:10:03.839] [ARM-RX] [68] <-3.38 -11.94 0.00> result: 86.75 93.12 -86.52 3.25 89.65 0.00
[21:10:03.863] [ARM-RX] [69] <-3.51 -12.40 0.00> result: 86.65 93.23 -86.39 3.35 89.62 0.00
[21:10:03.864] [ARM-RX] [70] <-3.65 -12.87 0.00> result: 86.55 93.35 -86.25 3.45 89.60 0.00
[21:10:03.864] [ARM-RX] [71] <-3.78 -13.36 0.00> result: 86.45 93.46 -86.10 3.55 89.57 0.00
[21:10:03.864] [ARM-RX] [72] <-3.92 -13.85 0.00> result: 86.35 93.58 -85.96 3.65 89.54 0.00
[21:10:03.884] [ARM-RX] [73] <-4.06 -14.35 0.00> result: 86.25 93.70 -85.81 3.75 89.51 0.00
[21:10:03.884] [ARM-RX] [74] <-4.21 -14.85 0.00> result: 86.15 93.82 -85.66 3.85 89.48 0.00
[21:10:03.884] [ARM-RX] [75] <-4.35 -15.37 0.00> result: 86.05 93.94 -85.51 3.95 89.44 0.00
[21:10:03.884] [ARM-RX] [76] <-4.50 -15.89 0.00> result: 85.95 94.06 -85.35 4.06 89.41 0.00
[21:10:03.908] [ARM-RX] [77] <-4.65 -16.43 0.00> result: 85.84 94.18 -85.19 4.16 89.37 0.00
[21:10:03.909] [ARM-RX] [78] <-4.81 -16.97 0.00> result: 85.74 94.30 -85.03 4.26 89.34 0.00
[21:10:03.909] [ARM-RX] [79] <-4.96 -17.52 0.00> result: 85.64 94.43 -84.87 4.36 89.30 0.00
[21:10:03.909] [ARM-RX] [80] <-5.12 -18.07 0.00> result: 85.54 94.56 -84.70 4.46 89.26 0.00
[21:10:03.942] [ARM-RX] [81] <-5.28 -18.64 0.00> result: 85.44 94.68 -84.53 4.56 89.22 0.00
[21:10:03.942] [ARM-RX] [82] <-5.44 -19.21 0.00> result: 85.35 94.81 -84.36 4.66 89.18 0.00
[21:10:03.942] [ARM-RX] [83] <-5.61 -19.79 0.00> result: 85.25 94.94 -84.19 4.75 89.13 0.00
[21:10:03.965] [ARM-RX] [84] <-5.77 -20.37 0.00> result: 85.15 95.07 -84.01 4.85 89.09 0.00
[21:10:03.965] [ARM-RX] [85] <-5.94 -20.96 0.00> result: 85.05 95.20 -83.84 4.95 89.04 0.00
[21:10:03.965] [ARM-RX] [86] <-6.11 -21.56 0.00> result: 84.95 95.33 -83.66 5.05 89.00 0.00
[21:10:03.966] [ARM-RX] [87] <-6.28 -22.17 0.00> result: 84.86 95.47 -83.48 5.14 88.95 0.00
[21:10:03.988] [ARM-RX] [88] <-6.45 -22.78 0.00> result: 84.76 95.60 -83.29 5.24 88.90 0.00
[21:10:03.988] [ARM-RX] [89] <-6.63 -23.40 0.00> result: 84.67 95.74 -83.11 5.33 88.85 0.00
[21:10:03.989] [ARM-RX] [90] <-6.81 -24.02 0.00> result: 84.57 95.87 -82.92 5.43 88.79 0.00
[21:10:03.989] [ARM-RX] [91] <-6.98 -24.65 0.00> result: 84.48 96.01 -82.73 5.52 88.74 0.00
[21:10:04.011] [ARM-RX] [92] <-7.16 -25.29 0.00> result: 84.39 96.14 -82.54 5.61 88.68 0.00
[21:10:04.012] [ARM-RX] [93] <-7.35 -25.93 0.00> result: 84.30 96.28 -82.34 5.70 88.63 0.00
[21:10:04.012] [ARM-RX] [94] <-7.53 -26.57 0.00> result: 84.21 96.41 -82.15 5.80 88.57 0.00
[21:10:04.035] [ARM-RX] [95] <-7.71 -27.22 0.00> result: 84.12 96.55 -81.95 5.89 88.51 0.00
[21:10:04.035] [ARM-RX] [96] <-7.90 -27.88 0.00> result: 84.03 96.69 -81.75 5.97 88.45 0.00
[21:10:04.035] [ARM-RX] [97] <-8.09 -28.54 0.00> result: 83.94 96.83 -81.56 6.06 88.39 0.00
[21:10:04.035] [ARM-RX] [98] <-8.27 -29.20 0.00> result: 83.85 96.97 -81.35 6.15 88.33 0.00
[21:10:04.058] [ARM-RX] [99] <-8.46 -29.86 0.00> result: 83.77 97.10 -81.15 6.23 88.27 0.00
[21:10:04.058] [ARM-RX] [100] <-8.65 -30.53 0.00> result: 83.68 97.24 -80.95 6.32 88.20 0.00
[21:10:04.059] [ARM-RX] [101] <-8.84 -31.21 0.00> result: 83.60 97.38 -80.74 6.40 88.14 0.00
[21:10:04.059] [ARM-RX] [102] <-9.03 -31.88 0.00> result: 83.52 97.52 -80.54 6.49 88.07 0.00
[21:10:04.081] [ARM-RX] [103] <-9.23 -32.56 0.00> result: 83.44 97.66 -80.33 6.57 88.00 0.00
[21:10:04.081] [ARM-RX] [104] <-9.42 -33.25 0.00> result: 83.36 97.80 -80.12 6.65 87.94 0.00
[21:10:04.081] [ARM-RX] [105] <-9.61 -33.93 0.00> result: 83.28 97.94 -79.92 6.73 87.87 0.00
[21:10:04.103] [ARM-RX] [106] <-9.81 -34.62 0.00> result: 83.20 98.07 -79.71 6.81 87.80 0.00
[21:10:04.104] [ARM-RX] [107] <-10.00 -35.30 0.00> result: 83.12 98.21 -79.50 6.88 87.73 0.00
[21:10:04.104] [ARM-RX] [108] <-10.20 -35.99 0.00> result: 83.05 98.35 -79.29 6.96 87.65 0.00
[21:10:04.104] [ARM-RX] [109] <-10.39 -36.68 0.00> result: 82.97 98.49 -79.08 7.03 87.58 0.00
[21:10:04.138] [ARM-RX] [110] <-10.59 -37.37 0.00> result: 82.90 98.63 -78.86 7.11 87.51 0.00
[21:10:04.138] [ARM-RX] [111] <-10.79 -38.07 0.00> result: 82.83 98.76 -78.65 7.18 87.44 0.00
[21:10:04.138] [ARM-RX] [112] <-10.98 -38.76 0.00> result: 82.76 98.90 -78.44 7.25 87.36 0.00
[21:10:04.139] [ARM-RX] [113] <-11.18 -39.45 0.00> result: 82.69 99.04 -78.23 7.32 87.29 0.00
[21:10:04.163] [ARM-RX] [114] <-11.37 -40.14 0.00> result: 82.62 99.17 -78.01 7.39 87.21 0.00
[21:10:04.164] [ARM-RX] [115] <-11.57 -40.84 0.00> result: 82.55 99.31 -77.80 7.46 87.14 0.00
[21:10:04.164] [ARM-RX] [116] <-11.77 -41.53 0.00> result: 82.48 99.45 -77.59 7.53 87.06 0.00
[21:10:04.185] [ARM-RX] [117] <-11.96 -42.22 0.00> result: 82.42 99.58 -77.38 7.59 86.98 0.00
[21:10:04.191] [ARM-RX] [118] <-12.16 -42.92 0.00> result: 82.35 99.72 -77.16 7.66 86.91 0.00
[21:10:04.192] [ARM-RX] [119] <-12.36 -43.61 0.00> result: 82.29 99.85 -76.95 7.72 86.83 0.00
[21:10:04.192] [ARM-RX] [120] <-12.55 -44.30 0.00> result: 82.23 99.98 -76.74 7.79 86.75 0.00
[21:10:04.208] [ARM-RX] [121] <-12.75 -44.99 0.00> result: 82.16 100.12 -76.52 7.85 86.67 0.00
[21:10:04.209] [ARM-RX] [122] <-12.94 -45.69 0.00> result: 82.10 100.25 -76.31 7.91 86.59 0.00
[21:10:04.209] [ARM-RX] [123] <-13.14 -46.38 0.00> result: 82.04 100.38 -76.09 7.97 86.51 0.00
[21:10:04.232] [ARM-RX] [124] <-13.34 -47.07 0.00> result: 81.98 100.52 -75.88 8.03 86.43 0.00
[21:10:04.232] [ARM-RX] [125] <-13.53 -47.76 0.00> result: 81.93 100.65 -75.67 8.09 86.35 0.00
[21:10:04.232] [ARM-RX] [126] <-13.73 -48.46 0.00> result: 81.87 100.78 -75.45 8.15 86.27 0.00
[21:10:04.232] [ARM-RX] [127] <-13.93 -49.15 0.00> result: 81.81 100.91 -75.24 8.21 86.19 0.00
[21:10:04.254] [ARM-RX] [128] <-14.12 -49.84 0.00> result: 81.76 101.04 -75.02 8.26 86.11 0.00
[21:10:04.254] [ARM-RX] [129] <-14.32 -50.54 0.00> result: 81.70 101.17 -74.81 8.32 86.02 0.00
[21:10:04.254] [ARM-RX] [130] <-14.51 -51.23 0.00> result: 81.65 101.31 -74.59 8.37 85.94 0.00
[21:10:04.255] [ARM-RX] [131] <-14.71 -51.92 0.00> result: 81.59 101.44 -74.38 8.43 85.86 0.00
[21:10:04.286] [ARM-RX] [132] <-14.91 -52.61 0.00> result: 81.54 101.57 -74.16 8.48 85.77 0.00
[21:10:04.288] [ARM-RX] [133] <-15.10 -53.31 0.00> result: 81.49 101.70 -73.94 8.53 85.69 0.00
[21:10:04.288] [ARM-RX] [134] <-15.30 -54.00 0.00> result: 81.44 101.83 -73.73 8.59 85.61 0.00
[21:10:04.311] [ARM-RX] [135] <-15.50 -54.69 0.00> result: 81.39 101.96 -73.51 8.64 85.52 0.00
[21:10:04.311] [ARM-RX] [136] <-15.69 -55.38 0.00> result: 81.34 102.09 -73.30 8.69 85.44 0.00
[21:10:04.311] [ARM-RX] [137] <-15.89 -56.08 0.00> result: 81.29 102.22 -73.08 8.74 85.35 0.00
[21:10:04.312] [ARM-RX] [138] <-16.08 -56.77 0.00> result: 81.24 102.34 -72.86 8.79 85.26 0.00
[21:10:04.335] [ARM-RX] [139] <-16.28 -57.46 0.00> result: 81.19 102.47 -72.65 8.84 85.18 0.00
[21:10:04.336] [ARM-RX] [140] <-16.48 -58.16 0.00> result: 81.15 102.60 -72.43 8.89 85.09 0.00
[21:10:04.336] [ARM-RX] [141] <-16.67 -58.85 0.00> result: 81.10 102.73 -72.21 8.93 85.00 0.00
[21:10:04.358] [ARM-RX] [142] <-16.87 -59.54 0.00> result: 81.05 102.86 -72.00 8.98 84.92 0.00
[21:10:04.359] [ARM-RX] [143] <-17.07 -60.23 0.00> result: 81.01 102.99 -71.78 9.03 84.83 0.00
[21:10:04.361] [ARM-RX] [144] <-17.26 -60.93 0.00> result: 80.96 103.11 -71.56 9.07 84.74 0.00
[21:10:04.361] [ARM-RX] [145] <-17.46 -61.62 0.00> result: 80.92 103.24 -71.34 9.12 84.65 0.00
[21:10:04.381] [ARM-RX] [146] <-17.66 -62.31 0.00> result: 80.88 103.37 -71.13 9.16 84.57 0.00
[21:10:04.382] [ARM-RX] [147] <-17.85 -63.00 0.00> result: 80.83 103.50 -70.91 9.21 84.48 0.00
[21:10:04.382] [ARM-RX] [148] <-18.05 -63.70 0.00> result: 80.79 103.62 -70.69 9.25 84.39 0.00
[21:10:04.403] [ARM-RX] [149] <-18.24 -64.39 0.00> result: 80.75 103.75 -70.47 9.30 84.30 0.00
[21:10:04.403] [ARM-RX] [150] <-18.44 -65.08 0.00> result: 80.71 103.88 -70.25 9.34 84.21 0.00
[21:10:04.403] [ARM-RX] [151] <-18.64 -65.78 0.00> result: 80.67 104.00 -70.04 9.38 84.12 0.00
[21:10:04.405] [ARM-RX] [152] <-18.83 -66.47 0.00> result: 80.63 104.13 -69.82 9.42 84.03 0.00
[21:10:04.427] [ARM-RX] [153] <-19.03 -67.16 0.00> result: 80.59 104.26 -69.60 9.47 83.94 0.00
[21:10:04.427] [ARM-RX] [154] <-19.23 -67.85 0.00> result: 80.55 104.38 -69.38 9.51 83.85 0.00
[21:10:04.427] [ARM-RX] [155] <-19.42 -68.55 0.00> result: 80.51 104.51 -69.16 9.55 83.76 0.00
[21:10:04.450] [ARM-RX] [156] <-19.62 -69.24 0.00> result: 80.47 104.63 -68.94 9.59 83.66 0.00
[21:10:04.451] [ARM-RX] [157] <-19.81 -69.93 0.00> result: 80.43 104.76 -68.72 9.63 83.57 0.00
[21:10:04.451] [ARM-RX] [158] <-20.01 -70.62 0.00> result: 80.40 104.89 -68.50 9.67 83.48 0.00
[21:10:04.451] [ARM-RX] [159] <-20.21 -71.32 0.00> result: 80.36 105.01 -68.28 9.71 83.39 0.00
[21:10:04.473] [ARM-RX] [160] <-20.40 -72.01 0.00> result: 80.32 105.14 -68.06 9.75 83.30 0.00
[21:10:04.473] [ARM-RX] [161] <-20.60 -72.70 0.00> result: 80.29 105.26 -67.84 9.78 83.20 0.00
[21:10:04.474] [ARM-RX] [162] <-20.80 -73.40 0.00> result: 80.25 105.39 -67.62 9.82 83.11 0.00
[21:10:04.474] [ARM-RX] [163] <-20.99 -74.09 0.00> result: 80.21 105.51 -67.40 9.86 83.02 0.00
[21:10:04.508] [ARM-RX] [164] <-21.19 -74.78 0.00> result: 80.18 105.64 -67.18 9.90 82.92 0.00
[21:10:04.508] [ARM-RX] [165] <-21.38 -75.47 0.00> result: 80.15 105.76 -66.96 9.93 82.83 0.00
[21:10:04.508] [ARM-RX] [166] <-21.58 -76.17 0.00> result: 80.11 105.89 -66.74 9.97 82.74 0.00
[21:10:04.531] [ARM-RX] [167] <-21.78 -76.86 0.00> result: 80.08 106.01 -66.52 10.01 82.64 0.00
[21:10:04.531] [ARM-RX] [168] <-21.97 -77.55 0.00> result: 80.04 106.14 -66.30 10.04 82.55 0.00
[21:10:04.531] [ARM-RX] [169] <-22.17 -78.24 0.00> result: 80.01 106.26 -66.08 10.08 82.45 0.00
[21:10:04.531] [ARM-RX] [170] <-22.37 -78.94 0.00> result: 79.98 106.39 -65.85 10.11 82.36 0.00
[21:10:04.554] [ARM-RX] [171] <-22.56 -79.63 0.00> result: 79.95 106.51 -65.63 10.15 82.26 0.00
[21:10:04.555] [ARM-RX] [172] <-22.76 -80.32 0.00> result: 79.91 106.63 -65.41 10.18 82.17 0.00
[21:10:04.555] [ARM-RX] [173] <-22.95 -81.02 0.00> result: 79.88 106.76 -65.19 10.22 82.07 0.00
[21:10:04.577] [ARM-RX] [174] <-23.15 -81.71 0.00> result: 79.85 106.88 -64.97 10.25 81.98 0.00
[21:10:04.577] [ARM-RX] [175] <-23.35 -82.40 0.00> result: 79.82 107.01 -64.74 10.28 81.88 0.00
[21:10:04.578] [ARM-RX] [176] <-23.54 -83.09 0.00> result: 79.79 107.13 -64.52 10.32 81.78 0.00
[21:10:04.578] [ARM-RX] [177] <-23.74 -83.78 0.00> result: 79.76 107.25 -64.30 10.35 81.69 0.00
[21:10:04.600] [ARM-RX] [178] <-23.93 -84.47 0.00> result: 79.73 107.38 -64.08 10.38 81.59 0.00
[21:10:04.601] [ARM-RX] [179] <-24.13 -85.16 0.00> result: 79.70 107.50 -63.85 10.41 81.49 0.00
[21:10:04.601] [ARM-RX] [180] <-24.32 -85.85 0.00> result: 79.67 107.62 -63.63 10.45 81.40 0.00
[21:10:04.623] [ARM-RX] [181] <-24.52 -86.53 0.00> result: 79.64 107.75 -63.41 10.48 81.30 0.00
[21:10:04.623] [ARM-RX] [182] <-24.71 -87.22 0.00> result: 79.62 107.87 -63.19 10.51 81.21 0.00
[21:10:04.624] [ARM-RX] [183] <-24.90 -87.90 0.00> result: 79.59 107.99 -62.97 10.54 81.11 0.00
[21:10:04.624] [ARM-RX] [184] <-25.10 -88.57 0.00> result: 79.56 108.11 -62.75 10.57 81.01 0.00
[21:10:04.646] [ARM-RX] [185] <-25.29 -89.25 0.00> result: 79.53 108.23 -62.53 10.60 80.92 0.00
[21:10:04.647] [ARM-RX] [186] <-25.48 -89.92 0.00> result: 79.51 108.35 -62.32 10.63 80.82 0.00
[21:10:04.647] [ARM-RX] [187] <-25.67 -90.59 0.00> result: 79.48 108.47 -62.10 10.66 80.73 0.00
[21:10:04.681] [ARM-RX] [188] <-25.85 -91.25 0.00> result: 79.45 108.59 -61.88 10.69 80.63 0.00
[21:10:04.681] [ARM-RX] [189] <-26.04 -91.91 0.00> result: 79.43 108.70 -61.67 10.72 80.54 0.00
[21:10:04.681] [ARM-RX] [190] <-26.23 -92.57 0.00> result: 79.40 108.82 -61.46 10.75 80.44 0.00
[21:10:04.682] [ARM-RX] [191] <-26.41 -93.22 0.00> result: 79.38 108.94 -61.24 10.77 80.35 0.00
[21:10:04.704] [ARM-RX] [192] <-26.59 -93.86 0.00> result: 79.36 109.05 -61.03 10.80 80.26 0.00
[21:10:04.705] [ARM-RX] [193] <-26.78 -94.51 0.00> result: 79.33 109.17 -60.82 10.83 80.17 0.00
[21:10:04.705] [ARM-RX] [194] <-26.96 -95.14 0.00> result: 79.31 109.28 -60.62 10.86 80.07 0.00
[21:10:04.727] [ARM-RX] [195] <-27.14 -95.77 0.00> result: 79.28 109.39 -60.41 10.88 79.98 0.00
[21:10:04.727] [ARM-RX] [196] <-27.31 -96.40 0.00> result: 79.26 109.50 -60.21 10.91 79.89 0.00
[21:10:04.728] [ARM-RX] [197] <-27.49 -97.02 0.00> result: 79.24 109.61 -60.00 10.93 79.80 0.00
[21:10:04.728] [ARM-RX] [198] <-27.66 -97.63 0.00> result: 79.22 109.72 -59.80 10.96 79.71 0.00
[21:10:04.750] [ARM-RX] [199] <-27.83 -98.24 0.00> result: 79.20 109.83 -59.60 10.99 79.62 0.00
[21:10:04.752] [ARM-RX] [200] <-28.01 -98.84 0.00> result: 79.18 109.94 -59.41 11.01 79.54 0.00
[21:10:04.752] [ARM-RX] [201] <-28.17 -99.44 0.00> result: 79.16 110.04 -59.21 11.03 79.45 0.00
[21:10:04.774] [ARM-RX] [202] <-28.34 -100.02 0.00> result: 79.13 110.15 -59.02 11.06 79.36 0.00
[21:10:04.775] [ARM-RX] [203] <-28.50 -100.61 0.00> result: 79.12 110.25 -58.83 11.08 79.28 0.00
[21:10:04.775] [ARM-RX] [204] <-28.67 -101.18 0.00> result: 79.10 110.35 -58.64 11.10 79.19 0.00
[21:10:04.775] [ARM-RX] [205] <-28.83 -101.75 0.00> result: 79.08 110.46 -58.45 11.13 79.11 0.00
[21:10:04.796] [ARM-RX] [206] <-28.99 -102.30 0.00> result: 79.06 110.55 -58.27 11.15 79.03 0.00
[21:10:04.797] [ARM-RX] [207] <-29.14 -102.86 0.00> result: 79.04 110.65 -58.09 11.17 78.95 0.00
[21:10:04.797] [ARM-RX] [208] <-29.30 -103.40 0.00> result: 79.02 110.75 -57.91 11.19 78.87 0.00
[21:10:04.819] [ARM-RX] [209] <-29.45 -103.93 0.00> result: 79.00 110.84 -57.73 11.21 78.79 0.00
[21:10:04.820] [ARM-RX] [210] <-29.60 -104.46 0.00> result: 78.99 110.94 -57.56 11.23 78.71 0.00
[21:10:04.820] [ARM-RX] [211] <-29.74 -104.98 0.00> result: 78.97 111.03 -57.39 11.25 78.63 0.00
[21:10:04.820] [ARM-RX] [212] <-29.89 -105.49 0.00> result: 78.95 111.12 -57.22 11.27 78.56 0.00
[21:10:04.841] [ARM-RX] [213] <-30.03 -105.99 0.00> result: 78.94 111.21 -57.05 11.29 78.48 0.00
[21:10:04.843] [ARM-RX] [214] <-30.17 -106.49 0.00> result: 78.92 111.30 -56.89 11.31 78.41 0.00
[21:10:04.843] [ARM-RX] [215] <-30.31 -106.97 0.00> result: 78.91 111.38 -56.73 11.33 78.34 0.00
[21:10:04.877] [ARM-RX] [216] <-30.44 -107.45 0.00> result: 78.89 111.47 -56.57 11.35 78.27 0.00
[21:10:04.877] [ARM-RX] [217] <-30.58 -107.91 0.00> result: 78.88 111.55 -56.41 11.36 78.20 0.00
[21:10:04.878] [ARM-RX] [218] <-30.71 -108.37 0.00> result: 78.87 111.63 -56.26 11.38 78.13 0.00
[21:10:04.900] [ARM-RX] [219] <-30.83 -108.82 0.00> result: 78.85 111.71 -56.11 11.40 78.06 0.00
[21:10:04.901] [ARM-RX] [220] <-30.96 -109.26 0.00> result: 78.84 111.79 -55.97 11.41 77.99 0.00
[21:10:04.901] [ARM-RX] [221] <-31.08 -109.69 0.00> result: 78.83 111.87 -55.82 11.43 77.93 0.00
[21:10:04.901] [ARM-RX] [222] <-31.20 -110.11 0.00> result: 78.81 111.94 -55.68 11.45 77.87 0.00
[21:10:04.923] [ARM-RX] [223] <-31.31 -110.52 0.00> result: 78.80 112.02 -55.55 11.46 77.80 0.00
[21:10:04.923] [ARM-RX] [224] <-31.43 -110.92 0.00> result: 78.79 112.09 -55.41 11.48 77.74 0.00
[21:10:04.923] [ARM-RX] [225] <-31.54 -111.31 0.00> result: 78.78 112.16 -55.28 11.49 77.69 0.00
[21:10:04.946] [ARM-RX] [226] <-31.65 -111.70 0.00> result: 78.77 112.23 -55.15 11.51 77.63 0.00
[21:10:04.946] [ARM-RX] [227] <-31.75 -112.07 0.00> result: 78.75 112.29 -55.03 11.52 77.57 0.00
[21:10:04.946] [ARM-RX] [228] <-31.86 -112.43 0.00> result: 78.74 112.36 -54.91 11.53 77.52 0.00
[21:10:04.947] [ARM-RX] [229] <-31.96 -112.79 0.00> result: 78.73 112.42 -54.79 11.55 77.46 0.00
[21:10:04.969] [ARM-RX] [230] <-32.05 -113.13 0.00> result: 78.72 112.48 -54.68 11.56 77.41 0.00
[21:10:04.969] [ARM-RX] [231] <-32.15 -113.47 0.00> result: 78.71 112.54 -54.56 11.57 77.36 0.00
[21:10:04.969] [ARM-RX] [232] <-32.24 -113.79 0.00> result: 78.70 112.60 -54.46 11.58 77.31 0.00
[21:10:04.992] [ARM-RX] [233] <-32.33 -114.11 0.00> result: 78.70 112.66 -54.35 11.59 77.26 0.00
[21:10:04.993] [ARM-RX] [234] <-32.42 -114.41 0.00> result: 78.69 112.71 -54.25 11.60 77.22 0.00
[21:10:04.993] [ARM-RX] [235] <-32.50 -114.71 0.00> result: 78.68 112.76 -54.15 11.61 77.17 0.00
[21:10:04.993] [ARM-RX] [236] <-32.58 -115.00 0.00> result: 78.67 112.82 -54.05 11.63 77.13 0.00
[21:10:05.015] [ARM-RX] [237] <-32.66 -115.27 0.00> result: 78.66 112.86 -53.96 11.64 77.08 0.00
[21:10:05.016] [ARM-RX] [238] <-32.74 -115.54 0.00> result: 78.66 112.91 -53.87 11.64 77.04 0.00
[21:10:05.016] [ARM-RX] [239] <-32.81 -115.80 0.00> result: 78.65 112.96 -53.78 11.65 77.00 0.00
[21:10:05.050] [ARM-RX] [240] <-32.88 -116.05 0.00> result: 78.64 113.00 -53.70 11.66 76.97 0.00
[21:10:05.051] [ARM-RX] [241] <-32.95 -116.29 0.00> result: 78.63 113.05 -53.62 11.67 76.93 0.00
[21:10:05.051] [ARM-RX] [242] <-33.01 -116.52 0.00> result: 78.63 113.09 -53.54 11.68 76.89 0.00
[21:10:05.051] [ARM-RX] [243] <-33.08 -116.74 0.00> result: 78.62 113.13 -53.47 11.69 76.86 0.00
[21:10:05.076] [ARM-RX] [244] <-33.14 -116.95 0.00> result: 78.62 113.16 -53.39 11.70 76.83 0.00
[21:10:05.077] [ARM-RX] [245] <-33.19 -117.16 0.00> result: 78.61 113.20 -53.33 11.70 76.80 0.00
[21:10:05.077] [ARM-RX] [246] <-33.25 -117.35 0.00> result: 78.61 113.24 -53.26 11.71 76.77 0.00
[21:10:05.096] [ARM-RX] [247] <-33.30 -117.54 0.00> result: 78.60 113.27 -53.20 11.72 76.74 0.00
[21:10:05.096] [ARM-RX] [248] <-33.35 -117.72 0.00> result: 78.60 113.30 -53.14 11.72 76.71 0.00
[21:10:05.096] [ARM-RX] [249] <-33.40 -117.89 0.00> result: 78.59 113.33 -53.08 11.73 76.69 0.00
[21:10:05.097] [ARM-RX] [250] <-33.45 -118.05 0.00> result: 78.59 113.36 -53.02 11.73 76.66 0.00
[21:10:05.119] [ARM-RX] [251] <-33.49 -118.21 0.00> result: 78.58 113.39 -52.97 11.74 76.64 0.00
[21:10:05.119] [ARM-RX] [252] <-33.53 -118.35 0.00> result: 78.58 113.41 -52.92 11.75 76.61 0.00
[21:10:05.119] [ARM-RX] [253] <-33.57 -118.49 0.00> result: 78.57 113.44 -52.88 11.75 76.59 0.00
[21:10:05.142] [ARM-RX] [254] <-33.61 -118.62 0.00> result: 78.57 113.46 -52.83 11.75 76.57 0.00
[21:10:05.142] [ARM-RX] [255] <-33.64 -118.74 0.00> result: 78.57 113.48 -52.79 11.76 76.55 0.00
[21:10:05.142] [ARM-RX] [256] <-33.68 -118.86 0.00> result: 78.56 113.51 -52.75 11.76 76.54 0.00
[21:10:05.167] [ARM-RX] [257] <-33.71 -118.97 0.00> result: 78.56 113.52 -52.72 11.77 76.52 0.00
[21:10:05.168] [ARM-RX] [258] <-33.74 -119.07 0.00> result: 78.56 113.54 -52.68 11.77 76.50 0.00
[21:10:05.168] [ARM-RX] [259] <-33.76 -119.16 0.00> result: 78.56 113.56 -52.65 11.77 76.49 0.00
[21:10:05.168] [ARM-RX] [260] <-33.79 -119.25 0.00> result: 78.55 113.58 -52.62 11.78 76.48 0.00
[21:10:05.189] [ARM-RX] [261] <-33.81 -119.33 0.00> result: 78.55 113.59 -52.59 11.78 76.46 0.00
[21:10:05.189] [ARM-RX] [262] <-33.83 -119.41 0.00> result: 78.55 113.60 -52.57 11.78 76.45 0.00
[21:10:05.190] [ARM-RX] [263] <-33.85 -119.48 0.00> result: 78.55 113.62 -52.54 11.78 76.44 0.00
[21:10:05.212] [ARM-RX] [264] <-33.87 -119.55 0.00> result: 78.55 113.63 -52.52 11.79 76.43 0.00
[21:10:05.212] [ARM-RX] [265] <-33.89 -119.60 0.00> result: 78.54 113.64 -52.50 11.79 76.42 0.00
[21:10:05.212] [ARM-RX] [266] <-33.90 -119.66 0.00> result: 78.54 113.65 -52.48 11.79 76.41 0.00
[21:10:05.212] [ARM-RX] [267] <-33.92 -119.71 0.00> result: 78.54 113.66 -52.47 11.79 76.41 0.00
[21:10:05.245] [ARM-RX] [268] <-33.93 -119.75 0.00> result: 78.54 113.66 -52.45 11.79 76.40 0.00
[21:10:05.246] [ARM-RX] [269] <-33.94 -119.79 0.00> result: 78.54 113.67 -52.44 11.80 76.39 0.00
[21:10:05.246] [ARM-RX] [270] <-33.95 -119.83 0.00> result: 78.54 113.68 -52.43 11.80 76.39 0.00
[21:10:05.268] [ARM-RX] [271] <-33.96 -119.86 0.00> result: 78.54 113.68 -52.42 11.80 76.38 0.00
[21:10:05.269] [ARM-RX] [272] <-33.97 -119.88 0.00> result: 78.54 113.69 -52.41 11.80 76.38 0.00
[21:10:05.269] [ARM-RX] [273] <-33.97 -119.91 0.00> result: 78.54 113.69 -52.40 11.80 76.37 0.00
[21:10:05.269] [ARM-RX] [274] <-33.98 -119.93 0.00> result: 78.54 113.70 -52.39 11.80 76.37 0.00
[21:10:05.292] [ARM-RX] [275] <-33.98 -119.94 0.00> result: 78.54 113.70 -52.39 11.80 76.37 0.00
[21:10:05.292] [ARM-RX] [276] <-33.99 -119.96 0.00> result: 78.54 113.70 -52.38 11.80 76.37 0.00
[21:10:05.292] [ARM-RX] [277] <-33.99 -119.97 0.00> result: 78.54 113.70 -52.38 11.80 76.37 0.00
[21:10:05.315] [ARM-RX] [278] <-33.99 -119.98 0.00> result: 78.53 113.71 -52.38 11.80 76.36 0.00
[21:10:05.315] [ARM-RX] [279] <-34.00 -119.99 0.00> result: 78.53 113.71 -52.37 11.80 76.36 0.00
[21:10:05.315] [ARM-RX] [280] <-34.00 -119.99 0.00> result: 78.53 113.71 -52.37 11.80 76.36 0.00
[21:10:05.316] [ARM-RX] [281] <-34.00 -120.00 0.00> result: 78.53 113.71 -52.37 11.80 76.36 0.00
[21:10:05.339] [ARM-RX] [282] <-34.00 -120.00 0.00> result: 78.53 113.71 -52.37 11.80 76.36 0.00
[21:10:05.339] [ARM-RX] [283] <-34.00 -120.00 0.00> result: 78.53 113.71 -52.37 11.80 76.36 0.00
[21:10:05.339] [ARM-RX] [284] <-34.00 -120.00 0.00> result: 78.53 113.71 -52.37 11.80 76.36 0.00
[21:10:05.406] [ARM-RX] [285] <-34.00 -120.00 0.00> result: 78.53 113.71 -52.37 11.80 76.36 0.00
[21:10:05.407] [ARM-RX] [286] <-34.00 -120.00 0.00> result: 78.53 113.71 -52.37 11.80 76.36 0.00
[21:10:05.965] [ARM-RX] [JETSON_UART] rx_bytes=0 frames_ok=0 crc_fail=0 overflow=0 tx_ok=0 tx_start_fail=0 tx_timeout=0 last_type=0x00 last_seq=0
[21:10:06.964] [ARM-RX] [JETSON_UART] rx_bytes=0 frames_ok=0 crc_fail=0 overflow=0 tx_ok=0 tx_start_fail=0 tx_timeout=0 last_type=0x00 last_seq=0
[21:10:07.840] [ARM-RX] batch angle read timeout/missing mask=0x08 elapsed=11 ms
[21:10:08.029] [ARM-RX] [JETSON_UART] rx_bytes=0 frames_ok=0 crc_fail=0 overflow=0 tx_ok=0 tx_start_fail=0 tx_timeout=0 last_type=0x00 last_seq=0
[21:10:08.338] [ARM-RX] [joint 1] ave_error:0.12
[21:10:08.339] [ARM-RX] [joint 2] ave_error:0.95
[21:10:08.339] [ARM-RX] [joint 3] ave_error:1.90
[21:10:08.340] [ARM-RX] [joint 4] ave_error:0.05
[21:10:08.340] [ARM-RX] [joint 5] ave_error:0.80
[21:10:08.340] [ARM-RX] robot pid run finished!!
[21:10:08.400] [ARM-RX] [AUTO] finished target=<-34.0 -120.0 0.0>
[21:10:09.027] [ARM-RX] [JETSON_UART] rx_bytes=0 frames_ok=0 crc_fail=0 overflow=0 tx_ok=0 tx_start_fail=0 tx_timeout=0 last_type=0x00 last_seq=0
[21:10:10.028] [ARM-RX] [JETSON_UART] rx_bytes=0 frames_ok=0 crc_fail=0 overflow=0 tx_ok=0 tx_start_fail=0 tx_timeout=0 last_type=0x00 last_seq=0
[21:10:11.030] [ARM-RX] [JETSON_UART] rx_bytes=0 frames_ok=0 crc_fail=0 overflow=0 tx_ok=0 tx_start_fail=0 tx_timeout=0 last_type=0x00 last_seq=0
[21:10:12.033] [ARM-RX] [JETSON_UART] rx_bytes=0 frames_ok=0 crc_fail=0 overflow=0 tx_ok=0 tx_start_fail=0 tx_timeout=0 last_type=0x00 last_seq=0
[21:10:12.668] [ARM-TX] 发送命令 soft_reset: soft_reset
[21:10:12.718] [ARM-RX] Found handler for 'soft_reset', executing...
[21:10:12.718] [ARM-RX] ROBOT_SOFT_RESET_EVENT
[21:10:12.719] [ARM-RX] --- Starting soft reset ---
[21:10:12.906] [ARM-RX] Soft reset motors enabled (J1~J5, J6 skipped).
[21:10:12.906] [ARM-RX] Soft resetting joint 4...
[21:10:12.969] [ARM-RX] robot_update_current_angle 4...
[21:10:12.969] [ARM-RX] [4] current:76.80, target:90.00, dir:1
[21:10:13.034] [ARM-RX] [JETSON_UART] rx_bytes=0 frames_ok=0 crc_fail=0 overflow=0 tx_ok=0 tx_start_fail=0 tx_timeout=0 last_type=0x00 last_seq=0
[21:10:14.018] [ARM-RX] [JETSON_UART] rx_bytes=0 frames_ok=0 crc_fail=0 overflow=0 tx_ok=0 tx_start_fail=0 tx_timeout=0 last_type=0x00 last_seq=0
[21:10:14.143] [ARM-RX] Soft resetting joint 3...
[21:10:14.204] [ARM-RX] robot_update_current_angle 3...
[21:10:14.204] [ARM-RX] [3] current:11.79, target:0.00, dir:-1
[21:10:15.021] [ARM-RX] [JETSON_UART] rx_bytes=0 frames_ok=0 crc_fail=0 overflow=0 tx_ok=0 tx_start_fail=0 tx_timeout=0 last_type=0x00 last_seq=0
[21:10:15.651] [ARM-RX] soft reset joint 3 settle timeout, keep going
[21:10:15.651] [ARM-RX] Soft resetting joint 1...
[21:10:15.652] [ARM-RX] robot_update_current_angle 1...
[21:10:15.652] [ARM-RX] [1] current:113.50, target:90.00, dir:-1
[21:10:16.028] [ARM-RX] [JETSON_UART] rx_bytes=0 frames_ok=0 crc_fail=0 overflow=0 tx_ok=0 tx_start_fail=0 tx_timeout=0 last_type=0x00 last_seq=0
[21:10:17.031] [ARM-RX] [JETSON_UART] rx_bytes=0 frames_ok=0 crc_fail=0 overflow=0 tx_ok=0 tx_start_fail=0 tx_timeout=0 last_type=0x00 last_seq=0
[21:10:17.406] [ARM-RX] soft reset joint 1 settle timeout, keep going
[21:10:17.406] [ARM-RX] Soft resetting joint 2...
[21:10:17.406] [ARM-RX] robot_update_current_angle 2...
[21:10:17.407] [ARM-RX] [2] current:-52.89, target:-90.00, dir:-1
[21:10:18.031] [ARM-RX] [JETSON_UART] rx_bytes=0 frames_ok=0 crc_fail=0 overflow=0 tx_ok=0 tx_start_fail=0 tx_timeout=0 last_type=0x00 last_seq=0
[21:10:19.029] [ARM-RX] [JETSON_UART] rx_bytes=0 frames_ok=0 crc_fail=0 overflow=0 tx_ok=0 tx_start_fail=0 tx_timeout=0 last_type=0x00 last_seq=0
[21:10:19.521] [ARM-RX] soft reset joint 2 settle timeout, keep going
[21:10:19.521] [ARM-RX] Soft resetting joint 0...
[21:10:19.576] [ARM-RX] robot_update_current_angle 0...
[21:10:19.576] [ARM-RX] [0] current:78.60, target:90.00, dir:1
[21:10:20.009] [ARM-RX] [JETSON_UART] rx_bytes=0 frames_ok=0 crc_fail=0 overflow=0 tx_ok=0 tx_start_fail=0 tx_timeout=0 last_type=0x00 last_seq=0
[21:10:21.020] [ARM-RX] [JETSON_UART] rx_bytes=0 frames_ok=0 crc_fail=0 overflow=0 tx_ok=0 tx_start_fail=0 tx_timeout=0 last_type=0x00 last_seq=0
[21:10:21.075] [ARM-RX] soft reset final verify PASS (issues:3), pose set HOME.
[21:10:22.013] [ARM-RX] [JETSON_UART] rx_bytes=0 frames_ok=0 crc_fail=0 overflow=0 tx_ok=0 tx_start_fail=0 tx_timeout=0 last_type=0x00 last_seq=0
[21:10:23.011] [ARM-RX] [JETSON_UART] rx_bytes=0 frames_ok=0 crc_fail=0 overflow=0 tx_ok=0 tx_start_fail=0 tx_timeout=0 last_type=0x00 last_seq=0
[21:10:24.009] [ARM-RX] [JETSON_UART] rx_bytes=0 frames_ok=0 crc_fail=0 overflow=0 tx_ok=0 tx_start_fail=0 tx_timeout=0 last_type=0x00 last_seq=0
[21:10:24.999] [ARM-RX] [JETSON_UART] rx_bytes=0 frames_ok=0 crc_fail=0 overflow=0 tx_ok=0 tx_start_fail=0 tx_timeout=0 last_type=0x00 last_seq=0
[21:10:25.991] [ARM-RX] [JETSON_UART] rx_bytes=0 frames_ok=0 crc_fail=0 overflow=0 tx_ok=0 tx_start_fail=0 tx_timeout=0 last_type=0x00 last_seq=0
[21:10:26.992] [ARM-RX] [JETSON_UART] rx_bytes=0 frames_ok=0 crc_fail=0 overflow=0 tx_ok=0 tx_start_fail=0 tx_timeout=0 last_type=0x00 last_seq=0
[21:10:27.988] [ARM-RX] [JETSON_UART] rx_bytes=0 frames_ok=0 crc_fail=0 overflow=0 tx_ok=0 tx_start_fail=0 tx_timeout=0 last_type=0x00 last_seq=0
[21:10:28.978] [ARM-RX] [JETSON_UART] rx_bytes=0 frames_ok=0 crc_fail=0 overflow=0 tx_ok=0 tx_start_fail=0 tx_timeout=0 last_type=0x00 last_seq=0
[21:10:29.976] [ARM-RX] [JETSON_UART] rx_bytes=0 frames_ok=0 crc_fail=0 overflow=0 tx_ok=0 tx_start_fail=0 tx_timeout=0 last_type=0x00 last_seq=0
[21:10:30.976] [ARM-RX] [JETSON_UART] rx_bytes=0 frames_ok=0 crc_fail=0 overflow=0 tx_ok=0 tx_start_fail=0 tx_timeout=0 last_type=0x00 last_seq=0
[21:10:31.973] [ARM-RX] [JETSON_UART] rx_bytes=0 frames_ok=0 crc_fail=0 overflow=0 tx_ok=0 tx_start_fail=0 tx_timeout=0 last_type=0x00 last_seq=0
[21:10:32.978] [ARM-RX] [JETSON_UART] rx_bytes=0 frames_ok=0 crc_fail=0 overflow=0 tx_ok=0 tx_start_fail=0 tx_timeout=0 last_type=0x00 last_seq=0
[21:10:33.978] [ARM-RX] [JETSON_UART] rx_bytes=0 frames_ok=0 crc_fail=0 overflow=0 tx_ok=0 tx_start_fail=0 tx_timeout=0 last_type=0x00 last_seq=0
[21:10:34.976] [ARM-RX] [JETSON_UART] rx_bytes=0 frames_ok=0 crc_fail=0 overflow=0 tx_ok=0 tx_start_fail=0 tx_timeout=0 last_type=0x00 last_seq=0
[21:10:36.020] [ARM-RX] [JETSON_UART] rx_bytes=0 frames_ok=0 crc_fail=0 overflow=0 tx_ok=0 tx_start_fail=0 tx_timeout=0 last_type=0x00 last_seq=0
[21:10:37.019] [ARM-RX] [JETSON_UART] rx_bytes=0 frames_ok=0 crc_fail=0 overflow=0 tx_ok=0 tx_start_fail=0 tx_timeout=0 last_type=0x00 last_seq=0
[21:10:38.019] [ARM-RX] [JETSON_UART] rx_bytes=0 frames_ok=0 crc_fail=0 overflow=0 tx_ok=0 tx_start_fail=0 tx_timeout=0 last_type=0x00 last_seq=0
[21:10:39.021] [ARM-RX] [JETSON_UART] rx_bytes=0 frames_ok=0 crc_fail=0 overflow=0 tx_ok=0 tx_start_fail=0 tx_timeout=0 last_type=0x00 last_seq=0
[21:10:40.022] [ARM-RX] [JETSON_UART] rx_bytes=0 frames_ok=0 crc_fail=0 overflow=0 tx_ok=0 tx_start_fail=0 tx_timeout=0 last_type=0x00 last_seq=0
[21:10:41.031] [ARM-RX] [JETSON_UART] rx_bytes=0 frames_ok=0 crc_fail=0 overflow=0 tx_ok=0 tx_start_fail=0 tx_timeout=0 last_type=0x00 last_seq=0
[21:10:41.973] [ARM-RX] [JETSON_UART] rx_bytes=0 frames_ok=0 crc_fail=0 overflow=0 tx_ok=0 tx_start_fail=0 tx_timeout=0 last_type=0x00 last_seq=0
[21:10:42.975] [ARM-RX] [JETSON_UART] rx_bytes=0 frames_ok=0 crc_fail=0 overflow=0 tx_ok=0 tx_start_fail=0 tx_timeout=0 last_type=0x00 last_seq=0
[21:10:43.981] [ARM-RX] [JETSON_UART] rx_bytes=0 frames_ok=0 crc_fail=0 overflow=0 tx_ok=0 tx_start_fail=0 tx_timeout=0 last_type=0x00 last_seq=0
[21:10:44.986] [ARM-RX] [JETSON_UART] rx_bytes=0 frames_ok=0 crc_fail=0 overflow=0 tx_ok=0 tx_start_fail=0 tx_timeout=0 last_type=0x00 last_seq=0
[21:10:45.985] [ARM-RX] [JETSON_UART] rx_bytes=0 frames_ok=0 crc_fail=0 overflow=0 tx_ok=0 tx_start_fail=0 tx_timeout=0 last_type=0x00 last_seq=0
[21:10:46.986] [ARM-RX] [JETSON_UART] rx_bytes=0 frames_ok=0 crc_fail=0 overflow=0 tx_ok=0 tx_start_fail=0 tx_timeout=0 last_type=0x00 last_seq=0
[21:10:47.994] [ARM-RX] [JETSON_UART] rx_bytes=0 frames_ok=0 crc_fail=0 overflow=0 tx_ok=0 tx_start_fail=0 tx_timeout=0 last_type=0x00 last_seq=0
[21:10:49.011] [ARM-RX] [JETSON_UART] rx_bytes=0 frames_ok=0 crc_fail=0 overflow=0 tx_ok=0 tx_start_fail=0 tx_timeout=0 last_type=0x00 last_seq=0
[21:10:49.985] [ARM-RX] [JETSON_UART] rx_bytes=0 frames_ok=0 crc_fail=0 overflow=0 tx_ok=0 tx_start_fail=0 tx_timeout=0 last_type=0x00 last_seq=0
[21:10:50.989] [ARM-RX] [JETSON_UART] rx_bytes=0 frames_ok=0 crc_fail=0 overflow=0 tx_ok=0 tx_start_fail=0 tx_timeout=0 last_type=0x00 last_seq=0
[21:10:52.000] [ARM-RX] [JETSON_UART] rx_bytes=0 frames_ok=0 crc_fail=0 overflow=0 tx_ok=0 tx_start_fail=0 tx_timeout=0 last_type=0x00 last_seq=0
[21:10:53.008] [ARM-RX] [JETSON_UART] rx_bytes=0 frames_ok=0 crc_fail=0 overflow=0 tx_ok=0 tx_start_fail=0 tx_timeout=0 last_type=0x00 last_seq=0
[21:10:54.002] [ARM-RX] [JETSON_UART] rx_bytes=0 frames_ok=0 crc_fail=0 overflow=0 tx_ok=0 tx_start_fail=0 tx_timeout=0 last_type=0x00 last_seq=0
[21:10:55.013] [ARM-RX] [JETSON_UART] rx_bytes=0 frames_ok=0 crc_fail=0 overflow=0 tx_ok=0 tx_start_fail=0 tx_timeout=0 last_type=0x00 last_seq=0
[21:10:56.015] [ARM-RX] [JETSON_UART] rx_bytes=0 frames_ok=0 crc_fail=0 overflow=0 tx_ok=0 tx_start_fail=0 tx_timeout=0 last_type=0x00 last_seq=0
[21:10:57.018] [ARM-RX] [JETSON_UART] rx_bytes=0 frames_ok=0 crc_fail=0 overflow=0 tx_ok=0 tx_start_fail=0 tx_timeout=0 last_type=0x00 last_seq=0
[21:10:58.000] [ARM-RX] [JETSON_UART] rx_bytes=0 frames_ok=0 crc_fail=0 overflow=0 tx_ok=0 tx_start_fail=0 tx_timeout=0 last_type=0x00 last_seq=0
[21:10:59.016] [ARM-RX] [JETSON_UART] rx_bytes=0 frames_ok=0 crc_fail=0 overflow=0 tx_ok=0 tx_start_fail=0 tx_timeout=0 last_type=0x00 last_seq=0
[21:11:00.009] [ARM-RX] [JETSON_UART] rx_bytes=0 frames_ok=0 crc_fail=0 overflow=0 tx_ok=0 tx_start_fail=0 tx_timeout=0 last_type=0x00 last_seq=0
[21:11:00.995] [ARM-RX] [JETSON_UART] rx_bytes=0 frames_ok=0 crc_fail=0 overflow=0 tx_ok=0 tx_start_fail=0 tx_timeout=0 last_type=0x00 last_seq=0
[21:11:01.988] [ARM-RX] [JETSON_UART] rx_bytes=0 frames_ok=0 crc_fail=0 overflow=0 tx_ok=0 tx_start_fail=0 tx_timeout=0 last_type=0x00 last_seq=0
[21:11:02.987] [ARM-RX] [JETSON_UART] rx_bytes=0 frames_ok=0 crc_fail=0 overflow=0 tx_ok=0 tx_start_fail=0 tx_timeout=0 last_type=0x00 last_seq=0
[21:11:03.983] [ARM-RX] [JETSON_UART] rx_bytes=0 frames_ok=0 crc_fail=0 overflow=0 tx_ok=0 tx_start_fail=0 tx_timeout=0 last_type=0x00 last_seq=0
[21:11:04.974] [ARM-RX] [JETSON_UART] rx_bytes=0 frames_ok=0 crc_fail=0 overflow=0 tx_ok=0 tx_start_fail=0 tx_timeout=0 last_type=0x00 last_seq=0
[21:11:06.032] [ARM-RX] [JETSON_UART] rx_bytes=0 frames_ok=0 crc_fail=0 overflow=0 tx_ok=0 tx_start_fail=0 tx_timeout=0 last_type=0x00 last_seq=0
[21:11:07.032] [ARM-RX] [JETSON_UART] rx_bytes=0 frames_ok=0 crc_fail=0 overflow=0 tx_ok=0 tx_start_fail=0 tx_timeout=0 last_type=0x00 last_seq=0
[21:11:08.025] [ARM-RX] [JETSON_UART] rx_bytes=0 frames_ok=0 crc_fail=0 overflow=0 tx_ok=0 tx_start_fail=0 tx_timeout=0 last_type=0x00 last_seq=0
[21:11:09.029] [ARM-RX] [JETSON_UART] rx_bytes=0 frames_ok=0 crc_fail=0 overflow=0 tx_ok=0 tx_start_fail=0 tx_timeout=0 last_type=0x00 last_seq=0
[21:11:10.005] [ARM-RX] [JETSON_UART] rx_bytes=0 frames_ok=0 crc_fail=0 overflow=0 tx_ok=0 tx_start_fail=0 tx_timeout=0 last_type=0x00 last_seq=0
[21:11:11.002] [ARM-RX] [JETSON_UART] rx_bytes=0 frames_ok=0 crc_fail=0 overflow=0 tx_ok=0 tx_start_fail=0 tx_timeout=0 last_type=0x00 last_seq=0
[21:11:11.998] [ARM-RX] [JETSON_UART] rx_bytes=0 frames_ok=0 crc_fail=0 overflow=0 tx_ok=0 tx_start_fail=0 tx_timeout=0 last_type=0x00 last_seq=0
[21:11:12.998] [ARM-RX] [JETSON_UART] rx_bytes=0 frames_ok=0 crc_fail=0 overflow=0 tx_ok=0 tx_start_fail=0 tx_timeout=0 last_type=0x00 last_seq=0
[21:11:13.997] [ARM-RX] [JETSON_UART] rx_bytes=0 frames_ok=0 crc_fail=0 overflow=0 tx_ok=0 tx_start_fail=0 tx_timeout=0 last_type=0x00 last_seq=0
[21:11:14.997] [ARM-RX] [JETSON_UART] rx_bytes=0 frames_ok=0 crc_fail=0 overflow=0 tx_ok=0 tx_start_fail=0 tx_timeout=0 last_type=0x00 last_seq=0
[21:11:15.995] [ARM-RX] [JETSON_UART] rx_bytes=0 frames_ok=0 crc_fail=0 overflow=0 tx_ok=0 tx_start_fail=0 tx_timeout=0 last_type=0x00 last_seq=0
[21:11:16.978] [ARM-RX] [JETSON_UART] rx_bytes=0 frames_ok=0 crc_fail=0 overflow=0 tx_ok=0 tx_start_fail=0 tx_timeout=0 last_type=0x00 last_seq=0
[21:11:17.973] [ARM-RX] [JETSON_UART] rx_bytes=0 frames_ok=0 crc_fail=0 overflow=0 tx_ok=0 tx_start_fail=0 tx_timeout=0 last_type=0x00 last_seq=0
[21:11:18.971] [ARM-RX] [JETSON_UART] rx_bytes=0 frames_ok=0 crc_fail=0 overflow=0 tx_ok=0 tx_start_fail=0 tx_timeout=0 last_type=0x00 last_seq=0
[21:11:20.014] [ARM-RX] [JETSON_UART] rx_bytes=0 frames_ok=0 crc_fail=0 overflow=0 tx_ok=0 tx_start_fail=0 tx_timeout=0 last_type=0x00 last_seq=0
[21:11:21.011] [ARM-RX] [JETSON_UART] rx_bytes=0 frames_ok=0 crc_fail=0 overflow=0 tx_ok=0 tx_start_fail=0 tx_timeout=0 last_type=0x00 last_seq=0
[21:11:22.004] [ARM-RX] [JETSON_UART] rx_bytes=0 frames_ok=0 crc_fail=0 overflow=0 tx_ok=0 tx_start_fail=0 tx_timeout=0 last_type=0x00 last_seq=0
[21:11:22.994] [ARM-RX] [JETSON_UART] rx_bytes=0 frames_ok=0 crc_fail=0 overflow=0 tx_ok=0 tx_start_fail=0 tx_timeout=0 last_type=0x00 last_seq=0
[21:11:23.992] [ARM-RX] [JETSON_UART] rx_bytes=0 frames_ok=0 crc_fail=0 overflow=0 tx_ok=0 tx_start_fail=0 tx_timeout=0 last_type=0x00 last_seq=0
[21:11:24.988] [ARM-RX] [JETSON_UART] rx_bytes=0 frames_ok=0 crc_fail=0 overflow=0 tx_ok=0 tx_start_fail=0 tx_timeout=0 last_type=0x00 last_seq=0
[21:11:25.975] [ARM-RX] [JETSON_UART] rx_bytes=0 frames_ok=0 crc_fail=0 overflow=0 tx_ok=0 tx_start_fail=0 tx_timeout=0 last_type=0x00 last_seq=0
[21:11:27.034] [ARM-RX] [JETSON_UART] rx_bytes=0 frames_ok=0 crc_fail=0 overflow=0 tx_ok=0 tx_start_fail=0 tx_timeout=0 last_type=0x00 last_seq=0
[21:35:33.046] [ARM-TX] 发送命令 soft_reset: soft_reset
[22:35:18.971] [JETSON-INFO] 已停止周期视觉发送
[22:35:18.974] [JETSON-INFO] heartbeat stopped
[22:35:18.974] [JETSON-INFO] safe distance stopped
