[11:45:33.652] [APP-INFO] 已刷新串口: COM7, COM16, COM22, COM21, COM14
[11:45:33.652] [APP-INFO] log file: E:\Renesas\RA6M5-Robot\Robot_FreeRTOS - Arm\UpperComputer\dist\logs\ra6m5_upper_console_20260706_114533.log
[11:45:49.441] [JETSON-INFO] protocol switched to NEW A5 5A + CRC16
[11:45:53.203] [JETSON-INFO] heartbeat stopped
[11:45:53.203] [JETSON-INFO] protocol switched to OLD AA/FF/CC; heartbeat is disabled
[11:45:54.580] [JETSON-INFO] protocol switched to NEW A5 5A + CRC16
[11:45:55.459] [JETSON-WARN] Jetson serial is not open; heartbeat not started
[11:45:56.360] [JETSON-INFO] heartbeat stopped
[11:45:56.880] [JETSON-WARN] Jetson serial is not open; heartbeat not started
[11:46:01.078] [JETSON-ERROR] Jetson模拟串口未打开，控制帧未发送。
[11:46:04.982] [ARM-INFO] opened COM7 @ 115200
[11:46:05.569] [JETSON-INFO] opened COM14 @ 115200
[11:46:05.573] [JETSON-INFO] heartbeat started: 200 ms
[11:46:05.573] [JETSON-TX] HEARTBEAT: A5 5A 01 01 01 04 02 53 71 02 35 2E
[11:46:05.596] [ARM-RX] [JETSON_RX] heartbeat seq=1
[11:46:05.775] [JETSON-TX] HEARTBEAT: A5 5A 01 01 02 04 CD 53 71 02 0A 09
[11:46:05.784] [ARM-RX] [JETSON_RX] heartbeat seq=2
[11:46:05.976] [JETSON-TX] HEARTBEAT: A5 5A 01 01 03 04 88 54 71 02 AF 15
[11:46:06.032] [ARM-RX] [JETSON_RX] heartbeat seq=3
[11:46:06.177] [JETSON-TX] HEARTBEAT: A5 5A 01 01 04 04 53 55 71 02 C5 86
[11:46:06.220] [ARM-RX] [JETSON_RX] heartbeat seq=4
[11:46:06.378] [JETSON-TX] HEARTBEAT: A5 5A 01 01 05 04 1E 56 71 02 23 3B
[11:46:06.405] [ARM-RX] [JETSON_RX] heartbeat seq=5
[11:46:06.579] [JETSON-TX] HEARTBEAT: A5 5A 01 01 06 04 EA 56 71 02 11 38
[11:46:06.592] [ARM-RX] [JETSON_RX] heartbeat seq=6
[11:46:06.779] [JETSON-TX] HEARTBEAT: A5 5A 01 01 07 04 B5 57 71 02 53 3D
[11:46:06.841] [ARM-RX] [JETSON_RX] heartbeat seq=7
[11:46:06.980] [JETSON-TX] HEARTBEAT: A5 5A 01 01 08 04 80 58 71 02 6C 0D
[11:46:07.028] [ARM-RX] [JETSON_RX] heartbeat seq=8
[11:46:07.181] [JETSON-TX] HEARTBEAT: A5 5A 01 01 09 04 4B 59 71 02 02 38
[11:46:07.213] [ARM-RX] [JETSON_RX] heartbeat seq=9
[11:46:07.382] [JETSON-TX] HEARTBEAT: A5 5A 01 01 0A 04 06 5A 71 02 E5 67
[11:46:07.400] [ARM-RX] [JETSON_RX] heartbeat seq=10
[11:46:07.583] [JETSON-TX] HEARTBEAT: A5 5A 01 01 0B 04 D2 5A 71 02 DD 46
[11:46:07.650] [ARM-RX] [JETSON_RX] heartbeat seq=11
[11:46:07.784] [JETSON-TX] HEARTBEAT: A5 5A 01 01 0C 04 9D 5B 71 02 9B E5
[11:46:07.837] [ARM-RX] [JETSON_RX] heartbeat seq=12
[11:46:07.985] [JETSON-TX] HEARTBEAT: A5 5A 01 01 0D 04 68 5C 71 02 18 39
[11:46:08.024] [ARM-RX] [JETSON_RX] heartbeat seq=13
[11:46:08.185] [JETSON-TX] HEARTBEAT: A5 5A 01 01 0E 04 33 5D 71 02 5A EE
[11:46:08.212] [ARM-RX] [JETSON_RX] heartbeat seq=14
[11:46:08.386] [JETSON-TX] HEARTBEAT: A5 5A 01 01 0F 04 FE 5D 71 02 65 93
[11:46:08.398] [ARM-RX] [JETSON_RX] heartbeat seq=15
[11:46:08.587] [JETSON-TX] HEARTBEAT: A5 5A 01 01 10 04 C9 5E 71 02 99 88
[11:46:08.646] [ARM-RX] [JETSON_RX] heartbeat seq=16
[11:46:08.788] [JETSON-TX] HEARTBEAT: A5 5A 01 01 11 04 85 5F 71 02 DF 09
[11:46:08.833] [ARM-RX] [JETSON_RX] heartbeat seq=17
[11:46:08.989] [JETSON-TX] HEARTBEAT: A5 5A 01 01 12 04 50 60 71 02 D7 3A
[11:46:09.020] [ARM-RX] [JETSON_RX] heartbeat seq=18
[11:46:09.190] [JETSON-TX] HEARTBEAT: A5 5A 01 01 13 04 1B 61 71 02 90 CF
[11:46:09.268] [ARM-RX] [JETSON_RX] heartbeat seq=19
[11:46:09.391] [JETSON-TX] HEARTBEAT: A5 5A 01 01 14 04 E6 61 71 02 A0 D4
[11:46:09.451] [ARM-RX] [JETSON_RX] heartbeat seq=20
[11:46:09.592] [JETSON-TX] HEARTBEAT: A5 5A 01 01 15 04 B1 62 71 02 41 71
[11:46:09.636] [ARM-RX] [JETSON_RX] heartbeat seq=21
[11:46:09.793] [JETSON-TX] HEARTBEAT: A5 5A 01 01 16 04 7C 63 71 02 2E 2E
[11:46:09.823] [ARM-RX] [JETSON_RX] heartbeat seq=22
[11:46:09.994] [JETSON-TX] HEARTBEAT: A5 5A 01 01 17 04 47 64 71 02 93 1A
[11:46:10.009] [ARM-RX] [JETSON_RX] heartbeat seq=23
[11:46:10.195] [JETSON-TX] HEARTBEAT: A5 5A 01 01 18 04 13 65 71 02 D2 15
[11:46:10.258] [ARM-RX] [JETSON_RX] heartbeat seq=24
[11:46:10.396] [JETSON-TX] HEARTBEAT: A5 5A 01 01 19 04 CE 65 71 02 E9 A8
[11:46:10.444] [ARM-RX] [JETSON_RX] heartbeat seq=25
[11:46:10.597] [JETSON-TX] HEARTBEAT: A5 5A 01 01 1A 04 99 66 71 02 09 EF
[11:46:10.631] [ARM-RX] [JETSON_RX] heartbeat seq=26
[11:46:10.798] [JETSON-TX] HEARTBEAT: A5 5A 01 01 1B 04 64 67 71 02 68 52
[11:46:10.816] [ARM-RX] [JETSON_RX] heartbeat seq=27
[11:46:10.999] [JETSON-TX] HEARTBEAT: A5 5A 01 01 1C 04 2F 68 71 02 4E 02
[11:46:11.064] [ARM-RX] [JETSON_RX] heartbeat seq=28
[11:46:11.200] [JETSON-TX] HEARTBEAT: A5 5A 01 01 1D 04 FB 68 71 02 76 23
[11:46:11.250] [ARM-RX] [JETSON_RX] heartbeat seq=29
[11:46:11.401] [JETSON-TX] HEARTBEAT: A5 5A 01 01 1E 04 C6 69 71 02 2A 7C
[11:46:11.436] [ARM-RX] [JETSON_RX] heartbeat seq=30
[11:46:11.602] [JETSON-TX] HEARTBEAT: A5 5A 01 01 1F 04 91 6A 71 02 CB D9
[11:46:11.624] [ARM-RX] [JETSON_RX] heartbeat seq=31
[11:46:11.802] [JETSON-TX] HEARTBEAT: A5 5A 01 01 20 04 4C 6B 71 02 A5 7A
[11:46:11.873] [ARM-RX] [JETSON_RX] heartbeat seq=32
[11:46:12.003] [JETSON-TX] HEARTBEAT: A5 5A 01 01 21 04 17 6C 71 02 06 4E
[11:46:12.058] [ARM-RX] [JETSON_RX] heartbeat seq=33
[11:46:12.204] [JETSON-TX] HEARTBEAT: A5 5A 01 01 22 04 E3 6C 71 02 34 4D
[11:46:12.246] [ARM-RX] [JETSON_RX] heartbeat seq=34
[11:46:12.405] [JETSON-TX] HEARTBEAT: A5 5A 01 01 23 04 AE 6D 71 02 73 30
[11:46:12.434] [ARM-RX] [JETSON_RX] heartbeat seq=35
[11:46:12.606] [JETSON-TX] HEARTBEAT: A5 5A 01 01 24 04 79 6E 71 02 BB 33
[11:46:12.623] [ARM-RX] [JETSON_RX] heartbeat seq=36
[11:46:12.788] [DEMO-INFO] 演示配置已保存
[11:46:12.788] [JETSON-INFO] heartbeat started: 200 ms
[11:46:12.788] [JETSON-TX] HEARTBEAT: A5 5A 01 01 25 04 25 6F 71 02 F9 72
[11:46:12.789] [DEMO-INFO] 一键定靶演示开始
[11:46:12.789] [JETSON-TX] TARGET_CTRL_START_NEW: A5 5A 01 02 26 01 01 39 E3
[11:46:12.807] [JETSON-TX] HEARTBEAT: A5 5A 01 01 27 04 44 6F 71 02 E7 6C
[11:46:12.808] [ARM-RX] [JETSON_RX] heartbeat seq=37
[11:46:12.808] [ARM-RX] [JETSON_RX] target_ctrl=1
[11:46:12.870] [JETSON-RX] A5 5A 01 81 26 03 04 01 00 5C 03 A5 5A 01 FE 26 01 01 09 B3 A5 5A 01 FE 27 01 01 58 73
[11:46:12.870] [ARM-RX] [JETSON_RX] heartbeat seq=39
[11:46:12.870] [JETSON-STATUS] TARGET_CTRL_ON: A5 5A 01 81 26 03 04 01 00 5C 03
[11:46:12.872] [JETSON-STATUS] ERROR: A5 5A 01 FE 26 01 01 09 B3
[11:46:12.872] [JETSON-STATUS] ERROR: A5 5A 01 FE 27 01 01 58 73
[11:46:12.901] [DEMO-ERROR] 未收到 READY，演示停止。请先确认 soft_reset 和状态机启动。
[11:46:12.990] [JETSON-TX] HEARTBEAT: A5 5A 01 01 28 04 F0 6F 71 02 C0 63
[11:46:13.008] [JETSON-TX] HEARTBEAT: A5 5A 01 01 29 04 0F 70 71 02 C0 60
[11:46:13.056] [ARM-RX] [JETSON_RX] heartbeat seq=40
[11:46:13.056] [ARM-RX] [JETSON_RX] heartbeat seq=41
[11:46:13.087] [JETSON-RX] A5 5A 01 FE 28 01 01 68 70 A5 5A 01 FE 29 01 01 39 B0
[11:46:13.087] [JETSON-STATUS] ERROR: A5 5A 01 FE 28 01 01 68 70
[11:46:13.087] [JETSON-STATUS] ERROR: A5 5A 01 FE 29 01 01 39 B0
[11:46:13.191] [JETSON-TX] HEARTBEAT: A5 5A 01 01 2A 04 BB 70 71 02 E7 A3
[11:46:13.209] [JETSON-TX] HEARTBEAT: A5 5A 01 01 2B 04 CB 70 71 02 FC B2
[11:46:13.243] [ARM-RX] [JETSON_RX] heartbeat seq=42
[11:46:13.243] [ARM-RX] [JETSON_RX] heartbeat seq=43
[11:46:13.273] [JETSON-RX] A5 5A 01 FE 2A 01 01 C9 B0 A5 5A 01 FE 2B 01 01 98 70
[11:46:13.273] [JETSON-STATUS] ERROR: A5 5A 01 FE 2A 01 01 C9 B0
[11:46:13.273] [JETSON-STATUS] ERROR: A5 5A 01 FE 2B 01 01 98 70
[11:46:13.391] [JETSON-TX] HEARTBEAT: A5 5A 01 01 2C 04 86 71 71 02 BB A9
[11:46:13.409] [JETSON-TX] HEARTBEAT: A5 5A 01 01 2D 04 96 71 71 02 BE B8
[11:46:13.430] [ARM-RX] [JETSON_RX] heartbeat seq=44
[11:46:13.430] [ARM-RX] [JETSON_RX] heartbeat seq=45
[11:46:13.477] [JETSON-RX] A5 5A 01 FE 2C 01 01 29 B1 A5 5A 01 FE 2D 01 01 78 71
[11:46:13.477] [JETSON-STATUS] ERROR: A5 5A 01 FE 2C 01 01 29 B1
[11:46:13.477] [JETSON-STATUS] ERROR: A5 5A 01 FE 2D 01 01 78 71
[11:46:13.592] [JETSON-TX] HEARTBEAT: A5 5A 01 01 2E 04 51 72 71 02 73 FF
[11:46:13.610] [JETSON-TX] HEARTBEAT: A5 5A 01 01 2F 04 61 72 71 02 7D 2E
[11:46:13.616] [ARM-RX] [JETSON_RX] heartbeat seq=46
[11:46:13.678] [JETSON-RX] A5 5A 01 FE 2E 01 01 88 71 A5 5A 01 FE 2F 01 01 D9 B1
[11:46:13.678] [ARM-RX] [JETSON_RX] heartbeat seq=47
[11:46:13.678] [JETSON-STATUS] ERROR: A5 5A 01 FE 2E 01 01 88 71
[11:46:13.678] [JETSON-STATUS] ERROR: A5 5A 01 FE 2F 01 01 D9 B1
[11:46:13.793] [JETSON-TX] HEARTBEAT: A5 5A 01 01 30 04 1C 73 71 02 36 ED
[11:46:13.805] [ARM-RX] [JETSON_RX] heartbeat seq=48
[11:46:13.811] [JETSON-TX] HEARTBEAT: A5 5A 01 01 31 04 2C 73 71 02 38 3C
[11:46:13.868] [JETSON-RX] A5 5A 01 FE 30 01 01 E8 77 A5 5A 01 FE 31 01 01 B9 B7
[11:46:13.868] [ARM-RX] [JETSON_RX] heartbeat seq=49
[11:46:13.868] [JETSON-STATUS] ERROR: A5 5A 01 FE 30 01 01 E8 77
[11:46:13.869] [JETSON-STATUS] ERROR: A5 5A 01 FE 31 01 01 B9 B7
[11:46:13.994] [JETSON-TX] HEARTBEAT: A5 5A 01 01 32 04 E7 73 71 02 06 2B
[11:46:14.012] [JETSON-TX] HEARTBEAT: A5 5A 01 01 33 04 F7 73 71 02 03 3A
[11:46:14.056] [ARM-RX] [JETSON_RX] heartbeat seq=50
[11:46:14.056] [ARM-RX] [JETSON_RX] heartbeat seq=51
[11:46:14.088] [JETSON-RX] A5 5A 01 FE 32 01 01 49 B7 A5 5A 01 FE 33 01 01 18 77
[11:46:14.088] [JETSON-STATUS] ERROR: A5 5A 01 FE 32 01 01 49 B7
[11:46:14.088] [JETSON-STATUS] ERROR: A5 5A 01 FE 33 01 01 18 77
[11:46:14.195] [JETSON-TX] HEARTBEAT: A5 5A 01 01 34 04 A3 74 71 02 A3 7C
[11:46:14.213] [JETSON-TX] HEARTBEAT: A5 5A 01 01 35 04 C2 74 71 02 BD 51
[11:46:14.243] [ARM-RX] [JETSON_RX] heartbeat seq=52
[11:46:14.243] [ARM-RX] [JETSON_RX] heartbeat seq=53
[11:46:14.274] [JETSON-RX] A5 5A 01 FE 34 01 01 A9 B6 A5 5A 01 FE 35 01 01 F8 76
[11:46:14.274] [JETSON-STATUS] ERROR: A5 5A 01 FE 34 01 01 A9 B6
[11:46:14.274] [JETSON-STATUS] ERROR: A5 5A 01 FE 35 01 01 F8 76
[11:46:14.396] [JETSON-TX] HEARTBEAT: A5 5A 01 01 36 04 6E 75 71 02 CD F2
[11:46:14.414] [JETSON-TX] HEARTBEAT: A5 5A 01 01 37 04 8D 75 71 02 FB A7
[11:46:14.431] [ARM-RX] [JETSON_RX] heartbeat seq=54
[11:46:14.431] [ARM-RX] [JETSON_RX] heartbeat seq=55
[11:46:14.478] [JETSON-RX] A5 5A 01 FE 36 01 01 08 76 A5 5A 01 FE 37 01 01 59 B6
[11:46:14.478] [JETSON-STATUS] ERROR: A5 5A 01 FE 36 01 01 08 76
[11:46:14.479] [JETSON-STATUS] ERROR: A5 5A 01 FE 37 01 01 59 B6
[11:46:14.597] [JETSON-TX] HEARTBEAT: A5 5A 01 01 38 04 39 76 71 02 2C A8
[11:46:14.615] [JETSON-TX] HEARTBEAT: A5 5A 01 01 39 04 49 76 71 02 37 B9
[11:46:14.618] [ARM-RX] [JETSON_RX] heartbeat seq=56
[11:46:14.680] [JETSON-RX] A5 5A 01 FE 38 01 01 69 B5 A5 5A 01 FE 39 01 01 38 75
[11:46:14.680] [ARM-RX] [JETSON_RX] heartbeat seq=57
[11:46:14.680] [JETSON-STATUS] ERROR: A5 5A 01 FE 38 01 01 69 B5
[11:46:14.680] [JETSON-STATUS] ERROR: A5 5A 01 FE 39 01 01 38 75
[11:46:14.798] [JETSON-TX] HEARTBEAT: A5 5A 01 01 3A 04 04 77 71 02 71 26
[11:46:14.805] [ARM-RX] [JETSON_RX] heartbeat seq=58
[11:46:14.815] [JETSON-TX] HEARTBEAT: A5 5A 01 01 3B 04 14 77 71 02 74 37
[11:46:14.867] [ARM-RX] [JETSON_RX] heartbeat seq=59
[11:46:14.882] [JETSON-RX] A5 5A 01 FE 3A 01 01 C8 75 A5 5A 01 FE 3B 01 01 99 B5
[11:46:14.882] [JETSON-STATUS] ERROR: A5 5A 01 FE 3A 01 01 C8 75
[11:46:14.882] [JETSON-STATUS] ERROR: A5 5A 01 FE 3B 01 01 99 B5
[11:46:14.998] [JETSON-TX] HEARTBEAT: A5 5A 01 01 3C 04 CF 77 71 02 4F 64
[11:46:15.017] [JETSON-TX] HEARTBEAT: A5 5A 01 01 3D 04 DF 77 71 02 4A 75
[11:46:15.052] [ARM-RX] [JETSON_RX] heartbeat seq=60
[11:46:15.052] [ARM-RX] [JETSON_RX] heartbeat seq=61
[11:46:15.083] [JETSON-RX] A5 5A 01 FE 3C 01 01 28 74 A5 5A 01 FE 3D 01 01 79 B4
[11:46:15.083] [JETSON-STATUS] ERROR: A5 5A 01 FE 3C 01 01 28 74
[11:46:15.083] [JETSON-STATUS] ERROR: A5 5A 01 FE 3D 01 01 79 B4
[11:46:15.199] [JETSON-TX] HEARTBEAT: A5 5A 01 01 3E 04 9B 78 71 02 6E B5
[11:46:15.217] [JETSON-TX] HEARTBEAT: A5 5A 01 01 3F 04 AA 78 71 02 61 98
[11:46:15.240] [ARM-RX] [JETSON_RX] heartbeat seq=62
[11:46:15.271] [JETSON-RX] A5 5A 01 FE 3E 01 01 89 B4
[11:46:15.271] [JETSON-STATUS] ERROR: A5 5A 01 FE 3E 01 01 89 B4
[11:46:15.400] [JETSON-TX] HEARTBEAT: A5 5A 01 01 40 04 66 79 71 02 04 C7
[11:46:15.418] [JETSON-TX] HEARTBEAT: A5 5A 01 01 41 04 75 79 71 02 01 92
[11:46:15.427] [ARM-RX] [JETSON_RX] crc failed type=0x01 rx=0xA561 calc=0x9861
[11:46:15.489] [ARM-RX] [JETSON_RX] heartbeat seq=65
[11:46:15.489] [JETSON-RX] A5 5A 01 FE 41 01 01 B8 6C
[11:46:15.491] [JETSON-STATUS] ERROR: A5 5A 01 FE 41 01 01 B8 6C
[11:46:15.601] [JETSON-TX] HEARTBEAT: A5 5A 01 01 42 04 31 7A 71 02 E5 51
[11:46:15.619] [JETSON-TX] HEARTBEAT: A5 5A 01 01 43 04 40 7A 71 02 FF BC
[11:46:15.676] [ARM-RX] [JETSON_RX] heartbeat seq=66
[11:46:15.676] [ARM-RX] [JETSON_RX] heartbeat seq=67
[11:46:15.691] [JETSON-RX] A5 5A 01 FE 42 01 01 48 6C A5 5A 01 FE 43 01 01 19 AC
[11:46:15.691] [JETSON-STATUS] ERROR: A5 5A 01 FE 42 01 01 48 6C
[11:46:15.692] [JETSON-STATUS] ERROR: A5 5A 01 FE 43 01 01 19 AC
[11:46:15.802] [JETSON-TX] HEARTBEAT: A5 5A 01 01 44 04 EC 7A 71 02 DF 5B
[11:46:15.820] [JETSON-TX] HEARTBEAT: A5 5A 01 01 45 04 FC 7A 71 02 DA 4A
[11:46:15.860] [ARM-RX] [JETSON_RX] heartbeat seq=68
[11:46:15.863] [ARM-RX] [JETSON_RX] heartbeat seq=69
[11:46:15.892] [JETSON-RX] A5 5A 01 FE 44 01 01 A8 6D A5 5A 01 FE 45 01 01 F9 AD
[11:46:15.892] [JETSON-STATUS] ERROR: A5 5A 01 FE 44 01 01 A8 6D
[11:46:15.892] [JETSON-STATUS] ERROR: A5 5A 01 FE 45 01 01 F9 AD
[11:46:16.003] [JETSON-TX] HEARTBEAT: A5 5A 01 01 46 04 B7 7B 71 02 9C 5D
[11:46:16.020] [JETSON-TX] HEARTBEAT: A5 5A 01 01 47 04 C7 7B 71 02 87 4C
[11:46:16.048] [ARM-RX] [JETSON_RX] heartbeat seq=70
[11:46:16.048] [ARM-RX] [JETSON_RX] heartbeat seq=71
[11:46:16.093] [JETSON-RX] A5 5A 01 FE 46 01 01 09 AD A5 5A 01 FE 47 01 01 58 6D
[11:46:16.093] [JETSON-STATUS] ERROR: A5 5A 01 FE 46 01 01 09 AD
[11:46:16.093] [JETSON-STATUS] ERROR: A5 5A 01 FE 47 01 01 58 6D
[11:46:16.204] [JETSON-TX] HEARTBEAT: A5 5A 01 01 48 04 83 7C 71 02 22 82
[11:46:16.221] [JETSON-TX] HEARTBEAT: A5 5A 01 01 49 04 92 7C 71 02 26 6F
[11:46:16.232] [ARM-RX] [JETSON_RX] heartbeat seq=72
[11:46:16.295] [JETSON-RX] A5 5A 01 FE 48 01 01 68 6E A5 5A 01 FE 49 01 01 39 AE
[11:46:16.295] [ARM-RX] [JETSON_RX] heartbeat seq=73
[11:46:16.295] [JETSON-STATUS] ERROR: A5 5A 01 FE 48 01 01 68 6E
[11:46:16.296] [JETSON-STATUS] ERROR: A5 5A 01 FE 49 01 01 39 AE
[11:46:16.405] [JETSON-TX] HEARTBEAT: A5 5A 01 01 4A 04 4E 7D 71 02 4C 0C
[11:46:16.422] [JETSON-TX] HEARTBEAT: A5 5A 01 01 4B 04 5D 7D 71 02 49 59
[11:46:16.481] [ARM-RX] [JETSON_RX] heartbeat seq=74
[11:46:16.481] [ARM-RX] [JETSON_RX] heartbeat seq=75
[11:46:16.497] [JETSON-RX] A5 5A 01 FE 4A 01 01 C9 AE A5 5A 01 FE 4B 01 01 98 6E
[11:46:16.497] [JETSON-STATUS] ERROR: A5 5A 01 FE 4A 01 01 C9 AE
[11:46:16.499] [JETSON-STATUS] ERROR: A5 5A 01 FE 4B 01 01 98 6E
[11:46:16.606] [JETSON-TX] HEARTBEAT: A5 5A 01 01 4C 04 19 7E 71 02 AC 1E
[11:46:16.623] [JETSON-TX] HEARTBEAT: A5 5A 01 01 4D 04 28 7E 71 02 A3 33
[11:46:16.670] [ARM-RX] [JETSON_RX] heartbeat seq=76
[11:46:16.670] [ARM-RX] [JETSON_RX] heartbeat seq=77
[11:46:16.685] [JETSON-RX] A5 5A 01 FE 4C 01 01 29 AF A5 5A 01 FE 4D 01 01 78 6F
[11:46:16.687] [JETSON-STATUS] ERROR: A5 5A 01 FE 4C 01 01 29 AF
[11:46:16.688] [JETSON-STATUS] ERROR: A5 5A 01 FE 4D 01 01 78 6F
[11:46:16.806] [JETSON-TX] HEARTBEAT: A5 5A 01 01 4E 04 E4 7E 71 02 9C 50
[11:46:16.824] [JETSON-TX] HEARTBEAT: A5 5A 01 01 4F 04 F4 7E 71 02 99 41
[11:46:16.860] [ARM-RX] [JETSON_RX] heartbeat seq=78
[11:46:16.860] [ARM-RX] [JETSON_RX] heartbeat seq=79
[11:46:16.891] [JETSON-RX] A5 5A 01 FE 4E 01 01 88 6F A5 5A 01 FE 4F 01 01 D9 AF
[11:46:16.891] [JETSON-STATUS] ERROR: A5 5A 01 FE 4E 01 01 88 6F
[11:46:16.891] [JETSON-STATUS] ERROR: A5 5A 01 FE 4F 01 01 D9 AF
[11:46:17.007] [JETSON-TX] HEARTBEAT: A5 5A 01 01 50 04 9F 7F 71 02 D6 CA
[11:46:17.025] [JETSON-TX] HEARTBEAT: A5 5A 01 01 51 04 BF 7F 71 02 DC DB
[11:46:17.047] [ARM-RX] [JETSON_RX] heartbeat seq=80
[11:46:17.047] [ARM-RX] [JETSON_RX] heartbeat seq=81
[11:46:17.094] [JETSON-RX] A5 5A 01 FE 50 01 01 E8 69 A5 5A 01 FE 51 01 01 B9 A9
[11:46:17.094] [JETSON-STATUS] ERROR: A5 5A 01 FE 50 01 01 E8 69
[11:46:17.094] [JETSON-STATUS] ERROR: A5 5A 01 FE 51 01 01 B9 A9
[11:46:17.208] [JETSON-TX] HEARTBEAT: A5 5A 01 01 52 04 6B 80 71 02 D5 28
[11:46:17.226] [JETSON-TX] HEARTBEAT: A5 5A 01 01 53 04 7A 80 71 02 D1 C5
[11:46:17.235] [ARM-RX] [JETSON_RX] heartbeat seq=82
[11:46:17.296] [JETSON-RX] A5 5A 01 FE 52 01 01 49 A9 A5 5A 01 FE 53 01 01 18 69
[11:46:17.296] [ARM-RX] [JETSON_RX] heartbeat seq=83
[11:46:17.296] [JETSON-STATUS] ERROR: A5 5A 01 FE 52 01 01 49 A9
[11:46:17.298] [JETSON-STATUS] ERROR: A5 5A 01 FE 53 01 01 18 69
[11:46:17.409] [JETSON-TX] HEARTBEAT: A5 5A 01 01 54 04 36 81 71 02 97 22
[11:46:17.421] [ARM-RX] [JETSON_RX] heartbeat seq=84
[11:46:17.427] [JETSON-TX] HEARTBEAT: A5 5A 01 01 55 04 45 81 71 02 8C 77
[11:46:17.484] [JETSON-RX] A5 5A 01 FE 54 01 01 A9 A8 A5 5A 01 FE 55 01 01 F8 68
[11:46:17.484] [ARM-RX] [JETSON_RX] heartbeat seq=85
[11:46:17.484] [JETSON-STATUS] ERROR: A5 5A 01 FE 54 01 01 A9 A8
[11:46:17.484] [JETSON-STATUS] ERROR: A5 5A 01 FE 55 01 01 F8 68
[11:46:17.610] [JETSON-TX] HEARTBEAT: A5 5A 01 01 56 04 01 82 71 02 68 B4
[11:46:17.628] [JETSON-TX] HEARTBEAT: A5 5A 01 01 57 04 10 82 71 02 6C 59
[11:46:17.668] [ARM-RX] [JETSON_RX] heartbeat seq=86
[11:46:17.668] [ARM-RX] [JETSON_RX] heartbeat seq=87
[11:46:17.700] [JETSON-RX] A5 5A 01 FE 56 01 01 08 68 A5 5A 01 FE 57 01 01 59 A8
[11:46:17.700] [JETSON-STATUS] ERROR: A5 5A 01 FE 56 01 01 08 68
[11:46:17.700] [JETSON-STATUS] ERROR: A5 5A 01 FE 57 01 01 59 A8
[11:46:17.811] [JETSON-TX] HEARTBEAT: A5 5A 01 01 58 04 CC 82 71 02 57 36
[11:46:17.829] [JETSON-TX] HEARTBEAT: A5 5A 01 01 59 04 DC 82 71 02 52 27
[11:46:17.856] [ARM-RX] [JETSON_RX] heartbeat seq=88
[11:46:17.856] [ARM-RX] [JETSON_RX] heartbeat seq=89
[11:46:17.888] [JETSON-RX] A5 5A 01 FE 58 01 01 69 AB A5 5A 01 FE 59 01 01 38 6B
[11:46:17.888] [JETSON-STATUS] ERROR: A5 5A 01 FE 58 01 01 69 AB
[11:46:17.888] [JETSON-STATUS] ERROR: A5 5A 01 FE 59 01 01 38 6B
[11:46:18.012] [JETSON-TX] HEARTBEAT: A5 5A 01 01 5A 04 97 83 71 02 14 30
[11:46:18.030] [JETSON-TX] HEARTBEAT: A5 5A 01 01 5B 04 A7 83 71 02 1A E1
[11:46:18.043] [ARM-RX] [JETSON_RX] heartbeat seq=90
[11:46:18.043] [ARM-RX] [JETSON_RX] heartbeat seq=91
[11:46:18.104] [JETSON-RX] A5 5A 01 FE 5A 01 01 C8 6B A5 5A 01 FE 5B 01 01 99 AB
[11:46:18.104] [JETSON-STATUS] ERROR: A5 5A 01 FE 5A 01 01 C8 6B
[11:46:18.105] [JETSON-STATUS] ERROR: A5 5A 01 FE 5B 01 01 99 AB
[11:46:18.213] [JETSON-TX] HEARTBEAT: A5 5A 01 01 5C 04 62 84 71 02 96 5B
[11:46:18.228] [ARM-RX] [JETSON_RX] heartbeat seq=92
[11:46:18.231] [JETSON-TX] HEARTBEAT: A5 5A 01 01 5D 04 72 84 71 02 93 4A
[11:46:18.290] [JETSON-RX] A5 5A 01 FE 5C 01 01 28 6A A5 5A 01 FE 5D 01 01 79 AA
[11:46:18.291] [JETSON-STATUS] ERROR: A5 5A 01 FE 5C 01 01 28 6A
[11:46:18.290] [ARM-RX] [JETSON_RX] heartbeat seq=93
[11:46:18.292] [JETSON-STATUS] ERROR: A5 5A 01 FE 5D 01 01 79 AA
[11:46:18.414] [JETSON-TX] HEARTBEAT: A5 5A 01 01 5E 04 2D 85 71 02 D0 AD
[11:46:18.431] [JETSON-TX] HEARTBEAT: A5 5A 01 01 5F 04 3D 85 71 02 D5 BC
[11:46:18.475] [ARM-RX] [JETSON_RX] heartbeat seq=94
[11:46:18.475] [ARM-RX] [JETSON_RX] heartbeat seq=95
[11:46:18.506] [JETSON-RX] A5 5A 01 FE 5E 01 01 89 AA A5 5A 01 FE 5F 01 01 D8 6A
[11:46:18.506] [JETSON-STATUS] ERROR: A5 5A 01 FE 5E 01 01 89 AA
[11:46:18.506] [JETSON-STATUS] ERROR: A5 5A 01 FE 5F 01 01 D8 6A
[11:46:18.615] [JETSON-TX] HEARTBEAT: A5 5A 01 01 60 04 E9 85 71 02 E9 43
[11:46:18.633] [JETSON-TX] HEARTBEAT: A5 5A 01 01 61 04 08 86 71 02 2E AE
[11:46:18.661] [ARM-RX] [JETSON_RX] heartbeat seq=96
[11:46:18.661] [ARM-RX] [JETSON_RX] heartbeat seq=97
[11:46:18.693] [JETSON-RX] A5 5A 01 FE 60 01 01 E8 66 A5 5A 01 FE 61 01 01 B9 A6
[11:46:18.693] [JETSON-STATUS] ERROR: A5 5A 01 FE 60 01 01 E8 66
[11:46:18.693] [JETSON-STATUS] ERROR: A5 5A 01 FE 61 01 01 B9 A6
[11:46:18.816] [JETSON-TX] HEARTBEAT: A5 5A 01 01 62 04 B4 86 71 02 0B 0D
[11:46:18.834] [JETSON-TX] HEARTBEAT: A5 5A 01 01 63 04 C4 86 71 02 10 1C
[11:46:18.849] [ARM-RX] [JETSON_RX] heartbeat seq=98
[11:46:18.849] [ARM-RX] [JETSON_RX] heartbeat seq=99
[11:46:18.896] [JETSON-RX] A5 5A 01 FE 62 01 01 49 A6 A5 5A 01 FE 63 01 01 18 66
[11:46:18.896] [JETSON-STATUS] ERROR: A5 5A 01 FE 62 01 01 49 A6
[11:46:18.897] [JETSON-STATUS] ERROR: A5 5A 01 FE 63 01 01 18 66
[11:46:19.017] [JETSON-TX] HEARTBEAT: A5 5A 01 01 64 04 7F 87 71 02 64 8F
[11:46:19.035] [JETSON-TX] HEARTBEAT: A5 5A 01 01 65 04 8F 87 71 02 56 5E
[11:46:19.097] [JETSON-RX] A5 5A 01 FE 64 01 01 A9 A7 A5 5A 01 FE 65 01 01 F8 67
[11:46:19.097] [ARM-RX] [JETSON_RX] heartbeat seq=100
[11:46:19.097] [ARM-RX] [JETSON_RX] heartbeat seq=101
[11:46:19.097] [JETSON-STATUS] ERROR: A5 5A 01 FE 64 01 01 A9 A7
[11:46:19.098] [JETSON-STATUS] ERROR: A5 5A 01 FE 65 01 01 F8 67
[11:46:19.218] [JETSON-TX] HEARTBEAT: A5 5A 01 01 66 04 4A 88 71 02 5A A2
[11:46:19.235] [JETSON-TX] HEARTBEAT: A5 5A 01 01 67 04 5A 88 71 02 5F B3
[11:46:19.284] [ARM-RX] [JETSON_RX] heartbeat seq=102
[11:46:19.284] [ARM-RX] [JETSON_RX] heartbeat seq=103
[11:46:19.299] [JETSON-RX] A5 5A 01 FE 66 01 01 08 67 A5 5A 01 FE 67 01 01 59 A7
[11:46:19.299] [JETSON-STATUS] ERROR: A5 5A 01 FE 66 01 01 08 67
[11:46:19.299] [JETSON-STATUS] ERROR: A5 5A 01 FE 67 01 01 59 A7
[11:46:19.419] [JETSON-TX] HEARTBEAT: A5 5A 01 01 68 04 15 89 71 02 18 58
[11:46:19.437] [JETSON-TX] HEARTBEAT: A5 5A 01 01 69 04 25 89 71 02 16 89
[11:46:19.471] [ARM-RX] [JETSON_RX] heartbeat seq=104
[11:46:19.471] [ARM-RX] [JETSON_RX] heartbeat seq=105
[11:46:19.502] [JETSON-RX] A5 5A 01 FE 68 01 01 69 A4 A5 5A 01 FE 69 01 01 38 64
[11:46:19.502] [JETSON-STATUS] ERROR: A5 5A 01 FE 68 01 01 69 A4
[11:46:19.503] [JETSON-STATUS] ERROR: A5 5A 01 FE 69 01 01 38 64
[11:46:19.620] [JETSON-TX] HEARTBEAT: A5 5A 01 01 6A 04 E0 89 71 02 2A 76
[11:46:19.637] [JETSON-TX] HEARTBEAT: A5 5A 01 01 6B 04 F0 89 71 02 2F 67
[11:46:19.656] [ARM-RX] [JETSON_RX] heartbeat seq=106
[11:46:19.656] [ARM-RX] [JETSON_RX] heartbeat seq=107
[11:46:19.703] [JETSON-RX] A5 5A 01 FE 6A 01 01 C8 64 A5 5A 01 FE 6B 01 01 99 A4
[11:46:19.703] [JETSON-STATUS] ERROR: A5 5A 01 FE 6A 01 01 C8 64
[11:46:19.705] [JETSON-STATUS] ERROR: A5 5A 01 FE 6B 01 01 99 A4
[11:46:19.821] [JETSON-TX] HEARTBEAT: A5 5A 01 01 6C 04 AC 8A 71 02 CC 80
[11:46:19.838] [JETSON-TX] HEARTBEAT: A5 5A 01 01 6D 04 BB 8A 71 02 C8 E5
[11:46:19.844] [ARM-RX] [JETSON_RX] heartbeat seq=108
[11:46:19.906] [JETSON-RX] A5 5A 01 FE 6C 01 01 28 65 A5 5A 01 FE 6D 01 01 79 A5
[11:46:19.906] [ARM-RX] [JETSON_RX] heartbeat seq=109
[11:46:19.906] [JETSON-STATUS] ERROR: A5 5A 01 FE 6C 01 01 28 65
[11:46:19.907] [JETSON-STATUS] ERROR: A5 5A 01 FE 6D 01 01 79 A5
[11:46:20.021] [JETSON-TX] HEARTBEAT: A5 5A 01 01 6E 04 67 8B 71 02 A2 86
[11:46:20.031] [ARM-RX] [JETSON_RX] heartbeat seq=110
[11:46:20.039] [JETSON-TX] HEARTBEAT: A5 5A 01 01 6F 04 86 8B 71 02 95 6B
[11:46:20.094] [ARM-RX] [JETSON_RX] heartbeat seq=111
[11:46:20.110] [JETSON-RX] A5 5A 01 FE 6E 01 01 89 A5 A5 5A 01 FE 6F 01 01 D8 65
[11:46:20.110] [JETSON-STATUS] ERROR: A5 5A 01 FE 6E 01 01 89 A5
[11:46:20.111] [JETSON-STATUS] ERROR: A5 5A 01 FE 6F 01 01 D8 65
[11:46:20.222] [JETSON-TX] HEARTBEAT: A5 5A 01 01 70 04 32 8C 71 02 01 35
[11:46:20.240] [JETSON-TX] HEARTBEAT: A5 5A 01 01 71 04 42 8C 71 02 1A 24
[11:46:20.284] [ARM-RX] [JETSON_RX] heartbeat seq=112
[11:46:20.284] [ARM-RX] [JETSON_RX] heartbeat seq=113
[11:46:20.299] [JETSON-RX] A5 5A 01 FE 70 01 01 E9 A3 A5 5A 01 FE 71 01 01 B8 63
[11:46:20.299] [JETSON-STATUS] ERROR: A5 5A 01 FE 70 01 01 E9 A3
[11:46:20.301] [JETSON-STATUS] ERROR: A5 5A 01 FE 71 01 01 B8 63
[11:46:20.423] [JETSON-TX] HEARTBEAT: A5 5A 01 01 72 04 FD 8C 71 02 3F C3
[11:46:20.441] [JETSON-TX] HEARTBEAT: A5 5A 01 01 73 04 0D 8D 71 02 5C D2
[11:46:20.471] [ARM-RX] [JETSON_RX] heartbeat seq=114
[11:46:20.471] [ARM-RX] [JETSON_RX] heartbeat seq=115
[11:46:20.517] [JETSON-RX] A5 5A 01 FE 72 01 01 48 63 A5 5A 01 FE 73 01 01 19 A3
[11:46:20.517] [JETSON-STATUS] ERROR: A5 5A 01 FE 72 01 01 48 63
[11:46:20.517] [JETSON-STATUS] ERROR: A5 5A 01 FE 73 01 01 19 A3
[11:46:20.624] [JETSON-TX] HEARTBEAT: A5 5A 01 01 74 04 C8 8D 71 02 61 A9
[11:46:20.642] [JETSON-TX] HEARTBEAT: A5 5A 01 01 75 04 D8 8D 71 02 64 B8
[11:46:20.656] [ARM-RX] [JETSON_RX] heartbeat seq=116
[11:46:20.656] [ARM-RX] [JETSON_RX] heartbeat seq=117
[11:46:20.703] [JETSON-RX] A5 5A 01 FE 74 01 01 A8 62 A5 5A 01 FE 75 01 01 F9 A2
[11:46:20.703] [JETSON-STATUS] ERROR: A5 5A 01 FE 74 01 01 A8 62
[11:46:20.704] [JETSON-STATUS] ERROR: A5 5A 01 FE 75 01 01 F9 A2
[11:46:20.825] [JETSON-TX] HEARTBEAT: A5 5A 01 01 76 04 94 8E 71 02 82 1B
[11:46:20.843] [ARM-RX] [JETSON_RX] heartbeat seq=118
[11:46:20.843] [JETSON-TX] HEARTBEAT: A5 5A 01 01 77 04 A3 8E 71 02 8D BE
[11:46:20.905] [ARM-RX] [JETSON_RX] heartbeat seq=119
[11:46:20.921] [JETSON-RX] A5 5A 01 FE 76 01 01 09 A2 A5 5A 01 FE 77 01 01 58 62
[11:46:20.921] [JETSON-STATUS] ERROR: A5 5A 01 FE 76 01 01 09 A2
[11:46:20.923] [JETSON-STATUS] ERROR: A5 5A 01 FE 77 01 01 58 62
[11:46:21.026] [JETSON-TX] HEARTBEAT: A5 5A 01 01 78 04 5F 8F 71 02 EC D1
[11:46:21.044] [JETSON-TX] HEARTBEAT: A5 5A 01 01 79 04 6E 8F 71 02 E3 FC
[11:46:21.092] [ARM-RX] [JETSON_RX] heartbeat seq=120
[11:46:21.092] [ARM-RX] [JETSON_RX] heartbeat seq=121
[11:46:21.107] [JETSON-RX] A5 5A 01 FE 78 01 01 68 61 A5 5A 01 FE 79 01 01 39 A1
[11:46:21.107] [JETSON-STATUS] ERROR: A5 5A 01 FE 78 01 01 68 61
[11:46:21.108] [JETSON-STATUS] ERROR: A5 5A 01 FE 79 01 01 39 A1
[11:46:21.227] [JETSON-TX] HEARTBEAT: A5 5A 01 01 7A 04 2A 90 71 02 C6 F9
[11:46:21.246] [JETSON-TX] HEARTBEAT: A5 5A 01 01 7B 04 39 90 71 02 C3 AC
[11:46:21.277] [ARM-RX] [JETSON_RX] heartbeat seq=122
[11:46:21.277] [ARM-RX] [JETSON_RX] heartbeat seq=123
[11:46:21.309] [JETSON-RX] A5 5A 01 FE 7A 01 01 C9 A1 A5 5A 01 FE 7B 01 01 98 61
[11:46:21.309] [JETSON-STATUS] ERROR: A5 5A 01 FE 7A 01 01 C9 A1
[11:46:21.309] [JETSON-STATUS] ERROR: A5 5A 01 FE 7B 01 01 98 61
[11:46:21.428] [JETSON-TX] HEARTBEAT: A5 5A 01 01 7C 04 E5 90 71 02 F9 8B
[11:46:21.447] [JETSON-TX] HEARTBEAT: A5 5A 01 01 7D 04 05 91 71 02 9E 5A
[11:46:21.466] [ARM-RX] [JETSON_RX] heartbeat seq=124
[11:46:21.466] [ARM-RX] [JETSON_RX] heartbeat seq=125
[11:46:21.528] [JETSON-RX] A5 5A 01 FE 7C 01 01 29 A0 A5 5A 01 FE 7D 01 01 78 60
[11:46:21.528] [JETSON-STATUS] ERROR: A5 5A 01 FE 7C 01 01 29 A0
[11:46:21.528] [JETSON-STATUS] ERROR: A5 5A 01 FE 7D 01 01 78 60
[11:46:21.628] [JETSON-TX] HEARTBEAT: A5 5A 01 01 7E 04 B0 91 71 02 B8 65
[11:46:21.648] [JETSON-TX] HEARTBEAT: A5 5A 01 01 7F 04 D0 91 71 02 A7 B4
[11:46:21.652] [ARM-RX] [JETSON_RX] heartbeat seq=126
[11:46:21.715] [JETSON-RX] A5 5A 01 FE 7E 01 01 88 60 A5 5A 01 FE 7F 01 01 D9 A0
[11:46:21.715] [ARM-RX] [JETSON_RX] heartbeat seq=127
[11:46:21.715] [JETSON-STATUS] ERROR: A5 5A 01 FE 7E 01 01 88 60
[11:46:21.715] [JETSON-STATUS] ERROR: A5 5A 01 FE 7F 01 01 D9 A0
[11:46:21.830] [JETSON-TX] HEARTBEAT: A5 5A 01 01 80 04 7C 92 71 02 62 EB
[11:46:21.849] [JETSON-TX] HEARTBEAT: A5 5A 01 01 81 04 8B 92 71 02 51 4E
[11:46:21.904] [ARM-RX] [JETSON_RX] heartbeat seq=128
[11:46:21.904] [ARM-RX] [JETSON_RX] heartbeat seq=129
[11:46:21.919] [JETSON-RX] A5 5A 01 FE 80 01 01 E9 90 A5 5A 01 FE 81 01 01 B8 50
[11:46:21.919] [JETSON-STATUS] ERROR: A5 5A 01 FE 80 01 01 E9 90
[11:46:21.919] [JETSON-STATUS] ERROR: A5 5A 01 FE 81 01 01 B8 50
[11:46:22.030] [JETSON-TX] HEARTBEAT: A5 5A 01 01 82 04 47 93 71 02 3F ED
[11:46:22.050] [JETSON-TX] HEARTBEAT: A5 5A 01 01 83 04 56 93 71 02 3B 00
[11:46:22.090] [ARM-RX] [JETSON_RX] heartbeat seq=130
[11:46:22.090] [ARM-RX] [JETSON_RX] heartbeat seq=131
[11:46:22.121] [JETSON-RX] A5 5A 01 FE 82 01 01 48 50 A5 5A 01 FE 83 01 01 19 90
[11:46:22.121] [JETSON-STATUS] ERROR: A5 5A 01 FE 82 01 01 48 50
[11:46:22.121] [JETSON-STATUS] ERROR: A5 5A 01 FE 83 01 01 19 90
[11:46:22.231] [JETSON-TX] HEARTBEAT: A5 5A 01 01 84 04 12 94 71 02 9F 86
[11:46:22.251] [JETSON-TX] HEARTBEAT: A5 5A 01 01 85 04 21 94 71 02 91 13
[11:46:22.277] [ARM-RX] [JETSON_RX] heartbeat seq=132
[11:46:22.277] [ARM-RX] [JETSON_RX] heartbeat seq=133
[11:46:22.323] [JETSON-RX] A5 5A 01 FE 84 01 01 A8 51 A5 5A 01 FE 85 01 01 F9 91
[11:46:22.323] [JETSON-STATUS] ERROR: A5 5A 01 FE 84 01 01 A8 51
[11:46:22.325] [JETSON-STATUS] ERROR: A5 5A 01 FE 85 01 01 F9 91
[11:46:22.432] [JETSON-TX] HEARTBEAT: A5 5A 01 01 86 04 DD 94 71 02 A1 70
[11:46:22.451] [JETSON-TX] HEARTBEAT: A5 5A 01 01 87 04 ED 94 71 02 AF A1
[11:46:22.462] [ARM-RX] [JETSON_RX] heartbeat seq=134
[11:46:22.524] [JETSON-RX] A5 5A 01 FE 86 01 01 09 91 A5 5A 01 FE 87 01 01 58 51
[11:46:22.524] [ARM-RX] [JETSON_RX] heartbeat seq=135
[11:46:22.524] [JETSON-STATUS] ERROR: A5 5A 01 FE 86 01 01 09 91
[11:46:22.525] [JETSON-STATUS] ERROR: A5 5A 01 FE 87 01 01 58 51
[11:46:22.633] [JETSON-TX] HEARTBEAT: A5 5A 01 01 88 04 A8 95 71 02 EB 92
[11:46:22.650] [ARM-RX] [JETSON_RX] heartbeat seq=136
[11:46:22.653] [JETSON-TX] HEARTBEAT: A5 5A 01 01 89 04 B8 95 71 02 EE 83
[11:46:22.712] [JETSON-RX] A5 5A 01 FE 88 01 01 68 52 A5 5A 01 FE 89 01 01 39 92
[11:46:22.712] [ARM-RX] [JETSON_RX] heartbeat seq=137
[11:46:22.712] [JETSON-STATUS] ERROR: A5 5A 01 FE 88 01 01 68 52
[11:46:22.713] [JETSON-STATUS] ERROR: A5 5A 01 FE 89 01 01 39 92
[11:46:22.834] [JETSON-TX] HEARTBEAT: A5 5A 01 01 8A 04 64 96 71 02 25 20
[11:46:22.854] [JETSON-TX] HEARTBEAT: A5 5A 01 01 8B 04 83 96 71 02 12 45
[11:46:22.900] [ARM-RX] [JETSON_RX] heartbeat seq=138
[11:46:22.900] [ARM-RX] [JETSON_RX] heartbeat seq=139
[11:46:22.916] [JETSON-RX] A5 5A 01 FE 8A 01 01 C9 92 A5 5A 01 FE 8B 01 01 98 52
[11:46:22.916] [JETSON-STATUS] ERROR: A5 5A 01 FE 8A 01 01 C9 92
[11:46:22.916] [JETSON-STATUS] ERROR: A5 5A 01 FE 8B 01 01 98 52
[11:46:23.035] [JETSON-TX] HEARTBEAT: A5 5A 01 01 8C 04 2F 97 71 02 63 62
[11:46:23.055] [JETSON-TX] HEARTBEAT: A5 5A 01 01 8D 04 4E 97 71 02 7D 4F
[11:46:23.088] [ARM-RX] [JETSON_RX] heartbeat seq=140
[11:46:23.088] [ARM-RX] [JETSON_RX] heartbeat seq=141
[11:46:23.120] [JETSON-RX] A5 5A 01 FE 8C 01 01 29 93 A5 5A 01 FE 8D 01 01 78 53
[11:46:23.120] [JETSON-STATUS] ERROR: A5 5A 01 FE 8C 01 01 29 93
[11:46:23.120] [JETSON-STATUS] ERROR: A5 5A 01 FE 8D 01 01 78 53
[11:46:23.235] [JETSON-TX] HEARTBEAT: A5 5A 01 01 8E 04 FA 97 71 02 5A 8C
[11:46:23.255] [JETSON-TX] HEARTBEAT: A5 5A 01 01 8F 04 09 98 71 02 58 1A
[11:46:23.273] [ARM-RX] [JETSON_RX] heartbeat seq=142
[11:46:23.273] [ARM-RX] [JETSON_RX] heartbeat seq=143
[11:46:23.320] [JETSON-RX] A5 5A 01 FE 8E 01 01 88 53 A5 5A 01 FE 8F 01 01 D9 93
[11:46:23.320] [JETSON-STATUS] ERROR: A5 5A 01 FE 8E 01 01 88 53
[11:46:23.320] [JETSON-STATUS] ERROR: A5 5A 01 FE 8F 01 01 D9 93
[11:46:23.436] [JETSON-TX] HEARTBEAT: A5 5A 01 01 90 04 C5 98 71 02 65 25
[11:46:23.456] [JETSON-TX] HEARTBEAT: A5 5A 01 01 91 04 D5 98 71 02 60 34
[11:46:23.459] [ARM-RX] [JETSON_RX] heartbeat seq=144
[11:46:23.521] [JETSON-RX] A5 5A 01 FE 90 01 01 E8 55 A5 5A 01 FE 91 01 01 B9 95
[11:46:23.521] [ARM-RX] [JETSON_RX] heartbeat seq=145
[11:46:23.521] [JETSON-STATUS] ERROR: A5 5A 01 FE 90 01 01 E8 55
[11:46:23.522] [JETSON-STATUS] ERROR: A5 5A 01 FE 91 01 01 B9 95
[11:46:23.637] [JETSON-TX] HEARTBEAT: A5 5A 01 01 92 04 90 99 71 02 24 CB
[11:46:23.657] [JETSON-TX] HEARTBEAT: A5 5A 01 01 93 04 A0 99 71 02 2A 1A
[11:46:23.706] [ARM-RX] [JETSON_RX] heartbeat seq=146
[11:46:23.706] [ARM-RX] [JETSON_RX] heartbeat seq=147
[11:46:23.722] [JETSON-RX] A5 5A 01 FE 92 01 01 49 95 A5 5A 01 FE 93 01 01 18 55
[11:46:23.722] [JETSON-STATUS] ERROR: A5 5A 01 FE 92 01 01 49 95
[11:46:23.722] [JETSON-STATUS] ERROR: A5 5A 01 FE 93 01 01 18 55
[11:46:23.837] [JETSON-TX] HEARTBEAT: A5 5A 01 01 94 04 5B 9A 71 02 EA 89
[11:46:23.858] [JETSON-TX] HEARTBEAT: A5 5A 01 01 95 04 6B 9A 71 02 E4 58
[11:46:23.892] [ARM-RX] [JETSON_RX] heartbeat seq=148
[11:46:23.907] [JETSON-RX] A5 5A 01 FE 94 01 01 A9 94
[11:46:23.907] [JETSON-STATUS] ERROR: A5 5A 01 FE 94 01 01 A9 94
[11:46:24.038] [JETSON-TX] HEARTBEAT: A5 5A 01 01 96 04 17 9B 71 02 AC 3B
[11:46:24.059] [JETSON-TX] HEARTBEAT: A5 5A 01 01 97 04 36 9B 71 02 A7 D6
[11:46:24.081] [ARM-RX] [JETSON_RX] heartbeat seq=151
[11:46:24.127] [JETSON-RX] A5 5A 01 FE 97 01 01 59 94
[11:46:24.127] [JETSON-STATUS] ERROR: A5 5A 01 FE 97 01 01 59 94
[11:46:24.239] [JETSON-TX] HEARTBEAT: A5 5A 01 01 98 04 E2 9B 71 02 9E D9
[11:46:24.259] [JETSON-TX] HEARTBEAT: A5 5A 01 01 99 04 01 9C 71 02 19 4D
[11:46:24.268] [ARM-RX] [JETSON_RX] heartbeat seq=152
[11:46:24.329] [JETSON-RX] A5 5A 01 FE 98 01 01 69 97 A5 5A 01 FE 99 01 01 38 57
[11:46:24.329] [ARM-RX] [JETSON_RX] heartbeat seq=153
[11:46:24.329] [JETSON-STATUS] ERROR: A5 5A 01 FE 98 01 01 69 97
[11:46:24.330] [JETSON-STATUS] ERROR: A5 5A 01 FE 99 01 01 38 57
[11:46:24.440] [JETSON-TX] HEARTBEAT: A5 5A 01 01 9A 04 AD 9C 71 02 38 2E
[11:46:24.454] [ARM-RX] [JETSON_RX] heartbeat seq=154
[11:46:24.461] [JETSON-TX] HEARTBEAT: A5 5A 01 01 9B 04 BD 9C 71 02 3D 3F
[11:46:24.510] [JETSON-INFO] 已停止周期视觉发送
[11:46:24.511] [JETSON-INFO] heartbeat stopped
[11:46:24.511] [JETSON-TX] TARGET_CTRL_STOP_NEW: A5 5A 01 02 9C 01 00 D9 C6
[11:46:24.516] [ARM-RX] [JETSON_RX] heartbeat seq=155
[11:46:24.579] [ARM-RX] [JETSON_RX] target_ctrl=0
[11:46:24.579] [JETSON-RX] A5 5A 01 FE 9A 01 01 C8 57 A5 5A 01 FE 9B 01 01 99 97 A5 5A 01 81 9C 03 04 00 00 84 48
[11:46:24.579] [ARM-RX] ROBOT_SOFT_RESET_EVENT
[11:46:24.579] [JETSON-STATUS] ERROR: A5 5A 01 FE 9A 01 01 C8 57
[11:46:24.579] [ARM-RX] --- Starting soft reset ---
[11:46:24.580] [JETSON-STATUS] ERROR: A5 5A 01 FE 9B 01 01 99 97
[11:46:24.580] [JETSON-STATUS] TARGET_CTRL_OFF: A5 5A 01 81 9C 03 04 00 00 84 48
[11:46:24.723] [ARM-ERROR] Write timeout
[11:46:24.724] [DEMO-INFO] 演示已停止，已关闭视觉发送、激光输出，并请求回 HOME
[11:46:24.766] [ARM-RX] Soft reset motors enabled (J1~J5, J6 skipped).
[11:46:24.766] [ARM-RX] Soft resetting joint 4...
[11:46:24.766] [ARM-RX] robot_update_current_angle 4...
[11:46:24.766] [ARM-RX] [4] current:90.00, target:90.00, dir:1
[11:46:24.892] [ARM-RX] Soft resetting joint 3...
[11:46:24.954] [ARM-RX] robot_update_current_angle 3...
[11:46:24.954] [ARM-RX] [3] current:0.00, target:0.00, dir:-1
[11:46:25.077] [ARM-RX] Soft resetting joint 1...
[11:46:25.077] [ARM-RX] robot_update_current_angle 1...
[11:46:25.077] [ARM-RX] [1] current:90.00, target:90.00, dir:1
[11:46:25.202] [ARM-RX] Soft resetting joint 2...
[11:46:25.264] [ARM-RX] robot_update_current_angle 2...
[11:46:25.264] [ARM-RX] [2] current:-90.00, target:-90.00, dir:-1
[11:46:25.389] [ARM-RX] Soft resetting joint 0...
[11:46:25.389] [ARM-RX] robot_update_current_angle 0...
[11:46:25.389] [ARM-RX] [0] current:90.00, target:90.00, dir:-1
[11:46:25.638] [ARM-RX] soft reset final verify PASS (issues:0), pose set HOME.
[11:46:29.703] [JETSON-INFO] heartbeat stopped
[11:46:30.289] [JETSON-INFO] heartbeat started: 200 ms
[11:46:30.289] [JETSON-TX] HEARTBEAT: A5 5A 01 01 9D 04 90 B3 71 02 05 FC
[11:46:30.304] [ARM-RX] [JETSON_RX] heartbeat seq=157
[11:46:30.491] [JETSON-TX] HEARTBEAT: A5 5A 01 01 9E 04 4C B4 71 02 8F 9E
[11:46:30.569] [ARM-RX] [JETSON_RX] heartbeat seq=158
[11:46:30.692] [JETSON-TX] HEARTBEAT: A5 5A 01 01 9F 04 17 B5 71 02 CC AB
[11:46:30.757] [ARM-RX] [JETSON_RX] heartbeat seq=159
[11:46:30.893] [JETSON-TX] HEARTBEAT: A5 5A 01 01 A0 04 E2 B5 71 02 FA 68
[11:46:30.945] [ARM-RX] [JETSON_RX] heartbeat seq=160
[11:46:31.094] [JETSON-TX] HEARTBEAT: A5 5A 01 01 A1 04 AD B6 71 02 1D 6D
[11:46:31.132] [ARM-RX] [JETSON_RX] heartbeat seq=161
[11:46:31.294] [JETSON-TX] HEARTBEAT: A5 5A 01 01 A2 04 78 B7 71 02 74 92
[11:46:31.318] [ARM-RX] [JETSON_RX] heartbeat seq=162
[11:46:31.495] [JETSON-TX] HEARTBEAT: A5 5A 01 01 A3 04 43 B8 71 02 48 64
[11:46:31.506] [ARM-RX] [JETSON_RX] heartbeat seq=163
[11:46:31.696] [JETSON-TX] HEARTBEAT: A5 5A 01 01 A4 04 0F B9 71 02 0E 83
[11:46:31.756] [ARM-RX] [JETSON_RX] heartbeat seq=164
[11:46:31.897] [JETSON-TX] HEARTBEAT: A5 5A 01 01 A5 04 CA B9 71 02 33 9E
[11:46:31.943] [ARM-RX] [JETSON_RX] heartbeat seq=165
[11:46:32.098] [JETSON-TX] HEARTBEAT: A5 5A 01 01 A6 04 95 BA 71 02 D1 B9
[11:46:32.129] [ARM-RX] [JETSON_RX] heartbeat seq=166
[11:46:32.299] [JETSON-TX] HEARTBEAT: A5 5A 01 01 A7 04 60 BB 71 02 B2 64
[11:46:32.316] [ARM-RX] [JETSON_RX] heartbeat seq=167
[11:46:32.499] [JETSON-TX] HEARTBEAT: A5 5A 01 01 A8 04 2B BC 71 02 14 BE
[11:46:32.565] [ARM-RX] [JETSON_RX] heartbeat seq=168
[11:46:32.700] [JETSON-TX] HEARTBEAT: A5 5A 01 01 A9 04 F7 BC 71 02 2E FF
[11:46:32.752] [ARM-RX] [JETSON_RX] heartbeat seq=169
[11:46:32.901] [JETSON-TX] HEARTBEAT: A5 5A 01 01 AA 04 C2 BD 71 02 70 C0
[11:46:32.939] [ARM-RX] [JETSON_RX] heartbeat seq=170
[11:46:33.102] [JETSON-TX] HEARTBEAT: A5 5A 01 01 AB 04 8D BE 71 02 97 C5
[11:46:33.124] [ARM-RX] [JETSON_RX] heartbeat seq=171
[11:46:33.303] [JETSON-TX] HEARTBEAT: A5 5A 01 01 AC 04 48 BF 71 02 FB 7E
[11:46:33.370] [ARM-RX] [JETSON_RX] heartbeat seq=172
[11:46:33.504] [JETSON-TX] HEARTBEAT: A5 5A 01 01 AD 04 13 C0 71 02 D8 53
[11:46:33.554] [ARM-RX] [JETSON_RX] heartbeat seq=173
[11:46:33.705] [JETSON-TX] HEARTBEAT: A5 5A 01 01 AE 04 DF C0 71 02 E7 30
[11:46:33.741] [ARM-RX] [JETSON_RX] heartbeat seq=174
[11:46:33.906] [JETSON-TX] HEARTBEAT: A5 5A 01 01 AF 04 AA C1 71 02 AD 2D
[11:46:33.926] [ARM-RX] [JETSON_RX] heartbeat seq=175
[11:46:34.107] [JETSON-TX] HEARTBEAT: A5 5A 01 01 B0 04 75 C2 71 02 64 96
[11:46:34.174] [ARM-RX] [JETSON_RX] heartbeat seq=176
[11:46:34.308] [JETSON-TX] HEARTBEAT: A5 5A 01 01 B1 04 40 C3 71 02 3B 4B
[11:46:34.360] [ARM-RX] [JETSON_RX] heartbeat seq=177
[11:46:34.509] [JETSON-TX] HEARTBEAT: A5 5A 01 01 B2 04 0B C4 71 02 9D 5D
[11:46:34.545] [ARM-RX] [JETSON_RX] heartbeat seq=178
[11:46:34.710] [JETSON-TX] HEARTBEAT: A5 5A 01 01 B3 04 C7 C4 71 02 A3 DC
[11:46:34.732] [ARM-RX] [JETSON_RX] heartbeat seq=179
[11:46:34.911] [JETSON-TX] HEARTBEAT: A5 5A 01 01 B4 04 92 C5 71 02 E2 67
[11:46:34.919] [ARM-RX] [JETSON_RX] heartbeat seq=180
[11:46:35.112] [JETSON-TX] HEARTBEAT: A5 5A 01 01 B5 04 5D C6 71 02 2C A2
[11:46:35.167] [ARM-RX] [JETSON_RX] heartbeat seq=181
[11:46:35.313] [JETSON-TX] HEARTBEAT: A5 5A 01 01 B6 04 28 C7 71 02 67 5D
[11:46:35.354] [ARM-RX] [JETSON_RX] heartbeat seq=182
[11:46:35.514] [JETSON-TX] HEARTBEAT: A5 5A 01 01 B7 04 F3 C7 71 02 5C 68
[11:46:35.540] [ARM-RX] [JETSON_RX] heartbeat seq=183
[11:46:35.715] [JETSON-TX] HEARTBEAT: A5 5A 01 01 B8 04 BE C8 71 02 7B F8
[11:46:35.727] [ARM-RX] [JETSON_RX] heartbeat seq=184
[11:46:35.916] [JETSON-TX] HEARTBEAT: A5 5A 01 01 B9 04 89 C9 71 02 25 9D
[11:46:35.974] [ARM-RX] [JETSON_RX] heartbeat seq=185
[11:46:36.118] [JETSON-TX] HEARTBEAT: A5 5A 01 01 BA 04 54 CA 71 02 EF C2
[11:46:36.160] [ARM-RX] [JETSON_RX] heartbeat seq=186
[11:46:36.318] [JETSON-TX] HEARTBEAT: A5 5A 01 01 BB 04 10 CB 71 02 AB 23
[11:46:36.346] [ARM-RX] [JETSON_RX] heartbeat seq=187
[11:46:36.520] [JETSON-TX] HEARTBEAT: A5 5A 01 01 BC 04 DB CB 71 02 94 B0
[11:46:36.592] [ARM-RX] [JETSON_RX] heartbeat seq=188
[11:46:36.721] [JETSON-TX] HEARTBEAT: A5 5A 01 01 BD 04 A6 CC 71 02 3C CC
[11:46:36.779] [ARM-RX] [JETSON_RX] heartbeat seq=189
[11:46:36.922] [JETSON-TX] HEARTBEAT: A5 5A 01 01 BE 04 71 CD 71 02 54 8B
[11:46:36.964] [ARM-RX] [JETSON_RX] heartbeat seq=190
[11:46:37.123] [JETSON-TX] HEARTBEAT: A5 5A 01 01 BF 04 3C CE 71 02 B2 36
[11:46:37.150] [ARM-RX] [JETSON_RX] heartbeat seq=191
[11:46:37.324] [JETSON-TX] HEARTBEAT: A5 5A 01 01 C0 04 08 CF 71 02 E6 09
[11:46:37.336] [ARM-RX] [JETSON_RX] heartbeat seq=192
[11:46:37.525] [JETSON-TX] HEARTBEAT: A5 5A 01 01 C1 04 D3 CF 71 02 DD 3C
[11:46:37.583] [ARM-RX] [JETSON_RX] heartbeat seq=193
[11:46:37.725] [JETSON-TX] HEARTBEAT: A5 5A 01 01 C2 04 8E D0 71 02 FF 65
[11:46:37.769] [ARM-RX] [JETSON_RX] heartbeat seq=194
[11:46:37.927] [JETSON-TX] HEARTBEAT: A5 5A 01 01 C3 04 59 D1 71 02 96 C0
[11:46:37.959] [ARM-RX] [JETSON_RX] heartbeat seq=195
[11:46:38.128] [JETSON-TX] HEARTBEAT: A5 5A 01 01 C4 04 24 D2 71 02 7F 1B
[11:46:38.145] [ARM-RX] [JETSON_RX] heartbeat seq=196
[11:46:38.329] [JETSON-TX] HEARTBEAT: A5 5A 01 01 C5 04 F0 D2 71 02 47 3A
[11:46:38.394] [ARM-RX] [JETSON_RX] heartbeat seq=197
[11:46:38.530] [JETSON-TX] HEARTBEAT: A5 5A 01 01 C6 04 BB D3 71 02 01 2D
[11:46:38.580] [ARM-RX] [JETSON_RX] heartbeat seq=198
[11:46:38.731] [JETSON-TX] HEARTBEAT: A5 5A 01 01 C7 04 86 D4 71 02 BC 91
[11:46:38.767] [ARM-RX] [JETSON_RX] heartbeat seq=199
[11:46:38.932] [JETSON-TX] HEARTBEAT: A5 5A 01 01 C8 04 51 D5 71 02 D4 1A
[11:46:38.954] [ARM-RX] [JETSON_RX] heartbeat seq=200
[11:46:39.133] [JETSON-TX] HEARTBEAT: A5 5A 01 01 C9 04 1C D6 71 02 32 A7
[11:46:39.140] [ARM-RX] [JETSON_RX] heartbeat seq=201
[11:46:39.334] [JETSON-TX] HEARTBEAT: A5 5A 01 01 CA 04 D8 D6 71 02 0F A4
[11:46:39.389] [ARM-RX] [JETSON_RX] heartbeat seq=202
[11:46:39.535] [JETSON-TX] HEARTBEAT: A5 5A 01 01 CB 04 A3 D7 71 02 47 51
[11:46:39.576] [ARM-RX] [JETSON_RX] heartbeat seq=203
[11:46:39.736] [JETSON-TX] HEARTBEAT: A5 5A 01 01 CC 04 6E D8 71 02 48 49
[11:46:39.760] [ARM-RX] [JETSON_RX] heartbeat seq=204
[11:46:39.937] [JETSON-TX] HEARTBEAT: A5 5A 01 01 CD 04 39 D9 71 02 08 2C
[11:46:40.009] [ARM-RX] [JETSON_RX] heartbeat seq=205
[11:46:40.137] [JETSON-TX] HEARTBEAT: A5 5A 01 01 CE 04 04 DA 71 02 F5 B3
[11:46:40.195] [ARM-RX] [JETSON_RX] heartbeat seq=206
[11:46:40.338] [JETSON-TX] HEARTBEAT: A5 5A 01 01 CF 04 CF DA 71 02 CA 46
[11:46:40.383] [ARM-RX] [JETSON_RX] heartbeat seq=207
[11:46:40.539] [JETSON-TX] HEARTBEAT: A5 5A 01 01 D0 04 9A DB 71 02 88 25
[11:46:40.569] [ARM-RX] [JETSON_RX] heartbeat seq=208
[11:46:40.740] [JETSON-TX] HEARTBEAT: A5 5A 01 01 D1 04 56 DC 71 02 07 65
[11:46:40.753] [ARM-RX] [JETSON_RX] heartbeat seq=209
[11:46:40.941] [JETSON-TX] HEARTBEAT: A5 5A 01 01 D2 04 21 DD 71 02 4D 22
[11:46:41.004] [ARM-RX] [JETSON_RX] heartbeat seq=210
[11:46:41.142] [JETSON-TX] HEARTBEAT: A5 5A 01 01 D3 04 EC DD 71 02 72 5F
[11:46:41.189] [ARM-RX] [JETSON_RX] heartbeat seq=211
[11:46:41.343] [JETSON-TX] HEARTBEAT: A5 5A 01 01 D4 04 B7 DE 71 02 90 CC
[11:46:41.378] [ARM-RX] [JETSON_RX] heartbeat seq=212
[11:46:41.544] [JETSON-TX] HEARTBEAT: A5 5A 01 01 D5 04 82 DF 71 02 CF 11
[11:46:41.564] [ARM-RX] [JETSON_RX] heartbeat seq=213
[11:46:41.745] [JETSON-TX] HEARTBEAT: A5 5A 01 01 D6 04 4D E0 71 02 C0 3A
[11:46:41.814] [ARM-RX] [JETSON_RX] heartbeat seq=214
[11:46:41.946] [JETSON-TX] HEARTBEAT: A5 5A 01 01 D7 04 19 E1 71 02 80 1B
[11:46:41.999] [ARM-RX] [JETSON_RX] heartbeat seq=215
[11:46:42.147] [JETSON-TX] HEARTBEAT: A5 5A 01 01 D8 04 D4 E1 71 02 BE 48
[11:46:42.185] [ARM-RX] [JETSON_RX] heartbeat seq=216
[11:46:42.348] [JETSON-TX] HEARTBEAT: A5 5A 01 01 D9 04 9F E2 71 02 58 7D
[11:46:42.370] [ARM-RX] [JETSON_RX] heartbeat seq=217
[11:46:42.549] [JETSON-TX] HEARTBEAT: A5 5A 01 01 DA 04 6A E3 71 02 3A 42
[11:46:42.619] [ARM-RX] [JETSON_RX] heartbeat seq=218
[11:46:42.750] [JETSON-TX] HEARTBEAT: A5 5A 01 01 DB 04 35 E4 71 02 98 46
[11:46:42.806] [ARM-RX] [JETSON_RX] heartbeat seq=219
[11:46:42.951] [JETSON-TX] HEARTBEAT: A5 5A 01 01 DC 04 01 E5 71 02 C6 01
[11:46:42.991] [ARM-RX] [JETSON_RX] heartbeat seq=220
[11:46:43.152] [JETSON-TX] HEARTBEAT: A5 5A 01 01 DD 04 CC E5 71 02 F9 7C
[11:46:43.176] [ARM-RX] [JETSON_RX] heartbeat seq=221
[11:46:43.352] [JETSON-TX] HEARTBEAT: A5 5A 01 01 DE 04 97 E6 71 02 1A 6B
[11:46:43.362] [ARM-RX] [JETSON_RX] heartbeat seq=222
[11:46:43.553] [JETSON-TX] HEARTBEAT: A5 5A 01 01 DF 04 52 E7 71 02 76 B6
[11:46:43.609] [ARM-RX] [JETSON_RX] heartbeat seq=223
[11:46:43.755] [JETSON-TX] HEARTBEAT: A5 5A 01 01 E0 04 1D E8 71 02 55 6E
[11:46:43.795] [ARM-RX] [JETSON_RX] heartbeat seq=224
[11:46:43.955] [JETSON-TX] HEARTBEAT: A5 5A 01 01 E1 04 E9 E8 71 02 66 8F
[11:46:43.982] [ARM-RX] [JETSON_RX] heartbeat seq=225
[11:46:44.156] [JETSON-TX] HEARTBEAT: A5 5A 01 01 E2 04 B4 E9 71 02 24 D0
[11:46:44.229] [ARM-RX] [JETSON_RX] heartbeat seq=226
[11:46:44.357] [JETSON-TX] HEARTBEAT: A5 5A 01 01 E3 04 7F EA 71 02 EB 25
[11:46:44.414] [ARM-RX] [JETSON_RX] heartbeat seq=227
[11:46:44.558] [JETSON-TX] HEARTBEAT: A5 5A 01 01 E4 04 4A EB 71 02 B4 9E
[11:46:44.601] [ARM-RX] [JETSON_RX] heartbeat seq=228
[11:46:44.759] [JETSON-TX] HEARTBEAT: A5 5A 01 01 E5 04 15 EC 71 02 16 9A
[11:46:44.768] [DEMO-INFO] 演示配置已保存
[11:46:44.768] [JETSON-INFO] heartbeat started: 200 ms
[11:46:44.768] [JETSON-TX] HEARTBEAT: A5 5A 01 01 E6 04 15 EC 71 02 16 A9
[11:46:44.769] [DEMO-INFO] 一键定靶演示开始
[11:46:44.769] [JETSON-TX] TARGET_CTRL_START_NEW: A5 5A 01 02 E7 01 01 68 1F
[11:46:44.786] [ARM-RX] [JETSON_RX] heartbeat seq=229
[11:46:44.786] [ARM-RX] [JETSON_RX] heartbeat seq=230
[11:46:44.786] [ARM-RX] [JETSON_RX] target_ctrl=1
[11:46:44.833] [JETSON-RX] A5 5A 01 81 E7 03 04 01 00 61 D2 A5 5A 01 FE E7 01 01 58 4F
[11:46:44.833] [JETSON-STATUS] TARGET_CTRL_ON: A5 5A 01 81 E7 03 04 01 00 61 D2
[11:46:44.834] [JETSON-STATUS] ERROR: A5 5A 01 FE E7 01 01 58 4F
[11:46:44.879] [DEMO-ERROR] 未收到 READY，演示停止。请先确认 soft_reset 和状态机启动。
[11:46:44.960] [JETSON-TX] HEARTBEAT: A5 5A 01 01 E8 04 D1 EC 71 02 2A B7
[11:46:44.970] [JETSON-TX] HEARTBEAT: A5 5A 01 01 E9 04 E0 EC 71 02 25 9A
[11:46:45.033] [ARM-RX] [JETSON_RX] heartbeat seq=232
[11:46:45.033] [ARM-RX] [JETSON_RX] heartbeat seq=233
[11:46:45.048] [JETSON-RX] A5 5A 01 FE E8 01 01 68 4C A5 5A 01 FE E9 01 01 39 8C
[11:46:45.048] [JETSON-STATUS] ERROR: A5 5A 01 FE E8 01 01 68 4C
[11:46:45.048] [JETSON-STATUS] ERROR: A5 5A 01 FE E9 01 01 39 8C
[11:46:45.161] [JETSON-TX] HEARTBEAT: A5 5A 01 01 EA 04 9C ED 71 02 6D F9
[11:46:45.171] [JETSON-TX] HEARTBEAT: A5 5A 01 01 EB 04 AB ED 71 02 62 5C
[11:46:45.220] [ARM-RX] [JETSON_RX] heartbeat seq=234
[11:46:45.235] [JETSON-RX] A5 5A 01 FE EA 01 01 C9 8C
[11:46:45.235] [JETSON-STATUS] ERROR: A5 5A 01 FE EA 01 01 C9 8C
[11:46:45.362] [JETSON-TX] HEARTBEAT: A5 5A 01 01 EC 04 67 EE 71 02 AC BB
[11:46:45.372] [JETSON-TX] HEARTBEAT: A5 5A 01 01 ED 04 76 EE 71 02 A8 56
[11:46:45.406] [ARM-RX] [JETSON_RX] crc failed type=0x01 rx=0x5AA5 calc=0x5C62
[11:46:45.406] [ARM-RX] [JETSON_RX] heartbeat seq=237
[11:46:45.452] [JETSON-RX] A5 5A 01 FE ED 01 01 78 4D
[11:46:45.452] [JETSON-STATUS] ERROR: A5 5A 01 FE ED 01 01 78 4D
[11:46:45.562] [JETSON-TX] HEARTBEAT: A5 5A 01 01 EE 04 32 EF 71 02 ED 55
[11:46:45.573] [JETSON-TX] HEARTBEAT: A5 5A 01 01 EF 04 42 EF 71 02 F6 44
[11:46:45.591] [ARM-RX] [JETSON_RX] heartbeat seq=238
[11:46:45.591] [ARM-RX] [JETSON_RX] heartbeat seq=239
[11:46:45.637] [JETSON-RX] A5 5A 01 FE EE 01 01 88 4D A5 5A 01 FE EF 01 01 D9 8D
[11:46:45.637] [JETSON-STATUS] ERROR: A5 5A 01 FE EE 01 01 88 4D
[11:46:45.637] [JETSON-STATUS] ERROR: A5 5A 01 FE EF 01 01 D9 8D
[11:46:45.763] [JETSON-TX] HEARTBEAT: A5 5A 01 01 F0 04 FD EF 71 02 D1 FF
[11:46:45.773] [JETSON-TX] HEARTBEAT: A5 5A 01 01 F1 04 0D F0 71 02 D2 E8
[11:46:45.778] [ARM-RX] [JETSON_RX] heartbeat seq=240
[11:46:45.840] [JETSON-RX] A5 5A 01 FE F0 01 01 E8 4B A5 5A 01 FE F1 01 01 B9 8B
[11:46:45.840] [ARM-RX] [JETSON_RX] heartbeat seq=241
[11:46:45.840] [JETSON-STATUS] ERROR: A5 5A 01 FE F0 01 01 E8 4B
[11:46:45.841] [JETSON-STATUS] ERROR: A5 5A 01 FE F1 01 01 B9 8B
[11:46:45.964] [JETSON-TX] HEARTBEAT: A5 5A 01 01 F2 04 C8 F0 71 02 EE 17
[11:46:45.974] [JETSON-TX] HEARTBEAT: A5 5A 01 01 F3 04 C8 F0 71 02 EF C6
[11:46:46.025] [ARM-RX] [JETSON_RX] heartbeat seq=242
[11:46:46.025] [ARM-RX] [JETSON_RX] heartbeat seq=243
[11:46:46.040] [JETSON-RX] A5 5A 01 FE F2 01 01 49 8B A5 5A 01 FE F3 01 01 18 4B
[11:46:46.043] [JETSON-STATUS] ERROR: A5 5A 01 FE F2 01 01 49 8B
[11:46:46.043] [JETSON-STATUS] ERROR: A5 5A 01 FE F3 01 01 18 4B
[11:46:46.165] [JETSON-TX] HEARTBEAT: A5 5A 01 01 F4 04 93 F1 71 02 AC 95
[11:46:46.175] [JETSON-TX] HEARTBEAT: A5 5A 01 01 F5 04 93 F1 71 02 AD 44
[11:46:46.213] [ARM-RX] [JETSON_RX] heartbeat seq=244
[11:46:46.213] [ARM-RX] [JETSON_RX] heartbeat seq=245
[11:46:46.244] [JETSON-RX] A5 5A 01 FE F4 01 01 A9 8A A5 5A 01 FE F5 01 01 F8 4A
[11:46:46.244] [JETSON-STATUS] ERROR: A5 5A 01 FE F4 01 01 A9 8A
[11:46:46.244] [JETSON-STATUS] ERROR: A5 5A 01 FE F5 01 01 F8 4A
[11:46:46.366] [JETSON-TX] HEARTBEAT: A5 5A 01 01 F6 04 4F F2 71 02 66 E7
[11:46:46.376] [JETSON-TX] HEARTBEAT: A5 5A 01 01 F7 04 5E F2 71 02 62 0A
[11:46:46.401] [ARM-RX] [JETSON_RX] heartbeat seq=246
[11:46:46.401] [ARM-RX] [JETSON_RX] heartbeat seq=247
[11:46:46.448] [JETSON-RX] A5 5A 01 FE F6 01 01 08 4A A5 5A 01 FE F7 01 01 59 8A
[11:46:46.448] [JETSON-STATUS] ERROR: A5 5A 01 FE F6 01 01 08 4A
[11:46:46.450] [JETSON-STATUS] ERROR: A5 5A 01 FE F7 01 01 59 8A
[11:46:46.566] [JETSON-TX] HEARTBEAT: A5 5A 01 01 F8 04 1A F3 71 02 27 C5
[11:46:46.577] [JETSON-TX] HEARTBEAT: A5 5A 01 01 F9 04 2A F3 71 02 29 14
[11:46:46.589] [ARM-RX] [JETSON_RX] heartbeat seq=248
[11:46:46.651] [JETSON-RX] A5 5A 01 FE F8 01 01 69 89 A5 5A 01 FE F9 01 01 38 49
[11:46:46.651] [ARM-RX] [JETSON_RX] heartbeat seq=249
[11:46:46.651] [JETSON-STATUS] ERROR: A5 5A 01 FE F8 01 01 69 89
[11:46:46.652] [JETSON-STATUS] ERROR: A5 5A 01 FE F9 01 01 38 49
[11:46:46.767] [JETSON-TX] HEARTBEAT: A5 5A 01 01 FA 04 E5 F3 71 02 16 33
[11:46:46.778] [ARM-RX] [JETSON_RX] heartbeat seq=250
[11:46:46.778] [JETSON-TX] HEARTBEAT: A5 5A 01 01 FB 04 F5 F3 71 02 13 22
[11:46:46.838] [ARM-RX] [JETSON_RX] heartbeat seq=251
[11:46:46.853] [JETSON-RX] A5 5A 01 FE FA 01 01 C8 49 A5 5A 01 FE FB 01 01 99 89
[11:46:46.853] [JETSON-STATUS] ERROR: A5 5A 01 FE FA 01 01 C8 49
[11:46:46.854] [JETSON-STATUS] ERROR: A5 5A 01 FE FB 01 01 99 89
[11:46:46.968] [JETSON-TX] HEARTBEAT: A5 5A 01 01 FC 04 B0 F4 71 02 B6 58
[11:46:46.979] [JETSON-TX] HEARTBEAT: A5 5A 01 01 FD 04 C0 F4 71 02 AD 49
[11:46:47.024] [ARM-RX] [JETSON_RX] heartbeat seq=252
[11:46:47.024] [ARM-RX] [JETSON_RX] heartbeat seq=253
[11:46:47.055] [JETSON-RX] A5 5A 01 FE FC 01 01 28 48 A5 5A 01 FE FD 01 01 79 88
[11:46:47.055] [JETSON-STATUS] ERROR: A5 5A 01 FE FC 01 01 28 48
[11:46:47.055] [JETSON-STATUS] ERROR: A5 5A 01 FE FD 01 01 79 88
[11:46:47.169] [JETSON-TX] HEARTBEAT: A5 5A 01 01 FE 04 7B F5 71 02 D8 5E
[11:46:47.180] [JETSON-TX] HEARTBEAT: A5 5A 01 01 FF 04 8B F5 71 02 EA 8F
[11:46:47.211] [ARM-RX] [JETSON_RX] heartbeat seq=254
[11:46:47.211] [ARM-RX] [JETSON_RX] heartbeat seq=255
[11:46:47.242] [JETSON-RX] A5 5A 01 FE FE 01 01 89 88 A5 5A 01 FE FF 01 01 D8 48
[11:46:47.242] [JETSON-STATUS] ERROR: A5 5A 01 FE FE 01 01 89 88
[11:46:47.242] [JETSON-STATUS] ERROR: A5 5A 01 FE FF 01 01 D8 48
[11:46:47.370] [JETSON-TX] HEARTBEAT: A5 5A 01 01 00 04 46 F6 71 02 30 2C
[11:46:47.381] [JETSON-TX] HEARTBEAT: A5 5A 01 01 01 04 46 F6 71 02 31 FD
[11:46:47.396] [ARM-RX] [JETSON_RX] heartbeat seq=0
[11:46:47.396] [ARM-RX] [JETSON_RX] heartbeat seq=1
[11:46:47.459] [JETSON-RX] A5 5A 01 FE 00 01 01 E8 78 A5 5A 01 FE 01 01 01 B9 B8
[11:46:47.459] [JETSON-STATUS] ERROR: A5 5A 01 FE 00 01 01 E8 78
[11:46:47.459] [JETSON-STATUS] ERROR: A5 5A 01 FE 01 01 01 B9 B8
[11:46:47.571] [JETSON-TX] HEARTBEAT: A5 5A 01 01 02 04 12 F7 71 02 70 3E
[11:46:47.582] [ARM-RX] [JETSON_RX] heartbeat seq=2
[11:46:47.582] [JETSON-TX] HEARTBEAT: A5 5A 01 01 03 04 12 F7 71 02 71 EF
[11:46:47.646] [JETSON-RX] A5 5A 01 FE 02 01 01 49 B8 A5 5A 01 FE 03 01 01 18 78
[11:46:47.646] [ARM-RX] [JETSON_RX] heartbeat seq=3
[11:46:47.646] [JETSON-STATUS] ERROR: A5 5A 01 FE 02 01 01 49 B8
[11:46:47.649] [JETSON-STATUS] ERROR: A5 5A 01 FE 03 01 01 18 78
[11:46:47.772] [JETSON-TX] HEARTBEAT: A5 5A 01 01 04 04 CD F7 71 02 4B 8C
[11:46:47.783] [JETSON-TX] HEARTBEAT: A5 5A 01 01 05 04 DD F7 71 02 4E 9D
[11:46:47.835] [ARM-RX] [JETSON_RX] heartbeat seq=4
[11:46:47.835] [ARM-RX] [JETSON_RX] heartbeat seq=5
[11:46:47.851] [JETSON-RX] A5 5A 01 FE 04 01 01 A9 B9 A5 5A 01 FE 05 01 01 F8 79
[11:46:47.851] [JETSON-STATUS] ERROR: A5 5A 01 FE 04 01 01 A9 B9
[11:46:47.851] [JETSON-STATUS] ERROR: A5 5A 01 FE 05 01 01 F8 79
[11:46:47.973] [JETSON-TX] HEARTBEAT: A5 5A 01 01 06 04 98 F8 71 02 6B A1
[11:46:47.984] [JETSON-TX] HEARTBEAT: A5 5A 01 01 07 04 A8 F8 71 02 65 70
[11:46:48.022] [ARM-RX] [JETSON_RX] heartbeat seq=6
[11:46:48.022] [ARM-RX] [JETSON_RX] heartbeat seq=7
[11:46:48.054] [JETSON-RX] A5 5A 01 FE 06 01 01 08 79 A5 5A 01 FE 07 01 01 59 B9
[11:46:48.054] [JETSON-STATUS] ERROR: A5 5A 01 FE 06 01 01 08 79
[11:46:48.054] [JETSON-STATUS] ERROR: A5 5A 01 FE 07 01 01 59 B9
[11:46:48.174] [JETSON-TX] HEARTBEAT: A5 5A 01 01 08 04 63 F9 71 02 0A 6B
[11:46:48.185] [JETSON-TX] HEARTBEAT: A5 5A 01 01 09 04 73 F9 71 02 0F 7A
[11:46:48.209] [ARM-RX] [JETSON_RX] heartbeat seq=8
[11:46:48.210] [ARM-RX] [JETSON_RX] heartbeat seq=9
[11:46:48.217] [JETSON-INFO] 已停止周期视觉发送
[11:46:48.218] [JETSON-INFO] heartbeat stopped
[11:46:48.218] [JETSON-TX] TARGET_CTRL_STOP_NEW: A5 5A 01 02 0A 01 00 39 EA
[11:46:48.271] [ARM-RX] [JETSON_RX] target_ctrl=0
[11:46:48.271] [ARM-RX] ROBOT_SOFT_RESET_EVENT
[11:46:48.271] [ARM-RX] --- Starting soft reset ---
[11:46:48.287] [JETSON-RX] A5 5A 01 FE 08 01 01 69 BA A5 5A 01 FE 09 01 01 38 7A A5 5A 01 81 0A 03 04 00 00 CC 55
[11:46:48.287] [JETSON-STATUS] ERROR: A5 5A 01 FE 08 01 01 69 BA
[11:46:48.287] [JETSON-STATUS] ERROR: A5 5A 01 FE 09 01 01 38 7A
[11:46:48.287] [JETSON-STATUS] TARGET_CTRL_OFF: A5 5A 01 81 0A 03 04 00 00 CC 55
[11:46:48.429] [ARM-ERROR] Write timeout
[11:46:48.429] [DEMO-INFO] 演示已停止，已关闭视觉发送、激光输出，并请求回 HOME
[11:46:48.459] [ARM-RX] Soft reset motors enabled (J1~J5, J6 skipped).
[11:46:48.459] [ARM-RX] Soft resetting joint 4...
[11:46:48.521] [ARM-RX] robot_update_current_angle 4...
[11:46:48.521] [ARM-RX] [4] current:90.00, target:90.00, dir:1
[11:46:48.645] [ARM-RX] Soft resetting joint 3...
[11:46:48.645] [ARM-RX] robot_update_current_angle 3...
[11:46:48.645] [ARM-RX] [3] current:0.00, target:0.00, dir:-1
[11:46:48.769] [ARM-RX] Soft resetting joint 1...
[11:46:48.769] [ARM-RX] robot_update_current_angle 1...
[11:46:48.769] [ARM-RX] [1] current:90.00, target:90.00, dir:1
[11:46:48.892] [ARM-RX] Soft resetting joint 2...
[11:46:48.954] [ARM-RX] robot_update_current_angle 2...
[11:46:48.954] [ARM-RX] [2] current:-90.00, target:-90.00, dir:-1
[11:46:49.078] [ARM-RX] Soft resetting joint 0...
[11:46:49.078] [ARM-RX] robot_update_current_angle 0...
[11:46:49.078] [ARM-RX] [0] current:90.00, target:90.00, dir:-1
[11:46:49.328] [ARM-RX] soft reset final verify PASS (issues:0), pose set HOME.
[11:46:50.019] [JETSON-INFO] heartbeat stopped
[11:46:53.081] [JETSON-INFO] heartbeat started: 200 ms
[11:46:53.081] [JETSON-TX] HEARTBEAT: A5 5A 01 01 0B 04 8E 0C 72 02 2F F6
[11:46:53.113] [ARM-RX] [JETSON_RX] heartbeat seq=11
[11:46:53.283] [JETSON-TX] HEARTBEAT: A5 5A 01 01 0C 04 59 0D 72 02 46 35
[11:46:53.327] [ARM-RX] [JETSON_RX] heartbeat seq=12
[11:46:53.483] [JETSON-TX] HEARTBEAT: A5 5A 01 01 0D 04 24 0E 72 02 AF 88
[11:46:53.512] [ARM-RX] [JETSON_RX] heartbeat seq=13
[11:46:53.684] [JETSON-TX] HEARTBEAT: A5 5A 01 01 0E 04 EF 0E 72 02 91 9F
[11:46:53.699] [ARM-RX] [JETSON_RX] heartbeat seq=14
[11:46:53.885] [JETSON-TX] HEARTBEAT: A5 5A 01 01 0F 04 BA 0F 72 02 D0 42
[11:46:53.948] [ARM-RX] [JETSON_RX] heartbeat seq=15
[11:46:54.086] [JETSON-TX] HEARTBEAT: A5 5A 01 01 10 04 85 10 72 02 EF FF
[11:46:54.134] [ARM-RX] [JETSON_RX] heartbeat seq=16
[11:46:54.287] [JETSON-TX] HEARTBEAT: A5 5A 01 01 11 04 41 11 72 02 82 DE
[11:46:54.318] [ARM-RX] [JETSON_RX] heartbeat seq=17
[11:46:54.487] [JETSON-TX] HEARTBEAT: A5 5A 01 01 12 04 0C 12 72 02 65 81
[11:46:54.503] [ARM-RX] [JETSON_RX] heartbeat seq=18
[11:46:54.688] [JETSON-TX] HEARTBEAT: A5 5A 01 01 13 04 D7 12 72 02 5E B4
[11:46:54.752] [ARM-RX] [JETSON_RX] heartbeat seq=19
[11:46:54.889] [JETSON-TX] HEARTBEAT: A5 5A 01 01 14 04 A2 13 72 02 14 CF
[11:46:54.938] [ARM-RX] [JETSON_RX] heartbeat seq=20
[11:46:55.090] [JETSON-TX] HEARTBEAT: A5 5A 01 01 15 04 6D 14 72 02 9B CB
[11:46:55.126] [ARM-RX] [JETSON_RX] heartbeat seq=21
[11:46:55.291] [JETSON-TX] HEARTBEAT: A5 5A 01 01 16 04 38 15 72 02 DB F4
[11:46:55.311] [ARM-RX] [JETSON_RX] heartbeat seq=22
[11:46:55.492] [JETSON-TX] HEARTBEAT: A5 5A 01 01 17 04 03 16 72 02 27 01
[11:46:55.561] [ARM-RX] [JETSON_RX] heartbeat seq=23
[11:46:55.693] [JETSON-TX] HEARTBEAT: A5 5A 01 01 18 04 BF 16 72 02 02 6E
[11:46:55.747] [ARM-RX] [JETSON_RX] heartbeat seq=24
[11:46:55.894] [JETSON-TX] HEARTBEAT: A5 5A 01 01 19 04 8A 17 72 02 5D B3
[11:46:55.932] [ARM-RX] [JETSON_RX] heartbeat seq=25
[11:46:56.094] [JETSON-TX] HEARTBEAT: A5 5A 01 01 1A 04 55 18 72 02 56 57
[11:46:56.119] [ARM-RX] [JETSON_RX] heartbeat seq=26
[11:46:56.295] [JETSON-TX] HEARTBEAT: A5 5A 01 01 1B 04 20 19 72 02 1C 4A
[11:46:56.368] [ARM-RX] [JETSON_RX] heartbeat seq=27
[11:46:56.496] [JETSON-TX] HEARTBEAT: A5 5A 01 01 1C 04 EB 19 72 02 23 D9
[11:46:56.555] [ARM-RX] [JETSON_RX] heartbeat seq=28
[11:46:56.697] [JETSON-TX] HEARTBEAT: A5 5A 01 01 1D 04 B7 1A 72 02 C0 58
[11:46:56.741] [ARM-RX] [JETSON_RX] heartbeat seq=29
[11:46:56.898] [JETSON-TX] HEARTBEAT: A5 5A 01 01 1E 04 82 1B 72 02 9E 67
[11:46:56.927] [ARM-RX] [JETSON_RX] heartbeat seq=30
[11:46:57.100] [JETSON-TX] HEARTBEAT: A5 5A 01 01 1F 04 3D 1C 72 02 0B A3
[11:46:57.114] [ARM-RX] [JETSON_RX] heartbeat seq=31
[11:46:57.301] [JETSON-TX] HEARTBEAT: A5 5A 01 01 20 04 08 1D 72 02 50 A0
[11:46:57.363] [ARM-RX] [JETSON_RX] heartbeat seq=32
[11:46:57.502] [JETSON-TX] HEARTBEAT: A5 5A 01 01 21 04 D3 1D 72 02 6B 95
[11:46:57.549] [ARM-RX] [JETSON_RX] heartbeat seq=33
[11:46:57.702] [JETSON-TX] HEARTBEAT: A5 5A 01 01 22 04 9F 1E 72 02 8D 36
[11:46:57.733] [ARM-RX] [JETSON_RX] heartbeat seq=34
[11:46:57.877] [DEMO-INFO] 演示配置已保存
[11:46:57.878] [JETSON-INFO] heartbeat started: 200 ms
[11:46:57.878] [JETSON-TX] HEARTBEAT: A5 5A 01 01 23 04 4A 1F 72 02 E5 2B
[11:46:57.878] [DEMO-INFO] 一键定靶演示开始
[11:46:57.878] [JETSON-TX] TARGET_CTRL_START_NEW: A5 5A 01 02 24 01 01 98 23
[11:46:57.904] [JETSON-TX] HEARTBEAT: A5 5A 01 01 25 04 6A 1F 72 02 EE 8D
[11:46:57.920] [ARM-RX] [JETSON_RX] heartbeat seq=35
[11:46:57.920] [ARM-RX] [JETSON_RX] target_ctrl=1
[11:46:57.920] [ARM-RX] [JETSON_RX] heartbeat seq=37
[11:46:57.966] [JETSON-RX] A5 5A 01 81 24 03 04 01 00 25 C3 A5 5A 01 FE 24 01 01 A8 73 A5 5A 01 FE 25 01 01 F9 B3
[11:46:57.966] [JETSON-STATUS] TARGET_CTRL_ON: A5 5A 01 81 24 03 04 01 00 25 C3
[11:46:57.967] [JETSON-STATUS] ERROR: A5 5A 01 FE 24 01 01 A8 73
[11:46:57.967] [JETSON-STATUS] ERROR: A5 5A 01 FE 25 01 01 F9 B3
[11:46:57.982] [DEMO-ERROR] 未收到 READY，演示停止。请先确认 soft_reset 和状态机启动。
[11:46:58.079] [JETSON-TX] HEARTBEAT: A5 5A 01 01 26 04 16 20 72 02 C7 22
[11:46:58.105] [JETSON-TX] HEARTBEAT: A5 5A 01 01 27 04 35 20 72 02 CD 77
[11:46:58.106] [ARM-RX] [JETSON_RX] heartbeat seq=38
[11:46:58.168] [JETSON-RX] A5 5A 01 FE 26 01 01 09 B3 A5 5A 01 FE 27 01 01 58 73
[11:46:58.168] [ARM-RX] [JETSON_RX] heartbeat seq=39
[11:46:58.168] [JETSON-STATUS] ERROR: A5 5A 01 FE 26 01 01 09 B3
[11:46:58.168] [JETSON-STATUS] ERROR: A5 5A 01 FE 27 01 01 58 73
[11:46:58.281] [JETSON-TX] HEARTBEAT: A5 5A 01 01 28 04 E1 20 72 02 F4 78
[11:46:58.293] [ARM-RX] [JETSON_RX] heartbeat seq=40
[11:46:58.306] [JETSON-TX] HEARTBEAT: A5 5A 01 01 29 04 00 21 72 02 92 55
[11:46:58.354] [ARM-RX] [JETSON_RX] heartbeat seq=41
[11:46:58.370] [JETSON-RX] A5 5A 01 FE 28 01 01 68 70 A5 5A 01 FE 29 01 01 39 B0
[11:46:58.370] [JETSON-STATUS] ERROR: A5 5A 01 FE 28 01 01 68 70
[11:46:58.370] [JETSON-STATUS] ERROR: A5 5A 01 FE 29 01 01 39 B0
[11:46:58.482] [JETSON-TX] HEARTBEAT: A5 5A 01 01 2A 04 AC 21 72 02 B3 36
[11:46:58.506] [JETSON-TX] HEARTBEAT: A5 5A 01 01 2B 04 BB 21 72 02 B7 53
[11:46:58.541] [ARM-RX] [JETSON_RX] heartbeat seq=42
[11:46:58.541] [ARM-RX] [JETSON_RX] heartbeat seq=43
[11:46:58.573] [JETSON-RX] A5 5A 01 FE 2A 01 01 C9 B0 A5 5A 01 FE 2B 01 01 98 70
[11:46:58.573] [JETSON-STATUS] ERROR: A5 5A 01 FE 2A 01 01 C9 B0
[11:46:58.573] [JETSON-STATUS] ERROR: A5 5A 01 FE 2B 01 01 98 70
[11:46:58.682] [JETSON-TX] HEARTBEAT: A5 5A 01 01 2C 04 77 22 72 02 79 B4
[11:46:58.707] [JETSON-TX] HEARTBEAT: A5 5A 01 01 2D 04 87 22 72 02 4B 65
[11:46:58.729] [ARM-RX] [JETSON_RX] heartbeat seq=44
[11:46:58.729] [ARM-RX] [JETSON_RX] heartbeat seq=45
[11:46:58.775] [JETSON-RX] A5 5A 01 FE 2C 01 01 29 B1 A5 5A 01 FE 2D 01 01 78 71
[11:46:58.775] [JETSON-STATUS] ERROR: A5 5A 01 FE 2C 01 01 29 B1
[11:46:58.775] [JETSON-STATUS] ERROR: A5 5A 01 FE 2D 01 01 78 71
[11:46:58.884] [JETSON-TX] HEARTBEAT: A5 5A 01 01 2E 04 42 23 72 02 26 5A
[11:46:58.909] [JETSON-TX] HEARTBEAT: A5 5A 01 01 2F 04 52 23 72 02 23 4B
[11:46:58.914] [ARM-RX] [JETSON_RX] heartbeat seq=46
[11:46:58.976] [JETSON-RX] A5 5A 01 FE 2E 01 01 88 71 A5 5A 01 FE 2F 01 01 D9 B1
[11:46:58.976] [ARM-RX] [JETSON_RX] heartbeat seq=47
[11:46:58.976] [JETSON-STATUS] ERROR: A5 5A 01 FE 2E 01 01 88 71
[11:46:58.977] [JETSON-STATUS] ERROR: A5 5A 01 FE 2F 01 01 D9 B1
[11:46:59.085] [JETSON-TX] HEARTBEAT: A5 5A 01 01 30 04 FE 23 72 02 00 74
[11:46:59.100] [ARM-RX] [JETSON_RX] heartbeat seq=48
[11:46:59.110] [JETSON-TX] HEARTBEAT: A5 5A 01 01 31 04 1D 24 72 02 87 E0
[11:46:59.163] [ARM-RX] [JETSON_RX] heartbeat seq=49
[11:46:59.179] [JETSON-RX] A5 5A 01 FE 30 01 01 E8 77 A5 5A 01 FE 31 01 01 B9 B7
[11:46:59.179] [JETSON-STATUS] ERROR: A5 5A 01 FE 30 01 01 E8 77
[11:46:59.179] [JETSON-STATUS] ERROR: A5 5A 01 FE 31 01 01 B9 B7
[11:46:59.286] [JETSON-TX] HEARTBEAT: A5 5A 01 01 32 04 C9 24 72 02 BE 23
[11:46:59.311] [JETSON-TX] HEARTBEAT: A5 5A 01 01 33 04 E8 24 72 02 B5 CE
[11:46:59.349] [ARM-RX] [JETSON_RX] heartbeat seq=50
[11:46:59.349] [ARM-RX] [JETSON_RX] heartbeat seq=51
[11:46:59.380] [JETSON-RX] A5 5A 01 FE 32 01 01 49 B7 A5 5A 01 FE 33 01 01 18 77
[11:46:59.380] [JETSON-STATUS] ERROR: A5 5A 01 FE 32 01 01 49 B7
[11:46:59.380] [JETSON-STATUS] ERROR: A5 5A 01 FE 33 01 01 18 77
[11:46:59.487] [JETSON-TX] HEARTBEAT: A5 5A 01 01 34 04 94 25 72 02 FC 29
[11:46:59.511] [JETSON-TX] HEARTBEAT: A5 5A 01 01 35 04 B3 25 72 02 F7 4C
[11:46:59.534] [ARM-RX] [JETSON_RX] heartbeat seq=52
[11:46:59.534] [ARM-RX] [JETSON_RX] heartbeat seq=53
[11:46:59.580] [JETSON-RX] A5 5A 01 FE 34 01 01 A9 B6 A5 5A 01 FE 35 01 01 F8 76
[11:46:59.580] [JETSON-STATUS] ERROR: A5 5A 01 FE 34 01 01 A9 B6
[11:46:59.580] [JETSON-STATUS] ERROR: A5 5A 01 FE 35 01 01 F8 76
[11:46:59.688] [JETSON-TX] HEARTBEAT: A5 5A 01 01 36 04 5F 26 72 02 33 EF
[11:46:59.712] [JETSON-TX] HEARTBEAT: A5 5A 01 01 37 04 7E 26 72 02 38 02
[11:46:59.720] [ARM-RX] [JETSON_RX] heartbeat seq=54
[11:46:59.782] [JETSON-RX] A5 5A 01 FE 36 01 01 08 76 A5 5A 01 FE 37 01 01 59 B6
[11:46:59.782] [ARM-RX] [JETSON_RX] heartbeat seq=55
[11:46:59.782] [JETSON-STATUS] ERROR: A5 5A 01 FE 36 01 01 08 76
[11:46:59.783] [JETSON-STATUS] ERROR: A5 5A 01 FE 37 01 01 59 B6
[11:46:59.888] [JETSON-TX] HEARTBEAT: A5 5A 01 01 38 04 2A 27 72 02 79 0D
[11:46:59.904] [ARM-RX] [JETSON_RX] heartbeat seq=56
[11:46:59.913] [JETSON-TX] HEARTBEAT: A5 5A 01 01 39 04 3A 27 72 02 7C 1C
[11:46:59.966] [ARM-RX] [JETSON_RX] heartbeat seq=57
[11:46:59.982] [JETSON-RX] A5 5A 01 FE 38 01 01 69 B5 A5 5A 01 FE 39 01 01 38 75
[11:46:59.982] [JETSON-STATUS] ERROR: A5 5A 01 FE 38 01 01 69 B5
[11:46:59.982] [JETSON-STATUS] ERROR: A5 5A 01 FE 39 01 01 38 75
[11:47:00.089] [JETSON-TX] HEARTBEAT: A5 5A 01 01 3A 04 F5 27 72 02 43 3B
[11:47:00.114] [JETSON-TX] HEARTBEAT: A5 5A 01 01 3B 04 05 28 72 02 41 E9
[11:47:00.152] [ARM-RX] [JETSON_RX] heartbeat seq=58
[11:47:00.152] [ARM-RX] [JETSON_RX] heartbeat seq=59
[11:47:00.183] [JETSON-RX] A5 5A 01 FE 3A 01 01 C8 75 A5 5A 01 FE 3B 01 01 99 B5
[11:47:00.183] [JETSON-STATUS] ERROR: A5 5A 01 FE 3A 01 01 C8 75
[11:47:00.183] [JETSON-STATUS] ERROR: A5 5A 01 FE 3B 01 01 99 B5
[11:47:00.290] [JETSON-TX] HEARTBEAT: A5 5A 01 01 3C 04 C0 28 72 02 7C 92
[11:47:00.314] [JETSON-TX] HEARTBEAT: A5 5A 01 01 3D 04 D0 28 72 02 79 83
[11:47:00.337] [ARM-RX] [JETSON_RX] heartbeat seq=60
[11:47:00.337] [ARM-RX] [JETSON_RX] heartbeat seq=61
[11:47:00.384] [JETSON-RX] A5 5A 01 FE 3C 01 01 28 74 A5 5A 01 FE 3D 01 01 79 B4
[11:47:00.384] [JETSON-STATUS] ERROR: A5 5A 01 FE 3C 01 01 28 74
[11:47:00.386] [JETSON-STATUS] ERROR: A5 5A 01 FE 3D 01 01 79 B4
[11:47:00.491] [JETSON-TX] HEARTBEAT: A5 5A 01 01 3E 04 7C 29 72 02 09 20
[11:47:00.515] [JETSON-TX] HEARTBEAT: A5 5A 01 01 3F 04 9B 29 72 02 3E 45
[11:47:00.524] [ARM-RX] [JETSON_RX] heartbeat seq=62
[11:47:00.586] [JETSON-RX] A5 5A 01 FE 3E 01 01 89 B4 A5 5A 01 FE 3F 01 01 D8 74
[11:47:00.586] [ARM-RX] [JETSON_RX] heartbeat seq=63
[11:47:00.586] [JETSON-STATUS] ERROR: A5 5A 01 FE 3E 01 01 89 B4
[11:47:00.588] [JETSON-STATUS] ERROR: A5 5A 01 FE 3F 01 01 D8 74
[11:47:00.692] [JETSON-TX] HEARTBEAT: A5 5A 01 01 40 04 47 2A 72 02 FE 1A
[11:47:00.711] [ARM-RX] [JETSON_RX] heartbeat seq=64
[11:47:00.716] [JETSON-TX] HEARTBEAT: A5 5A 01 01 41 04 66 2A 72 02 F5 F7
[11:47:00.758] [JETSON-RX] A5 5A 01 FE 40 01 01 E9 AC
[11:47:00.758] [JETSON-STATUS] ERROR: A5 5A 01 FE 40 01 01 E9 AC
[11:47:00.893] [JETSON-TX] HEARTBEAT: A5 5A 01 01 42 04 12 2B 72 02 BF F4
[11:47:00.917] [JETSON-TX] HEARTBEAT: A5 5A 01 01 43 04 31 2B 72 02 B5 A1
[11:47:00.958] [ARM-RX] [JETSON_RX] crc failed type=0x01 rx=0x5AA5 calc=0xF7F5
[11:47:00.958] [ARM-RX] [JETSON_RX] heartbeat seq=67
[11:47:00.988] [JETSON-RX] A5 5A 01 FE 43 01 01 19 AC
[11:47:00.988] [JETSON-STATUS] ERROR: A5 5A 01 FE 43 01 01 19 AC
[11:47:01.094] [JETSON-TX] HEARTBEAT: A5 5A 01 01 44 04 DD 2B 72 02 80 86
[11:47:01.118] [JETSON-TX] HEARTBEAT: A5 5A 01 01 45 04 FC 2B 72 02 8B 6B
[11:47:01.144] [ARM-RX] [JETSON_RX] heartbeat seq=68
[11:47:01.144] [ARM-RX] [JETSON_RX] heartbeat seq=69
[11:47:01.190] [JETSON-RX] A5 5A 01 FE 44 01 01 A8 6D A5 5A 01 FE 45 01 01 F9 AD
[11:47:01.190] [JETSON-STATUS] ERROR: A5 5A 01 FE 44 01 01 A8 6D
[11:47:01.190] [JETSON-STATUS] ERROR: A5 5A 01 FE 45 01 01 F9 AD
[11:47:01.295] [JETSON-TX] HEARTBEAT: A5 5A 01 01 46 04 A8 2C 72 02 2A A9
[11:47:01.319] [JETSON-TX] HEARTBEAT: A5 5A 01 01 47 04 B8 2C 72 02 2F B8
[11:47:01.330] [ARM-RX] [JETSON_RX] heartbeat seq=70
[11:47:01.392] [ARM-RX] [JETSON_RX] heartbeat seq=71
[11:47:01.392] [JETSON-RX] A5 5A 01 FE 46 01 01 09 AD A5 5A 01 FE 47 01 01 58 6D
[11:47:01.392] [JETSON-STATUS] ERROR: A5 5A 01 FE 46 01 01 09 AD
[11:47:01.393] [JETSON-STATUS] ERROR: A5 5A 01 FE 47 01 01 58 6D
[11:47:01.496] [JETSON-TX] HEARTBEAT: A5 5A 01 01 48 04 73 2D 72 02 40 A3
[11:47:01.516] [ARM-RX] [JETSON_RX] heartbeat seq=72
[11:47:01.520] [JETSON-TX] HEARTBEAT: A5 5A 01 01 49 04 83 2D 72 02 72 72
[11:47:01.579] [ARM-RX] [JETSON_RX] heartbeat seq=73
[11:47:01.579] [JETSON-RX] A5 5A 01 FE 48 01 01 68 6E A5 5A 01 FE 49 01 01 39 AE
[11:47:01.579] [JETSON-STATUS] ERROR: A5 5A 01 FE 48 01 01 68 6E
[11:47:01.580] [JETSON-STATUS] ERROR: A5 5A 01 FE 49 01 01 39 AE
[11:47:01.697] [JETSON-TX] HEARTBEAT: A5 5A 01 01 4A 04 3F 2E 72 02 A7 D1
[11:47:01.708] [JETSON-INFO] 已停止周期视觉发送
[11:47:01.708] [JETSON-INFO] heartbeat stopped
[11:47:01.708] [JETSON-TX] TARGET_CTRL_STOP_NEW: A5 5A 01 02 4B 01 00 69 FE
[11:47:01.766] [ARM-RX] [JETSON_RX] heartbeat seq=74
[11:47:01.766] [ARM-RX] [JETSON_RX] target_ctrl=0
[11:47:01.766] [ARM-RX] ROBOT_SOFT_RESET_EVENT
[11:47:01.766] [ARM-RX] --- Starting soft reset ---
[11:47:01.781] [JETSON-RX] A5 5A 01 FE 4A 01 01 C9 AE A5 5A 01 81 4B 03 04 00 00 F0 5A
[11:47:01.781] [JETSON-STATUS] ERROR: A5 5A 01 FE 4A 01 01 C9 AE
[11:47:01.781] [JETSON-STATUS] TARGET_CTRL_OFF: A5 5A 01 81 4B 03 04 00 00 F0 5A
[11:47:01.923] [ARM-ERROR] Write timeout
[11:47:01.923] [DEMO-INFO] 演示已停止，已关闭视觉发送、激光输出，并请求回 HOME
[11:47:01.951] [ARM-RX] Soft reset motors enabled (J1~J5, J6 skipped).
[11:47:01.951] [ARM-RX] Soft resetting joint 4...
[11:47:02.013] [ARM-RX] robot_update_current_angle 4...
[11:47:02.013] [ARM-RX] [4] current:90.00, target:90.00, dir:1
[11:47:02.136] [ARM-RX] Soft resetting joint 3...
[11:47:02.136] [ARM-RX] robot_update_current_angle 3...
[11:47:02.137] [ARM-RX] [3] current:0.00, target:0.00, dir:-1
[11:47:02.261] [ARM-RX] Soft resetting joint 1...
[11:47:02.261] [ARM-RX] robot_update_current_angle 1...
[11:47:02.261] [ARM-RX] [1] current:90.00, target:90.00, dir:1
[11:47:02.384] [ARM-RX] Soft resetting joint 2...
[11:47:02.445] [ARM-RX] robot_update_current_angle 2...
[11:47:02.445] [ARM-RX] [2] current:-90.00, target:-90.00, dir:-1
[11:47:02.570] [ARM-RX] Soft resetting joint 0...
[11:47:02.570] [ARM-RX] robot_update_current_angle 0...
[11:47:02.570] [ARM-RX] [0] current:90.00, target:90.00, dir:-1
[11:47:02.820] [ARM-RX] soft reset final verify PASS (issues:0), pose set HOME.
[11:47:05.212] [JETSON-INFO] heartbeat stopped
[11:47:20.163] [ARM-ERROR] Write timeout
[11:47:23.286] [ARM-ERROR] Write timeout
[11:47:23.751] [ARM-ERROR] Write timeout
[11:47:24.464] [ARM-ERROR] Write timeout
[11:47:36.012] [ARM-INFO] 已关闭串口
[11:47:36.477] [JETSON-INFO] 已停止周期视觉发送
[11:47:36.478] [JETSON-INFO] heartbeat stopped
[11:47:36.480] [JETSON-INFO] 已关闭串口
[11:47:41.693] [APP-INFO] 已刷新串口: COM22, COM21
[11:47:42.422] [APP-INFO] 已刷新串口: COM22, COM21
[11:47:42.676] [APP-INFO] 已刷新串口: COM22, COM21
[11:47:48.774] [APP-INFO] 已刷新串口: COM7, COM16, COM22, COM21, COM14
[11:47:48.976] [APP-INFO] 已刷新串口: COM7, COM16, COM22, COM21, COM14
[11:47:49.154] [APP-INFO] 已刷新串口: COM7, COM16, COM22, COM21, COM14
[11:47:49.315] [APP-INFO] 已刷新串口: COM7, COM16, COM22, COM21, COM14
[11:47:49.584] [APP-INFO] 已刷新串口: COM7, COM16, COM22, COM21, COM14
[11:47:53.489] [JETSON-INFO] opened COM14 @ 115200
[11:47:53.971] [ARM-INFO] opened COM7 @ 115200
[11:47:58.924] [ARM-ERROR] Write timeout
[11:48:05.786] [ARM-ERROR] Write timeout
[11:48:06.431] [ARM-ERROR] Write timeout
[11:48:06.646] [ARM-ERROR] Write timeout
[11:48:09.881] [JETSON-INFO] heartbeat stopped
[11:48:09.882] [JETSON-INFO] protocol switched to OLD AA/FF/CC; heartbeat is disabled
[11:48:11.254] [ARM-ERROR] Write timeout
[11:48:12.022] [ARM-ERROR] Write timeout
[11:48:14.163] [JETSON-INFO] protocol switched to NEW A5 5A + CRC16
[11:48:19.209] [ARM-INFO] 已关闭串口
[11:48:19.487] [JETSON-INFO] 已停止周期视觉发送
[11:48:19.488] [JETSON-INFO] heartbeat stopped
[11:48:19.489] [JETSON-INFO] 已关闭串口
[11:49:04.841] [ARM-INFO] opened COM7 @ 115200
[11:49:05.539] [JETSON-INFO] opened COM14 @ 115200
[11:49:07.219] [ARM-TX] 发送命令 soft_reset: soft_reset
[11:49:07.315] [ARM-RX] Found handler for 'soft_reset', executing...
[11:49:07.315] [ARM-RX] ROBOT_SOFT_RESET_EVENT
[11:49:07.315] [ARM-RX] --- Starting soft reset ---
[11:49:07.563] [ARM-RX] Soft reset motors enabled (J1~J5, J6 skipped).
[11:49:07.563] [ARM-RX] Soft resetting joint 4...
[11:49:07.563] [ARM-RX] robot_update_current_angle 4...
[11:49:07.563] [ARM-RX] [4] current:90.00, target:90.00, dir:1
[11:49:07.686] [ARM-RX] Soft resetting joint 3...
[11:49:07.686] [ARM-RX] robot_update_current_angle 3...
[11:49:07.686] [ARM-RX] [3] current:0.00, target:0.00, dir:-1
[11:49:07.811] [ARM-RX] Soft resetting joint 1...
[11:49:07.874] [ARM-RX] robot_update_current_angle 1...
[11:49:07.874] [ARM-RX] [1] current:90.00, target:90.00, dir:1
[11:49:07.999] [ARM-RX] Soft resetting joint 2...
[11:49:07.999] [ARM-RX] robot_update_current_angle 2...
[11:49:07.999] [ARM-RX] [2] current:-90.00, target:-90.00, dir:-1
[11:49:08.123] [ARM-RX] Soft resetting joint 0...
[11:49:08.186] [ARM-RX] robot_update_current_angle 0...
[11:49:08.186] [ARM-RX] [0] current:90.00, target:90.00, dir:-1
[11:49:08.372] [ARM-RX] soft reset final verify PASS (issues:0), pose set HOME.
[11:49:13.799] [JETSON-INFO] heartbeat started: 200 ms
[11:49:13.799] [JETSON-TX] HEARTBEAT: A5 5A 01 01 4C 04 3C 32 74 02 65 95
[11:49:13.887] [ARM-RX] [JETSON_RX] heartbeat seq=76
[11:49:14.000] [JETSON-TX] HEARTBEAT: A5 5A 01 01 4D 04 07 33 74 02 38 A0
[11:49:14.039] [ARM-RX] [JETSON_RX] heartbeat seq=77
[11:49:14.201] [JETSON-TX] HEARTBEAT: A5 5A 01 01 4E 04 D3 33 74 02 01 63
[11:49:14.226] [ARM-RX] [JETSON_RX] heartbeat seq=78
[11:49:14.402] [JETSON-TX] HEARTBEAT: A5 5A 01 01 4F 04 9E 34 74 02 A6 1F
[11:49:14.475] [ARM-RX] [JETSON_RX] heartbeat seq=79
[11:49:14.603] [JETSON-TX] HEARTBEAT: A5 5A 01 01 50 04 69 35 74 02 C7 C4
[11:49:14.662] [ARM-RX] [JETSON_RX] heartbeat seq=80
[11:49:14.805] [JETSON-TX] HEARTBEAT: A5 5A 01 01 51 04 34 36 74 02 25 B9
[11:49:14.851] [ARM-RX] [JETSON_RX] heartbeat seq=81
[11:49:15.005] [JETSON-TX] HEARTBEAT: A5 5A 01 01 52 04 EF 36 74 02 1F 6E
[11:49:15.035] [ARM-RX] [JETSON_RX] heartbeat seq=82
[11:49:15.206] [JETSON-TX] HEARTBEAT: A5 5A 01 01 53 04 BB 37 74 02 5F 4F
[11:49:15.220] [ARM-RX] [JETSON_RX] heartbeat seq=83
[11:49:15.249] [JETSON-INFO] heartbeat stopped
[11:49:17.486] [DEMO-INFO] 演示配置已保存
[11:49:17.490] [JETSON-INFO] heartbeat started: 200 ms
[11:49:17.490] [JETSON-TX] HEARTBEAT: A5 5A 01 01 54 04 A4 40 74 02 E9 36
[11:49:17.491] [DEMO-INFO] 一键定靶演示开始
[11:49:17.491] [JETSON-TX] TARGET_CTRL_START_NEW: A5 5A 01 02 55 01 01 C8 38
[11:49:17.553] [JETSON-RX] A5 5A 01 81 55 03 04 01 00 59 C8 A5 5A 01 FE 55 01 01 F8 68
[11:49:17.553] [JETSON-STATUS] TARGET_CTRL_ON: A5 5A 01 81 55 03 04 01 00 59 C8
[11:49:17.556] [JETSON-STATUS] ERROR: A5 5A 01 FE 55 01 01 F8 68
[11:49:17.574] [ARM-RX] [JETSON_RX] heartbeat seq=84
[11:49:17.574] [ARM-RX] [JETSON_RX] target_ctrl=1
[11:49:17.601] [DEMO-ERROR] 未收到 READY，演示停止。请先确认 soft_reset 和状态机启动。
[11:49:17.691] [JETSON-TX] HEARTBEAT: A5 5A 01 01 56 04 6F 41 74 02 87 30
[11:49:17.726] [ARM-RX] [JETSON_RX] heartbeat seq=86
[11:49:17.757] [JETSON-RX] A5 5A 01 FE 56 01 01 08 68
[11:49:17.757] [JETSON-STATUS] ERROR: A5 5A 01 FE 56 01 01 08 68
[11:49:17.892] [JETSON-TX] HEARTBEAT: A5 5A 01 01 57 04 3A 42 74 02 67 2D
[11:49:17.912] [ARM-RX] [JETSON_RX] heartbeat seq=87
[11:49:17.958] [JETSON-RX] A5 5A 01 FE 57 01 01 59 A8
[11:49:17.958] [JETSON-STATUS] ERROR: A5 5A 01 FE 57 01 01 59 A8
[11:49:18.093] [JETSON-TX] HEARTBEAT: A5 5A 01 01 58 04 05 43 74 02 3A 06
[11:49:18.160] [JETSON-RX] A5 5A 01 FE 58 01 01 69 AB
[11:49:18.160] [ARM-RX] [JETSON_RX] heartbeat seq=88
[11:49:18.160] [JETSON-STATUS] ERROR: A5 5A 01 FE 58 01 01 69 AB
[11:49:18.294] [JETSON-TX] HEARTBEAT: A5 5A 01 01 59 04 D0 43 74 02 03 DB
[11:49:18.346] [ARM-RX] [JETSON_RX] heartbeat seq=89
[11:49:18.361] [JETSON-RX] A5 5A 01 FE 59 01 01 38 6B
[11:49:18.361] [JETSON-STATUS] ERROR: A5 5A 01 FE 59 01 01 38 6B
[11:49:18.495] [JETSON-TX] HEARTBEAT: A5 5A 01 01 5A 04 9B 44 74 02 A5 CD
[11:49:18.532] [ARM-RX] [JETSON_RX] heartbeat seq=90
[11:49:18.562] [JETSON-RX] A5 5A 01 FE 5A 01 01 C8 6B
[11:49:18.562] [JETSON-STATUS] ERROR: A5 5A 01 FE 5A 01 01 C8 6B
[11:49:18.696] [JETSON-TX] HEARTBEAT: A5 5A 01 01 5B 04 67 45 74 02 C5 8C
[11:49:18.717] [ARM-RX] [JETSON_RX] heartbeat seq=91
[11:49:18.762] [JETSON-RX] A5 5A 01 FE 5B 01 01 99 AB
[11:49:18.763] [JETSON-STATUS] ERROR: A5 5A 01 FE 5B 01 01 99 AB
[11:49:18.897] [JETSON-TX] HEARTBEAT: A5 5A 01 01 5C 04 22 46 74 02 21 37
[11:49:18.963] [JETSON-RX] A5 5A 01 FE 5C 01 01 28 6A
[11:49:18.963] [JETSON-STATUS] ERROR: A5 5A 01 FE 5C 01 01 28 6A
[11:49:18.963] [ARM-RX] [JETSON_RX] heartbeat seq=92
[11:49:19.098] [JETSON-TX] HEARTBEAT: A5 5A 01 01 5D 04 ED 46 74 02 1F F2
[11:49:19.150] [ARM-RX] [JETSON_RX] heartbeat seq=93
[11:49:19.166] [JETSON-RX] A5 5A 01 FE 5D 01 01 79 AA
[11:49:19.166] [JETSON-STATUS] ERROR: A5 5A 01 FE 5D 01 01 79 AA
[11:49:19.299] [JETSON-TX] HEARTBEAT: A5 5A 01 01 5E 04 B8 47 74 02 5F CD
[11:49:19.338] [ARM-RX] [JETSON_RX] heartbeat seq=94
[11:49:19.368] [JETSON-RX] A5 5A 01 FE 5E 01 01 89 AA
[11:49:19.368] [JETSON-STATUS] ERROR: A5 5A 01 FE 5E 01 01 89 AA
[11:49:19.499] [JETSON-TX] HEARTBEAT: A5 5A 01 01 5F 04 83 48 74 02 63 3B
[11:49:19.523] [ARM-RX] [JETSON_RX] heartbeat seq=95
[11:49:19.569] [JETSON-RX] A5 5A 01 FE 5F 01 01 D8 6A
[11:49:19.569] [JETSON-STATUS] ERROR: A5 5A 01 FE 5F 01 01 D8 6A
[11:49:19.701] [JETSON-TX] HEARTBEAT: A5 5A 01 01 60 04 4F 49 74 02 08 A4
[11:49:19.771] [JETSON-RX] A5 5A 01 FE 60 01 01 E8 66
[11:49:19.771] [ARM-RX] [JETSON_RX] heartbeat seq=96
[11:49:19.771] [JETSON-STATUS] ERROR: A5 5A 01 FE 60 01 01 E8 66
[11:49:19.902] [JETSON-TX] HEARTBEAT: A5 5A 01 01 61 04 1A 4A 74 02 E8 B9
[11:49:19.954] [ARM-RX] [JETSON_RX] heartbeat seq=97
[11:49:19.969] [JETSON-RX] A5 5A 01 FE 61 01 01 B9 A6
[11:49:19.969] [JETSON-STATUS] ERROR: A5 5A 01 FE 61 01 01 B9 A6
[11:49:20.103] [JETSON-TX] HEARTBEAT: A5 5A 01 01 62 04 E5 4A 74 02 D8 9E
[11:49:20.138] [ARM-RX] [JETSON_RX] heartbeat seq=98
[11:49:20.168] [JETSON-RX] A5 5A 01 FE 62 01 01 49 A6
[11:49:20.168] [JETSON-STATUS] ERROR: A5 5A 01 FE 62 01 01 49 A6
[11:49:20.303] [JETSON-TX] HEARTBEAT: A5 5A 01 01 63 04 A0 4B 74 02 9D 83
[11:49:20.322] [ARM-RX] [JETSON_RX] heartbeat seq=99
[11:49:20.368] [JETSON-RX] A5 5A 01 FE 63 01 01 18 66
[11:49:20.368] [JETSON-STATUS] ERROR: A5 5A 01 FE 63 01 01 18 66
[11:49:20.504] [JETSON-TX] HEARTBEAT: A5 5A 01 01 64 04 6B 4C 74 02 13 D1
[11:49:20.569] [JETSON-RX] A5 5A 01 FE 64 01 01 A9 A7
[11:49:20.569] [ARM-RX] [JETSON_RX] heartbeat seq=100
[11:49:20.569] [JETSON-STATUS] ERROR: A5 5A 01 FE 64 01 01 A9 A7
[11:49:20.705] [JETSON-TX] HEARTBEAT: A5 5A 01 01 65 04 37 4D 74 02 51 90
[11:49:20.754] [ARM-RX] [JETSON_RX] heartbeat seq=101
[11:49:20.770] [JETSON-RX] A5 5A 01 FE 65 01 01 F8 67
[11:49:20.770] [JETSON-STATUS] ERROR: A5 5A 01 FE 65 01 01 F8 67
[11:49:20.906] [JETSON-TX] HEARTBEAT: A5 5A 01 01 66 04 02 4E 74 02 AE 6F
[11:49:20.941] [ARM-RX] [JETSON_RX] heartbeat seq=102
[11:49:20.972] [JETSON-RX] A5 5A 01 FE 66 01 01 08 67
[11:49:20.972] [JETSON-STATUS] ERROR: A5 5A 01 FE 66 01 01 08 67
[11:49:21.107] [JETSON-TX] HEARTBEAT: A5 5A 01 01 67 04 CD 4E 74 02 90 AA
[11:49:21.127] [ARM-RX] [JETSON_RX] heartbeat seq=103
[11:49:21.173] [JETSON-RX] A5 5A 01 FE 67 01 01 59 A7
[11:49:21.173] [JETSON-STATUS] ERROR: A5 5A 01 FE 67 01 01 59 A7
[11:49:21.308] [JETSON-TX] HEARTBEAT: A5 5A 01 01 68 04 98 4F 74 02 D0 59
[11:49:21.374] [JETSON-RX] A5 5A 01 FE 68 01 01 69 A4
[11:49:21.374] [JETSON-STATUS] ERROR: A5 5A 01 FE 68 01 01 69 A4
[11:49:21.374] [ARM-RX] [JETSON_RX] heartbeat seq=104
[11:49:21.509] [JETSON-TX] HEARTBEAT: A5 5A 01 01 69 04 63 50 74 02 D1 6A
[11:49:21.561] [ARM-RX] [JETSON_RX] heartbeat seq=105
[11:49:21.576] [JETSON-RX] A5 5A 01 FE 69 01 01 38 64
[11:49:21.576] [JETSON-STATUS] ERROR: A5 5A 01 FE 69 01 01 38 64
[11:49:21.710] [JETSON-TX] HEARTBEAT: A5 5A 01 01 6A 04 1F 51 74 02 99 09
[11:49:21.748] [ARM-RX] [JETSON_RX] heartbeat seq=106
[11:49:21.780] [JETSON-RX] A5 5A 01 FE 6A 01 01 C8 64
[11:49:21.780] [JETSON-STATUS] ERROR: A5 5A 01 FE 6A 01 01 C8 64
[11:49:21.911] [JETSON-TX] HEARTBEAT: A5 5A 01 01 6B 04 EA 51 74 02 AB 14
[11:49:21.935] [ARM-RX] [JETSON_RX] heartbeat seq=107
[11:49:21.980] [JETSON-RX] A5 5A 01 FE 6B 01 01 99 A4
[11:49:21.980] [JETSON-STATUS] ERROR: A5 5A 01 FE 6B 01 01 99 A4
[11:49:22.111] [JETSON-TX] HEARTBEAT: A5 5A 01 01 6C 04 B5 52 74 02 48 B7
[11:49:22.120] [ARM-RX] [JETSON_RX] heartbeat seq=108
[11:49:22.180] [JETSON-RX] A5 5A 01 FE 6C 01 01 28 65
[11:49:22.180] [JETSON-STATUS] ERROR: A5 5A 01 FE 6C 01 01 28 65
[11:49:22.312] [JETSON-TX] HEARTBEAT: A5 5A 01 01 6D 04 80 53 74 02 17 6A
[11:49:22.366] [ARM-RX] [JETSON_RX] heartbeat seq=109
[11:49:22.381] [JETSON-RX] A5 5A 01 FE 6D 01 01 79 A5
[11:49:22.381] [JETSON-STATUS] ERROR: A5 5A 01 FE 6D 01 01 79 A5
[11:49:22.513] [JETSON-TX] HEARTBEAT: A5 5A 01 01 6E 04 4B 54 74 02 98 BC
[11:49:22.553] [ARM-RX] [JETSON_RX] heartbeat seq=110
[11:49:22.584] [JETSON-RX] A5 5A 01 FE 6E 01 01 89 A5
[11:49:22.584] [JETSON-STATUS] ERROR: A5 5A 01 FE 6E 01 01 89 A5
[11:49:22.714] [JETSON-TX] HEARTBEAT: A5 5A 01 01 6F 04 16 55 74 02 DB 01
[11:49:22.740] [ARM-RX] [JETSON_RX] heartbeat seq=111
[11:49:22.787] [JETSON-RX] A5 5A 01 FE 6F 01 01 D8 65
[11:49:22.787] [JETSON-STATUS] ERROR: A5 5A 01 FE 6F 01 01 D8 65
[11:49:22.915] [JETSON-TX] HEARTBEAT: A5 5A 01 01 70 04 E1 55 74 02 EB 1A
[11:49:22.928] [ARM-RX] [JETSON_RX] heartbeat seq=112
[11:49:22.974] [JETSON-RX] A5 5A 01 FE 70 01 01 E9 A3
[11:49:22.974] [JETSON-STATUS] ERROR: A5 5A 01 FE 70 01 01 E9 A3
[11:49:23.116] [JETSON-TX] HEARTBEAT: A5 5A 01 01 71 04 9D 56 74 02 03 5B
[11:49:23.175] [JETSON-RX] A5 5A 01 FE 71 01 01 B8 63
[11:49:23.175] [ARM-RX] [JETSON_RX] heartbeat seq=113
[11:49:23.175] [JETSON-STATUS] ERROR: A5 5A 01 FE 71 01 01 B8 63
[11:49:23.317] [JETSON-TX] HEARTBEAT: A5 5A 01 01 72 04 68 57 74 02 61 64
[11:49:23.359] [ARM-RX] [JETSON_RX] heartbeat seq=114
[11:49:23.390] [JETSON-RX] A5 5A 01 FE 72 01 01 48 63
[11:49:23.390] [JETSON-STATUS] ERROR: A5 5A 01 FE 72 01 01 48 63
[11:49:23.517] [JETSON-TX] HEARTBEAT: A5 5A 01 01 73 04 33 58 74 02 43 92
[11:49:23.545] [ARM-RX] [JETSON_RX] heartbeat seq=115
[11:49:23.593] [JETSON-RX] A5 5A 01 FE 73 01 01 19 A3
[11:49:23.593] [JETSON-STATUS] ERROR: A5 5A 01 FE 73 01 01 19 A3
[11:49:23.718] [JETSON-TX] HEARTBEAT: A5 5A 01 01 74 04 FE 58 74 02 7C 89
[11:49:23.733] [ARM-RX] [JETSON_RX] heartbeat seq=116
[11:49:23.794] [JETSON-RX] A5 5A 01 FE 74 01 01 A8 62
[11:49:23.796] [JETSON-STATUS] ERROR: A5 5A 01 FE 74 01 01 A8 62
[11:49:23.919] [JETSON-TX] HEARTBEAT: A5 5A 01 01 75 04 C9 59 74 02 22 EC
[11:49:23.938] [JETSON-INFO] 已停止周期视觉发送
[11:49:23.940] [JETSON-INFO] heartbeat stopped
[11:49:23.940] [JETSON-TX] TARGET_CTRL_STOP_NEW: A5 5A 01 02 76 01 00 F8 32
[11:49:23.941] [ARM-TX] 发送命令 laser_off: laser_off
[11:49:23.941] [DEMO-INFO] 演示已停止，已关闭视觉发送、激光输出，并请求回 HOME
[11:49:23.982] [ARM-RX] [JETSON_RX] heartbeat seq=117
[11:49:23.984] [ARM-RX] Found handler for 'laser_off', executing...
[11:49:23.984] [ARM-RX] laser_off
[11:49:23.984] [ARM-RX] [JETSON_RX] target_ctrl=0
[11:49:23.984] [ARM-RX] ROBOT_SOFT_RESET_EVENT
[11:49:23.985] [ARM-RX] --- Starting soft reset ---
[11:49:24.013] [JETSON-RX] A5 5A 01 FE 75 01 01 F9 A2 A5 5A 01 81 76 03 04 00 00 9D 9F
[11:49:24.014] [JETSON-STATUS] ERROR: A5 5A 01 FE 75 01 01 F9 A2
[11:49:24.015] [JETSON-STATUS] TARGET_CTRL_OFF: A5 5A 01 81 76 03 04 00 00 9D 9F
[11:49:24.168] [ARM-RX] Soft reset motors enabled (J1~J5, J6 skipped).
[11:49:24.168] [ARM-RX] Soft resetting joint 4...
[11:49:24.230] [ARM-RX] robot_update_current_angle 4...
[11:49:24.230] [ARM-RX] [4] current:90.00, target:90.00, dir:1
[11:49:24.356] [ARM-RX] Soft resetting joint 3...
[11:49:24.356] [ARM-RX] robot_update_current_angle 3...
[11:49:24.356] [ARM-RX] [3] current:0.00, target:0.00, dir:-1
[11:49:24.480] [ARM-RX] Soft resetting joint 1...
[11:49:24.543] [ARM-RX] robot_update_current_angle 1...
[11:49:24.543] [ARM-RX] [1] current:90.00, target:90.00, dir:1
[11:49:24.667] [ARM-RX] Soft resetting joint 2...
[11:49:24.667] [ARM-RX] robot_update_current_angle 2...
[11:49:24.667] [ARM-RX] [2] current:-90.00, target:-90.00, dir:-1
[11:49:24.793] [ARM-RX] Soft resetting joint 0...
[11:49:24.793] [ARM-RX] robot_update_current_angle 0...
[11:49:24.793] [ARM-RX] [0] current:90.00, target:90.00, dir:-1
[11:49:25.041] [ARM-RX] soft reset final verify PASS (issues:0), pose set HOME.
[11:51:11.358] [JETSON-TX] TARGET_CTRL_START_NEW: A5 5A 01 02 77 01 01 68 32
[11:51:11.434] [JETSON-RX] A5 5A 01 81 77 03 04 01 00 A1 CF A5 5A 01 FE 77 01 01 58 62
[11:51:11.434] [JETSON-STATUS] TARGET_CTRL_ON: A5 5A 01 81 77 03 04 01 00 A1 CF
[11:51:11.435] [JETSON-STATUS] ERROR: A5 5A 01 FE 77 01 01 58 62
[11:51:11.497] [ARM-RX] [JETSON_RX] target_ctrl=1
[11:51:12.253] [JETSON-RX] A5 5A 01 FE 77 01 01 58 62 A5 5A 01 FE 77 01 01 58 62 A5 5A 01 FE 77 01 01 58 62 A5 5A 01 FE 77 01 01 58 62 A5 5A 01 FE 77 01 01 58 62 A5 5A 01 FE 77 01 01 58 62 A5 5A 01 FE 77 01 01 58 62 A5 5A 01 FE 77 01 01 58 62 A5 5A 01 FE 77 01 01 58 62 A5 5A 01 FE 77 01 01 58 62 A5 5A 01 FE 77 01 01 58 62 A5 5A 01 FE 77 01 01 58 62 A5 5A 01 FE 77 01 01 58 62 A5 5A 01 FE 77 01 01 58 62 A5 5A 01 FE 77 01 01 58 62 A5 5A 01 FE 77 01 01 58 62 A5 5A 01 FE 77 01 01 58 62 A5 5A 01 FE 77 01 01 58 62 A5 5A 01 FE 77 01 01 58 62 A5 5A 01 FE 77 01 01 58 62 A5 5A 01 FE 77 01 01 58 62 A5 5A 01 FE 77 01 01 58 62 A5 5A 01 FE 77 01 01 58 62 A5 5A 01 FE 77 01 01 58 62 A5 5A 01 FE 77 01 01 58 62 A5 5A 01 FE 77 01 01 58 62 A5 5A 01 FE 77 01 01 58 62 A5 5A 01 FE 77 01 01 58 62 A5 5A 01 FE
[11:51:12.253] [JETSON-STATUS] ERROR: A5 5A 01 FE 77 01 01 58 62
[11:51:12.254] [JETSON-STATUS] ERROR: A5 5A 01 FE 77 01 01 58 62
[11:51:12.254] [JETSON-STATUS] ERROR: A5 5A 01 FE 77 01 01 58 62
[11:51:12.255] [JETSON-STATUS] ERROR: A5 5A 01 FE 77 01 01 58 62
[11:51:12.255] [JETSON-STATUS] ERROR: A5 5A 01 FE 77 01 01 58 62
[11:51:12.255] [JETSON-STATUS] ERROR: A5 5A 01 FE 77 01 01 58 62
[11:51:12.255] [JETSON-STATUS] ERROR: A5 5A 01 FE 77 01 01 58 62
[11:51:12.256] [JETSON-STATUS] ERROR: A5 5A 01 FE 77 01 01 58 62
[11:51:12.256] [JETSON-STATUS] ERROR: A5 5A 01 FE 77 01 01 58 62
[11:51:12.257] [JETSON-STATUS] ERROR: A5 5A 01 FE 77 01 01 58 62
[11:51:12.257] [JETSON-STATUS] ERROR: A5 5A 01 FE 77 01 01 58 62
[11:51:12.257] [JETSON-STATUS] ERROR: A5 5A 01 FE 77 01 01 58 62
[11:51:12.258] [JETSON-STATUS] ERROR: A5 5A 01 FE 77 01 01 58 62
[11:51:12.258] [JETSON-STATUS] ERROR: A5 5A 01 FE 77 01 01 58 62
[11:51:12.258] [JETSON-STATUS] ERROR: A5 5A 01 FE 77 01 01 58 62
[11:51:12.259] [JETSON-STATUS] ERROR: A5 5A 01 FE 77 01 01 58 62
[11:51:12.259] [JETSON-STATUS] ERROR: A5 5A 01 FE 77 01 01 58 62
[11:51:12.259] [JETSON-STATUS] ERROR: A5 5A 01 FE 77 01 01 58 62
[11:51:12.259] [JETSON-STATUS] ERROR: A5 5A 01 FE 77 01 01 58 62
[11:51:12.260] [JETSON-STATUS] ERROR: A5 5A 01 FE 77 01 01 58 62
[11:51:12.260] [JETSON-STATUS] ERROR: A5 5A 01 FE 77 01 01 58 62
[11:51:12.260] [JETSON-STATUS] ERROR: A5 5A 01 FE 77 01 01 58 62
[11:51:12.260] [JETSON-STATUS] ERROR: A5 5A 01 FE 77 01 01 58 62
[11:51:12.261] [JETSON-STATUS] ERROR: A5 5A 01 FE 77 01 01 58 62
[11:51:12.261] [JETSON-STATUS] ERROR: A5 5A 01 FE 77 01 01 58 62
[11:51:12.261] [JETSON-STATUS] ERROR: A5 5A 01 FE 77 01 01 58 62
[11:51:12.261] [JETSON-STATUS] ERROR: A5 5A 01 FE 77 01 01 58 62
[11:51:12.262] [JETSON-STATUS] ERROR: A5 5A 01 FE 77 01 01 58 62
[11:51:12.533] [JETSON-RX] 77 01 01 58 62 A5 5A 01 FE 77 01 01 58 62 A5 5A 01 FE 77 01 01 58 62 A5 5A 01 FE 77 01 01 58 62 A5 5A 01 FE 77 01 01 58 62 A5 5A 01 FE 77 01 01 58 62 A5 5A 01 FE 77 01 01 58 62 A5 5A 01 FE 77 01 01 58 62 A5 5A 01 FE 77 01 01 58 62 A5 5A 01 FE 77 01 01 58 62 A5 5A 01 FE 77 01 01 58 62 A5 5A 01 FE 77 01 01 58 62 A5 5A 01 FE 77 01 01 58 62 A5 5A 01 FE 77 01 01 58 62 A5 5A 01 FE 77 01 01 58 62 A5 5A 01 FE 77 01 01 58 62 A5 5A 01 FE 77 01 01 58 62 A5 5A 01 FE 77 01 01 58 62 A5 5A 01 FE 77 01 01 58 62 A5 5A 01 FE 77 01 01 58 62 A5 5A 01 FE 77 01 01 58 62 A5 5A 01 FE 77 01 01 58 62 A5 5A 01 FE 77 01 01 58 62 A5 5A 01 FE 77 01 01 58 62 A5 5A 01 FE 77 01 01 58 62 A5 5A 01 FE 77 01 01 58 62 A5 5A 01 FE 77 01 01 58 62 A5 5A 01 FE 77 01 01 58 62 A5 5A 01 FE 77 01 01 58
[11:51:12.533] [JETSON-STATUS] ERROR: A5 5A 01 FE 77 01 01 58 62
[11:51:12.533] [JETSON-STATUS] ERROR: A5 5A 01 FE 77 01 01 58 62
[11:51:12.534] [JETSON-STATUS] ERROR: A5 5A 01 FE 77 01 01 58 62
[11:51:12.534] [JETSON-STATUS] ERROR: A5 5A 01 FE 77 01 01 58 62
[11:51:12.534] [JETSON-STATUS] ERROR: A5 5A 01 FE 77 01 01 58 62
[11:51:12.535] [JETSON-STATUS] ERROR: A5 5A 01 FE 77 01 01 58 62
[11:51:12.535] [JETSON-STATUS] ERROR: A5 5A 01 FE 77 01 01 58 62
[11:51:12.535] [JETSON-STATUS] ERROR: A5 5A 01 FE 77 01 01 58 62
[11:51:12.535] [JETSON-STATUS] ERROR: A5 5A 01 FE 77 01 01 58 62
[11:51:12.536] [JETSON-STATUS] ERROR: A5 5A 01 FE 77 01 01 58 62
[11:51:12.536] [JETSON-STATUS] ERROR: A5 5A 01 FE 77 01 01 58 62
[11:51:12.536] [JETSON-STATUS] ERROR: A5 5A 01 FE 77 01 01 58 62
[11:51:12.538] [JETSON-STATUS] ERROR: A5 5A 01 FE 77 01 01 58 62
[11:51:12.539] [JETSON-STATUS] ERROR: A5 5A 01 FE 77 01 01 58 62
[11:51:12.540] [JETSON-STATUS] ERROR: A5 5A 01 FE 77 01 01 58 62
[11:51:12.540] [JETSON-STATUS] ERROR: A5 5A 01 FE 77 01 01 58 62
[11:51:12.540] [JETSON-STATUS] ERROR: A5 5A 01 FE 77 01 01 58 62
[11:51:12.541] [JETSON-STATUS] ERROR: A5 5A 01 FE 77 01 01 58 62
[11:51:12.541] [JETSON-STATUS] ERROR: A5 5A 01 FE 77 01 01 58 62
[11:51:12.542] [JETSON-STATUS] ERROR: A5 5A 01 FE 77 01 01 58 62
[11:51:12.542] [JETSON-STATUS] ERROR: A5 5A 01 FE 77 01 01 58 62
[11:51:12.542] [JETSON-STATUS] ERROR: A5 5A 01 FE 77 01 01 58 62
[11:51:12.543] [JETSON-STATUS] ERROR: A5 5A 01 FE 77 01 01 58 62
[11:51:12.543] [JETSON-STATUS] ERROR: A5 5A 01 FE 77 01 01 58 62
[11:51:12.543] [JETSON-STATUS] ERROR: A5 5A 01 FE 77 01 01 58 62
[11:51:12.543] [JETSON-STATUS] ERROR: A5 5A 01 FE 77 01 01 58 62
[11:51:12.544] [JETSON-STATUS] ERROR: A5 5A 01 FE 77 01 01 58 62
[11:51:12.823] [JETSON-RX] 62 A5 5A 01 FE 77 01 01 58 62 A5 5A 01 FE 77 01 01 58 62 A5 5A 01 FE 77 01 01 58 62 A5 5A 01 FE 77 01 01 58 62 A5 5A 01 FE 77 01 01 58 62 A5 5A 01 FE 77 01 01 58 62 A5 5A 01 FE 77 01 01 58 62 A5 5A 01 FE 77 01 01 58 62 A5 5A 01 FE 77 01 01 58 62 A5 5A 01 FE 77 01 01 58 62 A5 5A 01 FE 77 01 01 58 62 A5 5A 01 FE 77 01 01 58 62 A5 5A 01 FE 77 01 01 58 62 A5 5A 01 FE 77 01 01 58 62 A5 5A 01 FE 77 01 01 58 62 A5 5A 01 FE 77 01 01 58 62 A5 5A 01 FE 77 01 01 58 62 A5 5A 01 FE 77 01 01 58 62 A5 5A 01 FE 77 01 01 58 62 A5 5A 01 FE 77 01 01 58 62 A5 5A 01 FE 77 01 01 58 62 A5 5A 01 FE 77 01 01 58 62 A5 5A 01 FE 77 01 01 58 62 A5 5A 01 FE 77 01 01 58 62 A5 5A 01 FE 77 01 01 58 62 A5 5A 01 FE 77 01 01 58 62 A5 5A 01 FE 77 01 01 58 62 A5 5A 01 FE 77 01 01 58 62 A5 5A 01
[11:51:12.824] [JETSON-STATUS] ERROR: A5 5A 01 FE 77 01 01 58 62
[11:51:12.824] [JETSON-STATUS] ERROR: A5 5A 01 FE 77 01 01 58 62
[11:51:12.824] [JETSON-STATUS] ERROR: A5 5A 01 FE 77 01 01 58 62
[11:51:12.825] [JETSON-STATUS] ERROR: A5 5A 01 FE 77 01 01 58 62
[11:51:12.825] [JETSON-STATUS] ERROR: A5 5A 01 FE 77 01 01 58 62
[11:51:12.825] [JETSON-STATUS] ERROR: A5 5A 01 FE 77 01 01 58 62
[11:51:12.826] [JETSON-STATUS] ERROR: A5 5A 01 FE 77 01 01 58 62
[11:51:12.826] [JETSON-STATUS] ERROR: A5 5A 01 FE 77 01 01 58 62
[11:51:12.826] [JETSON-STATUS] ERROR: A5 5A 01 FE 77 01 01 58 62
[11:51:12.827] [JETSON-STATUS] ERROR: A5 5A 01 FE 77 01 01 58 62
[11:51:12.827] [JETSON-STATUS] ERROR: A5 5A 01 FE 77 01 01 58 62
[11:51:12.827] [JETSON-STATUS] ERROR: A5 5A 01 FE 77 01 01 58 62
[11:51:12.827] [JETSON-STATUS] ERROR: A5 5A 01 FE 77 01 01 58 62
[11:51:12.828] [JETSON-STATUS] ERROR: A5 5A 01 FE 77 01 01 58 62
[11:51:12.828] [JETSON-STATUS] ERROR: A5 5A 01 FE 77 01 01 58 62
[11:51:12.828] [JETSON-STATUS] ERROR: A5 5A 01 FE 77 01 01 58 62
[11:51:12.829] [JETSON-STATUS] ERROR: A5 5A 01 FE 77 01 01 58 62
[11:51:12.829] [JETSON-STATUS] ERROR: A5 5A 01 FE 77 01 01 58 62
[11:51:12.829] [JETSON-STATUS] ERROR: A5 5A 01 FE 77 01 01 58 62
[11:51:12.829] [JETSON-STATUS] ERROR: A5 5A 01 FE 77 01 01 58 62
[11:51:12.830] [JETSON-STATUS] ERROR: A5 5A 01 FE 77 01 01 58 62
[11:51:12.830] [JETSON-STATUS] ERROR: A5 5A 01 FE 77 01 01 58 62
[11:51:12.831] [JETSON-STATUS] ERROR: A5 5A 01 FE 77 01 01 58 62
[11:51:12.831] [JETSON-STATUS] ERROR: A5 5A 01 FE 77 01 01 58 62
[11:51:12.831] [JETSON-STATUS] ERROR: A5 5A 01 FE 77 01 01 58 62
[11:51:12.831] [JETSON-STATUS] ERROR: A5 5A 01 FE 77 01 01 58 62
[11:51:12.832] [JETSON-STATUS] ERROR: A5 5A 01 FE 77 01 01 58 62
[11:51:12.832] [JETSON-STATUS] ERROR: A5 5A 01 FE 77 01 01 58 62
[11:51:12.832] [JETSON-STATUS] ERROR: A5 5A 01 FE 77 01 01 58 62
[11:51:13.103] [JETSON-RX] FE 77 01 01 58 62 A5 5A 01 FE 77 01 01 58 62 A5 5A 01 FE 77 01 01 58 62 A5 5A 01 FE 77 01 01 58 62 A5 5A 01 FE 77 01 01 58 62 A5 5A 01 FE 77 01 01 58 62 A5 5A 01 FE 77 01 01 58 62 A5 5A 01 FE 77 01 01 58 62 A5 5A 01 FE 77 01 01 58 62 A5 5A 01 FE 77 01 01 58 62 A5 5A 01 FE 77 01 01 58 62 A5 5A 01 FE 77 01 01 58 62 A5 5A 01 FE 77 01 01 58 62 A5 5A 01 FE 77 01 01 58 62 A5 5A 01 FE 77 01 01 58 62 A5 5A 01 FE 77 01 01 58 62 A5 5A 01 FE 77 01 01 58 62 A5 5A 01 FE 77 01 01 58 62 A5 5A 01 FE 77 01 01 58 62 A5 5A 01 FE 77 01 01 58 62 A5 5A 01 FE 77 01 01 58 62 A5 5A 01 FE 77 01 01 58 62 A5 5A 01 FE 77 01 01 58 62 A5 5A 01 FE 77 01 01 58 62 A5 5A 01 FE 77 01 01 58 62 A5 5A 01 FE 77 01 01 58 62 A5 5A 01 FE 77 01 01 58 62 A5 5A 01 FE 77 01 01 58 62 A5 5A 01 FE 77 01 01
[11:51:13.103] [JETSON-STATUS] ERROR: A5 5A 01 FE 77 01 01 58 62
[11:51:13.104] [JETSON-STATUS] ERROR: A5 5A 01 FE 77 01 01 58 62
[11:51:13.104] [JETSON-STATUS] ERROR: A5 5A 01 FE 77 01 01 58 62
[11:51:13.105] [JETSON-STATUS] ERROR: A5 5A 01 FE 77 01 01 58 62
[11:51:13.105] [JETSON-STATUS] ERROR: A5 5A 01 FE 77 01 01 58 62
[11:51:13.105] [JETSON-STATUS] ERROR: A5 5A 01 FE 77 01 01 58 62
[11:51:13.106] [JETSON-STATUS] ERROR: A5 5A 01 FE 77 01 01 58 62
[11:51:13.106] [JETSON-STATUS] ERROR: A5 5A 01 FE 77 01 01 58 62
[11:51:13.106] [JETSON-STATUS] ERROR: A5 5A 01 FE 77 01 01 58 62
[11:51:13.107] [JETSON-STATUS] ERROR: A5 5A 01 FE 77 01 01 58 62
[11:51:13.107] [JETSON-STATUS] ERROR: A5 5A 01 FE 77 01 01 58 62
[11:51:13.107] [JETSON-STATUS] ERROR: A5 5A 01 FE 77 01 01 58 62
[11:51:13.107] [JETSON-STATUS] ERROR: A5 5A 01 FE 77 01 01 58 62
[11:51:13.108] [JETSON-STATUS] ERROR: A5 5A 01 FE 77 01 01 58 62
[11:51:13.108] [JETSON-STATUS] ERROR: A5 5A 01 FE 77 01 01 58 62
[11:51:13.108] [JETSON-STATUS] ERROR: A5 5A 01 FE 77 01 01 58 62
[11:51:13.109] [JETSON-STATUS] ERROR: A5 5A 01 FE 77 01 01 58 62
[11:51:13.109] [JETSON-STATUS] ERROR: A5 5A 01 FE 77 01 01 58 62
[11:51:13.109] [JETSON-STATUS] ERROR: A5 5A 01 FE 77 01 01 58 62
[11:51:13.110] [JETSON-STATUS] ERROR: A5 5A 01 FE 77 01 01 58 62
[11:51:13.110] [JETSON-STATUS] ERROR: A5 5A 01 FE 77 01 01 58 62
[11:51:13.111] [JETSON-STATUS] ERROR: A5 5A 01 FE 77 01 01 58 62
[11:51:13.112] [JETSON-STATUS] ERROR: A5 5A 01 FE 77 01 01 58 62
[11:51:13.113] [JETSON-STATUS] ERROR: A5 5A 01 FE 77 01 01 58 62
[11:51:13.113] [JETSON-STATUS] ERROR: A5 5A 01 FE 77 01 01 58 62
[11:51:13.113] [JETSON-STATUS] ERROR: A5 5A 01 FE 77 01 01 58 62
[11:51:13.113] [JETSON-STATUS] ERROR: A5 5A 01 FE 77 01 01 58 62
[11:51:13.393] [JETSON-RX] 58 62 A5 5A 01 FE 77 01 01 58 62 A5 5A 01 FE 77 01 01 58 62 A5 5A 01 FE 77 01 01 58 62 A5 5A 01 FE 77 01 01 58 62 A5 5A 01 FE 77 01 01 58 62 A5 5A 01 FE 77 01 01 58 62 A5 5A 01 FE 77 01 01 58 62 A5 5A 01 FE 77 01 01 58 62 A5 5A 01 FE 77 01 01 58 62 A5 5A 01 FE 77 01 01 58 62 A5 5A 01 FE 77 01 01 58 62 A5 5A 01 FE 77 01 01 58 62 A5 5A 01 FE 77 01 01 58 62 A5 5A 01 FE 77 01 01 58 62 A5 5A 01 FE 77 01 01 58 62 A5 5A 01 FE 77 01 01 58 62 A5 5A 01 FE 77 01 01 58 62 A5 5A 01 FE 77 01 01 58 62 A5 5A 01 FE 77 01 01 58 62 A5 5A 01 FE 77 01 01 58 62 A5 5A 01 FE 77 01 01 58 62 A5 5A 01 FE 77 01 01 58 62 A5 5A 01 FE 77 01 01 58 62 A5 5A 01 FE 77 01 01 58 62 A5 5A 01 FE 77 01 01 58 62 A5 5A 01 FE 77 01 01 58 62 A5 5A 01 FE 77 01 01 58 62 A5 5A 01 FE 77 01 01 58 62 A5 5A
[11:51:13.393] [JETSON-STATUS] ERROR: A5 5A 01 FE 77 01 01 58 62
[11:51:13.394] [JETSON-STATUS] ERROR: A5 5A 01 FE 77 01 01 58 62
[11:51:13.394] [JETSON-STATUS] ERROR: A5 5A 01 FE 77 01 01 58 62
[11:51:13.395] [JETSON-STATUS] ERROR: A5 5A 01 FE 77 01 01 58 62
[11:51:13.395] [JETSON-STATUS] ERROR: A5 5A 01 FE 77 01 01 58 62
[11:51:13.395] [JETSON-STATUS] ERROR: A5 5A 01 FE 77 01 01 58 62
[11:51:13.395] [JETSON-STATUS] ERROR: A5 5A 01 FE 77 01 01 58 62
[11:51:13.396] [JETSON-STATUS] ERROR: A5 5A 01 FE 77 01 01 58 62
[11:51:13.396] [JETSON-STATUS] ERROR: A5 5A 01 FE 77 01 01 58 62
