[12:30:24.643] [APP-INFO] 已刷新串口: COM7, COM16, COM22, COM21, COM14
[12:30:24.644] [APP-INFO] log file: E:\Renesas\RA6M5-Robot\Robot_FreeRTOS - Arm\UpperComputer\dist\logs\ra6m5_upper_console_20260706_123024.log
[12:30:27.101] [ARM-INFO] opened COM7 @ 115200
[12:30:27.624] [JETSON-INFO] opened COM14 @ 115200
[12:30:28.537] [ARM-TX] 发送命令 soft_reset: soft_reset
[12:30:28.598] [ARM-RX] Found handler for 'soft_reset', executing...
[12:30:28.598] [ARM-RX] ROBOT_SOFT_RESET_EVENT
[12:30:28.598] [ARM-RX] --- Starting soft reset ---
[12:30:28.847] [ARM-RX] Soft reset motors enabled (J1~J5, J6 skipped).
[12:30:28.847] [ARM-RX] Soft resetting joint 4...
[12:30:28.848] [ARM-RX] robot_update_current_angle 4...
[12:30:28.850] [ARM-RX] [4] current:90.00, target:90.00, dir:1
[12:30:28.972] [ARM-RX] Soft resetting joint 3...
[12:30:28.972] [ARM-RX] robot_update_current_angle 3...
[12:30:28.973] [ARM-RX] [3] current:0.00, target:0.00, dir:-1
[12:30:29.096] [ARM-RX] Soft resetting joint 1...
[12:30:29.158] [ARM-RX] robot_update_current_angle 1...
[12:30:29.158] [ARM-RX] [1] current:90.00, target:90.00, dir:1
[12:30:29.283] [ARM-RX] Soft resetting joint 2...
[12:30:29.283] [ARM-RX] robot_update_current_angle 2...
[12:30:29.283] [ARM-RX] [2] current:-90.00, target:-90.00, dir:-1
[12:30:29.408] [ARM-RX] Soft resetting joint 0...
[12:30:29.472] [ARM-RX] robot_update_current_angle 0...
[12:30:29.472] [ARM-RX] [0] current:90.00, target:90.00, dir:-1
[12:30:29.658] [ARM-RX] soft reset final verify PASS (issues:0), pose set HOME.
[12:30:34.882] [DEMO-INFO] 演示配置已保存
[12:30:34.884] [JETSON-INFO] heartbeat started: 200 ms
[12:30:34.884] [DEMO-INFO] 一键定靶演示开始
[12:30:34.884] [JETSON-TX] TARGET_CTRL_START_NEW: A5 5A 01 02 02 01 01 79 E8
[12:30:34.957] [JETSON-RX] A5 5A 01 81 02 03 04 01 00 2C 04 A5 5A 01 FE 02 01 01 49 B8
[12:30:34.957] [JETSON-STATUS] TARGET_CTRL_ON: A5 5A 01 81 02 03 04 01 00 2C 04
[12:30:34.958] [JETSON-STATUS] ERROR: A5 5A 01 FE 02 01 01 49 B8
[12:30:34.976] [ARM-RX] [JETSON_RX] target_ctrl=1
[12:30:34.987] [JETSON-INFO] 已停止周期视觉发送
[12:30:34.987] [JETSON-INFO] heartbeat stopped
[12:30:34.988] [JETSON-TX] TARGET_CTRL_STOP_NEW: A5 5A 01 02 03 01 00 E9 E8
[12:30:34.988] [DEMO-ERROR] 未收到 READY，演示停止。请先确认 soft_reset 和状态机启动。
[12:30:35.026] [ARM-RX] [JETSON_RX] target_ctrl=0
[12:30:35.026] [ARM-RX] ROBOT_SOFT_RESET_EVENT
[12:30:35.026] [ARM-RX] --- Starting soft reset ---
[12:30:35.065] [JETSON-RX] A5 5A 01 81 03 03 04 00 00 10 54
[12:30:35.065] [JETSON-STATUS] TARGET_CTRL_OFF: A5 5A 01 81 03 03 04 00 00 10 54
[12:30:35.264] [ARM-RX] Soft reset motors enabled (J1~J5, J6 skipped).
[12:30:35.264] [ARM-RX] Soft resetting joint 4...
[12:30:35.265] [ARM-RX] robot_update_current_angle 4...
[12:30:35.265] [ARM-RX] [4] current:90.00, target:90.00, dir:1
[12:30:35.387] [ARM-RX] Soft resetting joint 3...
[12:30:35.387] [ARM-RX] robot_update_current_angle 3...
[12:30:35.387] [ARM-RX] [3] current:0.00, target:0.00, dir:-1
[12:30:35.569] [ARM-RX] Soft resetting joint 1...
[12:30:35.569] [ARM-RX] robot_update_current_angle 1...
[12:30:35.569] [ARM-RX] [1] current:90.00, target:90.00, dir:1
[12:30:35.693] [ARM-RX] Soft resetting joint 2...
[12:30:35.693] [ARM-RX] robot_update_current_angle 2...
[12:30:35.693] [ARM-RX] [2] current:-90.00, target:-90.00, dir:-1
[12:30:35.815] [ARM-RX] Soft resetting joint 0...
[12:30:35.876] [ARM-RX] robot_update_current_angle 0...
[12:30:35.876] [ARM-RX] [0] current:90.00, target:90.00, dir:-1
[12:30:36.061] [ARM-RX] soft reset final verify PASS (issues:0), pose set HOME.
[12:30:42.319] [JETSON-TX] TARGET_CTRL_START_NEW: A5 5A 01 02 04 01 01 99 E9
[12:30:42.392] [JETSON-RX] A5 5A 01 81 04 03 04 01 00 A4 04 A5 5A 01 FE 04 01 01 A9 B9
[12:30:42.392] [ARM-RX] [JETSON_RX] target_ctrl=1
[12:30:42.392] [JETSON-STATUS] TARGET_CTRL_ON: A5 5A 01 81 04 03 04 01 00 A4 04
[12:30:42.394] [JETSON-STATUS] ERROR: A5 5A 01 FE 04 01 01 A9 B9
[12:30:42.990] [JETSON-RX] A5 5A 01 FE 04 01 01 A9 B9
[12:30:42.990] [JETSON-STATUS] ERROR: A5 5A 01 FE 04 01 01 A9 B9
[12:30:45.798] [DEMO-INFO] 演示配置已保存
[12:30:45.799] [JETSON-INFO] heartbeat started: 200 ms
[12:30:45.799] [DEMO-INFO] 一键定靶演示开始
[12:30:45.799] [JETSON-TX] TARGET_CTRL_START_NEW: A5 5A 01 02 06 01 01 38 29
[12:30:45.865] [JETSON-RX] A5 5A 01 81 06 03 04 01 00 DD C4
[12:30:45.865] [JETSON-STATUS] TARGET_CTRL_ON: A5 5A 01 81 06 03 04 01 00 DD C4
[12:30:57.861] [JETSON-INFO] 已停止周期视觉发送
[12:30:57.863] [JETSON-INFO] heartbeat stopped
[12:30:57.863] [JETSON-TX] TARGET_CTRL_STOP_NEW: A5 5A 01 02 43 01 00 E8 3C
[12:30:57.863] [DEMO-ERROR] 未收到 READY，演示停止。请先确认 soft_reset 和状态机启动。
[12:30:57.893] [ARM-RX] [JETSON_RX] target_ctrl=0
[12:30:57.893] [ARM-RX] ROBOT_SOFT_RESET_EVENT
[12:30:57.893] [ARM-RX] --- Starting soft reset ---
[12:30:57.923] [JETSON-RX] A5 5A 01 81 43 03 04 00 00 11 9B
[12:30:57.923] [JETSON-STATUS] TARGET_CTRL_OFF: A5 5A 01 81 43 03 04 00 00 11 9B
[12:30:59.323] [ARM-RX] Soft resetting joint 1...
[12:30:59.323] [ARM-RX] robot_update_current_angle 1...
[12:30:59.323] [ARM-RX] [1] current:90.00, target:90.00, dir:1
[12:31:39.062] [JETSON-INFO] heartbeat stopped
[12:31:41.491] [JETSON-INFO] heartbeat started: 200 ms
[12:31:45.554] [ARM-RX] [JETSON_RX] crc failed type=0x01 rx=0x5801 calc=0x0384
[12:31:51.347] [JETSON-INFO] 已停止周期视觉发送
[12:31:51.347] [JETSON-INFO] heartbeat stopped
[12:31:51.348] [JETSON-TX] TARGET_CTRL_STOP_NEW: A5 5A 01 02 76 01 00 F8 32
[12:31:51.350] [ARM-TX] 发送命令 laser_off: laser_off
[12:31:51.351] [DEMO-INFO] 演示已停止，已关闭视觉发送、激光输出，并请求回 HOME
[12:31:51.384] [ARM-RX] Found handler for 'laser_off', executing...
[12:31:51.387] [ARM-RX] laser_off
[12:31:51.387] [ARM-RX] [JETSON_RX] target_ctrl=0
[12:31:51.387] [ARM-RX] ROBOT_SOFT_RESET_EVENT
[12:31:51.387] [ARM-RX] --- Starting soft reset ---
[12:31:51.415] [JETSON-RX] A5 5A 01 81 76 03 04 00 00 9D 9F
[12:31:51.415] [JETSON-STATUS] TARGET_CTRL_OFF: A5 5A 01 81 76 03 04 00 00 9D 9F
[12:31:51.632] [ARM-RX] Soft reset motors enabled (J1~J5, J6 skipped).
[12:31:51.633] [ARM-RX] Soft resetting joint 4...
[12:31:51.633] [ARM-RX] robot_update_current_angle 4...
[12:31:51.634] [ARM-RX] [4] current:90.00, target:90.00, dir:1
[12:31:51.755] [ARM-RX] Soft resetting joint 3...
[12:31:51.755] [ARM-RX] robot_update_current_angle 3...
[12:31:51.755] [ARM-RX] [3] current:0.00, target:0.00, dir:-1
[12:31:51.881] [ARM-RX] Soft resetting joint 1...
[12:31:51.942] [ARM-RX] robot_update_current_angle 1...
[12:31:51.942] [ARM-RX] [1] current:90.00, target:90.00, dir:1
[12:31:52.068] [ARM-RX] Soft resetting joint 2...
[12:31:52.068] [ARM-RX] robot_update_current_angle 2...
[12:31:52.068] [ARM-RX] [2] current:-90.00, target:-90.00, dir:-1
[12:31:52.191] [ARM-RX] Soft resetting joint 0...
[12:31:52.254] [ARM-RX] robot_update_current_angle 0...
[12:31:52.254] [ARM-RX] [0] current:90.00, target:90.00, dir:-1
[12:31:52.439] [ARM-RX] soft reset final verify PASS (issues:0), pose set HOME.
[12:31:56.770] [JETSON-INFO] 已停止周期视觉发送
[12:31:56.770] [JETSON-INFO] heartbeat stopped
[12:31:56.771] [JETSON-TX] TARGET_CTRL_STOP_NEW: A5 5A 01 02 77 01 00 A9 F2
[12:31:56.772] [ARM-TX] 发送命令 laser_off: laser_off
[12:31:56.772] [DEMO-INFO] 演示已停止，已关闭视觉发送、激光输出，并请求回 HOME
[12:31:56.843] [JETSON-RX] A5 5A 01 81 77 03 04 00 00 A0 5F
[12:31:56.843] [ARM-RX] [JETSON_RX] target_ctrl=0
[12:31:56.843] [JETSON-STATUS] TARGET_CTRL_OFF: A5 5A 01 81 77 03 04 00 00 A0 5F
[12:31:56.843] [ARM-RX] ROBOT_SOFT_RESET_EVENT
[12:31:56.844] [ARM-RX] --- Starting soft reset ---
[12:31:56.844] [ARM-RX] Found handler for 'laser_off', executing...
[12:31:56.845] [ARM-RX] laser_off
[12:31:57.031] [ARM-RX] Soft reset motors enabled (J1~J5, J6 skipped).
[12:31:57.031] [ARM-RX] Soft resetting joint 4...
[12:31:57.031] [ARM-RX] robot_update_current_angle 4...
[12:31:57.031] [ARM-RX] [4] current:90.00, target:90.00, dir:1
[12:31:57.155] [ARM-RX] Soft resetting joint 3...
[12:31:57.218] [ARM-RX] robot_update_current_angle 3...
[12:31:57.218] [ARM-RX] [3] current:0.00, target:0.00, dir:-1
[12:31:57.342] [ARM-RX] Soft resetting joint 1...
[12:31:57.342] [ARM-RX] robot_update_current_angle 1...
[12:31:57.343] [ARM-RX] [1] current:90.00, target:90.00, dir:1
[12:31:57.467] [ARM-RX] Soft resetting joint 2...
[12:31:57.529] [ARM-RX] robot_update_current_angle 2...
[12:31:57.529] [ARM-RX] [2] current:-90.00, target:-90.00, dir:-1
[12:31:57.652] [ARM-RX] Soft resetting joint 0...
[12:31:57.652] [ARM-RX] robot_update_current_angle 0...
[12:31:57.652] [ARM-RX] [0] current:90.00, target:90.00, dir:-1
[12:31:57.901] [ARM-RX] soft reset final verify PASS (issues:0), pose set HOME.
[12:32:02.627] [JETSON-TX] TARGET_CTRL_START_NEW: A5 5A 01 02 78 01 01 58 31
[12:32:02.691] [JETSON-RX] A5 5A 01 81 78 03 04 01 00 F5 CE A5 5A 01 FE 78 01 01 68 61
[12:32:02.691] [ARM-RX] [JETSON_RX] target_ctrl=1
[12:32:02.691] [JETSON-STATUS] TARGET_CTRL_ON: A5 5A 01 81 78 03 04 01 00 F5 CE
[12:32:02.693] [JETSON-STATUS] ERROR: A5 5A 01 FE 78 01 01 68 61
[12:32:03.298] [JETSON-RX] A5 5A 01 FE 78 01 01 68 61
[12:32:03.298] [JETSON-STATUS] ERROR: A5 5A 01 FE 78 01 01 68 61
[12:32:08.000] [DEMO-INFO] 演示配置已保存
[12:32:08.001] [JETSON-INFO] heartbeat started: 200 ms
[12:32:08.001] [DEMO-INFO] 一键定靶演示开始
[12:32:08.001] [JETSON-TX] TARGET_CTRL_START_NEW: A5 5A 01 02 7A 01 01 F9 F1
[12:32:08.070] [JETSON-RX] A5 5A 01 81 7A 03 04 01 00 8C 0E
[12:32:08.070] [JETSON-STATUS] TARGET_CTRL_ON: A5 5A 01 81 7A 03 04 01 00 8C 0E
[12:32:08.102] [ARM-RX] [JETSON_RX] target_ctrl=1
[12:32:18.903] [JETSON-RX] A5 5A 01 FE B0 01 01 E9 9F
[12:32:18.903] [JETSON-STATUS] ERROR: A5 5A 01 FE B0 01 01 E9 9F
[12:32:19.010] [JETSON-INFO] 已停止周期视觉发送
[12:32:19.011] [JETSON-INFO] heartbeat stopped
[12:32:19.011] [JETSON-TX] TARGET_CTRL_STOP_NEW: A5 5A 01 02 B1 01 00 49 CF
[12:32:19.011] [DEMO-ERROR] 未收到 READY，演示停止。请先确认 soft_reset 和状态机启动。
[12:32:19.057] [ARM-RX] [JETSON_RX] target_ctrl=0
[12:32:19.057] [ARM-RX] ROBOT_SOFT_RESET_EVENT
[12:32:19.057] [ARM-RX] --- Starting soft reset ---
[12:32:19.088] [JETSON-RX] A5 5A 01 81 B1 03 04 00 00 28 4E
[12:32:19.088] [JETSON-STATUS] TARGET_CTRL_OFF: A5 5A 01 81 B1 03 04 00 00 28 4E
[12:32:19.242] [ARM-RX] Soft reset motors enabled (J1~J5, J6 skipped).
[12:32:19.242] [ARM-RX] Soft resetting joint 4...
[12:32:19.304] [ARM-RX] robot_update_current_angle 4...
[12:32:19.304] [ARM-RX] [4] current:90.00, target:90.00, dir:1
[12:32:19.430] [ARM-RX] Soft resetting joint 3...
[12:32:19.430] [ARM-RX] robot_update_current_angle 3...
[12:32:19.430] [ARM-RX] [3] current:0.00, target:0.00, dir:-1
[12:32:19.554] [ARM-RX] Soft resetting joint 1...
[12:32:19.616] [ARM-RX] robot_update_current_angle 1...
[12:32:19.616] [ARM-RX] [1] current:90.00, target:90.00, dir:1
[12:32:19.740] [ARM-RX] Soft resetting joint 2...
[12:32:19.740] [ARM-RX] robot_update_current_angle 2...
[12:32:19.740] [ARM-RX] [2] current:-90.00, target:-90.00, dir:-1
[12:32:19.865] [ARM-RX] Soft resetting joint 0...
[12:32:19.865] [ARM-RX] robot_update_current_angle 0...
[12:32:19.865] [ARM-RX] [0] current:90.00, target:90.00, dir:-1
[12:32:20.113] [ARM-RX] soft reset final verify PASS (issues:0), pose set HOME.
[12:32:54.028] [ARM-TX] 发送命令 target_enable: target_enable
[12:32:54.136] [ARM-RX] Found handler for 'target_enable', executing...
[12:32:54.136] [ARM-RX] target_enable
[12:32:54.167] [JETSON-RX] A5 5A 01 FE B1 01 01 B8 5F
[12:32:54.167] [JETSON-STATUS] ERROR: A5 5A 01 FE B1 01 01 B8 5F
[12:33:13.420] [ARM-TX] 发送命令 target_disable: target_disable
[12:33:13.475] [ARM-RX] Found handler for 'target_disable', executing...
[12:33:13.475] [ARM-RX] ROBOT_SOFT_RESET_EVENT
[12:33:13.475] [ARM-RX] --- Starting soft reset ---
[12:33:13.475] [ARM-RX] target_disable
[12:33:13.662] [ARM-RX] Soft reset motors enabled (J1~J5, J6 skipped).
[12:33:13.662] [ARM-RX] Soft resetting joint 4...
[12:33:13.725] [ARM-RX] robot_update_current_angle 4...
[12:33:13.725] [ARM-RX] [4] current:90.00, target:90.00, dir:1
[12:33:13.848] [ARM-RX] Soft resetting joint 3...
[12:33:13.848] [ARM-RX] robot_update_current_angle 3...
[12:33:13.848] [ARM-RX] [3] current:0.00, target:0.00, dir:-1
[12:33:13.972] [ARM-RX] Soft resetting joint 1...
[12:33:13.972] [ARM-RX] robot_update_current_angle 1...
[12:33:13.972] [ARM-RX] [1] current:90.00, target:90.00, dir:1
[12:33:14.096] [ARM-RX] Soft resetting joint 2...
[12:33:14.158] [ARM-RX] robot_update_current_angle 2...
[12:33:14.158] [ARM-RX] [2] current:-90.00, target:-90.00, dir:-1
[12:33:14.281] [ARM-RX] Soft resetting joint 0...
[12:33:14.282] [ARM-RX] robot_update_current_angle 0...
[12:33:14.282] [ARM-RX] [0] current:90.00, target:90.00, dir:-1
[12:33:14.529] [ARM-RX] soft reset final verify PASS (issues:0), pose set HOME.
[12:38:28.340] [ARM-RX] BSP_UART_Init Success!!!
[12:38:28.341] [ARM-RX] BSP_CAN_Init Success!!!
[12:38:28.341] [ARM-RX] robot control task runing!!!
[12:38:28.342] [ARM-RX] robot cmd service task ready and running!
[12:38:40.158] [ARM-TX] 发送命令 soft_reset: soft_reset
[12:38:40.275] [ARM-RX] Found handler for 'soft_reset', executing...
[12:38:40.275] [ARM-RX] ROBOT_SOFT_RESET_EVENT
[12:38:40.276] [ARM-RX] --- Starting soft reset ---
[12:38:40.463] [ARM-RX] Soft reset motors enabled (J1~J5, J6 skipped).
[12:38:40.463] [ARM-RX] Soft resetting joint 4...
[12:38:40.464] [ARM-RX] robot_update_current_angle 4...
[12:38:40.464] [ARM-RX] [4] current:90.00, target:90.00, dir:1
[12:38:40.587] [ARM-RX] Soft resetting joint 3...
[12:38:40.650] [ARM-RX] robot_update_current_angle 3...
[12:38:40.650] [ARM-RX] [3] current:0.00, target:0.00, dir:-1
[12:38:40.773] [ARM-RX] Soft resetting joint 1...
[12:38:40.773] [ARM-RX] robot_update_current_angle 1...
[12:38:40.774] [ARM-RX] [1] current:90.00, target:90.00, dir:1
[12:38:40.901] [ARM-RX] Soft resetting joint 2...
[12:38:40.963] [ARM-RX] robot_update_current_angle 2...
[12:38:40.963] [ARM-RX] [2] current:-90.00, target:-90.00, dir:-1
[12:38:41.087] [ARM-RX] Soft resetting joint 0...
[12:38:41.087] [ARM-RX] robot_update_current_angle 0...
[12:38:41.087] [ARM-RX] [0] current:90.00, target:90.00, dir:-1
[12:38:41.335] [ARM-RX] soft reset final verify PASS (issues:0), pose set HOME.
[12:38:42.130] [ARM-INFO] 已关闭串口
[12:38:42.419] [JETSON-INFO] 已停止周期视觉发送
[12:38:42.419] [JETSON-INFO] heartbeat stopped
[12:38:42.423] [JETSON-INFO] 已关闭串口
[12:38:43.088] [ARM-INFO] opened COM7 @ 115200
[12:38:43.420] [JETSON-INFO] opened COM14 @ 115200
[12:38:43.423] [JETSON-INFO] heartbeat started: 200 ms
[12:38:48.987] [DEMO-INFO] 演示配置已保存
[12:38:48.989] [JETSON-INFO] heartbeat started: 200 ms
[12:38:48.989] [DEMO-INFO] 一键定靶演示开始
[12:38:48.989] [JETSON-TX] TARGET_CTRL_START_NEW: A5 5A 01 02 CF 01 01 E8 17
[12:38:49.010] [ARM-RX] [JETSON_RX] target_ctrl=1
[12:38:49.056] [JETSON-RX] A5 5A 01 81 CF 03 04 01 00 01 D4 A5 5A 01 FE CF 01 01 D8 47
[12:38:49.056] [JETSON-STATUS] TARGET_CTRL_ON: A5 5A 01 81 CF 03 04 01 00 01 D4
[12:38:49.057] [JETSON-STATUS] ERROR: A5 5A 01 FE CF 01 01 D8 47
[12:38:49.103] [JETSON-INFO] 已停止周期视觉发送
[12:38:49.105] [JETSON-INFO] heartbeat stopped
[12:38:49.105] [JETSON-TX] TARGET_CTRL_STOP_NEW: A5 5A 01 02 D1 01 00 49 D1
[12:38:49.107] [DEMO-ERROR] 未收到 READY，演示停止。请先确认 soft_reset 和状态机启动。
[12:38:49.134] [ARM-RX] [JETSON_RX] target_ctrl=0
[12:38:49.134] [ARM-RX] ROBOT_SOFT_RESET_EVENT
[12:38:49.134] [ARM-RX] --- Starting soft reset ---
[12:38:49.166] [JETSON-RX] A5 5A 01 81 D1 03 04 00 00 A8 46
[12:38:49.166] [JETSON-STATUS] TARGET_CTRL_OFF: A5 5A 01 81 D1 03 04 00 00 A8 46
[12:38:49.382] [ARM-RX] Soft reset motors enabled (J1~J5, J6 skipped).
[12:38:49.382] [ARM-RX] Soft resetting joint 4...
[12:38:49.382] [ARM-RX] robot_update_current_angle 4...
[12:38:49.382] [ARM-RX] [4] current:90.00, target:90.00, dir:1
[12:38:49.506] [ARM-RX] Soft resetting joint 3...
[12:38:49.506] [ARM-RX] robot_update_current_angle 3...
[12:38:49.506] [ARM-RX] [3] current:0.00, target:0.00, dir:-1
[12:38:49.630] [ARM-RX] Soft resetting joint 1...
[12:38:49.692] [ARM-RX] robot_update_current_angle 1...
[12:38:49.692] [ARM-RX] [1] current:90.00, target:90.00, dir:1
[12:38:49.817] [ARM-RX] Soft resetting joint 2...
[12:38:49.817] [ARM-RX] robot_update_current_angle 2...
[12:38:49.817] [ARM-RX] [2] current:-90.00, target:-90.00, dir:-1
[12:38:49.941] [ARM-RX] Soft resetting joint 0...
[12:38:50.003] [ARM-RX] robot_update_current_angle 0...
[12:38:50.003] [ARM-RX] [0] current:90.00, target:90.00, dir:-1
[12:38:50.189] [ARM-RX] soft reset final verify PASS (issues:0), pose set HOME.
[12:39:03.438] [JETSON-INFO] heartbeat stopped
[12:39:06.967] [JETSON-INFO] 已停止周期视觉发送
[12:39:06.967] [JETSON-INFO] heartbeat stopped
[12:39:06.968] [JETSON-TX] TARGET_CTRL_STOP_NEW: A5 5A 01 02 D2 01 00 B9 D1
[12:39:06.969] [ARM-TX] 发送命令 laser_off: laser_off
[12:39:06.969] [DEMO-INFO] 演示已停止，已关闭视觉发送、激光输出，并请求回 HOME
[12:39:07.041] [JETSON-RX] A5 5A 01 81 D2 03 04 00 00 EC 46
[12:39:07.041] [ARM-RX] [JETSON_RX] target_ctrl=0
[12:39:07.041] [ARM-RX] ROBOT_SOFT_RESET_EVENT
[12:39:07.041] [JETSON-STATUS] TARGET_CTRL_OFF: A5 5A 01 81 D2 03 04 00 00 EC 46
[12:39:07.041] [ARM-RX] --- Starting soft reset ---
[12:39:07.042] [ARM-RX] Found handler for 'laser_off', executing...
[12:39:07.043] [ARM-RX] laser_off
[12:39:07.229] [ARM-RX] Soft reset motors enabled (J1~J5, J6 skipped).
[12:39:07.229] [ARM-RX] Soft resetting joint 4...
[12:39:07.229] [ARM-RX] robot_update_current_angle 4...
[12:39:07.229] [ARM-RX] [4] current:90.00, target:90.00, dir:1
[12:39:07.356] [ARM-RX] Soft resetting joint 3...
[12:39:07.419] [ARM-RX] robot_update_current_angle 3...
[12:39:07.419] [ARM-RX] [3] current:0.00, target:0.00, dir:-1
[12:39:07.542] [ARM-RX] Soft resetting joint 1...
[12:39:07.542] [ARM-RX] robot_update_current_angle 1...
[12:39:07.542] [ARM-RX] [1] current:90.00, target:90.00, dir:1
[12:39:07.666] [ARM-RX] Soft resetting joint 2...
[12:39:07.666] [ARM-RX] robot_update_current_angle 2...
[12:39:07.666] [ARM-RX] [2] current:-90.00, target:-90.00, dir:-1
[12:39:07.790] [ARM-RX] Soft resetting joint 0...
[12:39:07.852] [ARM-RX] robot_update_current_angle 0...
[12:39:07.853] [ARM-RX] [0] current:90.00, target:90.00, dir:-1
[12:39:08.039] [ARM-RX] soft reset final verify PASS (issues:0), pose set HOME.
[12:39:10.748] [DEMO-INFO] 演示配置已保存
[12:39:10.751] [JETSON-INFO] heartbeat started: 200 ms
[12:39:10.752] [DEMO-INFO] 一键定靶演示开始
[12:39:10.752] [JETSON-TX] TARGET_CTRL_START_NEW: A5 5A 01 02 D4 01 01 98 10
[12:39:10.814] [JETSON-RX] A5 5A 01 81 D4 03 04 01 00 65 D6 A5 5A 01 FE D4 01 01 A8 40
[12:39:10.814] [JETSON-STATUS] TARGET_CTRL_ON: A5 5A 01 81 D4 03 04 01 00 65 D6
[12:39:10.814] [JETSON-STATUS] ERROR: A5 5A 01 FE D4 01 01 A8 40
[12:39:10.860] [JETSON-INFO] 已停止周期视觉发送
[12:39:10.860] [JETSON-INFO] heartbeat stopped
[12:39:10.863] [JETSON-TX] TARGET_CTRL_STOP_NEW: A5 5A 01 02 D5 01 00 08 10
[12:39:10.863] [DEMO-ERROR] 未收到 READY，演示停止。请先确认 soft_reset 和状态机启动。
[12:39:10.885] [ARM-RX] [JETSON_RX] target_ctrl=1
[12:39:10.885] [ARM-RX] [JETSON_RX] target_ctrl=0
[12:39:10.885] [ARM-RX] ROBOT_SOFT_RESET_EVENT
[12:39:10.885] [ARM-RX] --- Starting soft reset ---
[12:39:10.938] [JETSON-RX] A5 5A 01 81 D5 03 04 00 00 59 86
[12:39:10.938] [JETSON-STATUS] TARGET_CTRL_OFF: A5 5A 01 81 D5 03 04 00 00 59 86
[12:39:11.124] [ARM-RX] Soft reset motors enabled (J1~J5, J6 skipped).
[12:39:11.124] [ARM-RX] Soft resetting joint 4...
[12:39:11.124] [ARM-RX] robot_update_current_angle 4...
[12:39:11.124] [ARM-RX] [4] current:90.00, target:90.00, dir:1
[12:39:11.247] [ARM-RX] Soft resetting joint 3...
[12:39:11.307] [ARM-RX] robot_update_current_angle 3...
[12:39:11.307] [ARM-RX] [3] current:0.00, target:0.00, dir:-1
[12:39:11.434] [ARM-RX] Soft resetting joint 1...
[12:39:26.627] [JETSON-TX] TARGET_CTRL_START_NEW: A5 5A 01 02 D6 01 01 39 D0
[12:39:26.690] [JETSON-RX] A5 5A 01 81 D6 03 04 01 00 1C 16 A5 5A 01 FE D6 01 01 09 80
[12:39:26.690] [JETSON-STATUS] TARGET_CTRL_ON: A5 5A 01 81 D6 03 04 01 00 1C 16
[12:39:26.691] [JETSON-STATUS] ERROR: A5 5A 01 FE D6 01 01 09 80
[12:39:26.705] [ARM-RX] [JETSON_RX] target_ctrl=1
[12:39:27.299] [JETSON-RX] A5 5A 01 FE D6 01 01 09 80
[12:39:27.299] [JETSON-STATUS] ERROR: A5 5A 01 FE D6 01 01 09 80
[12:39:35.172] [ARM-TX] 发送命令 soft_reset: soft_reset
[12:39:35.295] [ARM-RX] Found handler for 'soft_reset', executing...
[12:39:35.295] [ARM-RX] ROBOT_SOFT_RESET_EVENT
[12:39:35.295] [ARM-RX] --- Starting soft reset ---
[12:39:35.482] [ARM-RX] Soft reset motors enabled (J1~J5, J6 skipped).
[12:39:35.482] [ARM-RX] Soft resetting joint 4...
[12:39:35.544] [ARM-RX] robot_update_current_angle 4...
[12:39:35.544] [ARM-RX] [4] current:90.00, target:90.00, dir:1
[12:39:35.668] [ARM-RX] Soft resetting joint 3...
[12:39:35.668] [ARM-RX] robot_update_current_angle 3...
[12:39:35.668] [ARM-RX] [3] current:0.00, target:0.00, dir:-1
[12:39:35.793] [ARM-RX] Soft resetting joint 1...
[12:39:35.856] [ARM-RX] robot_update_current_angle 1...
[12:39:35.856] [ARM-RX] [1] current:90.00, target:90.00, dir:1
[12:39:35.919] [ARM-RX] Soft resetting joint 2...
[12:39:35.980] [ARM-RX] robot_update_current_angle 2...
[12:39:35.980] [ARM-RX] [2] current:-90.00, target:-90.00, dir:-1
[12:39:36.104] [ARM-RX] Soft resetting joint 0...
[12:39:36.104] [ARM-RX] robot_update_current_angle 0...
[12:39:36.104] [ARM-RX] [0] current:90.00, target:90.00, dir:-1
[12:39:36.354] [ARM-RX] soft reset final verify PASS (issues:0), pose set HOME.
[12:39:37.819] [ARM-TX] 发送命令 auto 0 -50 0: auto 0 -50 0
[12:39:37.868] [ARM-RX] Found handler for 'auto', executing...
[12:39:37.869] [ARM-RX] ROBOT_AUTO_EVENT
[12:39:37.869] [ARM-RX] [0] <0.00 0.00 0.00> result: 90.00 90.00 -90.00 0.00 90.00 0.00
[12:39:37.869] [ARM-RX] [1] <0.00 -0.00 0.00> result: 90.00 90.00 -90.00 0.00 90.00 0.00
[12:39:37.869] [ARM-RX] [2] <0.00 -0.00 0.00> result: 90.00 90.00 -90.00 0.00 90.00 0.00
[12:39:37.869] [ARM-RX] [3]
[12:39:37.892] [ARM-RX] <0.00 -0.01 0.00> result: 90.00 90.00 -90.00 0.00 90.00 0.00
[12:39:37.892] [ARM-RX] [4] <0.00 -0.02 0.00> result: 90.00 90.00 -89.99 0.00 90.00 0.00
[12:39:37.892] [ARM-RX] [5] <0.00 -0.03 0.00> result: 90.00 90.01 -89.99 0.00 90.00 0.00
[12:39:37.892] [ARM-RX] [6] <0.00 -0.05 0.00> result: 90.00 90.02 -89.98 0.00 90.00 0
[12:39:37.914] [ARM-RX] .00
[12:39:37.914] [ARM-RX] [7] <0.00 -0.08 0.00> result: 90.00 90.02 -89.98 0.00 90.00 0.00
[12:39:37.915] [ARM-RX] [8] <0.00 -0.12 0.00> result: 90.00 90.03 -89.97 0.00 90.00 0.00
[12:39:37.915] [ARM-RX] [9] <0.00 -0.17 0.00> result: 90.00 90.05 -89.95 0.00 90.00 0.00
[12:39:37.915] [ARM-RX] [10] <0.00 -0.22 0.00> result: 90.00 90.06 -89.94 0.0
[12:39:37.937] [ARM-RX] 0 90.00 0.00
[12:39:37.938] [ARM-RX] [11] <0.00 -0.29 0.00> result: 90.00 90.08 -89.92 0.00 90.00 0.00
[12:39:37.938] [ARM-RX] [12] <0.00 -0.38 0.00> result: 90.00 90.11 -89.89 0.00 90.00 0.00
[12:39:37.938] [ARM-RX] [13] <0.00 -0.47 0.00> result: 90.00 90.14 -89.86 0.00 90.00 0.00
[12:39:37.938] [ARM-RX] [14] <0.00 -0.59 0.00> result: 90.00 90.1
[12:39:37.960] [ARM-RX] 7 -89.83 0.00 90.00 0.00
[12:39:37.960] [ARM-RX] [15] <0.00 -0.71 0.00> result: 90.00 90.20 -89.80 0.00 90.00 0.00
[12:39:37.961] [ARM-RX] [16] <0.00 -0.86 0.00> result: 90.00 90.24 -89.75 0.00 90.00 0.00
[12:39:37.961] [ARM-RX] [17] <0.00 -1.02 0.00> result: 90.00 90.29 -89.71 0.00 90.00 0.00
[12:39:37.961] [ARM-RX] [18] <0.00 -1.20 0.00> result
[12:39:37.982] [ARM-RX] : 90.00 90.34 -89.65 0.00 90.00 0.00
[12:39:37.990] [ARM-RX] [19] <0.00 -1.41 0.00> result: 90.00 90.40 -89.60 0.00 89.99 0.00
[12:39:37.990] [ARM-RX] [20] <0.00 -1.63 0.00> result: 90.00 90.46 -89.53 0.00 89.99 0.00
[12:39:37.990] [ARM-RX] [21] <0.00 -1.87 0.00> result: 90.00 90.53 -89.46 0.00 89.99 0.00
[12:39:37.990] [ARM-RX] [22] <0.00 -2.14
[12:39:38.005] [ARM-RX] 0.00> result: 90.00 90.60 -89.39 0.00 89.99 0.00
[12:39:38.005] [ARM-RX] [23] <0.00 -2.43 0.00> result: 90.00 90.68 -89.30 0.00 89.98 0.00
[12:39:38.005] [ARM-RX] [24] <0.00 -2.74 0.00> result: 90.00 90.77 -89.21 0.00 89.98 0.00
[12:39:38.006] [ARM-RX] [25] <0.00 -3.08 0.00> result: 90.00 90.86 -89.11 0.00 89.97 0.00
[12:39:38.006] [ARM-RX] [26]
[12:39:38.040] [ARM-RX] <0.00 -3.45 0.00> result: 90.00 90.96 -89.01 0.00 89.97 0.00
[12:39:38.040] [ARM-RX] [27] <0.00 -3.83 0.00> result: 90.00 91.06 -88.90 0.00 89.96 0.00
[12:39:38.040] [ARM-RX] [28] <0.00 -4.25 0.00> result: 90.00 91.17 -88.78 0.00 89.95 0.00
[12:39:38.040] [ARM-RX] [29] <0.00 -4.69 0.00> result: 90.00 91.29 -88.65 0.00 89.94
[12:39:38.062] [ARM-RX] 0.00
[12:39:38.062] [ARM-RX] [30] <0.00 -5.16 0.00> result: 90.00 91.41 -88.52 0.00 89.93 0.00
[12:39:38.062] [ARM-RX] [31] <0.00 -5.66 0.00> result: 90.00 91.54 -88.37 0.00 89.91 0.00
[12:39:38.063] [ARM-RX] [32] <0.00 -6.19 0.00> result: 90.00 91.68 -88.22 0.00 89.90 0.00
[12:39:38.063] [ARM-RX] [33] <0.00 -6.74 0.00> result: 90.00 91.82 -88.0
[12:39:38.085] [ARM-RX] 6 0.00 89.88 0.00
[12:39:38.086] [ARM-RX] [34] <0.00 -7.33 0.00> result: 90.00 91.97 -87.89 0.00 89.86 0.00
[12:39:38.086] [ARM-RX] [35] <0.00 -7.94 0.00> result: 90.00 92.12 -87.71 0.00 89.84 0.00
[12:39:38.086] [ARM-RX] [36] <0.00 -8.58 0.00> result: 90.00 92.28 -87.53 0.00 89.81 0.00
[12:39:38.086] [ARM-RX] [37] <0.00 -9.25 0.00> result: 90.00
[12:39:38.108] [ARM-RX] 92.45 -87.33 0.00 89.78 0.00
[12:39:38.108] [ARM-RX] [38] <0.00 -9.95 0.00> result: 90.00 92.62 -87.13 0.00 89.75 0.00
[12:39:38.108] [ARM-RX] [39] <0.00 -10.69 0.00> result: 90.00 92.80 -86.92 0.00 89.72 0.00
[12:39:38.109] [ARM-RX] [40] <0.00 -11.45 0.00> result: 90.00 92.98 -86.69 0.00 89.68 0.00
[12:39:38.109] [ARM-RX] [41] <0.00 -12.24 0.00
[12:39:38.131] [ARM-RX] > result: 90.00 93.17 -86.46 0.00 89.64 0.00
[12:39:38.131] [ARM-RX] [42] <0.00 -13.06 0.00> result: 90.00 93.37 -86.22 0.00 89.59 0.00
[12:39:38.131] [ARM-RX] [43] <0.00 -13.91 0.00> result: 90.00 93.57 -85.98 0.00 89.54 0.00
[12:39:38.131] [ARM-RX] [44] <0.00 -14.80 0.00> result: 90.00 93.77 -85.72 0.00 89.49 0.00
[12:39:38.131] [ARM-RX] [45] <
[12:39:38.184] [ARM-RX] 0.00 -15.71 0.00> result: 90.00 93.98 -85.45 0.00 89.43 0.00
[12:39:38.185] [ARM-RX] [46] <0.00 -16.65 0.00> result: 90.00 94.19 -85.18 0.00 89.37 0.00
[12:39:38.186] [ARM-RX] [47] <0.00 -17.62 0.00> result: 90.00
[12:39:44.388] [ARM-TX] 发送命令 read_all: read_all
[12:39:48.450] [ARM-TX] 发送命令 read_all: read_all
[12:39:48.548] [ARM-RX] Found handler for 'read_all', executing...
[12:39:48.548] [ARM-RX] ROBOT_READ_ALL_EVENT
[12:39:48.548] [ARM-RX] read_all ret=0 elapsed=3 ms missing=0x00
[12:39:48.548] [ARM-RX] J1 angle=90.00
[12:39:48.548] [ARM-RX] J2 angle=102.23
[12:39:48.548] [ARM-RX] J3 angle=284.67
[12:39:48.548] [ARM-RX] J4 angle=0.00
[12:39:48.550] [ARM-RX] J5 angle=86.07
[12:39:51.600] [ARM-TX] 发送命令 soft_reset: soft_reset
[12:39:51.719] [ARM-RX] Found handler for 'soft_reset', executing...
[12:39:51.719] [ARM-RX] ROBOT_SOFT_RESET_EVENT
[12:39:51.719] [ARM-RX] --- Starting soft reset ---
[12:39:51.904] [ARM-RX] Soft reset motors enabled (J1~J5, J6 skipped).
[12:39:51.904] [ARM-RX] Soft resetting joint 4...
[12:39:51.904] [ARM-RX] robot_update_current_angle 4...
[12:39:51.904] [ARM-RX] [4] current:86.07, target:90.00, dir:1
[12:39:52.468] [ARM-RX] Soft resetting joint 3...
[12:39:52.468] [ARM-RX] robot_update_current_angle 3...
[12:39:52.468] [ARM-RX] [3] current:0.00, target:0.00, dir:-1
[12:39:52.592] [ARM-RX] Soft resetting joint 1...
[12:39:52.654] [ARM-RX] robot_update_current_angle 1...
[12:39:52.654] [ARM-RX] [1] current:102.23, target:90.00, dir:-1
[12:39:54.145] [ARM-RX] soft reset joint 1 settle timeout, keep going
[12:39:54.147] [ARM-RX] Soft resetting joint 2...
[12:39:54.147] [ARM-RX] robot_update_current_angle 2...
[12:39:54.147] [ARM-RX] [2] current:-75.33, target:-90.00, dir:-1
[12:39:55.768] [ARM-RX] soft reset joint 2 settle timeout, keep going
[12:39:55.768] [ARM-RX] Soft resetting joint 0...
[12:39:55.768] [ARM-RX] robot_update_current_angle 0...
[12:39:55.769] [ARM-RX] [0] current:90.00, target:90.00, dir:-1
[12:39:56.018] [ARM-RX] soft reset final verify PASS (issues:2), pose set HOME.
[12:39:59.479] [ARM-TX] 发送命令 laser_on: laser_on
[12:39:59.500] [ARM-RX] Found handler for 'laser_on', executing...
[12:39:59.500] [ARM-RX] laser_on
[12:40:03.579] [ARM-TX] 发送命令 laser_off: laser_off
[12:40:03.663] [ARM-RX] Found handler for 'laser_off', executing...
[12:40:03.663] [ARM-RX] laser_off
[12:40:17.832] [ARM-TX] 发送命令 laser_on: laser_on
[12:40:17.952] [ARM-RX] Found handler for 'laser_on', executing...
[12:40:17.952] [ARM-RX] laser_on
[12:40:19.061] [ARM-TX] 发送命令 laser_off: laser_off
[12:40:19.196] [ARM-RX] Found handler for 'laser_off', executing...
[12:40:19.196] [ARM-RX] laser_off
[12:40:21.169] [ARM-TX] 发送命令 laser_on: laser_on
[12:40:21.189] [ARM-RX] Found handler for 'laser_on', executing...
[12:40:21.189] [ARM-RX] laser_on
[12:45:15.454] [ARM-TX] 发送命令 soft_reset: soft_reset
[12:45:15.485] [ARM-RX] Found handler for 'soft_reset', executing...
[12:45:15.485] [ARM-RX] ROBOT_SOFT_RESET_EVENT
[12:45:15.485] [ARM-RX] --- Starting soft reset ---
[12:45:15.730] [ARM-RX] Soft reset motors enabled (J1~J5, J6 skipped).
[12:45:15.730] [ARM-RX] Soft resetting joint 4...
[12:45:15.730] [ARM-RX] robot_update_current_angle 4...
[12:45:15.730] [ARM-RX] [4] current:90.00, target:90.00, dir:-1
[12:45:15.853] [ARM-RX] Soft resetting joint 3...
[12:45:15.915] [ARM-RX] robot_update_current_angle 3...
[12:45:15.915] [ARM-RX] [3] current:0.00, target:0.00, dir:-1
[12:45:16.040] [ARM-RX] Soft resetting joint 1...
[12:45:16.040] [ARM-RX] robot_update_current_angle 1...
[12:45:16.040] [ARM-RX] [1] current:90.00, target:90.00, dir:-1
[12:45:16.166] [ARM-RX] Soft resetting joint 2...
[12:45:16.166] [ARM-RX] robot_update_current_angle 2...
[12:45:16.166] [ARM-RX] [2] current:-90.00, target:-90.00, dir:1
[12:45:16.291] [ARM-RX] Soft resetting joint 0...
[12:45:16.353] [ARM-RX] robot_update_current_angle 0...
[12:45:16.353] [ARM-RX] [0] current:90.00, target:90.00, dir:-1
[12:45:16.541] [ARM-RX] soft reset final verify PASS (issues:0), pose set HOME.
[12:45:23.835] [ARM-TX] 发送命令 auto 23 -123 0: auto 23 -123 0
[12:45:23.880] [ARM-RX] Found handler for 'auto', executing...
[12:45:23.880] [ARM-RX] ROBOT_AUTO_EVENT
[12:45:23.880] [ARM-RX] [0] <0.00 0.00 0.00> result: 90.00 90.00 -90.00 0.00 90.00 0.00
[12:45:23.880] [ARM-RX] [1] <0.00 -0.00 0.00> result: 90.00 90.00 -90.00 0.00 90.00 0.00
[12:45:23.881] [ARM-RX] [2] <0.00 -0.00 0.00> result: 90.00 90.00 -90.00 -0.0
[12:45:36.895] [ARM-INFO] 已关闭串口
[12:45:37.594] [ARM-INFO] opened COM7 @ 115200
[12:45:39.620] [ARM-TX] 发送命令 auto 23 -123 0: auto 23 -123 0
[12:45:39.697] [ARM-RX] Found handler for 'auto', executing...
[12:45:39.698] [ARM-RX] reject AUTO: pose invalid, please do hard_reset/soft_reset first.
[12:45:39.700] [ARM-RX] [ERROR] event_type:auto failed
[12:45:41.560] [ARM-TX] 发送命令 soft_reset: soft_reset
[12:45:41.630] [ARM-RX] Found handler for 'soft_reset', executing...
[12:45:41.630] [ARM-RX] ROBOT_SOFT_RESET_EVENT
[12:45:41.630] [ARM-RX] --- Starting soft reset ---
[12:45:41.816] [ARM-RX] Soft reset motors enabled (J1~J5, J6 skipped).
[12:45:41.816] [ARM-RX] Soft resetting joint 4...
[12:45:41.878] [ARM-RX] robot_update_current_angle 4...
[12:45:41.878] [ARM-RX] [4] current:75.70, target:90.00, dir:1
[12:45:43.187] [ARM-RX] Soft resetting joint 3...
[12:45:43.187] [ARM-RX] robot_update_current_angle 3...
[12:45:43.187] [ARM-RX] [3] current:-7.97, target:0.00, dir:1
[12:45:44.427] [ARM-RX] Soft resetting joint 1...
[12:45:44.427] [ARM-RX] robot_update_current_angle 1...
[12:45:44.427] [ARM-RX] [1] current:122.06, target:90.00, dir:-1
[12:45:46.424] [ARM-RX] soft reset joint 1 settle timeout, keep going
[12:45:46.424] [ARM-RX] Soft resetting joint 2...
[12:45:46.425] [ARM-RX] robot_update_current_angle 2...
[12:45:46.425] [ARM-RX] [2] current:-41.26, target:-90.00, dir:-1
[12:45:48.856] [ARM-RX] soft reset joint 2 settle timeout, keep going
[12:45:48.856] [ARM-RX] Soft resetting joint 0...
[12:45:48.856] [ARM-RX] robot_update_current_angle 0...
[12:45:48.856] [ARM-RX] [0] current:97.85, target:90.00, dir:-1
[12:45:50.166] [ARM-RX] soft reset final verify PASS (issues:2), pose set HOME.
[12:45:52.731] [ARM-TX] 发送命令 auto 23 -123 0: auto 23 -123 0
[12:45:52.786] [ARM-RX] Found handler for 'auto', executing...
[12:45:52.786] [ARM-RX] ROBOT_AUTO_EVENT
[12:45:52.788] [ARM-RX] [0] <0.00 0.00 0.00> result: 90.00 90.00 -90.00 0.00 90.00 0.00
[12:45:52.788] [ARM-RX] [1] <0.00 -0.00 0.00> result: 90.00 90.00 -90.00 0.00 90.00 0.00
[12:45:52.788] [ARM-RX] [2] <0.00 -0.00 0.00> result: 90.00 90.00 -90.00 -0.0
[12:45:52.814] [ARM-RX] 0 90.00 0.00
[12:45:52.814] [ARM-RX] [3] <0.00 -0.01 0.00> result: 90.00 90.00 -90.00 -0.00 90.00 0.00
[12:45:52.814] [ARM-RX] [4] <0.00 -0.01 0.00> result: 90.00 90.00 -90.00 -0.00 90.00 0.00
[12:45:52.815] [ARM-RX] [5] <0.00 -0.02 0.00> result: 90.00 90.01 -89.99 -0.00 90.00 0.00
[12:45:52.815] [ARM-RX] [6] <0.01 -0.03 0.00> result: 90.01 90.01
[12:45:52.836] [ARM-RX] -89.99 -0.01 90.00 0.00
[12:45:52.837] [ARM-RX] [7] <0.01 -0.05 0.00> result: 90.01 90.01 -89.99 -0.01 90.00 0.00
[12:45:52.837] [ARM-RX] [8] <0.01 -0.07 0.00> result: 90.02 90.02 -89.98 -0.02 90.00 0.00
[12:45:52.837] [ARM-RX] [9] <0.02 -0.10 0.00> result: 90.02 90.03 -89.97 -0.02 90.00 0.00
[12:45:52.837] [ARM-RX] [10] <0.03 -0.14 0.00> result
[12:45:52.859] [ARM-RX] : 90.03 90.04 -89.96 -0.03 90.00 0.00
[12:45:52.859] [ARM-RX] [11] <0.03 -0.18 0.00> result: 90.04 90.05 -89.95 -0.04 90.00 0.00
[12:45:52.859] [ARM-RX] [12] <0.04 -0.24 0.00> result: 90.05 90.07 -89.93 -0.05 90.00 0.00
[12:45:52.860] [ARM-RX] [13] <0.06 -0.30 0.00> result: 90.07 90.08 -89.91 -0.07 90.00 0.00
[12:45:52.860] [ARM-RX] [14] <0.07 -0
[12:45:52.881] [ARM-RX] .37 0.00> result: 90.08 90.10 -89.89 -0.08 90.00 0.00
[12:45:52.882] [ARM-RX] [15] <0.08 -0.45 0.00> result: 90.10 90.13 -89.87 -0.10 90.00 0.00
[12:45:52.882] [ARM-RX] [16] <0.10 -0.54 0.00> result: 90.12 90.15 -89.85 -0.12 90.00 0.00
[12:45:52.882] [ARM-RX] [17] <0.12 -0.64 0.00> result: 90.14 90.18 -89.82 -0.14 90.00 0.0
[12:45:52.904] [ARM-RX] 0
[12:45:52.904] [ARM-RX] [18] <0.14 -0.76 0.00> result: 90.17 90.22 -89.78 -0.17 90.00 0.00
[12:45:52.904] [ARM-RX] [19] <0.17 -0.89 0.00> result: 90.20 90.25 -89.74 -0.20 90.00 0.00
[12:45:52.904] [ARM-RX] [20] <0.19 -1.03 0.00> result: 90.23 90.29 -89.70 -0.23 90.00 0.00
[12:45:52.906] [ARM-RX] [21] <0.22 -1.19 0.00> result: 90.26 90.34 -89.66
[12:45:52.928] [ARM-RX] -0.26 90.00 0.00
[12:45:52.928] [ARM-RX] [22] <0.25 -1.36 0.00> result: 90.30 90.39 -89.61 -0.30 89.99 0.00
[12:45:52.928] [ARM-RX] [23] <0.29 -1.55 0.00> result: 90.34 90.44 -89.56 -0.34 89.99 0.00
[12:45:52.929] [ARM-RX] [24] <0.33 -1.75 0.00> result: 90.38 90.49 -89.50 -0.38 89.99 0.00
[12:45:52.929] [ARM-RX] [25] <0.37 -1.97 0.00> result: 90
[12:45:52.950] [ARM-RX] .43 90.56 -89.43 -0.43 89.99 0.00
[12:45:52.950] [ARM-RX] [26] <0.41 -2.21 0.00> result: 90.48 90.62 -89.36 -0.48 89.99 0.00
[12:45:52.951] [ARM-RX] [27] <0.46 -2.47 0.00> result: 90.53 90.69 -89.29 -0.53 89.98 0.00
[12:45:52.951] [ARM-RX] [28] <0.51 -2.74 0.00> result: 90.58 90.77 -89.21 -0.58 89.98 0.00
[12:45:52.951] [ARM-RX] [29] <0.57 -3.03
[12:45:52.985] [ARM-RX] 0.00> result: 90.64 90.85 -89.13 -0.64 89.97 0.00
[12:45:52.985] [ARM-RX] [30] <0.63 -3.35 0.00> result: 90.70 90.93 -89.04 -0.70 89.97 0.00
[12:45:52.985] [ARM-RX] [31] <0.69 -3.68 0.00> result: 90.77 91.02 -88.94 -0.77 89.96 0.00
[12:45:52.986] [ARM-RX] [32] <0.75 -4.04 0.00> result: 90.84 91.12 -88.84 -0.84 89.95 0.00
[12:45:52.986] [ARM-RX] [
[12:45:53.009] [ARM-RX] 33] <0.82 -4.41 0.00> result: 90.91 91.22 -88.73 -0.91 89.95 0.00
[12:45:53.009] [ARM-RX] [34] <0.90 -4.81 0.00> result: 90.98 91.32 -88.62 -0.98 89.94 0.00
[12:45:53.009] [ARM-RX] [35] <0.98 -5.23 0.00> result: 91.06 91.43 -88.49 -1.06 89.93 0.00
[12:45:53.010] [ARM-RX] [36] <1.06 -5.67 0.00> result: 91.14 91.55 -88.37 -1.
[12:45:53.031] [ARM-RX] 14 89.91 0.00
[12:45:53.031] [ARM-RX] [37] <1.15 -6.13 0.00> result: 91.22 91.67 -88.23 -1.22 89.90 0.00
[12:45:53.032] [ARM-RX] [38] <1.24 -6.62 0.00> result: 91.31 91.79 -88.09 -1.31 89.88 0.00
[12:45:53.032] [ARM-RX] [39] <1.33 -7.13 0.00> result: 91.40 91.92 -87.94 -1.40 89.86 0.00
[12:45:53.032] [ARM-RX] [40] <1.43 -7.67 0.00> result: 91.49
[12:45:53.054] [ARM-RX] 92.06 -87.78 -1.49 89.85 0.00
[12:45:53.054] [ARM-RX] [41] <1.54 -8.23 0.00> result: 91.58 92.20 -87.62 -1.58 89.82 0.00
[12:45:53.054] [ARM-RX] [42] <1.65 -8.82 0.00> result: 91.67 92.35 -87.45 -1.67 89.80 0.00
[12:45:53.056] [ARM-RX] [43] <1.76 -9.43 0.00> result: 91.77 92.50 -87.27 -1.77 89.77 0.00
[12:45:53.056] [ARM-RX] [44] <1.88 -10.07 0.0
[12:45:53.077] [ARM-RX] 0> result: 91.87 92.66 -87.08 -1.87 89.74 0.00
[12:45:53.077] [ARM-RX] [45] <2.01 -10.74 0.00> result: 91.97 92.82 -86.89 -1.97 89.71 0.00
[12:45:53.077] [ARM-RX] [46] <2.14 -11.43 0.00> result: 92.07 92.99 -86.69 -2.07 89.68 0.00
[12:45:53.077] [ARM-RX] [47] <2.27 -12.15 0.00> result: 92.18 93.16 -86.48 -2.18 89.64 0.00
[12:45:53.078] [ARM-RX] [
[12:45:53.100] [ARM-RX] 48] <2.41 -12.89 0.00> result: 92.28 93.34 -86.26 -2.28 89.60 0.00
[12:45:53.101] [ARM-RX] [49] <2.56 -13.66 0.00> result: 92.39 93.52 -86.03 -2.39 89.55 0.00
[12:45:53.101] [ARM-RX] [50] <2.70 -14.47 0.00> result: 92.49 93.71 -85.80 -2.49 89.51 0.00
[12:45:53.101] [ARM-RX] [51] <2.86 -15.29 0.00> result: 92.60 93.90 -85.55
[12:45:53.123] [ARM-RX] -2.60 89.45 0.00
[12:45:53.124] [ARM-RX] [52] <3.02 -16.15 0.00> result: 92.71 94.10 -85.30 -2.71 89.40 0.00
[12:45:53.124] [ARM-RX] [53] <3.19 -17.04 0.00> result: 92.82 94.30 -85.04 -2.82 89.34 0.00
[12:45:53.124] [ARM-RX] [54] <3.36 -17.95 0.00> result: 92.93 94.50 -84.77 -2.93 89.28 0.00
[12:45:53.124] [ARM-RX] [55] <3.53 -18.89 0.00> result
[12:45:53.146] [ARM-RX] : 93.04 94.71 -84.49 -3.04 89.21 0.00
[12:45:53.146] [ARM-RX] [56] <3.71 -19.86 0.00> result: 93.15 94.93 -84.21 -3.15 89.14 0.00
[12:45:53.146] [ARM-RX] [57] <3.90 -20.86 0.00> result: 93.26 95.15 -83.91 -3.26 89.06 0.00
[12:45:53.146] [ARM-RX] [58] <4.09 -21.89 0.00> result: 93.37 95.37 -83.60 -3.37 88.98 0.00
[12:45:53.146] [ARM-RX] [59] <4.29
[12:45:53.181] [ARM-RX] -22.95 0.00> result: 93.48 95.60 -83.29 -3.48 88.89 0.00
[12:45:53.181] [ARM-RX] [60] <4.50 -24.04 0.00> result: 93.59 95.84 -82.97 -3.59 88.80 0.00
[12:45:53.181] [ARM-RX] [61] <4.70 -25.16 0.00> result: 93.70 96.07 -82.63 -3.70 88.71 0.00
[12:45:53.182] [ARM-RX] [62] <4.92 -26.31 0.00> result: 93.81 96.31 -82.29 -3.81 88
[12:45:53.204] [ARM-RX] .61 0.00
[12:45:53.205] [ARM-RX] [63] <5.14 -27.48 0.00> result: 93.91 96.56 -81.94 -3.92 88.50 0.00
[12:45:53.205] [ARM-RX] [64] <5.36 -28.69 0.00> result: 94.02 96.81 -81.58 -4.02 88.39 0.00
[12:45:53.207] [ARM-RX] [65] <5.60 -29.92 0.00> result: 94.13 97.06 -81.21 -4.13 88.28 0.00
[12:45:53.207] [ARM-RX] [66] <5.83 -31.19 0.00> result: 94.23 9
[12:45:53.227] [ARM-RX] 7.32 -80.83 -4.23 88.16 0.00
[12:45:53.227] [ARM-RX] [67] <6.07 -32.48 0.00> result: 94.34 97.58 -80.44 -4.34 88.03 0.00
[12:45:53.227] [ARM-RX] [68] <6.32 -33.81 0.00> result: 94.44 97.85 -80.05 -4.44 87.90 0.00
[12:45:53.227] [ARM-RX] [69] <6.57 -35.16 0.00> result: 94.54 98.12 -79.64 -4.54 87.77 0.00
[12:45:53.229] [ARM-RX] [70] <6.83 -36.54 0
[12:45:53.252] [ARM-RX] .00> result: 94.64 98.39 -79.22 -4.65 87.62 0.00
[12:45:53.252] [ARM-RX] [71] <7.10 -37.95 0.00> result: 94.74 98.67 -78.80 -4.74 87.48 0.00
[12:45:53.252] [ARM-RX] [72] <7.37 -39.39 0.00> result: 94.84 98.95 -78.36 -4.84 87.32 0.00
[12:45:53.252] [ARM-RX] [73] <7.64 -40.86 0.00> result: 94.94 99.23 -77.92 -4.94 87.17 0.00
[12:45:53.273] [ARM-RX] [74] <7.92 -42.36 0.00> result: 95.03 99.52 -77.47 -5.04 87.00 0.00
[12:45:53.274] [ARM-RX] [75] <8.21 -43.89 0.00> result: 95.12 99.81 -77.01 -5.13 86.83 0.00
[12:45:53.274] [ARM-RX] [76] <8.50 -45.44 0.00> result: 95.22 100.11 -76.53 -5.23 86.66 0.00
[12:45:53.274] [ARM-RX] [77] <8.79 -47.02 0.00> result: 95.31 100.41 -7
[12:45:53.296] [ARM-RX] 6.05 -5.32 86.48 0.00
[12:45:53.296] [ARM-RX] [78] <9.09 -48.63 0.00> result: 95.40 100.71 -75.56 -5.41 86.29 0.00
[12:45:53.296] [ARM-RX] [79] <9.40 -50.27 0.00> result: 95.48 101.02 -75.06 -5.50 86.10 0.00
[12:45:53.296] [ARM-RX] [80] <9.71 -51.93 0.00> result: 95.57 101.33 -74.56 -5.59 85.90 0.00
[12:45:53.298] [ARM-RX] [81] <10.03 -53.63 0.00
[12:45:53.319] [ARM-RX] > result: 95.66 101.64 -74.04 -5.67 85.70 0.00
[12:45:53.319] [ARM-RX] [82] <10.35 -55.34 0.00> result: 95.74 101.96 -73.51 -5.76 85.49 0.00
[12:45:53.319] [ARM-RX] [83] <10.68 -57.09 0.00> result: 95.82 102.28 -72.98 -5.84 85.28 0.00
[12:45:53.319] [ARM-RX] [84] <11.01 -58.86 0.00> result: 95.90 102.60 -72.43 -5.92 85.06 0
[12:45:53.354] [ARM-RX] .00
[12:45:53.354] [ARM-RX] [85] <11.34 -60.66 0.00> result: 95.98 102.93 -71.88 -6.00 84.83 0.00
[12:45:53.354] [ARM-RX] [86] <11.68 -62.48 0.00> result: 96.06 103.26 -71.32 -6.08 84.61 0.00
[12:45:53.354] [ARM-RX] [87] <12.03 -64.32 0.00> result: 96.13 103.59 -70.75 -6.16 84.37 0.00
[12:45:53.355] [ARM-RX] [88] <12.38 -66.19 0.00> result: 96.21
[12:45:53.377] [ARM-RX] 103.93 -70.17 -6.24 84.13 0.00
[12:45:53.377] [ARM-RX] [89] <12.73 -68.09 0.00> result: 96.28 104.27 -69.58 -6.31 83.88 0.00
[12:45:53.377] [ARM-RX] [90] <13.09 -70.01 0.00> result: 96.35 104.61 -68.98 -6.39 83.63 0.00
[12:45:53.377] [ARM-RX] [91] <13.45 -71.95 0.00> result: 96.42 104.96 -68.38 -6.46 83.38 0.00
[12:45:53.378] [ARM-RX] [92] <13.8
[12:45:53.400] [ARM-RX] 2 -73.91 0.00> result: 96.49 105.30 -67.77 -6.53 83.12 0.00
[12:45:53.401] [ARM-RX] [93] <14.19 -75.90 0.00> result: 96.55 105.66 -67.15 -6.61 82.85 0.00
[12:45:53.401] [ARM-RX] [94] <14.57 -77.91 0.00> result: 96.62 106.01 -66.52 -6.68 82.58 0.00
[12:45:53.401] [ARM-RX] [95] <14.95 -79.94 0.00> result: 96.68 106.37 -65.88
[12:45:53.422] [ARM-RX] -6.74 82.30 0.00
[12:45:53.422] [ARM-RX] [96] <15.33 -81.99 0.00> result: 96.75 106.73 -65.24 -6.81 82.02 0.00
[12:45:53.424] [ARM-RX] [97] <15.72 -84.06 0.00> result: 96.81 107.10 -64.58 -6.88 81.74 0.00
[12:45:53.424] [ARM-RX] [98] <16.11 -86.15 0.00> result: 96.87 107.46 -63.92 -6.94 81.45 0.00
[12:45:53.424] [ARM-RX] [99] <16.50 -88.26 0.00>
[12:45:53.446] [ARM-RX] result: 96.92 107.83 -63.25 -7.01 81.15 0.00
[12:45:53.446] [ARM-RX] [100] <16.90 -90.39 0.00> result: 96.98 108.21 -62.58 -7.07 80.85 0.00
[12:45:53.447] [ARM-RX] [101] <17.30 -92.54 0.00> result: 97.04 108.58 -61.89 -7.13 80.55 0.00
[12:45:53.447] [ARM-RX] [102] <17.71 -94.70 0.00> result: 97.09 108.96 -61.20 -7.20 80.24
[12:45:53.468] [ARM-RX] 0.00
[12:45:53.470] [ARM-RX] [103] <18.12 -96.88 0.00> result: 97.15 109.34 -60.51 -7.26 79.93 0.00
[12:45:53.470] [ARM-RX] [104] <18.53 -99.08 0.00> result: 97.20 109.72 -59.80 -7.32 79.61 0.00
[12:45:53.470] [ARM-RX] [105] <18.94 -101.29 0.00> result: 97.25 110.11 -59.09 -7.38 79.29 0.00
[12:45:53.470] [ARM-RX] [106] <19.36 -103.52 0.00> result
[12:45:53.492] [ARM-RX] : 97.30 110.50 -58.37 -7.44 78.96 0.00
[12:45:53.492] [ARM-RX] [107] <19.78 -105.76 0.00> result: 97.35 110.89 -57.65 -7.49 78.63 0.00
[12:45:53.492] [ARM-RX] [108] <20.20 -108.02 0.00> result: 97.39 111.28 -56.92 -7.55 78.30 0.00
[12:45:53.492] [ARM-RX] [109] <20.62 -110.29 0.00> result: 97.44 111.68 -56.18 -7.61 77.96 0.0
[12:45:53.517] [ARM-RX] 0
[12:45:53.517] [ARM-RX] [110] <21.05 -112.57 0.00> result: 97.49 112.08 -55.43 -7.66 77.62 0.00
[12:45:53.517] [ARM-RX] [111] <21.48 -114.86 0.00> result: 97.53 112.48 -54.68 -7.72 77.27 0.00
[12:45:53.517] [ARM-RX] [112] <21.91 -117.16 0.00> result: 97.57 112.88 -53.93 -7.78 76.93 0.00
[12:45:53.517] [ARM-RX] [113] <22.34 -119.48 0.00> result:
[12:45:53.550] [ARM-RX] 97.61 113.29 -53.16 -7.83 76.57 0.00
[12:45:53.550] [ARM-RX] [114] <22.78 -121.80 0.00> result: 97.66 113.69 -52.40 -7.88 76.22 0.00
[12:45:53.551] [ARM-RX] [115] <23.00 -123.00 0.00> result: 97.68 113.90 -52.00 -7.91 76.03 0.00
[12:45:53.551] [ARM-RX] [116] <23.00 -123.00 0.00> result: 97.68 113.90 -52.00 -7.91 76.03 0.00
[12:45:53.574] [ARM-RX] [117] <23.00 -123.00 0.00> result: 97.68 113.90 -52.00 -7.91 76.03 0.00
[12:45:53.574] [ARM-RX] [118] <23.00 -123.00 0.00> result: 97.68 113.90 -52.00 -7.91 76.03 0.00
[12:45:53.574] [ARM-RX] [119] <23.00 -123.00 0.00> result: 97.68 113.90 -52.00 -7.91 76.03 0.00
[12:45:53.574] [ARM-RX] [120] <23.00 -123.00 0.00> result:
[12:45:53.596] [ARM-RX] 97.68 113.90 -52.00 -7.91 76.03 0.00
[12:45:53.596] [ARM-RX] [121] <23.00 -123.00 0.00> result: 97.68 113.90 -52.00 -7.91 76.03 0.00
[12:45:53.596] [ARM-RX] [122] <23.00 -123.00 0.00> result: 97.68 113.90 -52.00 -7.91 76.03 0.00
[12:45:53.596] [ARM-RX] [123] <23.00 -123.00 0.00> result: 97.68 113.90 -52.00 -7.91 76.03 0.00
[12:45:53.619] [ARM-RX] [124] <23.00 -123.00 0.00> result: 97.68 113.90 -52.00 -7.91 76.03 0.00
[12:45:53.619] [ARM-RX] [125] <23.00 -123.00 0.00> result: 97.68 113.90 -52.00 -7.91 76.03 0.00
[12:45:53.619] [ARM-RX] [126] <23.00 -123.00 0.00> result: 97.68 113.90 -52.00 -7.91 76.03 0.00
[12:45:53.619] [ARM-RX] [127] <23.00 -123.00 0.00> result: 9
[12:45:53.642] [ARM-RX] 7.68 113.90 -52.00 -7.91 76.03 0.00
[12:45:53.642] [ARM-RX] [128] <23.00 -123.00 0.00> result: 97.68 113.90 -52.00 -7.91 76.03 0.00
[12:45:53.643] [ARM-RX] [129] <23.00 -123.00 0.00> result: 97.68 113.90 -52.00 -7.91 76.03 0.00
[12:45:53.643] [ARM-RX] [130] <23.00 -123.00 0.00> result: 97.68 113.90 -52.00 -7.91 76.03 0.00
[12:45:53.665] [ARM-RX] [131] <23.00 -123.00 0.00> result: 97.68 113.90 -52.00 -7.91 76.03 0.00
[12:45:53.665] [ARM-RX] [132] <23.00 -123.00 0.00> result: 97.68 113.90 -52.00 -7.91 76.03 0.00
[12:45:53.666] [ARM-RX] [133] <23.00 -123.00 0.00> result: 97.68 113.90 -52.00 -7.91 76.03 0.00
[12:45:53.666] [ARM-RX] [134] <23.00 -123.00 0.00> result: 97
[12:45:53.688] [ARM-RX] .68 113.90 -52.00 -7.91 76.03 0.00
[12:45:53.688] [ARM-RX] [135] <23.00 -123.00 0.00> result: 97.68 113.90 -52.00 -7.91 76.03 0.00
[12:45:53.689] [ARM-RX] [136] <23.00 -123.00 0.00> result: 97.68 113.90 -52.00 -7.91 76.03 0.00
[12:45:53.689] [ARM-RX] [137] <23.00 -123.00 0.00> result: 97.68 113.90 -52.00 -7.91 76.03 0.00
[12:45:53.689] [ARM-RX] [
[12:45:53.722] [ARM-RX] 138] <23.00 -123.00 0.00> result: 97.68 113.90 -52.00 -7.91 76.03 0.00
[12:45:53.724] [ARM-RX] [139] <23.00 -123.00 0.00> result: 97.68 113.90 -52.00 -7.91 76.03 0.00
[12:45:53.724] [ARM-RX] [140] <23.00 -123.00 0.00> result: 97.68 113.90 -52.00 -7.91 76.03 0.00
[12:45:53.724] [ARM-RX] [141] <23.00 -123.00 0.00> result: 97.
[12:45:53.745] [ARM-RX] 68 113.90 -52.00 -7.91 76.03 0.00
[12:45:53.745] [ARM-RX] [142] <23.00 -123.00 0.00> result: 97.68 113.90 -52.00 -7.91 76.03 0.00
[12:45:53.745] [ARM-RX] [143] <23.00 -123.00 0.00> result: 97.68 113.90 -52.00 -7.91 76.03 0.00
[12:45:53.745] [ARM-RX] [144] <23.00 -123.00 0.00> result: 97.68 113.90 -52.00 -7.91 76.03 0.00
[12:45:53.746] [ARM-RX] [1
[12:45:53.768] [ARM-RX] 45] <23.00 -123.00 0.00> result: 97.68 113.90 -52.00 -7.91 76.03 0.00
[12:45:53.768] [ARM-RX] [146] <23.00 -123.00 0.00> result: 97.68 113.90 -52.00 -7.91 76.03 0.00
[12:45:53.768] [ARM-RX] [147] <23.00 -123.00 0.00> result: 97.68 113.90 -52.00 -7.91 76.03 0.00
[12:45:53.769] [ARM-RX] [148] <23.00 -123.00 0.00> result: 97.6
[12:45:53.791] [ARM-RX] 8 113.90 -52.00 -7.91 76.03 0.00
[12:45:53.791] [ARM-RX] [149] <23.00 -123.00 0.00> result: 97.68 113.90 -52.00 -7.91 76.03 0.00
[12:45:53.791] [ARM-RX] [150] <23.00 -123.00 0.00> result: 97.68 113.90 -52.00 -7.91 76.03 0.00
[12:45:53.792] [ARM-RX] [151] <23.00 -123.00 0.00> result: 97.68 113.90 -52.00 -7.91 76.03 0.00
[12:45:53.792] [ARM-RX] [15
[12:45:53.814] [ARM-RX] 2] <23.00 -123.00 0.00> result: 97.68 113.90 -52.00 -7.91 76.03 0.00
[12:45:53.815] [ARM-RX] [153] <23.00 -123.00 0.00> result: 97.68 113.90 -52.00 -7.91 76.03 0.00
[12:45:53.815] [ARM-RX] [154] <23.00 -123.00 0.00> result: 97.68 113.90 -52.00 -7.91 76.03 0.00
[12:45:53.815] [ARM-RX] [155] <23.00 -123.00 0.00> result: 97.68
[12:45:53.838] [ARM-RX] 113.90 -52.00 -7.91 76.03 0.00
[12:45:53.839] [ARM-RX] [156] <23.00 -123.00 0.00> result: 97.68 113.90 -52.00 -7.91 76.03 0.00
[12:45:53.839] [ARM-RX] [157] <23.00 -123.00 0.00> result: 97.68 113.90 -52.00 -7.91 76.03 0.00
[12:45:53.839] [ARM-RX] [158] <23.00 -123.00 0.00> result: 97.68 113.90 -52.00 -7.91 76.03 0.00
[12:45:53.839] [ARM-RX] [159
[12:45:53.861] [ARM-RX] ] <23.00 -123.00 0.00> result: 97.68 113.90 -52.00 -7.91 76.03 0.00
[12:45:53.862] [ARM-RX] [160] <23.00 -123.00 0.00> result: 97.68 113.90 -52.00 -7.91 76.03 0.00
[12:45:53.862] [ARM-RX] [161] <23.00 -123.00 0.00> result: 97.68 113.90 -52.00 -7.91 76.03 0.00
[12:45:53.862] [ARM-RX] [162] <23.00 -123.00 0.00> result: 97.68
[12:45:53.883] [ARM-RX] 113.90 -52.00 -7.91 76.03 0.00
[12:45:53.885] [ARM-RX] [163] <23.00 -123.00 0.00> result: 97.68 113.90 -52.00 -7.91 76.03 0.00
[12:45:53.885] [ARM-RX] [164] <23.00 -123.00 0.00> result: 97.68 113.90 -52.00 -7.91 76.03 0.00
[12:45:53.885] [ARM-RX] [165] <23.00 -123.00 0.00> result: 97.68 113.90 -52.00 -7.91 76.03 0.00
[12:45:53.886] [ARM-RX] [166]
[12:45:53.918] [ARM-RX] <23.00 -123.00 0.00> result: 97.68 113.90 -52.00 -7.91 76.03 0.00
[12:45:53.919] [ARM-RX] [167] <23.00 -123.00 0.00> result: 97.68 113.90 -52.00 -7.91 76.03 0.00
[12:45:53.919] [ARM-RX] [168] <23.00 -123.00 0.00> result: 97.68 113.90 -52.00 -7.91 76.03 0.00
[12:45:53.919] [ARM-RX] [169] <23.00 -123.00 0.00> result: 97.68 1
[12:45:53.940] [ARM-RX] 13.90 -52.00 -7.91 76.03 0.00
[12:45:53.942] [ARM-RX] [170] <23.00 -123.00 0.00> result: 97.68 113.90 -52.00 -7.91 76.03 0.00
[12:45:53.942] [ARM-RX] [171] <23.00 -123.00 0.00> result: 97.68 113.90 -52.00 -7.91 76.03 0.00
[12:45:53.942] [ARM-RX] [172] <23.00 -123.00 0.00> result: 97.68 113.90 -52.00 -7.91 76.03 0.00
[12:45:53.943] [ARM-RX] [173]
[12:45:53.964] [ARM-RX] <23.00 -123.00 0.00> result: 97.68 113.90 -52.00 -7.91 76.03 0.00
[12:45:53.964] [ARM-RX] [174] <23.00 -123.00 0.00> result: 97.68 113.90 -52.00 -7.91 76.03 0.00
[12:45:53.965] [ARM-RX] [175] <23.00 -123.00 0.00> result: 97.68 113.90 -52.00 -7.91 76.03 0.00
[12:45:53.965] [ARM-RX] [176] <23.00 -123.00 0.00> result: 97.68 11
[12:45:53.988] [ARM-RX] 3.90 -52.00 -7.91 76.03 0.00
[12:45:53.989] [ARM-RX] [177] <23.00 -123.00 0.00> result: 97.68 113.90 -52.00 -7.91 76.03 0.00
[12:45:53.989] [ARM-RX] [178] <23.00 -123.00 0.00> result: 97.68 113.90 -52.00 -7.91 76.03 0.00
[12:45:53.989] [ARM-RX] [179] <23.00 -123.00 0.00> result: 97.68 113.90 -52.00 -7.91 76.03 0.00
[12:45:53.989] [ARM-RX] [180] <
[12:45:54.010] [ARM-RX] 23.00 -123.00 0.00> result: 97.68 113.90 -52.00 -7.91 76.03 0.00
[12:45:54.010] [ARM-RX] [181] <23.00 -123.00 0.00> result: 97.68 113.90 -52.00 -7.91 76.03 0.00
[12:45:54.010] [ARM-RX] [182] <23.00 -123.00 0.00> result: 97.68 113.90 -52.00 -7.91 76.03 0.00
[12:45:54.010] [ARM-RX] [183] <23.00 -123.00 0.00> result: 97.68 113
[12:45:54.033] [ARM-RX] .90 -52.00 -7.91 76.03 0.00
[12:45:54.033] [ARM-RX] [184] <23.00 -123.00 0.00> result: 97.68 113.90 -52.00 -7.91 76.03 0.00
[12:45:54.033] [ARM-RX] [185] <23.00 -123.00 0.00> result: 97.68 113.90 -52.00 -7.91 76.03 0.00
[12:45:54.034] [ARM-RX] [186] <23.00 -123.00 0.00> result: 97.68 113.90 -52.00 -7.91 76.03 0.00
[12:45:54.034] [ARM-RX] [187] <2
[12:45:54.055] [ARM-RX] 3.00 -123.00 0.00> result: 97.68 113.90 -52.00 -7.91 76.03 0.00
[12:45:54.057] [ARM-RX] [188] <23.00 -123.00 0.00> result: 97.68 113.90 -52.00 -7.91 76.03 0.00
[12:45:54.057] [ARM-RX] [189] <23.00 -123.00 0.00> result: 97.68 113.90 -52.00 -7.91 76.03 0.00
[12:45:54.058] [ARM-RX] [190] <23.00 -123.00 0.00> result: 97.68 113.
[12:45:54.091] [ARM-RX] 90 -52.00 -7.91 76.03 0.00
[12:45:54.092] [ARM-RX] [191] <23.00 -123.00 0.00> result: 97.68 113.90 -52.00 -7.91 76.03 0.00
[12:45:54.092] [ARM-RX] [192] <23.00 -123.00 0.00> result: 97.68 113.90 -52.00 -7.91 76.03 0.00
[12:45:54.092] [ARM-RX] [193] <23.00 -123.00 0.00> result: 97.68 113.90 -52.00 -7.91 76.03 0.00
[12:45:54.092] [ARM-RX] [194] <23
[12:45:54.114] [ARM-RX] .00 -123.00 0.00> result: 97.68 113.90 -52.00 -7.91 76.03 0.00
[12:45:54.114] [ARM-RX] [195] <23.00 -123.00 0.00> result: 97.68 113.90 -52.00 -7.91 76.03 0.00
[12:45:54.114] [ARM-RX] [196] <23.00 -123.00 0.00> result: 97.68 113.90 -52.00 -7.91 76.03 0.00
[12:45:54.114] [ARM-RX] [197] <23.00 -123.00 0.00> result: 97.68 113.9
[12:45:54.140] [ARM-RX] 0 -52.00 -7.91 76.03 0.00
[12:45:54.140] [ARM-RX] [198] <23.00 -123.00 0.00> result: 97.68 113.90 -52.00 -7.91 76.03 0.00
[12:45:54.140] [ARM-RX] [199] <23.00 -123.00 0.00> result: 97.68 113.90 -52.00 -7.91 76.03 0.00
[12:45:54.140] [ARM-RX] [200] <23.00 -123.00 0.00> result: 97.68 113.90 -52.00 -7.91 76.03 0.00
[12:45:54.141] [ARM-RX] [201] <23.
[12:45:54.160] [ARM-RX] 00 -123.00 0.00> result: 97.68 113.90 -52.00 -7.91 76.03 0.00
[12:45:54.160] [ARM-RX] [202] <23.00 -123.00 0.00> result: 97.68 113.90 -52.00 -7.91 76.03 0.00
[12:45:54.160] [ARM-RX] [203] <23.00 -123.00 0.00> result: 97.68 113.90 -52.00 -7.91 76.03 0.00
[12:45:54.161] [ARM-RX] [204] <23.00 -123.00 0.00> result: 97.68 113.90
[12:45:54.183] [ARM-RX] -52.00 -7.91 76.03 0.00
[12:45:54.183] [ARM-RX] [205] <23.00 -123.00 0.00> result: 97.68 113.90 -52.00 -7.91 76.03 0.00
[12:45:54.184] [ARM-RX] [206] <23.00 -123.00 0.00> result: 97.68 113.90 -52.00 -7.91 76.03 0.00
[12:45:54.184] [ARM-RX] [207] <23.00 -123.00 0.00> result: 97.68 113.90 -52.00 -7.91 76.03 0.00
[12:45:54.184] [ARM-RX] [208] <23.0
[12:45:54.206] [ARM-RX] 0 -123.00 0.00> result: 97.68 113.90 -52.00 -7.91 76.03 0.00
[12:45:54.206] [ARM-RX] [209] <23.00 -123.00 0.00> result: 97.68 113.90 -52.00 -7.91 76.03 0.00
[12:45:54.206] [ARM-RX] [210] <23.00 -123.00 0.00> result: 97.68 113.90 -52.00 -7.91 76.03 0.00
[12:45:54.206] [ARM-RX] [211] <23.00 -123.00 0.00> result: 97.68 113.90
[12:45:54.229] [ARM-RX] -52.00 -7.91 76.03 0.00
[12:45:54.230] [ARM-RX] [212] <23.00 -123.00 0.00> result: 97.68 113.90 -52.00 -7.91 76.03 0.00
[12:45:54.230] [ARM-RX] [213] <23.00 -123.00 0.00> result: 97.68 113.90 -52.00 -7.91 76.03 0.00
[12:45:54.230] [ARM-RX] [214] <23.00 -123.00 0.00> result: 97.68 113.90 -52.00 -7.91 76.03 0.00
[12:45:54.230] [ARM-RX] [215] <23.00
[12:45:54.252] [ARM-RX] -123.00 0.00> result: 97.68 113.90 -52.00 -7.91 76.03 0.00
[12:45:54.252] [ARM-RX] [216] <23.00 -123.00 0.00> result: 97.68 113.90 -52.00 -7.91 76.03 0.00
[12:45:54.253] [ARM-RX] [217] <23.00 -123.00 0.00> result: 97.68 113.90 -52.00 -7.91 76.03 0.00
[12:45:54.253] [ARM-RX] [218] <23.00 -123.00 0.00> result: 97.68 113.90 -
[12:45:54.288] [ARM-RX] 52.00 -7.91 76.03 0.00
[12:45:54.288] [ARM-RX] [219] <23.00 -123.00 0.00> result: 97.68 113.90 -52.00 -7.91 76.03 0.00
[12:45:54.288] [ARM-RX] [220] <23.00 -123.00 0.00> result: 97.68 113.90 -52.00 -7.91 76.03 0.00
[12:45:54.289] [ARM-RX] [221] <23.00 -123.00 0.00> result: 97.68 113.90 -52.00 -7.91 76.03 0.00
[12:45:54.289] [ARM-RX] [222] <23.00
[12:45:54.310] [ARM-RX] -123.00 0.00> result: 97.68 113.90 -52.00 -7.91 76.03 0.00
[12:45:54.310] [ARM-RX] [223] <23.00 -123.00 0.00> result: 97.68 113.90 -52.00 -7.91 76.03 0.00
[12:45:54.310] [ARM-RX] [224] <23.00 -123.00 0.00> result: 97.68 113.90 -52.00 -7.91 76.03 0.00
[12:45:54.310] [ARM-RX] [225] <23.00 -123.00 0.00> result: 97.68 113.90 -5
[12:45:54.333] [ARM-RX] 2.00 -7.91 76.03 0.00
[12:45:54.334] [ARM-RX] [226] <23.00 -123.00 0.00> result: 97.68 113.90 -52.00 -7.91 76.03 0.00
[12:45:54.334] [ARM-RX] [227] <23.00 -123.00 0.00> result: 97.68 113.90 -52.00 -7.91 76.03 0.00
[12:45:54.334] [ARM-RX] [228] <23.00 -123.00 0.00> result: 97.68 113.90 -52.00 -7.91 76.03 0.00
[12:45:54.334] [ARM-RX] [229] <23.00 -
[12:45:54.356] [ARM-RX] 123.00 0.00> result: 97.68 113.90 -52.00 -7.91 76.03 0.00
[12:45:54.357] [ARM-RX] [230] <23.00 -123.00 0.00> result: 97.68 113.90 -52.00 -7.91 76.03 0.00
[12:45:54.357] [ARM-RX] [231] <23.00 -123.00 0.00> result: 97.68 113.90 -52.00 -7.91 76.03 0.00
[12:45:54.357] [ARM-RX] [232] <23.00 -123.00 0.00> result: 97.68 113.90 -52
[12:45:54.379] [ARM-RX] .00 -7.91 76.03 0.00
[12:45:54.379] [ARM-RX] [233] <23.00 -123.00 0.00> result: 97.68 113.90 -52.00 -7.91 76.03 0.00
[12:45:54.379] [ARM-RX] [234] <23.00 -123.00 0.00> result: 97.68 113.90 -52.00 -7.91 76.03 0.00
[12:45:54.380] [ARM-RX] [235] <23.00 -123.00 0.00> result: 97.68 113.90 -52.00 -7.91 76.03 0.00
[12:45:54.380] [ARM-RX] [236] <23.00 -1
[12:45:54.403] [ARM-RX] 23.00 0.00> result: 97.68 113.90 -52.00 -7.91 76.03 0.00
[12:45:54.404] [ARM-RX] [237] <23.00 -123.00 0.00> result: 97.68 113.90 -52.00 -7.91 76.03 0.00
[12:45:54.404] [ARM-RX] [238] <23.00 -123.00 0.00> result: 97.68 113.90 -52.00 -7.91 76.03 0.00
[12:45:54.404] [ARM-RX] [239] <23.00 -123.00 0.00> result: 97.68 113.90 -52.
[12:45:54.425] [ARM-RX] 00 -7.91 76.03 0.00
[12:45:54.425] [ARM-RX] [240] <23.00 -123.00 0.00> result: 97.68 113.90 -52.00 -7.91 76.03 0.00
[12:45:54.425] [ARM-RX] [241] <23.00 -123.00 0.00> result: 97.68 113.90 -52.00 -7.91 76.03 0.00
[12:45:54.425] [ARM-RX] [242] <23.00 -123.00 0.00> result: 97.68 113.90 -52.00 -7.91 76.03 0.00
[12:45:54.426] [ARM-RX] [243] <23.00 -12
[12:45:54.460] [ARM-RX] 3.00 0.00> result: 97.68 113.90 -52.00 -7.91 76.03 0.00
[12:45:54.460] [ARM-RX] [244] <23.00 -123.00 0.00> result: 97.68 113.90 -52.00 -7.91 76.03 0.00
[12:45:54.461] [ARM-RX] [245] <23.00 -123.00 0.00> result: 97.68 113.90 -52.00 -7.91 76.03 0.00
[12:45:54.461] [ARM-RX] [246] <23.00 -123.00 0.00> result: 97.68 113.90 -52.0
[12:45:54.484] [ARM-RX] 0 -7.91 76.03 0.00
[12:45:54.484] [ARM-RX] [247] <23.00 -123.00 0.00> result: 97.68 113.90 -52.00 -7.91 76.03 0.00
[12:45:54.484] [ARM-RX] [248] <23.00 -123.00 0.00> result: 97.68 113.90 -52.00 -7.91 76.03 0.00
[12:45:54.484] [ARM-RX] [249] <23.00 -123.00 0.00> result: 97.68 113.90 -52.00 -7.91 76.03 0.00
[12:45:54.484] [ARM-RX] [250] <23.00 -123
[12:45:54.506] [ARM-RX] .00 0.00> result: 97.68 113.90 -52.00 -7.91 76.03 0.00
[12:45:54.506] [ARM-RX] [251] <23.00 -123.00 0.00> result: 97.68 113.90 -52.00 -7.91 76.03 0.00
[12:45:54.507] [ARM-RX] [252] <23.00 -123.00 0.00> result: 97.68 113.90 -52.00 -7.91 76.03 0.00
[12:45:54.507] [ARM-RX] [253] <23.00 -123.00 0.00> result: 97.68 113.90 -52.00
[12:45:54.558] [ARM-RX] -7.91 76.03 0.00
[12:45:54.558] [ARM-RX] [254] <23.00 -123.00 0.00> result: 97.68 113.90 -52.00 -7.91 76.03 0.00
[12:45:57.287] [ARM-RX] [joint 1] ave_error:0.17
[12:45:57.287] [ARM-RX] [joint 2] ave_error:5.20
[12:45:57.287] [ARM-RX] [joint 3] ave_error:7.26
[12:45:57.287] [ARM-RX] [joint 4] ave_error:0.15
[12:45:57.287] [ARM-RX] [joint 5] ave_error:1.29
[12:45:57.289] [ARM-RX] robot pid run finished!!
[12:45:58.026] [ARM-RX] AUTO final confirm failed: joint 2 err=10.74deg tol=3.00, pose invalid.
[12:45:58.026] [ARM-RX] J1 cur=97.84 target=97.68 err=-0.17
[12:45:58.026] [ARM-RX] J2 cur=122.06 target=113.90 err=-8.16
[12:45:58.026] [ARM-RX] J3 cur=-41.26 target=-52.00 err=-10.74
[12:45:58.027] [ARM-RX] J4 cur=-7.97 target=-7.91 err=0.06
[12:45:58.027] [ARM-RX] J5 cur=75.70 target=7
[12:45:58.081] [ARM-RX] 6.03 err=0.33
[12:46:01.980] [ARM-TX] 发送命令 read_all: read_all
[12:46:02.066] [ARM-RX] Found handler for 'read_all', executing...
[12:46:02.066] [ARM-RX] ROBOT_READ_ALL_EVENT
[12:46:02.067] [ARM-RX] read_all ret=0 elapsed=2 ms missing=0x00
[12:46:02.069] [ARM-RX] J1 angle=97.84
[12:46:02.069] [ARM-RX] J2 angle=122.05
[12:46:02.069] [ARM-RX] J3 angle=318.74
[12:46:02.069] [ARM-RX] J4 angle=352.03
[12:46:02.069] [ARM-RX] J5 angle=75.70
[12:46:06.209] [ARM-TX] 发送命令 soft_reset: soft_reset
[12:46:06.303] [ARM-RX] Found handler for 'soft_reset', executing...
[12:46:06.303] [ARM-RX] ROBOT_SOFT_RESET_EVENT
[12:46:06.303] [ARM-RX] --- Starting soft reset ---
[12:46:06.553] [ARM-RX] Soft reset motors enabled (J1~J5, J6 skipped).
[12:46:06.553] [ARM-RX] Soft resetting joint 4...
[12:46:06.553] [ARM-RX] robot_update_current_angle 4...
[12:46:06.553] [ARM-RX] [4] current:75.70, target:90.00, dir:1
[12:46:07.862] [ARM-RX] Soft resetting joint 3...
[12:46:07.862] [ARM-RX] robot_update_current_angle 3...
[12:46:07.862] [ARM-RX] [3] current:-7.97, target:0.00, dir:1
[12:46:09.104] [ARM-RX] Soft resetting joint 1...
[12:46:09.104] [ARM-RX] robot_update_current_angle 1...
[12:46:09.104] [ARM-RX] [1] current:122.05, target:90.00, dir:-1
[12:46:11.096] [ARM-RX] soft reset joint 1 settle timeout, keep going
[12:46:11.096] [ARM-RX] Soft resetting joint 2...
[12:46:11.096] [ARM-RX] robot_update_current_angle 2...
[12:46:11.097] [ARM-RX] [2] current:-41.26, target:-90.00, dir:-1
[12:46:13.524] [ARM-RX] soft reset joint 2 settle timeout, keep going
[12:46:13.524] [ARM-RX] Soft resetting joint 0...
[12:46:13.524] [ARM-RX] robot_update_current_angle 0...
[12:46:13.524] [ARM-RX] [0] current:97.84, target:90.00, dir:-1
[12:46:14.830] [ARM-RX] soft reset final verify PASS (issues:2), pose set HOME.
[12:46:26.121] [JETSON-TX] TARGET_CTRL_START_NEW: A5 5A 01 02 D7 01 01 68 10
[12:46:26.161] [ARM-RX] [JETSON_RX] target_ctrl=1
[12:46:26.195] [JETSON-RX] A5 5A 01 81 D7 03 04 01 00 21 D6 A5 5A 01 FE D7 01 01 58 40
[12:46:26.196] [JETSON-STATUS] TARGET_CTRL_ON: A5 5A 01 81 D7 03 04 01 00 21 D6
[12:46:26.196] [JETSON-STATUS] ERROR: A5 5A 01 FE D7 01 01 58 40
[12:46:26.800] [JETSON-RX] A5 5A 01 FE D7 01 01 58 40
[12:46:26.800] [JETSON-STATUS] ERROR: A5 5A 01 FE D7 01 01 58 40
[12:46:51.624] [JETSON-INFO] 已停止周期视觉发送
[12:46:51.624] [JETSON-INFO] heartbeat stopped
[12:46:51.626] [JETSON-INFO] 已关闭串口
[12:46:52.112] [ARM-INFO] 已关闭串口
[12:46:53.088] [JETSON-INFO] 已停止周期视觉发送
[12:46:53.089] [JETSON-INFO] heartbeat stopped
[12:46:53.092] [ARM-ERROR] ARM串口未打开，命令未发送: target_disable
[12:46:53.094] [ARM-ERROR] ARM串口未打开，命令未发送: laser_off
[12:46:53.094] [APP-SAFETY] 已停止视觉发送，并发送 target_disable / laser_off
[12:46:54.571] [JETSON-INFO] opened COM14 @ 115200
[12:46:54.574] [JETSON-INFO] heartbeat started: 200 ms
[12:46:54.964] [ARM-INFO] opened COM7 @ 115200
[12:46:55.579] [JETSON-INFO] 已停止周期视觉发送
[12:46:55.579] [JETSON-INFO] heartbeat stopped
[12:46:55.581] [ARM-TX] 发送命令 target_disable: target_disable
[12:46:55.582] [ARM-TX] 发送命令 laser_off: laser_off
[12:46:55.582] [APP-SAFETY] 已停止视觉发送，并发送 target_disable / laser_off
[12:46:55.637] [ARM-RX] Found handler for 'target_disable reset ---
[12:46:55.637] [ARM-RX] target_disable
[12:46:55.637] [ARM-RX] Found handler for 'laser_off', executing...
[12:46:55.637] [ARM-RX] laser_off
[12:46:55.823] [ARM-RX] Soft reset motors enabled (J1~J5, J6 skipped).
[12:46:55.823] [ARM-RX] Soft resetting joint 4...
[12:46:55.884] [ARM-RX] robot_update_current_angle 4...
[12:46:55.884] [ARM-RX] [4] current:90.00, target:90.00, dir:1
[12:46:56.007] [ARM-RX] Soft resetting joint 3...
[12:46:56.007] [ARM-RX] robot_update_current_angle 3...
[12:46:56.007] [ARM-RX] [3] current:0.00, target:0.00, dir:-1
[12:46:56.130] [ARM-RX] Soft resetting joint 1...
[12:46:56.130] [ARM-RX] robot_update_current_angle 1...
[12:46:56.130] [ARM-RX] [1] current:90.00, target:90.00, dir:-1
[12:46:56.253] [ARM-RX] Soft resetting joint 2...
[12:46:56.316] [ARM-RX] robot_update_current_angle 2...
[12:46:56.316] [ARM-RX] [2] current:-90.00, target:-90.00, dir:1
[12:46:56.439] [ARM-RX] Soft resetting joint 0...
[12:46:56.439] [ARM-RX] robot_update_current_angle 0...
[12:46:56.439] [ARM-RX] [0] current:90.00, target:90.00, dir:-1
[12:46:56.688] [ARM-RX] soft reset final verify PASS (issues:0), pose set HOME.
[12:47:00.030] [JETSON-TX] TARGET_CTRL_START_NEW: A5 5A 01 02 DE 01 01 B8 12
[12:47:00.104] [JETSON-RX] A5 5A 01 81 DE 03 04 01 00 FD D7 A5 5A 01 FE DE 01 01 88 42
[12:47:00.104] [ARM-RX] [JETSON_RX] target_ctrl=1
[12:47:00.104] [JETSON-STATUS] TARGET_CTRL_ON: A5 5A 01 81 DE 03 04 01 00 FD D7
[12:47:00.105] [JETSON-STATUS] ERROR: A5 5A 01 FE DE 01 01 88 42
[12:47:00.696] [JETSON-RX] A5 5A 01 FE DE 01 01 88 42
[12:47:00.696] [JETSON-STATUS] ERROR: A5 5A 01 FE DE 01 01 88 42
[12:48:27.962] [JETSON-INFO] heartbeat stopped
[12:48:30.499] [DEMO-INFO] 演示配置已保存
[12:48:30.502] [JETSON-INFO] heartbeat started: 200 ms
[12:48:30.502] [DEMO-INFO] 一键定靶演示开始
[12:48:30.503] [JETSON-TX] TARGET_CTRL_START_NEW: A5 5A 01 02 E0 01 01 D9 DE
[12:48:30.537] [ARM-RX] [JETSON_RX] target_ctrl=1
[12:48:30.567] [JETSON-RX] A5 5A 01 81 E0 03 04 01 00 D4 12 A5 5A 01 FE E0 01 01 E9 8E
[12:48:30.567] [JETSON-STATUS] TARGET_CTRL_ON: A5 5A 01 81 E0 03 04 01 00 D4 12
[12:48:30.568] [JETSON-STATUS] ERROR: A5 5A 01 FE E0 01 01 E9 8E
[12:48:30.612] [JETSON-INFO] 已停止周期视觉发送
[12:48:30.613] [JETSON-INFO] heartbeat stopped
[12:48:30.615] [JETSON-TX] TARGET_CTRL_STOP_NEW: A5 5A 01 02 E1 01 00 49 DE
[12:48:30.615] [DEMO-ERROR] 未收到 READY，演示停止。请先确认 soft_reset 和状态机启动。
[12:48:30.637] [ARM-RX] [JETSON_RX] target_ctrl=0
[12:48:30.637] [ARM-RX] ROBOT_SOFT_RESET_EVENT
[12:48:30.637] [ARM-RX] --- Starting soft reset ---
[12:48:30.689] [JETSON-RX] A5 5A 01 81 E1 03 04 00 00 E8 42
[12:48:30.689] [JETSON-STATUS] TARGET_CTRL_OFF: A5 5A 01 81 E1 03 04 00 00 E8 42
[12:48:30.875] [ARM-RX] Soft reset motors enabled (J1~J5, J6 skipped).
[12:48:30.875] [ARM-RX] Soft resetting joint 4...
[12:48:30.875] [ARM-RX] robot_update_current_angle 4...
[12:48:30.875] [ARM-RX] [4] current:90.00, target:90.00, dir:1
[12:48:30.998] [ARM-RX] Soft resetting joint 3...
[12:48:31.059] [ARM-RX] robot_update_current_angle 3...
[12:48:31.059] [ARM-RX] [3] current:0.00, target:0.00, dir:-1
[12:48:31.182] [ARM-RX] Soft resetting joint 1...
[12:48:31.182] [ARM-RX] robot_update_current_angle 1...
[12:48:31.183] [ARM-RX] [1] current:90.00, target:90.00, dir:-1
[12:48:31.306] [ARM-RX] Soft resetting joint 2...
[12:48:31.367] [ARM-RX] robot_update_current_angle 2...
[12:48:31.367] [ARM-RX] [2] current:-90.00, target:-90.00, dir:1
[12:48:31.491] [ARM-RX] Soft resetting joint 0...
[12:48:31.491] [ARM-RX] robot_update_current_angle 0...
[12:48:31.491] [ARM-RX] [0] current:90.00, target:90.00, dir:-1
[12:48:31.738] [ARM-RX] soft reset final verify PASS (issues:0), pose set HOME.
[12:48:36.550] [JETSON-INFO] heartbeat stopped
[12:48:39.549] [JETSON-INFO] 已停止周期视觉发送
[12:48:42.090] [JETSON-INFO] 已停止周期视觉发送
[12:48:42.091] [JETSON-INFO] heartbeat stopped
[12:48:42.091] [JETSON-TX] TARGET_CTRL_STOP_NEW: A5 5A 01 02 E2 01 00 B9 DE
[12:48:42.092] [ARM-TX] 发送命令 laser_off: laser_off
[12:48:42.093] [DEMO-INFO] 演示已停止，已关闭视觉发送、激光输出，并请求回 HOME
[12:48:42.133] [ARM-RX] [JETSON_RX] target_ctrl=0
[12:48:42.133] [ARM-RX] ROBOT_SOFT_RESET_EVENT
[12:48:42.133] [ARM-RX] --- Starting soft reset ---
[12:48:42.133] [ARM-RX] Found handler for 'laser_off', executing...
[12:48:42.134] [ARM-RX] laser_off
[12:48:42.164] [JETSON-RX] A5 5A 01 81 E2 03 04 00 00 AC 42
[12:48:42.164] [JETSON-STATUS] TARGET_CTRL_OFF: A5 5A 01 81 E2 03 04 00 00 AC 42
[12:48:42.321] [ARM-RX] Soft reset motors enabled (J1~J5, J6 skipped).
[12:48:42.321] [ARM-RX] Soft resetting joint 4...
[12:48:42.383] [ARM-RX] robot_update_current_angle 4...
[12:48:42.383] [ARM-RX] [4] current:90.00, target:90.00, dir:1
[12:48:42.507] [ARM-RX] Soft resetting joint 3...
[12:48:42.507] [ARM-RX] robot_update_current_angle 3...
[12:48:42.507] [ARM-RX] [3] current:0.00, target:0.00, dir:-1
[12:48:42.633] [ARM-RX] Soft resetting joint 1...
[12:48:42.633] [ARM-RX] robot_update_current_angle 1...
[12:48:42.633] [ARM-RX] [1] current:90.00, target:90.00, dir:-1
[12:48:42.758] [ARM-RX] Soft resetting joint 2...
[12:48:42.820] [ARM-RX] robot_update_current_angle 2...
[12:48:42.820] [ARM-RX] [2] current:-90.00, target:-90.00, dir:1
[12:48:42.944] [ARM-RX] Soft resetting joint 0...
[12:48:42.944] [ARM-RX] robot_update_current_angle 0...
[12:48:42.944] [ARM-RX] [0] current:90.00, target:90.00, dir:-1
[12:48:43.192] [ARM-RX] soft reset final verify PASS (issues:0), pose set HOME.
[12:48:44.319] [DEMO-INFO] 演示配置已保存
[12:48:44.323] [JETSON-INFO] heartbeat started: 200 ms
[12:48:44.324] [DEMO-INFO] 一键定靶演示开始
[12:48:44.324] [JETSON-TX] TARGET_CTRL_START_NEW: A5 5A 01 02 E4 01 01 98 1F
[12:48:44.375] [ARM-RX] [JETSON_RX] target_ctrl=1
[12:48:44.390] [JETSON-RX] A5 5A 01 81 E4 03 04 01 00 25 D2 A5 5A 01 FE E4 01 01 A8 4F
[12:48:44.390] [JETSON-STATUS] TARGET_CTRL_ON: A5 5A 01 81 E4 03 04 01 00 25 D2
[12:48:44.392] [JETSON-STATUS] ERROR: A5 5A 01 FE E4 01 01 A8 4F
[12:48:44.437] [JETSON-INFO] 已停止周期视觉发送
[12:48:44.437] [JETSON-INFO] heartbeat stopped
[12:48:44.438] [JETSON-TX] TARGET_CTRL_STOP_NEW: A5 5A 01 02 E5 01 00 08 1F
[12:48:44.438] [DEMO-ERROR] 未收到 READY，演示停止。请先确认 soft_reset 和状态机启动。
[12:48:44.476] [ARM-RX] [JETSON_RX] target_ctrl=0
[12:48:44.476] [ARM-RX] ROBOT_SOFT_RESET_EVENT
[12:48:44.476] [ARM-RX] --- Starting soft reset ---
[12:48:44.500] [JETSON-RX] A5 5A 01 81 E5 03 04 00 00 19 82
[12:48:44.500] [JETSON-STATUS] TARGET_CTRL_OFF: A5 5A 01 81 E5 03 04 00 00 19 82
[12:48:44.702] [ARM-RX] Soft reset motors enabled (J1~J5, J6 skipped).
[12:48:44.702] [ARM-RX] Soft resetting joint 4...
[12:48:44.702] [ARM-RX] robot_update_current_angle 4...
[12:48:44.702] [ARM-RX] [4] current:90.00, target:90.00, dir:1
[12:48:44.826] [ARM-RX] Soft resetting joint 3...
[12:48:44.889] [ARM-RX] robot_update_current_angle 3...
[12:48:44.889] [ARM-RX] [3] current:0.00, target:0.00, dir:-1
[12:48:45.014] [ARM-RX] Soft resetting joint 1...
[12:48:45.015] [ARM-RX] robot_update_current_angle 1...
[12:48:45.015] [ARM-RX] [1] current:90.00, target:90.00, dir:-1
[12:48:45.138] [ARM-RX] Soft resetting joint 2...
[12:48:45.138] [ARM-RX] robot_update_current_angle 2...
[12:48:45.138] [ARM-RX] [2] current:-90.00, target:-90.00, dir:1
[12:48:45.263] [ARM-RX] Soft resetting joint 0...
[12:48:45.325] [ARM-RX] robot_update_current_angle 0...
[12:48:45.325] [ARM-RX] [0] current:90.00, target:90.00, dir:-1
[12:48:45.512] [ARM-RX] soft reset final verify PASS (issues:0), pose set HOME.
[12:50:01.441] [JETSON-INFO] 已停止周期视觉发送
[12:50:01.441] [JETSON-INFO] heartbeat stopped
[12:50:01.442] [JETSON-TX] TARGET_CTRL_STOP_NEW: A5 5A 01 02 E6 01 00 F8 1F
[12:50:01.443] [ARM-TX] 发送命令 laser_off: laser_off
[12:50:01.443] [DEMO-INFO] 演示已停止，已关闭视觉发送、激光输出，并请求回 HOME
[12:50:01.457] [ARM-RX] Found handler for 'laser_off', executing...
[12:50:01.457] [ARM-RX] laser_off
[12:50:01.521] [JETSON-RX] A5 5A 01 81 E6 03 04 00 00 5D 82
[12:50:01.521] [ARM-RX] [JETSON_RX] target_ctrl=0
[12:50:01.521] [JETSON-STATUS] TARGET_CTRL_OFF: A5 5A 01 81 E6 03 04 00 00 5D 82
[12:50:01.521] [ARM-RX] ROBOT_SOFT_RESET_EVENT
[12:50:01.522] [ARM-RX] --- Starting soft reset ---
[12:50:01.707] [ARM-RX] Soft reset motors enabled (J1~J5, J6 skipped).
[12:50:01.707] [ARM-RX] Soft resetting joint 4...
[12:50:01.707] [ARM-RX] robot_update_current_angle 4...
[12:50:01.707] [ARM-RX] [4] current:90.00, target:90.00, dir:1
[12:50:01.832] [ARM-RX] Soft resetting joint 3...
[12:50:01.894] [ARM-RX] robot_update_current_angle 3...
[12:50:01.894] [ARM-RX] [3] current:0.00, target:0.00, dir:-1
[12:50:02.017] [ARM-RX] Soft resetting joint 1...
[12:50:02.017] [ARM-RX] robot_update_current_angle 1...
[12:50:02.017] [ARM-RX] [1] current:90.00, target:90.00, dir:-1
[12:50:02.143] [ARM-RX] Soft resetting joint 2...
[12:50:02.143] [ARM-RX] robot_update_current_angle 2...
[12:50:02.143] [ARM-RX] [2] current:-90.00, target:-90.00, dir:1
[12:50:02.268] [ARM-RX] Soft resetting joint 0...
[12:50:02.328] [ARM-RX] robot_update_current_angle 0...
[12:50:02.328] [ARM-RX] [0] current:90.00, target:90.00, dir:-1
[12:50:02.516] [ARM-RX] soft reset final verify PASS (issues:0), pose set HOME.
[12:50:02.631] [JETSON-INFO] heartbeat stopped
[12:50:02.632] [JETSON-TX] TARGET_CTRL_STOP_NEW: A5 5A 01 02 E7 01 00 A9 DF
[12:50:02.703] [ARM-RX] [JETSON_RX] target_ctrl=0
[12:50:02.703] [ARM-RX] ROBOT_SOFT_RESET_EVENT
[12:50:02.703] [JETSON-RX] A5 5A 01 81 E7 03 04 00 00 60 42
[12:50:02.704] [JETSON-STATUS] TARGET_CTRL_OFF: A5 5A 01 81 E7 03 04 00 00 60 42
[12:50:02.703] [ARM-RX] --- Starting soft reset ---
[12:50:02.891] [ARM-RX] Soft reset motors enabled (J1~J5, J6 skipped).
[12:50:02.891] [ARM-RX] Soft resetting joint 4...
[12:50:02.891] [ARM-RX] robot_update_current_angle 4...
[12:50:02.891] [ARM-RX] [4] current:90.00, target:90.00, dir:1
[12:50:03.014] [ARM-RX] Soft resetting joint 3...
[12:50:03.077] [ARM-RX] robot_update_current_angle 3...
[12:50:03.077] [ARM-RX] [3] current:0.00, target:0.00, dir:-1
[12:50:03.201] [ARM-RX] Soft resetting joint 1...
[12:50:03.201] [ARM-RX] robot_update_current_angle 1...
[12:50:03.201] [ARM-RX] [1] current:90.00, target:90.00, dir:-1
[12:50:03.326] [ARM-RX] Soft resetting joint 2...
[12:50:03.326] [ARM-RX] robot_update_current_angle 2...
[12:50:03.327] [ARM-RX] [2] current:-90.00, target:-90.00, dir:1
[12:50:03.448] [ARM-RX] Soft resetting joint 0...
[12:50:03.510] [ARM-RX] robot_update_current_angle 0...
[12:50:03.510] [ARM-RX] [0] current:90.00, target:90.00, dir:-1
[12:50:03.758] [ARM-RX] soft reset final verify PASS (issues:0), pose set HOME.
[12:50:06.421] [JETSON-INFO] heartbeat stopped
[12:50:09.725] [DEMO-INFO] 演示配置已保存
[12:50:09.726] [JETSON-INFO] heartbeat started: 200 ms
[12:50:09.727] [DEMO-INFO] 一键定靶演示开始
[12:50:09.727] [JETSON-TX] TARGET_CTRL_START_NEW: A5 5A 01 02 E9 01 01 09 DC
[12:50:09.802] [JETSON-RX] A5 5A 01 81 E9 03 04 01 00 08 13 A5 5A 01 FE E9 01 01 39 8C
[12:50:09.802] [JETSON-STATUS] TARGET_CTRL_ON: A5 5A 01 81 E9 03 04 01 00 08 13
[12:50:09.802] [JETSON-STATUS] ERROR: A5 5A 01 FE E9 01 01 39 8C
[12:50:09.832] [JETSON-INFO] 已停止周期视觉发送
[12:50:09.832] [JETSON-INFO] heartbeat stopped
[12:50:09.832] [JETSON-TX] TARGET_CTRL_STOP_NEW: A5 5A 01 02 EA 01 00 38 1C
[12:50:09.832] [DEMO-ERROR] 未收到 READY，演示停止。请先确认 soft_reset 和状态机启动。
[12:50:09.837] [ARM-RX] [JETSON_RX] target_ctrl=1
[12:50:09.894] [JETSON-RX] A5 5A 01 81 EA 03 04 00 00 4D 83
[12:50:09.894] [JETSON-STATUS] TARGET_CTRL_OFF: A5 5A 01 81 EA 03 04 00 00 4D 83
[12:50:09.895] [ARM-RX] [JETSON_RX] target_ctrl=0
[12:50:09.895] [ARM-RX] ROBOT_SOFT_RESET_EVENT
[12:50:09.896] [ARM-RX] --- Starting soft reset ---
[12:50:10.081] [ARM-RX] Soft reset motors enabled (J1~J5, J6 skipped).
[12:50:10.081] [ARM-RX] Soft resetting joint 4...
[12:50:10.081] [ARM-RX] robot_update_current_angle 4...
[12:50:10.081] [ARM-RX] [4] current:90.00, target:90.00, dir:1
[12:50:10.205] [ARM-RX] Soft resetting joint 3...
[12:50:10.266] [ARM-RX] robot_update_current_angle 3...
[12:50:10.266] [ARM-RX] [3] current:0.00, target:0.00, dir:-1
[12:50:10.389] [ARM-RX] Soft resetting joint 1...
[12:50:10.389] [ARM-RX] robot_update_current_angle 1...
[12:50:10.389] [ARM-RX] [1] current:90.00, target:90.00, dir:-1
[12:50:10.514] [ARM-RX] Soft resetting joint 2...
[12:50:10.577] [ARM-RX] robot_update_current_angle 2...
[12:50:10.577] [ARM-RX] [2] current:-90.00, target:-90.00, dir:1
[12:50:10.699] [ARM-RX] Soft resetting joint 0...
[12:50:10.699] [ARM-RX] robot_update_current_angle 0...
[12:50:10.699] [ARM-RX] [0] current:90.00, target:90.00, dir:-1
[12:50:10.948] [ARM-RX] soft reset final verify PASS (issues:0), pose set HOME.
[12:51:36.732] [JETSON-INFO] 已停止周期视觉发送
[12:51:36.732] [JETSON-INFO] heartbeat stopped
